ds4: abort gate on for the first 40 layers
ds4: Metal device Apple M5 Max, 128.00 GiB RAM
ds4: Metal 4 tensor API enabled for Tensor kernels
ds4: drift-patch flags hc_stable=on norm_unify=on kv_raw_f32=off rope_exp2_log2=off math_safe=off tensor_matmul=on
ds4: Metal SSD streaming mode enabled; full model residency and warmup are skipped
ds4: SSD streaming auto cache budget
ds4:   metal recommends 107.52 GiB working set
ds4:   using 84% total for model + cached experts: 90.00 GiB
ds4:   non-routed weights: 9.37 GiB
ds4:   routed expert size: 9.49 MiB
ds4:   expert budget before prefill reserve: 8698 (80.63 GiB)
ds4: metal SSD streaming cache target 80.63 GiB; effective 80.63 GiB = 7.12 GiB prefill headroom + 73.51 GiB dynamic cache (7930 experts, 9.49 MiB each)
ds4: Metal SSD static weights locked 9.37 GiB; pageable 0.00 GiB
ds4: SSD streaming initial metal model map (569 spans, 9.37 GiB tensor span)
ds4: metal backend initialized for graph diagnostics
ds4: memory: KV 0.06 GiB (raw 0.01 + compressed 0.05) + buffers 3.27 GiB + resident model 9.37 GiB + expert cache 73.51 GiB + prefill expert reserve 7.12 GiB = 93.33 GiB planned
ds4: memory detail: ctx=8192 prefill_cap=4096 raw_kv_rows=128 compressed_kv_rows=8193 backend=metal
0924 23:33:12 ds4-server: context buffers 3411.39 MiB (ctx=8192, backend=metal, prefill_chunk=4096, raw_kv_rows=128, compressed_kv_rows=8193)
0924 23:33:12 ds4-server: 2 resident sessions request at least 6.66 GiB of context buffers, or 3.39 GiB when the model shares one prefill workspace
ds4: V4.1 static context buffers 3411.39 MiB (ctx=8192), Engram disk-only
ds4: V4.1 static context buffers 3411.39 MiB (ctx=8192), Engram disk-only
0924 23:33:12 ds4-server: batched mode enabled resident_sessions=2 prefill_quantum=2048 mixed_prefill_quantum=128 decode_coalesce_us=2000
0924 23:33:12 ds4-server: listening on http://127.0.0.1:8017
0924 23:33:15 ds4-server: chat ctx=0..19:19 prompt start
0924 23:33:15 ds4-server: chat ctx=0..21:21 prompt start
ds4: shared/routed FFN overlap ran, mode 1
ds4: expert residency set on the queue
0924 23:33:15 ds4-server: chat ctx=0..19:19 prefill chunk 1/19 (5.3%) chunk=0.00 t/s avg=1.90 t/s 0.527s
0924 23:33:16 ds4-server: chat ctx=0..19:19 prefill chunk 2/19 (10.5%) chunk=8.55 t/s avg=3.11 t/s 0.644s
0924 23:33:16 ds4-server: chat ctx=0..19:19 prefill chunk 3/19 (15.8%) chunk=14.58 t/s avg=4.21 t/s 0.712s
0924 23:33:16 ds4-server: chat ctx=0..19:19 prefill chunk 4/19 (21.1%) chunk=14.50 t/s avg=5.12 t/s 0.781s
0924 23:33:16 ds4-server: chat ctx=0..19:19 prefill chunk 5/19 (26.3%) chunk=14.61 t/s avg=5.89 t/s 0.850s
0924 23:33:16 ds4-server: chat ctx=0..19:19 prefill chunk 6/19 (31.6%) chunk=13.54 t/s avg=6.50 t/s 0.923s
0924 23:33:16 ds4-server: chat ctx=0..19:19 prefill chunk 7/19 (36.8%) chunk=14.48 t/s avg=7.05 t/s 0.993s
0924 23:33:16 ds4-server: chat ctx=0..19:19 prefill chunk 8/19 (42.1%) chunk=15.15 t/s avg=7.56 t/s 1.059s
0924 23:33:16 ds4-server: chat ctx=0..19:19 prefill chunk 9/19 (47.4%) chunk=15.63 t/s avg=8.02 t/s 1.123s
0924 23:33:16 ds4-server: chat ctx=0..19:19 prefill chunk 10/19 (52.6%) chunk=16.00 t/s avg=8.44 t/s 1.185s
0924 23:33:16 ds4-server: chat ctx=0..19:19 prefill chunk 11/19 (57.9%) chunk=18.52 t/s avg=8.88 t/s 1.239s
0924 23:33:16 ds4-server: chat ctx=0..19:19 prefill chunk 12/19 (63.2%) chunk=12.22 t/s avg=9.08 t/s 1.321s
0924 23:33:16 ds4-server: chat ctx=0..19:19 prefill chunk 13/19 (68.4%) chunk=16.55 t/s avg=9.41 t/s 1.381s
0924 23:33:16 ds4-server: chat ctx=0..19:19 prefill chunk 14/19 (73.7%) chunk=18.54 t/s avg=9.75 t/s 1.435s
0924 23:33:16 ds4-server: chat ctx=0..19:19 prefill chunk 15/19 (78.9%) chunk=15.59 t/s avg=10.00 t/s 1.499s
0924 23:33:16 ds4-server: chat ctx=0..19:19 prefill chunk 16/19 (84.2%) chunk=16.94 t/s avg=10.27 t/s 1.558s
0924 23:33:16 ds4-server: chat ctx=0..19:19 prefill chunk 17/19 (89.5%) chunk=16.67 t/s avg=10.50 t/s 1.618s
0924 23:33:17 ds4-server: chat ctx=0..19:19 prefill chunk 18/19 (94.7%) chunk=17.09 t/s avg=10.73 t/s 1.677s
0924 23:33:17 ds4-server: chat ctx=0..19:19 prefill chunk 19/19 (100.0%) chunk=17.55 t/s avg=10.96 t/s 1.734s
0924 23:33:17 ds4-server: chat ctx=0..19:19 prompt done 1.736s
0924 23:33:17 ds4-server: chat ctx=0..21:21 prefill chunk 1/21 (4.8%) chunk=0.00 t/s avg=0.57 t/s 1.770s
0924 23:33:17 ds4-server: chat ctx=0..21:21 prefill chunk 2/21 (9.5%) chunk=30.28 t/s avg=1.11 t/s 1.803s
0924 23:33:17 ds4-server: chat ctx=0..21:21 prefill chunk 3/21 (14.3%) chunk=5.74 t/s avg=1.52 t/s 1.977s
0924 23:33:17 ds4-server: chat ctx=0..21:21 prefill chunk 4/21 (19.0%) chunk=11.81 t/s avg=1.94 t/s 2.061s
0924 23:33:17 ds4-server: chat ctx=0..21:21 prefill chunk 5/21 (23.8%) chunk=15.83 t/s avg=2.35 t/s 2.124s
0924 23:33:17 ds4-server: chat ctx=0..21:21 prefill chunk 6/21 (28.6%) chunk=17.39 t/s avg=2.75 t/s 2.182s
0924 23:33:17 ds4-server: chat ctx=0..21:21 prefill chunk 7/21 (33.3%) chunk=16.37 t/s avg=3.12 t/s 2.243s
0924 23:33:17 ds4-server: chat ctx=0..21:21 prefill chunk 8/21 (38.1%) chunk=21.12 t/s avg=3.49 t/s 2.290s
0924 23:33:17 ds4-server: chat ctx=0..21:21 prefill chunk 9/21 (42.9%) chunk=19.51 t/s avg=3.84 t/s 2.342s
0924 23:33:17 ds4-server: chat ctx=0..21:21 prefill chunk 10/21 (47.6%) chunk=17.35 t/s avg=4.17 t/s 2.399s
0924 23:33:17 ds4-server: chat ctx=0..21:21 prefill chunk 11/21 (52.4%) chunk=19.97 t/s avg=4.49 t/s 2.449s
0924 23:33:17 ds4-server: chat ctx=0..21:21 prefill chunk 12/21 (57.1%) chunk=12.18 t/s avg=4.74 t/s 2.532s
0924 23:33:17 ds4-server: chat ctx=0..21:21 prefill chunk 13/21 (61.9%) chunk=17.79 t/s avg=5.02 t/s 2.588s
0924 23:33:17 ds4-server: chat ctx=0..21:21 prefill chunk 14/21 (66.7%) chunk=21.24 t/s avg=5.31 t/s 2.635s
0924 23:33:18 ds4-server: chat ctx=0..21:21 prefill chunk 15/21 (71.4%) chunk=19.94 t/s avg=5.59 t/s 2.685s
0924 23:33:18 ds4-server: chat ctx=0..21:21 prefill chunk 16/21 (76.2%) chunk=22.27 t/s avg=5.86 t/s 2.730s
0924 23:33:18 ds4-server: chat ctx=0..21:21 prefill chunk 17/21 (81.0%) chunk=20.46 t/s avg=6.12 t/s 2.779s
0924 23:33:18 ds4-server: chat ctx=0..21:21 prefill chunk 18/21 (85.7%) chunk=20.95 t/s avg=6.37 t/s 2.827s
0924 23:33:18 ds4-server: chat ctx=0..21:21 prefill chunk 19/21 (90.5%) chunk=23.98 t/s avg=6.62 t/s 2.868s
0924 23:33:18 ds4-server: chat ctx=0..21:21 prefill chunk 20/21 (95.2%) chunk=21.32 t/s avg=6.86 t/s 2.915s
0924 23:33:18 ds4-server: chat ctx=0..21:21 prefill chunk 21/21 (100.0%) chunk=24.64 t/s avg=7.10 t/s 2.956s
0924 23:33:18 ds4-server: chat ctx=0..21:21 prompt done 2.957s
ds4: gate over tokens 1-64: 32.66 command buffers, 27.69 aborts, 240.0 expert ids accounted, 576.50 MiB loaded a token; 0 the gate failed to switch off, 0 it could not gate
ds4:   one token, exclusive, same window: entry 0.00 + encode 2.89 + commit-to-done 35.67 + repair-load 20.26 + accounting 0.03 + tail 0.52 = 59.37 of a 63.26 ms wall, residual 3.90
ds4:   of the commit-to-done: GPU running 32.55 ms, GPU not running 3.12 ms
ds4:   1987.0 gated dispatches a token, 69.6 of them behind an abort; 2617.2 sent plain ahead of a buffer's first validate
ds4:   encode-ahead: 2.97 segments used, 24.81 dropped, 3.66 ms a token spent encoding under the GPU
ds4:   concurrent sections: 327.06 attempted, 327.06 opened a token
ds4:   speculation: 0.00 layers a token, 0.00 lanes computed, 0.00 matched, 0.00 GEMVs actually saved, 0.00 left to compute; compared 0.00 lanes, 0.00 floats differ, 0.00 by more than an ulp
ds4:   expert cache over the last 64 tokens: 240.00 hits, 60.73 misses, 0.00 evictions a token; 3887 of 7930 entries live (49.0%)
ds4:   of the address-table holes repaired a token: 0.00 already resident, 60.73 genuinely absent
ds4:   residency a token: 60.73 adds, 0.00 removes, 60.73 commits
ds4: gate over tokens 65-128: 29.53 command buffers, 23.31 aborts, 240.0 expert ids accounted, 341.87 MiB loaded a token; 0 the gate failed to switch off, 0 it could not gate
ds4:   one token, exclusive, same window: entry 0.00 + encode 2.41 + commit-to-done 33.31 + repair-load 10.78 + accounting 0.03 + tail 1.40 = 47.92 of a 51.45 ms wall, residual 3.53
ds4:   of the commit-to-done: GPU running 31.67 ms, GPU not running 1.64 ms
ds4:   1890.0 gated dispatches a token, 59.6 of them behind an abort; 2291.6 sent plain ahead of a buffer's first validate
ds4:   encode-ahead: 4.22 segments used, 20.89 dropped, 3.31 ms a token spent encoding under the GPU
ds4:   concurrent sections: 286.44 attempted, 286.44 opened a token
ds4:   speculation: 0.00 layers a token, 0.00 lanes computed, 0.00 matched, 0.00 GEMVs actually saved, 0.00 left to compute; compared 0.00 lanes, 0.00 floats differ, 0.00 by more than an ulp
ds4:   expert cache over the last 64 tokens: 240.00 hits, 36.02 misses, 0.00 evictions a token; 6192 of 7930 entries live (78.1%)
ds4:   of the address-table holes repaired a token: 0.00 already resident, 36.02 genuinely absent
ds4:   residency a token: 36.02 adds, 0.00 removes, 36.02 commits
0924 23:33:23 ds4-server: chat ctx=19..69:50 gen=50 decoding chunk=7.99 t/s avg=7.99 t/s 6.259s
0924 23:33:23 ds4-server: chat ctx=21..71:50 gen=50 decoding chunk=9.73 t/s avg=9.73 t/s 5.140s
ds4: gate over tokens 129-192: 22.91 command buffers, 13.73 aborts, 240.0 expert ids accounted, 160.18 MiB loaded a token; 0 the gate failed to switch off, 0 it could not gate
ds4:   one token, exclusive, same window: entry 0.00 + encode 1.68 + commit-to-done 33.02 + repair-load 8.59 + accounting 0.03 + tail 1.40 = 44.71 of a 47.54 ms wall, residual 2.83
ds4:   of the commit-to-done: GPU running 32.00 ms, GPU not running 1.01 ms
ds4:   1674.1 gated dispatches a token, 44.4 of them behind an abort; 1595.0 sent plain ahead of a buffer's first validate
ds4:   encode-ahead: 7.17 segments used, 12.25 dropped, 2.70 ms a token spent encoding under the GPU
ds4:   concurrent sections: 200.31 attempted, 200.31 opened a token
ds4:   speculation: 0.00 layers a token, 0.00 lanes computed, 0.00 matched, 0.00 GEMVs actually saved, 0.00 left to compute; compared 0.00 lanes, 0.00 floats differ, 0.00 by more than an ulp
ds4:   expert cache over the last 64 tokens: 240.00 hits, 16.88 misses, 0.00 evictions a token; 7272 of 7930 entries live (91.7%)
ds4:   of the address-table holes repaired a token: 0.00 already resident, 16.88 genuinely absent
ds4:   residency a token: 16.88 adds, 0.00 removes, 16.88 commits
0924 23:33:27 ds4-server: chat ctx=71..117:46 gen=96 decoding chunk=10.43 t/s avg=10.05 t/s 9.551s
0924 23:33:27 ds4-server: chat ctx=0..21:21 gen=96 finish=length 12.508s
0924 23:33:27 ds4-server: chat ctx=69..119:50 gen=100 decoding chunk=10.76 t/s avg=9.17 t/s 10.904s
ds4: gate over tokens 193-256: 22.36 command buffers, 12.31 aborts, 240.0 expert ids accounted, 139.27 MiB loaded a token; 0 the gate failed to switch off, 0 it could not gate
ds4:   one token, exclusive, same window: entry 0.00 + encode 1.53 + commit-to-done 32.57 + repair-load 7.31 + accounting 0.21 + tail 1.39 = 43.01 of a 45.83 ms wall, residual 2.83
ds4:   of the commit-to-done: GPU running 31.62 ms, GPU not running 0.95 ms
ds4:   1680.7 gated dispatches a token, 27.6 of them behind an abort; 1527.2 sent plain ahead of a buffer's first validate
ds4:   encode-ahead: 8.05 segments used, 11.25 dropped, 2.70 ms a token spent encoding under the GPU
ds4:   concurrent sections: 191.31 attempted, 191.31 opened a token
ds4:   speculation: 0.00 layers a token, 0.00 lanes computed, 0.00 matched, 0.00 GEMVs actually saved, 0.00 left to compute; compared 0.00 lanes, 0.00 floats differ, 0.00 by more than an ulp
ds4:   expert cache over the last 64 tokens: 239.97 hits, 14.67 misses, 4.39 evictions a token; 7930 of 7930 entries live (100.0%)
ds4:   of the address-table holes repaired a token: 0.00 already resident, 14.67 genuinely absent
ds4:   residency a token: 14.67 adds, 4.39 removes, 19.06 commits
0924 23:33:30 ds4-server: chat ctx=119..169:50 gen=150 decoding chunk=20.68 t/s avg=11.26 t/s 13.322s
0924 23:33:30 ds4-server: chat ctx=169..179:10 gen=160 decoding chunk=20.13 t/s avg=11.58 t/s 13.819s
0924 23:33:30 ds4-server: chat ctx=0..19:19 gen=160 finish=length 15.555s
0924 23:33:30 ds4-server: shutdown requested, draining requests
