ds4: abort gate on for the first 40 layers
ds4: Metal device Apple M5 Max, 128.00 GiB RAM
ds4: Metal 4 tensor API enabled for Tensor kernels
ds4: drift-patch flags hc_stable=on norm_unify=on kv_raw_f32=off rope_exp2_log2=off math_safe=off tensor_matmul=on
ds4: Metal SSD streaming mode enabled; full model residency and warmup are skipped
ds4: SSD streaming auto cache budget
ds4:   metal recommends 107.52 GiB working set
ds4:   using 84% total for model + cached experts: 90.00 GiB
ds4:   non-routed weights: 9.37 GiB
ds4:   routed expert size: 9.49 MiB
ds4:   expert budget before prefill reserve: 8698 (80.63 GiB)
ds4: metal SSD streaming cache target 80.63 GiB; effective 80.63 GiB = 7.12 GiB prefill headroom + 73.51 GiB dynamic cache (7930 experts, 9.49 MiB each)
ds4: Metal SSD static weights locked 9.37 GiB; pageable 0.00 GiB
ds4: SSD streaming initial metal model map (569 spans, 9.37 GiB tensor span)
ds4: metal backend initialized for graph diagnostics
ds4: memory: KV 0.06 GiB (raw 0.01 + compressed 0.05) + buffers 3.27 GiB + resident model 9.37 GiB + expert cache 73.51 GiB + prefill expert reserve 7.12 GiB = 93.33 GiB planned
ds4: memory detail: ctx=8192 prefill_cap=4096 raw_kv_rows=128 compressed_kv_rows=8193 backend=metal
0924 23:32:06 ds4-server: context buffers 3411.39 MiB (ctx=8192, backend=metal, prefill_chunk=4096, raw_kv_rows=128, compressed_kv_rows=8193)
ds4: V4.1 static context buffers 3411.39 MiB (ctx=8192), Engram disk-only
0924 23:32:06 ds4-server: batched mode enabled resident_sessions=1 prefill_quantum=2048 mixed_prefill_quantum=128 decode_coalesce_us=2000
0924 23:32:06 ds4-server: listening on http://127.0.0.1:8017
0924 23:32:09 ds4-server: chat ctx=0..12:12 prompt start
ds4: shared/routed FFN overlap ran, mode 1
ds4: expert residency set on the queue
0924 23:32:09 ds4-server: chat ctx=0..12:12 prefill chunk 1/12 (8.3%) chunk=0.00 t/s avg=4.05 t/s 0.247s
0924 23:32:09 ds4-server: chat ctx=0..12:12 prefill chunk 2/12 (16.7%) chunk=3.48 t/s avg=3.74 t/s 0.535s
0924 23:32:09 ds4-server: chat ctx=0..12:12 prefill chunk 3/12 (25.0%) chunk=13.51 t/s avg=4.93 t/s 0.609s
0924 23:32:09 ds4-server: chat ctx=0..12:12 prefill chunk 4/12 (33.3%) chunk=13.29 t/s avg=5.85 t/s 0.684s
0924 23:32:09 ds4-server: chat ctx=0..12:12 prefill chunk 5/12 (41.7%) chunk=14.20 t/s avg=6.63 t/s 0.754s
0924 23:32:10 ds4-server: chat ctx=0..12:12 prefill chunk 6/12 (50.0%) chunk=6.68 t/s avg=6.64 t/s 0.904s
0924 23:32:10 ds4-server: chat ctx=0..12:12 prefill chunk 7/12 (58.3%) chunk=13.90 t/s avg=7.17 t/s 0.976s
0924 23:32:10 ds4-server: chat ctx=0..12:12 prefill chunk 8/12 (66.7%) chunk=17.20 t/s avg=7.74 t/s 1.034s
0924 23:32:10 ds4-server: chat ctx=0..12:12 prefill chunk 9/12 (75.0%) chunk=14.75 t/s avg=8.17 t/s 1.102s
0924 23:32:10 ds4-server: chat ctx=0..12:12 prefill chunk 10/12 (83.3%) chunk=16.69 t/s avg=8.61 t/s 1.162s
0924 23:32:10 ds4-server: chat ctx=0..12:12 prefill chunk 11/12 (91.7%) chunk=16.48 t/s avg=9.00 t/s 1.223s
0924 23:32:10 ds4-server: chat ctx=0..12:12 prefill chunk 12/12 (100.0%) chunk=17.27 t/s avg=9.37 t/s 1.280s
0924 23:32:10 ds4-server: chat ctx=0..12:12 prompt done 1.282s
0924 23:32:12 ds4-server: chat ctx=12..62:50 gen=50 decoding chunk=19.80 t/s avg=19.80 t/s 2.525s
ds4: gate over tokens 1-64: 31.62 command buffers, 26.16 aborts, 240.0 expert ids accounted, 526.67 MiB loaded a token; 0 the gate failed to switch off, 0 it could not gate
ds4:   one token, exclusive, same window: entry 0.00 + encode 2.63 + commit-to-done 35.73 + repair-load 16.96 + accounting 0.03 + tail 1.13 = 56.48 of a 60.07 ms wall, residual 3.59
ds4:   of the commit-to-done: GPU running 33.17 ms, GPU not running 2.56 ms
ds4:   1971.8 gated dispatches a token, 60.4 of them behind an abort; 2525.8 sent plain ahead of a buffer's first validate
ds4:   encode-ahead: 3.47 segments used, 23.67 dropped, 3.37 ms a token spent encoding under the GPU
ds4:   concurrent sections: 315.81 attempted, 315.81 opened a token
ds4:   speculation: 0.00 layers a token, 0.00 lanes computed, 0.00 matched, 0.00 GEMVs actually saved, 0.00 left to compute; compared 0.00 lanes, 0.00 floats differ, 0.00 by more than an ulp
ds4:   expert cache over the last 64 tokens: 240.00 hits, 55.48 misses, 0.00 evictions a token; 3551 of 7930 entries live (44.8%)
ds4:   of the address-table holes repaired a token: 0.00 already resident, 55.48 genuinely absent
ds4:   residency a token: 55.48 adds, 0.00 removes, 55.48 commits
0924 23:32:13 ds4-server: chat ctx=62..85:23 gen=73 decoding chunk=22.53 t/s avg=20.59 t/s 3.546s
0924 23:32:13 ds4-server: chat ctx=0..12:12 gen=73 finish=stop 4.828s
0924 23:32:13 ds4-server: live kv cache miss live=85 prompt=19 common=3 vision=match reason=token-mismatch
0924 23:32:13 ds4-server: chat ctx=0..19:19 prompt start
0924 23:32:13 ds4-server: chat ctx=0..19:19 prefill chunk 1/19 (5.3%) chunk=0.00 t/s avg=30.13 t/s 0.033s
0924 23:32:14 ds4-server: chat ctx=0..19:19 prefill chunk 2/19 (10.5%) chunk=29.77 t/s avg=29.95 t/s 0.067s
0924 23:32:14 ds4-server: chat ctx=0..19:19 prefill chunk 3/19 (15.8%) chunk=30.14 t/s avg=30.01 t/s 0.100s
0924 23:32:14 ds4-server: chat ctx=0..19:19 prefill chunk 4/19 (21.1%) chunk=22.19 t/s avg=27.58 t/s 0.145s
0924 23:32:14 ds4-server: chat ctx=0..19:19 prefill chunk 5/19 (26.3%) chunk=17.40 t/s avg=24.69 t/s 0.202s
0924 23:32:14 ds4-server: chat ctx=0..19:19 prefill chunk 6/19 (31.6%) chunk=16.91 t/s avg=22.93 t/s 0.262s
0924 23:32:14 ds4-server: chat ctx=0..19:19 prefill chunk 7/19 (36.8%) chunk=15.89 t/s avg=21.57 t/s 0.325s
0924 23:32:14 ds4-server: chat ctx=0..19:19 prefill chunk 8/19 (42.1%) chunk=17.42 t/s avg=20.95 t/s 0.382s
0924 23:32:14 ds4-server: chat ctx=0..19:19 prefill chunk 9/19 (47.4%) chunk=17.40 t/s avg=20.48 t/s 0.439s
0924 23:32:14 ds4-server: chat ctx=0..19:19 prefill chunk 10/19 (52.6%) chunk=18.21 t/s avg=20.23 t/s 0.494s
0924 23:32:14 ds4-server: chat ctx=0..19:19 prefill chunk 11/19 (57.9%) chunk=20.80 t/s avg=20.28 t/s 0.542s
0924 23:32:14 ds4-server: chat ctx=0..19:19 prefill chunk 12/19 (63.2%) chunk=17.75 t/s avg=20.04 t/s 0.599s
0924 23:32:14 ds4-server: chat ctx=0..19:19 prefill chunk 13/19 (68.4%) chunk=18.84 t/s avg=19.94 t/s 0.652s
0924 23:32:14 ds4-server: chat ctx=0..19:19 prefill chunk 14/19 (73.7%) chunk=22.99 t/s avg=20.14 t/s 0.695s
0924 23:32:14 ds4-server: chat ctx=0..19:19 prefill chunk 15/19 (78.9%) chunk=16.56 t/s avg=19.85 t/s 0.756s
0924 23:32:14 ds4-server: chat ctx=0..19:19 prefill chunk 16/19 (84.2%) chunk=18.97 t/s avg=19.79 t/s 0.808s
0924 23:32:14 ds4-server: chat ctx=0..19:19 prefill chunk 17/19 (89.5%) chunk=20.67 t/s avg=19.84 t/s 0.857s
0924 23:32:14 ds4-server: chat ctx=0..19:19 prefill chunk 18/19 (94.7%) chunk=19.80 t/s avg=19.84 t/s 0.907s
0924 23:32:14 ds4-server: chat ctx=0..19:19 prefill chunk 19/19 (100.0%) chunk=21.74 t/s avg=19.93 t/s 0.953s
0924 23:32:14 ds4-server: chat ctx=0..19:19 prompt done 0.955s
ds4: gate over tokens 65-128: 27.84 command buffers, 20.92 aborts, 240.0 expert ids accounted, 302.42 MiB loaded a token; 0 the gate failed to switch off, 0 it could not gate
ds4:   one token, exclusive, same window: entry -0.00 + encode 2.08 + commit-to-done 32.82 + repair-load 8.84 + accounting 0.03 + tail 0.97 = 44.75 of a 47.94 ms wall, residual 3.19
ds4:   of the commit-to-done: GPU running 31.09 ms, GPU not running 1.73 ms
ds4:   1833.9 gated dispatches a token, 52.1 of them behind an abort; 2116.8 sent plain ahead of a buffer's first validate
ds4:   encode-ahead: 4.92 segments used, 18.75 dropped, 3.01 ms a token spent encoding under the GPU
ds4:   concurrent sections: 264.91 attempted, 264.91 opened a token
ds4:   speculation: 0.00 layers a token, 0.00 lanes computed, 0.00 matched, 0.00 GEMVs actually saved, 0.00 left to compute; compared 0.00 lanes, 0.00 floats differ, 0.00 by more than an ulp
ds4:   expert cache over the last 64 tokens: 240.00 hits, 31.86 misses, 0.00 evictions a token; 5590 of 7930 entries live (70.5%)
ds4:   of the address-table holes repaired a token: 0.00 already resident, 31.86 genuinely absent
ds4:   residency a token: 31.86 adds, 0.00 removes, 31.86 commits
0924 23:32:17 ds4-server: chat ctx=19..69:50 gen=50 decoding chunk=18.91 t/s avg=18.91 t/s 2.645s
ds4: gate over tokens 129-192: 26.41 command buffers, 18.95 aborts, 240.0 expert ids accounted, 253.17 MiB loaded a token; 0 the gate failed to switch off, 0 it could not gate
ds4:   one token, exclusive, same window: entry 0.00 + encode 1.96 + commit-to-done 33.53 + repair-load 10.58 + accounting 0.03 + tail 1.40 = 47.49 of a 50.53 ms wall, residual 3.04
ds4:   of the commit-to-done: GPU running 31.91 ms, GPU not running 1.62 ms
ds4:   1781.3 gated dispatches a token, 45.9 of them behind an abort; 1972.2 sent plain ahead of a buffer's first validate
ds4:   encode-ahead: 5.45 segments used, 17.03 dropped, 2.88 ms a token spent encoding under the GPU
ds4:   concurrent sections: 245.97 attempted, 245.97 opened a token
ds4:   speculation: 0.00 layers a token, 0.00 lanes computed, 0.00 matched, 0.00 GEMVs actually saved, 0.00 left to compute; compared 0.00 lanes, 0.00 floats differ, 0.00 by more than an ulp
ds4:   expert cache over the last 64 tokens: 240.00 hits, 26.67 misses, 0.00 evictions a token; 7297 of 7930 entries live (92.0%)
ds4:   of the address-table holes repaired a token: 0.00 already resident, 26.67 genuinely absent
ds4:   residency a token: 26.67 adds, 0.00 removes, 26.67 commits
0924 23:32:19 ds4-server: chat ctx=69..119:50 gen=100 decoding chunk=20.62 t/s avg=19.72 t/s 5.070s
0924 23:32:22 ds4-server: chat ctx=119..169:50 gen=150 decoding chunk=21.92 t/s avg=20.41 t/s 7.350s
ds4: gate over tokens 193-256: 22.16 command buffers, 12.03 aborts, 240.0 expert ids accounted, 136.60 MiB loaded a token; 0 the gate failed to switch off, 0 it could not gate
ds4:   one token, exclusive, same window: entry 0.00 + encode 1.38 + commit-to-done 32.75 + repair-load 6.76 + accounting 0.18 + tail 1.39 = 42.47 of a 45.16 ms wall, residual 2.69
ds4:   of the commit-to-done: GPU running 31.67 ms, GPU not running 1.08 ms
ds4:   1695.3 gated dispatches a token, 38.8 of them behind an abort; 1514.2 sent plain ahead of a buffer's first validate
ds4:   encode-ahead: 8.12 segments used, 10.81 dropped, 2.57 ms a token spent encoding under the GPU
ds4:   concurrent sections: 187.34 attempted, 187.34 opened a token
ds4:   speculation: 0.00 layers a token, 0.00 lanes computed, 0.00 matched, 0.00 GEMVs actually saved, 0.00 left to compute; compared 0.00 lanes, 0.00 floats differ, 0.00 by more than an ulp
ds4:   expert cache over the last 64 tokens: 240.00 hits, 14.39 misses, 4.50 evictions a token; 7930 of 7930 entries live (100.0%)
ds4:   of the address-table holes repaired a token: 0.00 already resident, 14.39 genuinely absent
ds4:   residency a token: 14.39 adds, 4.50 removes, 18.89 commits
0924 23:32:22 ds4-server: chat ctx=169..179:10 gen=160 decoding chunk=21.27 t/s avg=20.46 t/s 7.820s
0924 23:32:22 ds4-server: chat ctx=0..19:19 gen=160 finish=length 8.775s
0924 23:32:22 ds4-server: shutdown requested, draining requests
