ds4: abort gate on for the first 40 layers
ds4: Metal device Apple M5 Max, 128.00 GiB RAM
ds4: Metal 4 tensor API enabled for Tensor kernels
ds4: drift-patch flags hc_stable=on norm_unify=on kv_raw_f32=off rope_exp2_log2=off math_safe=off tensor_matmul=on
ds4: Metal backend: Metal 4
ds4: Metal SSD streaming mode enabled; full model residency and warmup are skipped
ds4: Metal SSD static weights locked 9.37 GiB; pageable 0.00 GiB
ds4: SSD streaming initial metal model map (569 spans, 9.37 GiB tensor span)
ds4: metal backend initialized for graph diagnostics
ds4: expert cache prewarmed from the built-in V4.1 hotlist: 4092 experts (0 failed), 37.93 GiB in 3.68 s; stopped where the cache was full
ds4: memory: KV 0.06 GiB (raw 0.01 + compressed 0.05) + buffers 3.30 GiB + resident model 9.37 GiB + expert cache 37.97 GiB = 50.69 GiB planned
ds4: memory detail: ctx=8192 prefill_cap=4096 raw_kv_rows=128 compressed_kv_rows=8193 backend=metal
ds4: V4.1 executor ABI 3, arena align 256, rev e56ab96b713d, built Oct  3 2026 15:02:41
ds4: V4.1 static context buffers 3435.75 MiB (ctx=8192), Engram disk-only
ds4: shared/routed FFN overlap ran, mode 1
ds4:   decode path so far: 64 single-row steps (113.1 ms each inside the graph over the last 64), 0 K-row verification steps over 0 positions, 0 batch-fusion sites taken; candidate K none
ds4: gate over tokens 1-64: 36.92 command buffers, 33.72 aborts, 240.0 expert ids accounted, 715.77 MiB loaded a token; 0 the gate failed to switch off, 0 it could not gate
ds4:   one token, exclusive, same window: entry 0.00 + encode 4.53 + commit-to-done 49.97 + repair-load 46.99 + accounting 0.04 + tail 1.61 = 103.14 of a 113.43 ms wall, residual 10.29
ds4:   GPU busy 866.16 ms of the token's wall (the union of its buffers' spans), idle -752.73 ms
ds4:   1536.8 gated dispatches a token, 25.8 of them behind an abort; 1070.1 sent plain ahead of a buffer's first validate
ds4:   encode-ahead: 2.20 segments used, 32.00 dropped, 8.90 ms a token spent encoding under the GPU
ds4:   concurrent sections: 392.25 attempted, 392.25 opened a token
ds4:   speculation: 0.00 layers a token, 0.00 lanes computed, 0.00 matched, 0.00 GEMVs actually saved, 0.00 left to compute; compared 0.00 lanes, 0.00 floats differ, 0.00 by more than an ulp
ds4:   Metal 4: 74.36 command buffers sent, 8419.0 dispatches a token; 0 pieces of Metal 3 work so far
ds4:   Metal 4 a token: 74.36 contexts in 74.36 command buffers (0.00 split); 9305.5 nodes = 8419.0 dispatches + 886.5 copies; barriers 7006.1 from the graph, 148.7 queue; engine asked for 196.6 barriers and 823.9 section ends, neither encoded; 29963.1 buffer and 9394.5 constant bindings (819856 B), 0.0 with no stated length; 74.36 blocking waits, 871.84 ms
ds4:   expert cache over the last 64 tokens: 229.00 hits, 215.61 misses, 151.61 evictions a token; 4096 of 4096 entries live (100.0%)
ds4:   of the address-table holes repaired a token: 0.00 already resident, 139.34 genuinely absent
ds4:   of the repair a token: readahead 42.39 ms, slot preparation 28.33 ms, reads 31.68 ms, install 0.30 ms, over 215.61 loads
ds4:   Engram rows written at step start in 64 steps; layer-13 drains 0
ds4:   residency a token: 0.00 adds, 0.00 removes, 0.00 commits
ds4:   decode path so far: 128 single-row steps (94.4 ms each inside the graph over the last 64), 0 K-row verification steps over 0 positions, 0 batch-fusion sites taken; candidate K none
ds4: gate over tokens 65-128: 30.98 command buffers, 25.69 aborts, 240.0 expert ids accounted, 393.48 MiB loaded a token; 0 the gate failed to switch off, 0 it could not gate
ds4:   one token, exclusive, same window: entry 0.00 + encode 3.69 + commit-to-done 46.64 + repair-load 34.00 + accounting 0.04 + tail 1.59 = 85.96 of a 93.34 ms wall, residual 7.39
ds4:   GPU busy 44.02 ms of the token's wall (the union of its buffers' spans), idle 49.32 ms
ds4:   1430.4 gated dispatches a token, 18.7 of them behind an abort; 823.9 sent plain ahead of a buffer's first validate
ds4:   encode-ahead: 4.30 segments used, 24.55 dropped, 6.73 ms a token spent encoding under the GPU
ds4:   concurrent sections: 316.69 attempted, 316.69 opened a token
ds4:   speculation: 0.00 layers a token, 0.00 lanes computed, 0.00 matched, 0.00 GEMVs actually saved, 0.00 left to compute; compared 0.00 lanes, 0.00 floats differ, 0.00 by more than an ulp
ds4:   Metal 4: 56.53 command buffers sent, 4553.9 dispatches a token; 0 pieces of Metal 3 work so far
ds4:   Metal 4 a token: 56.53 contexts in 56.53 command buffers (0.00 split); 4807.2 nodes = 4553.9 dispatches + 253.3 copies; barriers 3385.6 from the graph, 113.1 queue; engine asked for 161.5 barriers and 664.2 section ends, neither encoded; 18629.9 buffer and 5266.4 constant bindings (469037 B), 0.0 with no stated length; 56.53 blocking waits, 45.33 ms
ds4:   expert cache over the last 64 tokens: 229.17 hits, 41.45 misses, 41.45 evictions a token; 4096 of 4096 entries live (100.0%)
ds4:   of the address-table holes repaired a token: 0.00 already resident, 41.45 genuinely absent
ds4:   of the repair a token: readahead 19.97 ms, slot preparation 0.88 ms, reads 12.04 ms, install 0.09 ms, over 41.45 loads
ds4:   Engram rows written at step start in 128 steps; layer-13 drains 0
ds4:   residency a token: 0.00 adds, 0.00 removes, 0.00 commits
ds4:   decode path so far: 192 single-row steps (116.5 ms each inside the graph over the last 64), 0 K-row verification steps over 0 positions, 0 batch-fusion sites taken; candidate K none
ds4: gate over tokens 129-192: 33.48 command buffers, 29.11 aborts, 240.0 expert ids accounted, 514.51 MiB loaded a token; 0 the gate failed to switch off, 0 it could not gate
ds4:   one token, exclusive, same window: entry 0.00 + encode 4.25 + commit-to-done 49.24 + repair-load 53.01 + accounting 0.04 + tail 1.59 = 108.14 of a 116.10 ms wall, residual 7.96
ds4:   GPU busy 43.84 ms of the token's wall (the union of its buffers' spans), idle 72.26 ms
ds4:   1475.0 gated dispatches a token, 21.6 of them behind an abort; 928.5 sent plain ahead of a buffer's first validate
ds4:   encode-ahead: 3.38 segments used, 27.73 dropped, 7.27 ms a token spent encoding under the GPU
ds4:   concurrent sections: 348.88 attempted, 348.88 opened a token
ds4:   speculation: 0.00 layers a token, 0.00 lanes computed, 0.00 matched, 0.00 GEMVs actually saved, 0.00 left to compute; compared 0.00 lanes, 0.00 floats differ, 0.00 by more than an ulp
ds4:   Metal 4: 62.22 command buffers sent, 4992.0 dispatches a token; 0 pieces of Metal 3 work so far
ds4:   Metal 4 a token: 62.22 contexts in 62.22 command buffers (0.00 split); 5296.8 nodes = 4992.0 dispatches + 304.8 copies; barriers 3706.9 from the graph, 124.4 queue; engine asked for 176.4 barriers and 730.9 section ends, neither encoded; 20430.7 buffer and 5775.8 constant bindings (514080 B), 0.0 with no stated length; 62.22 blocking waits, 47.48 ms
ds4:   expert cache over the last 64 tokens: 239.62 hits, 54.20 misses, 54.20 evictions a token; 4096 of 4096 entries live (100.0%)
ds4:   of the address-table holes repaired a token: 0.00 already resident, 54.20 genuinely absent
ds4:   of the repair a token: readahead 34.00 ms, slot preparation 0.89 ms, reads 16.59 ms, install 0.12 ms, over 54.20 loads
ds4:   Engram rows written at step start in 192 steps; layer-13 drains 0
ds4:   residency a token: 0.00 adds, 0.00 removes, 0.00 commits
ds4:   decode path so far: 256 single-row steps (105.0 ms each inside the graph over the last 64), 0 K-row verification steps over 0 positions, 0 batch-fusion sites taken; candidate K none
ds4: gate over tokens 193-256: 30.97 command buffers, 25.67 aborts, 240.0 expert ids accounted, 389.62 MiB loaded a token; 0 the gate failed to switch off, 0 it could not gate
ds4:   one token, exclusive, same window: entry 0.00 + encode 3.77 + commit-to-done 47.85 + repair-load 43.45 + accounting 0.04 + tail 1.60 = 96.71 of a 104.16 ms wall, residual 7.45
ds4:   GPU busy 44.14 ms of the token's wall (the union of its buffers' spans), idle 60.02 ms
ds4:   1437.9 gated dispatches a token, 17.8 of them behind an abort; 822.8 sent plain ahead of a buffer's first validate
ds4:   encode-ahead: 4.30 segments used, 24.42 dropped, 6.77 ms a token spent encoding under the GPU
ds4:   concurrent sections: 316.12 attempted, 316.12 opened a token
ds4:   speculation: 0.00 layers a token, 0.00 lanes computed, 0.00 matched, 0.00 GEMVs actually saved, 0.00 left to compute; compared 0.00 lanes, 0.00 floats differ, 0.00 by more than an ulp
ds4:   Metal 4: 56.39 command buffers sent, 4536.4 dispatches a token; 0 pieces of Metal 3 work so far
ds4:   Metal 4 a token: 56.39 contexts in 56.39 command buffers (0.00 split); 4796.7 nodes = 4536.4 dispatches + 260.3 copies; barriers 3370.4 from the graph, 112.8 queue; engine asked for 161.1 barriers and 663.0 section ends, neither encoded; 18572.0 buffer and 5247.7 constant bindings (467293 B), 0.0 with no stated length; 56.39 blocking waits, 46.45 ms
ds4:   expert cache over the last 64 tokens: 239.70 hits, 41.05 misses, 41.05 evictions a token; 4096 of 4096 entries live (100.0%)
ds4:   of the address-table holes repaired a token: 0.00 already resident, 41.05 genuinely absent
ds4:   of the repair a token: readahead 28.03 ms, slot preparation 0.94 ms, reads 13.38 ms, install 0.09 ms, over 41.05 loads
ds4:   Engram rows written at step start in 256 steps; layer-13 drains 0
ds4:   residency a token: 0.00 adds, 0.00 removes, 0.00 commits
capacity 4096 experts: prompt 4795 tokens, 257 evaluations written, ids 6d29be99270ceecf, logits 1d39179192ce829b
ds4: memory budget: peak 50.66 GiB allocated of 80.00 GiB; 0 slab(s) given back, 0 allocation(s) refused, cache growth stopped 0 time(s)
ds4: expert directory: 0 pinned hits, 0 cache hits, 22548 loads; 0 address mismatches, 0 missing with a non-zero slot, 0 selected and missing; 0 pinned experts given back to the budget
