ds4: abort gate on for the first 40 layers
ds4: Metal device Apple M5 Max, 128.00 GiB RAM
ds4: Metal 4 tensor API enabled for Tensor kernels
ds4: drift-patch flags hc_stable=on norm_unify=on kv_raw_f32=off rope_exp2_log2=off math_safe=off tensor_matmul=on
ds4: V4.1 SSD cache fitted from 10268 to 6679 experts for context/runtime headroom
ds4: Metal backend: Metal 4
ds4: Metal SSD streaming mode enabled; full model residency and warmup are skipped
ds4: metal SSD streaming cache target 61.91 GiB; effective 61.91 GiB = 7.12 GiB prefill headroom + 54.79 GiB dynamic cache (5911 experts, 9.49 MiB each)
ds4: Metal SSD static weights locked 9.37 GiB; pageable 0.00 GiB
ds4: SSD streaming initial metal model map (569 spans, 9.37 GiB tensor span)
ds4: metal backend initialized for graph diagnostics
ds4: expert cache prewarmed from the built-in V4.1 hotlist: 5910 experts (0 failed), 54.78 GiB in 5.52 s; stopped where the cache was full
ds4: memory: KV 0.06 GiB (raw 0.01 + compressed 0.05) + buffers 3.30 GiB + resident model 9.37 GiB + expert cache 54.79 GiB + prefill expert reserve 7.12 GiB = 74.64 GiB planned
ds4: memory detail: ctx=8192 prefill_cap=4096 raw_kv_rows=128 compressed_kv_rows=8193 backend=metal
ds4: V4.1 executor ABI 3, arena align 256, rev 899f47ce087e-dirty, built Oct  5 2026 01:10:27
ds4: V4.1 static context buffers 3435.75 MiB (ctx=8192), Engram disk-only
ds4: V4.1 K-block effective configuration: rows=32 exact_vocab=0 head_tile=0 dense_tile=4 block_kv=0 block_levels=0 block_attn_k=0 block_attn_raw=0 block_low_batch=0 block_attn=0 batch_fuse=0 batch_attn_out=1 batch_stream_experts=1 row_gather=0 moe_expert_major=0 block_txn=0 row_logits_readback=0
ds4: V4.1 batch attn_output_b hoisted out of the per-row loop (32 rows)
ds4: V4.1 routed gate/up encode: ds4_gpu_encode_mul_mv_addr_iq2_pair_swiglu
ds4: V4.1 batch step rows=32 pre 0.0 ms, per-row attention 0.0 ms, moe 0.0 ms, head 0.0 ms, setup 0.0 ms, publish 0.0 ms
ds4: V4.1 batch step rows=32 pre 0.0 ms, per-row attention 0.0 ms, moe 0.0 ms, head 0.0 ms, setup 0.0 ms, publish 0.0 ms
ds4: V4.1 batch step rows=32 pre 0.0 ms, per-row attention 0.0 ms, moe 0.0 ms, head 0.0 ms, setup 0.0 ms, publish 0.0 ms
ds4: V4.1 batch step rows=32 pre 0.0 ms, per-row attention 0.0 ms, moe 0.0 ms, head 0.0 ms, setup 0.0 ms, publish 0.0 ms
ds4: V4.1 batch step rows=32 pre 0.0 ms, per-row attention 0.0 ms, moe 0.0 ms, head 0.0 ms, setup 0.0 ms, publish 0.0 ms
ds4: V4.1 batch step rows=32 pre 0.0 ms, per-row attention 0.0 ms, moe 0.0 ms, head 0.0 ms, setup 0.0 ms, publish 0.0 ms
ds4: V4.1 batch step rows=32 pre 0.0 ms, per-row attention 0.0 ms, moe 0.0 ms, head 0.0 ms, setup 0.0 ms, publish 0.0 ms
ds4: V4.1 batch step rows=32 pre 0.0 ms, per-row attention 0.0 ms, moe 0.0 ms, head 0.0 ms, setup 0.0 ms, publish 0.0 ms
ds4: V4.1 batch step rows=32 pre 0.0 ms, per-row attention 0.0 ms, moe 0.0 ms, head 0.0 ms, setup 0.0 ms, publish 0.0 ms
ds4: V4.1 batch step rows=32 pre 0.0 ms, per-row attention 0.0 ms, moe 0.0 ms, head 0.0 ms, setup 0.0 ms, publish 0.0 ms
ds4: V4.1 batch step rows=32 pre 0.0 ms, per-row attention 0.0 ms, moe 0.0 ms, head 0.0 ms, setup 0.0 ms, publish 0.0 ms
ds4: V4.1 batch step rows=32 pre 0.0 ms, per-row attention 0.0 ms, moe 0.0 ms, head 0.0 ms, setup 0.0 ms, publish 0.0 ms
ds4: V4.1 batch step rows=32 pre 0.0 ms, per-row attention 0.0 ms, moe 0.0 ms, head 0.0 ms, setup 0.0 ms, publish 0.0 ms
ds4: V4.1 batch step rows=32 pre 0.0 ms, per-row attention 0.0 ms, moe 0.0 ms, head 0.0 ms, setup 0.0 ms, publish 0.0 ms
ds4: shared/routed FFN overlap ran, mode 1
ds4:   decode path so far: 64 single-row steps (45.2 ms each inside the graph over the last 64), 14 K-row verification steps over 448 positions, 0 batch-fusion sites taken; candidate K 32:14
ds4: gate over tokens 1-64: 20.67 command buffers, 10.00 aborts, 240.0 expert ids accounted, 114.20 MiB loaded a token; 0 the gate failed to switch off, 0 it could not gate
ds4:   one token, exclusive, same window: entry 0.00 + encode 1.13 + commit-to-done 32.27 + repair-load 8.12 + accounting 0.04 + tail 0.00 = 41.55 of a 45.03 ms wall, residual 3.48
ds4:   GPU busy 649.82 ms of the token's wall (the union of its buffers' spans), idle -604.78 ms
ds4:   1332.7 gated dispatches a token, 8.9 of them behind an abort; 334.5 sent plain ahead of a buffer's first validate
ds4:   encode-ahead: 9.67 segments used, 9.42 dropped, 3.24 ms a token spent encoding under the GPU
ds4:   concurrent sections: 170.72 attempted, 170.72 opened a token
ds4:   speculation: 0.00 layers a token, 0.00 lanes computed, 0.00 matched, 0.00 GEMVs actually saved, 0.00 left to compute; compared 0.00 lanes, 0.00 floats differ, 0.00 by more than an ulp
ds4:   Metal 4: 51.17 command buffers sent, 9342.0 dispatches a token; 0 pieces of Metal 3 work so far
ds4:   Metal 4 a token: 51.17 contexts in 51.92 command buffers (0.28 split); 10069.2 nodes = 9342.0 dispatches + 727.2 copies; barriers 7227.2 from the graph, 103.8 queue; engine asked for 94.5 barriers and 382.0 section ends, neither encoded; 26576.5 buffer and 9836.5 constant bindings (815167 B), 0.0 with no stated length; 51.17 blocking waits, 656.90 ms
ds4:   expert cache over the last 64 tokens: 1847.89 hits, 261.91 misses, 169.55 evictions a token; 5911 of 5911 entries live (100.0%)
ds4:   of the address-table holes repaired a token: 0.00 already resident, 104.38 genuinely absent
ds4:   of the repair a token: readahead 27.51 ms, slot preparation 34.21 ms, reads 32.39 ms, install 0.19 ms, over 169.83 loads
ds4:   Engram rows written at step start in 64 steps; layer-13 drains 0
ds4:   residency a token: 0.00 adds, 0.00 removes, 0.00 commits
ds4:   decode path so far: 128 single-row steps (50.3 ms each inside the graph over the last 64), 14 K-row verification steps over 448 positions, 0 batch-fusion sites taken; candidate K 32:14
ds4: gate over tokens 65-128: 21.25 command buffers, 10.83 aborts, 240.0 expert ids accounted, 121.47 MiB loaded a token; 0 the gate failed to switch off, 0 it could not gate
ds4:   one token, exclusive, same window: entry 0.00 + encode 1.21 + commit-to-done 34.10 + repair-load 10.52 + accounting 0.04 + tail 0.00 = 45.87 of a 49.46 ms wall, residual 3.59
ds4:   GPU busy 34.55 ms of the token's wall (the union of its buffers' spans), idle 14.91 ms
ds4:   1351.2 gated dispatches a token, 10.8 of them behind an abort; 366.0 sent plain ahead of a buffer's first validate
ds4:   encode-ahead: 9.42 segments used, 10.28 dropped, 3.30 ms a token spent encoding under the GPU
ds4:   concurrent sections: 179.28 attempted, 179.28 opened a token
ds4:   speculation: 0.00 layers a token, 0.00 lanes computed, 0.00 matched, 0.00 GEMVs actually saved, 0.00 left to compute; compared 0.00 lanes, 0.00 floats differ, 0.00 by more than an ulp
ds4:   Metal 4: 31.53 command buffers sent, 2673.8 dispatches a token; 0 pieces of Metal 3 work so far
ds4:   Metal 4 a token: 31.53 contexts in 31.53 command buffers (0.00 split); 2787.9 nodes = 2673.8 dispatches + 114.2 copies; barriers 1991.9 from the graph, 63.1 queue; engine asked for 98.5 barriers and 379.3 section ends, neither encoded; 10914.4 buffer and 3081.6 constant bindings (274453 B), 0.0 with no stated length; 31.53 blocking waits, 32.95 ms
ds4:   expert cache over the last 64 tokens: 239.97 hits, 12.80 misses, 12.80 evictions a token; 5911 of 5911 entries live (100.0%)
ds4:   of the address-table holes repaired a token: 0.00 already resident, 12.80 genuinely absent
ds4:   of the repair a token: readahead 5.00 ms, slot preparation 0.63 ms, reads 4.70 ms, install 0.02 ms, over 12.80 loads
ds4:   Engram rows written at step start in 128 steps; layer-13 drains 0
ds4:   residency a token: 0.00 adds, 0.00 removes, 0.00 commits
ds4:   decode path so far: 192 single-row steps (54.2 ms each inside the graph over the last 64), 14 K-row verification steps over 448 positions, 0 batch-fusion sites taken; candidate K 32:14
ds4: gate over tokens 129-192: 22.17 command buffers, 12.27 aborts, 240.0 expert ids accounted, 146.54 MiB loaded a token; 0 the gate failed to switch off, 0 it could not gate
ds4:   one token, exclusive, same window: entry 0.00 + encode 1.37 + commit-to-done 33.70 + repair-load 14.87 + accounting 0.04 + tail 0.00 = 49.97 of a 53.77 ms wall, residual 3.80
ds4:   GPU busy 33.65 ms of the token's wall (the union of its buffers' spans), idle 20.12 ms
ds4:   1353.7 gated dispatches a token, 9.8 of them behind an abort; 403.9 sent plain ahead of a buffer's first validate
ds4:   encode-ahead: 8.91 segments used, 11.52 dropped, 3.49 ms a token spent encoding under the GPU
ds4:   concurrent sections: 190.59 attempted, 190.59 opened a token
ds4:   speculation: 0.00 layers a token, 0.00 lanes computed, 0.00 matched, 0.00 GEMVs actually saved, 0.00 left to compute; compared 0.00 lanes, 0.00 floats differ, 0.00 by more than an ulp
ds4:   Metal 4: 33.69 command buffers sent, 2811.1 dispatches a token; 0 pieces of Metal 3 work so far
ds4:   Metal 4 a token: 33.69 contexts in 33.69 command buffers (0.00 split); 2940.5 nodes = 2811.1 dispatches + 129.4 copies; barriers 2092.6 from the graph, 67.4 queue; engine asked for 103.5 barriers and 402.6 section ends, neither encoded; 11499.3 buffer and 3243.7 constant bindings (289011 B), 0.0 with no stated length; 33.69 blocking waits, 32.42 ms
ds4:   expert cache over the last 64 tokens: 239.91 hits, 15.44 misses, 15.44 evictions a token; 5911 of 5911 entries live (100.0%)
ds4:   of the address-table holes repaired a token: 0.00 already resident, 15.44 genuinely absent
ds4:   of the repair a token: readahead 7.96 ms, slot preparation 0.69 ms, reads 5.91 ms, install 0.03 ms, over 15.44 loads
ds4:   Engram rows written at step start in 192 steps; layer-13 drains 0
ds4:   residency a token: 0.00 adds, 0.00 removes, 0.00 commits
ds4: V4.1 prefill tail at position 4096 ran 448 rows as 14 batch steps
ds4: expert cache lent the prefill headroom for decode: 5911 -> 6679 experts
prefill  4795 tokens in 65.378 s (cold, this process's first)
reads    during the prefill: 14153 loads, 92.36 GiB pread, 4.85 s of read-thread time
ds4:   decode path so far: 256 single-row steps (72.9 ms each inside the graph over the last 64), 14 K-row verification steps over 448 positions, 0 batch-fusion sites taken; candidate K 32:14
ds4: gate over tokens 193-256: 26.75 command buffers, 19.23 aborts, 240.0 expert ids accounted, 261.93 MiB loaded a token; 0 the gate failed to switch off, 0 it could not gate
ds4:   one token, exclusive, same window: entry 0.00 + encode 2.11 + commit-to-done 36.22 + repair-load 29.53 + accounting 0.04 + tail 0.11 = 68.00 of a 72.66 ms wall, residual 4.66
ds4:   GPU busy 34.29 ms of the token's wall (the union of its buffers' spans), idle 38.37 ms
ds4:   1391.2 gated dispatches a token, 17.8 of them behind an abort; 621.1 sent plain ahead of a buffer's first validate
ds4:   encode-ahead: 6.52 segments used, 18.30 dropped, 4.21 ms a token spent encoding under the GPU
ds4:   concurrent sections: 255.91 attempted, 255.91 opened a token
ds4:   speculation: 0.00 layers a token, 0.00 lanes computed, 0.00 matched, 0.00 GEMVs actually saved, 0.00 left to compute; compared 0.00 lanes, 0.00 floats differ, 0.00 by more than an ulp
ds4:   Metal 4: 45.14 command buffers sent, 3714.1 dispatches a token; 0 pieces of Metal 3 work so far
ds4:   Metal 4 a token: 45.14 contexts in 45.14 command buffers (0.00 split); 3902.3 nodes = 3714.1 dispatches + 188.2 copies; barriers 2761.2 from the graph, 90.3 queue; engine asked for 133.5 barriers and 537.7 section ends, neither encoded; 15190.4 buffer and 4291.6 constant bindings (382055 B), 0.0 with no stated length; 45.14 blocking waits, 34.56 ms
ds4:   expert cache over the last 64 tokens: 239.95 hits, 27.59 misses, 23.34 evictions a token; 6183 of 6679 entries live (92.6%)
ds4:   of the address-table holes repaired a token: 0.00 already resident, 27.59 genuinely absent
ds4:   of the repair a token: readahead 14.30 ms, slot preparation 4.00 ms, reads 10.65 ms, install 0.05 ms, over 27.59 loads
ds4:   Engram rows written at step start in 256 steps; layer-13 drains 0
ds4:   residency a token: 0.00 adds, 0.00 removes, 0.00 commits
ds4:   decode path so far: 320 single-row steps (71.4 ms each inside the graph over the last 64), 14 K-row verification steps over 448 positions, 0 batch-fusion sites taken; candidate K 32:14
ds4: gate over tokens 257-320: 25.39 command buffers, 17.50 aborts, 240.0 expert ids accounted, 230.19 MiB loaded a token; 0 the gate failed to switch off, 0 it could not gate
ds4:   one token, exclusive, same window: entry 0.00 + encode 1.85 + commit-to-done 35.22 + repair-load 27.51 + accounting 0.03 + tail 1.45 = 66.07 of a 70.35 ms wall, residual 4.28
ds4:   GPU busy 34.65 ms of the token's wall (the union of its buffers' spans), idle 35.71 ms
ds4:   1368.0 gated dispatches a token, 9.4 of them behind an abort; 561.6 sent plain ahead of a buffer's first validate
ds4:   encode-ahead: 6.89 segments used, 16.75 dropped, 3.85 ms a token spent encoding under the GPU
ds4:   concurrent sections: 240.06 attempted, 240.06 opened a token
ds4:   speculation: 0.00 layers a token, 0.00 lanes computed, 0.00 matched, 0.00 GEMVs actually saved, 0.00 left to compute; compared 0.00 lanes, 0.00 floats differ, 0.00 by more than an ulp
ds4:   Metal 4: 43.14 command buffers sent, 3494.4 dispatches a token; 0 pieces of Metal 3 work so far
ds4:   Metal 4 a token: 43.14 contexts in 43.14 command buffers (0.00 split); 3653.8 nodes = 3494.4 dispatches + 159.5 copies; barriers 2598.9 from the graph, 86.3 queue; engine asked for 126.2 barriers and 505.8 section ends, neither encoded; 14298.2 buffer and 4036.9 constant bindings (359571 B), 0.0 with no stated length; 43.14 blocking waits, 35.05 ms
ds4:   expert cache over the last 64 tokens: 239.97 hits, 24.25 misses, 16.50 evictions a token; 6679 of 6679 entries live (100.0%)
ds4:   of the address-table holes repaired a token: 0.00 already resident, 24.25 genuinely absent
ds4:   of the repair a token: readahead 13.00 ms, slot preparation 4.35 ms, reads 9.79 ms, install 0.04 ms, over 24.25 loads
ds4:   Engram rows written at step start in 320 steps; layer-13 drains 0
ds4:   residency a token: 0.00 adds, 0.00 removes, 0.00 commits
ds4:   decode path so far: 384 single-row steps (57.9 ms each inside the graph over the last 64), 14 K-row verification steps over 448 positions, 0 batch-fusion sites taken; candidate K 32:14
ds4: gate over tokens 321-384: 21.67 command buffers, 11.88 aborts, 240.0 expert ids accounted, 133.93 MiB loaded a token; 0 the gate failed to switch off, 0 it could not gate
ds4:   one token, exclusive, same window: entry 0.00 + encode 1.31 + commit-to-done 34.93 + repair-load 15.38 + accounting 0.04 + tail 1.46 = 53.11 of a 56.82 ms wall, residual 3.71
ds4:   GPU busy 35.95 ms of the token's wall (the union of its buffers' spans), idle 20.87 ms
ds4:   1337.9 gated dispatches a token, 8.9 of them behind an abort; 390.6 sent plain ahead of a buffer's first validate
ds4:   encode-ahead: 8.80 segments used, 11.34 dropped, 3.38 ms a token spent encoding under the GPU
ds4:   concurrent sections: 188.53 attempted, 188.53 opened a token
ds4:   speculation: 0.00 layers a token, 0.00 lanes computed, 0.00 matched, 0.00 GEMVs actually saved, 0.00 left to compute; compared 0.00 lanes, 0.00 floats differ, 0.00 by more than an ulp
ds4:   Metal 4: 34.02 command buffers sent, 2799.5 dispatches a token; 0 pieces of Metal 3 work so far
ds4:   Metal 4 a token: 34.02 contexts in 34.02 command buffers (0.00 split); 2923.7 nodes = 2799.5 dispatches + 124.2 copies; barriers 2084.3 from the graph, 68.0 queue; engine asked for 102.5 barriers and 399.2 section ends, neither encoded; 11431.5 buffer and 3227.9 constant bindings (287549 B), 0.0 with no stated length; 34.02 blocking waits, 35.10 ms
ds4:   expert cache over the last 64 tokens: 240.00 hits, 14.11 misses, 14.11 evictions a token; 6679 of 6679 entries live (100.0%)
ds4:   of the address-table holes repaired a token: 0.00 already resident, 14.11 genuinely absent
ds4:   of the repair a token: readahead 7.23 ms, slot preparation 0.70 ms, reads 7.21 ms, install 0.03 ms, over 14.11 loads
ds4:   Engram rows written at step start in 384 steps; layer-13 drains 0
ds4:   residency a token: 0.00 adds, 0.00 removes, 0.00 commits
ds4:   decode path so far: 448 single-row steps (71.5 ms each inside the graph over the last 64), 14 K-row verification steps over 448 positions, 0 batch-fusion sites taken; candidate K 32:14
ds4: gate over tokens 385-448: 24.92 command buffers, 16.58 aborts, 240.0 expert ids accounted, 237.90 MiB loaded a token; 0 the gate failed to switch off, 0 it could not gate
ds4:   one token, exclusive, same window: entry 0.00 + encode 1.85 + commit-to-done 36.42 + repair-load 26.78 + accounting 0.03 + tail 1.45 = 66.54 of a 70.92 ms wall, residual 4.37
ds4:   GPU busy 35.65 ms of the token's wall (the union of its buffers' spans), idle 35.27 ms
ds4:   1369.1 gated dispatches a token, 13.1 of them behind an abort; 539.2 sent plain ahead of a buffer's first validate
ds4:   encode-ahead: 7.34 segments used, 15.80 dropped, 3.96 ms a token spent encoding under the GPU
ds4:   concurrent sections: 232.41 attempted, 232.41 opened a token
ds4:   speculation: 0.00 layers a token, 0.00 lanes computed, 0.00 matched, 0.00 GEMVs actually saved, 0.00 left to compute; compared 0.00 lanes, 0.00 floats differ, 0.00 by more than an ulp
ds4:   Metal 4: 41.72 command buffers sent, 3398.8 dispatches a token; 0 pieces of Metal 3 work so far
ds4:   Metal 4 a token: 41.72 contexts in 41.72 command buffers (0.00 split); 3575.8 nodes = 3398.8 dispatches + 177.1 copies; barriers 2529.0 from the graph, 83.4 queue; engine asked for 122.8 barriers and 490.0 section ends, neither encoded; 13893.7 buffer and 3924.5 constant bindings (349603 B), 0.0 with no stated length; 41.72 blocking waits, 36.19 ms
ds4:   expert cache over the last 64 tokens: 239.94 hits, 25.06 misses, 25.06 evictions a token; 6679 of 6679 entries live (100.0%)
ds4:   of the address-table holes repaired a token: 0.00 already resident, 25.06 genuinely absent
ds4:   of the repair a token: readahead 14.81 ms, slot preparation 0.81 ms, reads 10.50 ms, install 0.04 ms, over 25.06 loads
ds4:   Engram rows written at step start in 448 steps; layer-13 drains 0
ds4:   residency a token: 0.00 adds, 0.00 removes, 0.00 commits
decode   256 steps in 17.632 s, 68.88 ms a token (logits copied and written each step)
capacity 10268 experts: prompt 4795 tokens, 257 evaluations written, ids e197891559449b7b, logits 374aebdf03a98e0b, state 4e233746d733d046 (43357984 bytes)
ds4: backend capacity Metal 4 encoder batch                  encoder=2107715
ds4: backend capacity Metal 4 segment                        commit=20331
ds4: backend capacity Metal 4 wait                           wait=20331
ds4: backend capacity Metal 4 tensor_copy                    blit=26486
ds4: backend capacity Metal 4 expert_cache_fill              blit=4189
ds4: backend capacity Metal 4 tensor_read                    readback=872
ds4: backend capacity totals over 256 tokens (selected Metal 4): M3 commit=0 wait=0 signal=0 evwait=0 blit=0 encoder=0 readback=0 M4 commit=20331 wait=20331 signal=0 evwait=0 blit=30675 encoder=2107715 readback=872; Metal 3 fallback 0; site table overflow 0
ds4: backend capacity boundary end            pc 0x10016a3a0 80
ds4: backend capacity boundary end            pc 0x10016b314 80
ds4: backend capacity boundary end            pc 0x10016be14 40
ds4: backend capacity boundary end            pc 0x10016db5c 1
ds4: backend capacity boundary end            pc 0x1002436b0 560
ds4: backend capacity boundary end            pc 0x100246b48 560
ds4: backend capacity boundary end            pc 0x100123374 14
ds4: backend capacity boundary end            pc 0x10015b138 14
ds4: backend capacity boundary flush          pc 0x10007559c 11861
ds4: backend capacity boundary flush          pc 0x100075988 10999
ds4: backend capacity boundary wait mark      pc 0x100075968 10999
ds4: backend capacity boundary wait           pc 0x100075a78 6864
ds4: backend capacity boundary wait           pc 0x1000759cc 862
ds4: backend capacity boundary end            pc 0x100076b20 507
ds4: backend capacity boundary end            pc 0x10007bef8 257
ds4: Metal 4 bindings with no stated length: 0 at 0 call sites
ds4: Metal 4 parts: contexts in 1/2/3/4 parts 20313/3/0/15, 2114415 nodes; 18 commit:count: calls with more than one buffer, 20379 command buffers in all; 0 contexts cut short of their parts, 0 empty or mismatched parts
ds4: backend capacity Metal 4 feedback after completion: 17442 waits, 239.542 ms
ds4: backend capacity Metal 3 command execution after Metal 4 selection: 0 (refused 0); Metal 3 queues created before selection 0, after 0; full expert address table uses 0
ds4: backend capacity background: keepalive M3 0 M4 80, pacer M3 0 M4 0 (cumulative)
ds4: memory budget: peak 74.63 GiB allocated of 80.00 GiB; 0 slab(s) given back, 0 allocation(s) refused, cache growth stopped 0 time(s)
ds4: expert directory: 0 pinned hits, 38079 cache hits, 25596 loads; 0 address mismatches, 0 missing with a non-zero slot, 0 selected and missing; 0 pinned experts given back to the budget
