ds4: abort gate on for the first 40 layers
ds4: Metal device Apple M5 Max, 128.00 GiB RAM
ds4: Metal 4 tensor API enabled for Tensor kernels
ds4: drift-patch flags hc_stable=on norm_unify=on kv_raw_f32=off rope_exp2_log2=off math_safe=off tensor_matmul=on
ds4: V4.1 SSD cache fitted from 10268 to 6679 experts for context/runtime headroom
ds4: Metal backend: Metal 4
ds4: Metal SSD streaming mode enabled; full model residency and warmup are skipped
ds4: metal SSD streaming cache target 61.91 GiB; effective 61.91 GiB = 7.12 GiB prefill headroom + 54.79 GiB dynamic cache (5911 experts, 9.49 MiB each)
ds4: Metal SSD static weights locked 9.37 GiB; pageable 0.00 GiB
ds4: SSD streaming initial metal model map (569 spans, 9.37 GiB tensor span)
ds4: metal backend initialized for graph diagnostics
ds4: expert cache prewarmed from the built-in V4.1 hotlist: 5910 experts (0 failed), 54.78 GiB in 5.88 s; stopped where the cache was full
ds4: memory: KV 0.06 GiB (raw 0.01 + compressed 0.05) + buffers 3.30 GiB + resident model 9.37 GiB + expert cache 54.79 GiB + prefill expert reserve 7.12 GiB = 74.64 GiB planned
ds4: memory detail: ctx=8192 prefill_cap=4096 raw_kv_rows=128 compressed_kv_rows=8193 backend=metal
ds4: V4.1 executor ABI 3, arena align 256, rev 6749f9548d5f-dirty, built Oct  4 2026 15:21:51
ds4: V4.1 static context buffers 3435.75 MiB (ctx=8192), Engram disk-only
ds4: V4.1 K-block effective configuration: rows=32 exact_vocab=0 head_tile=0 dense_tile=4 block_kv=0 block_levels=0 block_attn_k=0 block_attn_raw=0 block_low_batch=0 block_attn=0 batch_fuse=0 batch_attn_out=1 batch_stream_experts=1 row_gather=0 moe_expert_major=0 block_txn=0 row_logits_readback=0
ds4: V4.1 batch attn_output_b hoisted out of the per-row loop (32 rows)
ds4: V4.1 routed gate/up encode: ds4_gpu_encode_mul_mv_addr_iq2_pair_swiglu
ds4: V4.1 batch step rows=32 pre 0.0 ms, per-row attention 0.0 ms, moe 0.0 ms, head 0.0 ms, setup 0.0 ms, publish 0.0 ms
ds4: V4.1 batch step rows=32 pre 0.0 ms, per-row attention 0.0 ms, moe 0.0 ms, head 0.0 ms, setup 0.0 ms, publish 0.0 ms
ds4: V4.1 batch step rows=32 pre 0.0 ms, per-row attention 0.0 ms, moe 0.0 ms, head 0.0 ms, setup 0.0 ms, publish 0.0 ms
ds4: V4.1 batch step rows=32 pre 0.0 ms, per-row attention 0.0 ms, moe 0.0 ms, head 0.0 ms, setup 0.0 ms, publish 0.0 ms
ds4: V4.1 batch step rows=32 pre 0.0 ms, per-row attention 0.0 ms, moe 0.0 ms, head 0.0 ms, setup 0.0 ms, publish 0.0 ms
ds4: V4.1 batch step rows=32 pre 0.0 ms, per-row attention 0.0 ms, moe 0.0 ms, head 0.0 ms, setup 0.0 ms, publish 0.0 ms
ds4: V4.1 batch step rows=32 pre 0.0 ms, per-row attention 0.0 ms, moe 0.0 ms, head 0.0 ms, setup 0.0 ms, publish 0.0 ms
ds4: V4.1 batch step rows=32 pre 0.0 ms, per-row attention 0.0 ms, moe 0.0 ms, head 0.0 ms, setup 0.0 ms, publish 0.0 ms
ds4: V4.1 batch step rows=32 pre 0.0 ms, per-row attention 0.0 ms, moe 0.0 ms, head 0.0 ms, setup 0.0 ms, publish 0.0 ms
ds4: V4.1 batch step rows=32 pre 0.0 ms, per-row attention 0.0 ms, moe 0.0 ms, head 0.0 ms, setup 0.0 ms, publish 0.0 ms
ds4: V4.1 batch step rows=32 pre 0.0 ms, per-row attention 0.0 ms, moe 0.0 ms, head 0.0 ms, setup 0.0 ms, publish 0.0 ms
ds4: V4.1 batch step rows=32 pre 0.0 ms, per-row attention 0.0 ms, moe 0.0 ms, head 0.0 ms, setup 0.0 ms, publish 0.0 ms
ds4: V4.1 batch step rows=32 pre 0.0 ms, per-row attention 0.0 ms, moe 0.0 ms, head 0.0 ms, setup 0.0 ms, publish 0.0 ms
ds4: V4.1 batch step rows=32 pre 0.0 ms, per-row attention 0.0 ms, moe 0.0 ms, head 0.0 ms, setup 0.0 ms, publish 0.0 ms
ds4: V4.1 batch step rows=32 pre 0.0 ms, per-row attention 0.0 ms, moe 0.0 ms, head 0.0 ms, setup 0.0 ms, publish 0.0 ms
ds4: V4.1 batch step rows=32 pre 0.0 ms, per-row attention 0.0 ms, moe 0.0 ms, head 0.0 ms, setup 0.0 ms, publish 0.0 ms
ds4: V4.1 batch step rows=32 pre 0.0 ms, per-row attention 0.0 ms, moe 0.0 ms, head 0.0 ms, setup 0.0 ms, publish 0.0 ms
ds4: V4.1 batch step rows=32 pre 0.0 ms, per-row attention 0.0 ms, moe 0.0 ms, head 0.0 ms, setup 0.0 ms, publish 0.0 ms
ds4: V4.1 batch step rows=32 pre 0.0 ms, per-row attention 0.0 ms, moe 0.0 ms, head 0.0 ms, setup 0.0 ms, publish 0.0 ms
ds4: V4.1 batch step rows=32 pre 0.0 ms, per-row attention 0.0 ms, moe 0.0 ms, head 0.0 ms, setup 0.0 ms, publish 0.0 ms
ds4: V4.1 batch step rows=32 pre 0.0 ms, per-row attention 0.0 ms, moe 0.0 ms, head 0.0 ms, setup 0.0 ms, publish 0.0 ms
ds4: V4.1 batch step rows=27 pre 0.0 ms, per-row attention 0.0 ms, moe 0.0 ms, head 0.0 ms, setup 0.0 ms, publish 0.0 ms
ds4: V4.1 prefill tail at position 4096 ran 699 rows as 22 batch steps
ds4: expert cache lent the prefill headroom for decode: 5911 -> 6679 experts
prefill  4795 tokens in 59.714 s (cold, this process's first)
ds4: shared/routed FFN overlap ran, mode 1
ds4:   decode path so far: 64 single-row steps (74.5 ms each inside the graph over the last 64), 22 K-row verification steps over 699 positions, 0 batch-fusion sites taken; candidate K 27:1 32:21
ds4: gate over tokens 1-64: 27.06 command buffers, 19.61 aborts, 240.0 expert ids accounted, 280.46 MiB loaded a token; 0 the gate failed to switch off, 0 it could not gate
ds4:   one token, exclusive, same window: entry 0.00 + encode 2.10 + commit-to-done 37.02 + repair-load 29.20 + accounting 0.04 + tail 1.50 = 69.86 of a 74.47 ms wall, residual 4.61
ds4:   GPU busy 718.78 ms of the token's wall (the union of its buffers' spans), idle -644.30 ms
ds4:   1398.4 gated dispatches a token, 13.1 of them behind an abort; 629.9 sent plain ahead of a buffer's first validate
ds4:   encode-ahead: 6.45 segments used, 18.81 dropped, 4.17 ms a token spent encoding under the GPU
ds4:   concurrent sections: 262.53 attempted, 262.53 opened a token
ds4:   speculation: 0.00 layers a token, 0.00 lanes computed, 0.00 matched, 0.00 GEMVs actually saved, 0.00 left to compute; compared 0.00 lanes, 0.00 floats differ, 0.00 by more than an ulp
ds4:   Metal 4: 78.22 command buffers sent, 13153.3 dispatches a token; 0 pieces of Metal 3 work so far
ds4:   Metal 4 a token: 78.22 contexts in 78.22 command buffers (0.00 split); 14040.4 nodes = 13153.3 dispatches + 887.0 copies; barriers 9872.2 from the graph, 156.4 queue; engine asked for 136.9 barriers and 583.0 section ends, neither encoded; 37704.5 buffer and 13865.8 constant bindings (1148739 B), 0.0 with no stated length; 78.22 blocking waits, 733.44 ms
ds4:   expert cache over the last 64 tokens: 2737.77 hits, 330.89 misses, 226.53 evictions a token; 6679 of 6679 entries live (100.0%)
ds4:   of the address-table holes repaired a token: 0.00 already resident, 121.89 genuinely absent
ds4:   of the repair a token: readahead 37.08 ms, slot preparation 45.14 ms, reads 38.26 ms, install 0.22 ms, over 187.34 loads
ds4:   Engram rows written at step start in 64 steps; layer-13 drains 0
ds4:   residency a token: 0.00 adds, 0.00 removes, 0.00 commits
ds4:   decode path so far: 128 single-row steps (60.0 ms each inside the graph over the last 64), 22 K-row verification steps over 699 positions, 0 batch-fusion sites taken; candidate K 27:1 32:21
ds4: gate over tokens 65-128: 22.53 command buffers, 12.95 aborts, 240.0 expert ids accounted, 150.10 MiB loaded a token; 0 the gate failed to switch off, 0 it could not gate
ds4:   one token, exclusive, same window: entry 0.00 + encode 1.45 + commit-to-done 38.84 + repair-load 13.70 + accounting 0.04 + tail 1.50 = 55.53 of a 59.44 ms wall, residual 3.91
ds4:   GPU busy 39.61 ms of the token's wall (the union of its buffers' spans), idle 19.83 ms
ds4:   1359.1 gated dispatches a token, 12.7 of them behind an abort; 426.0 sent plain ahead of a buffer's first validate
ds4:   encode-ahead: 8.58 segments used, 12.34 dropped, 3.57 ms a token spent encoding under the GPU
ds4:   concurrent sections: 199.16 attempted, 199.16 opened a token
ds4:   speculation: 0.00 layers a token, 0.00 lanes computed, 0.00 matched, 0.00 GEMVs actually saved, 0.00 left to compute; compared 0.00 lanes, 0.00 floats differ, 0.00 by more than an ulp
ds4:   Metal 4: 35.88 command buffers sent, 2940.7 dispatches a token; 0 pieces of Metal 3 work so far
ds4:   Metal 4 a token: 35.88 contexts in 35.88 command buffers (0.00 split); 3072.7 nodes = 2940.7 dispatches + 132.0 copies; barriers 2189.4 from the graph, 71.8 queue; engine asked for 107.5 barriers and 421.2 section ends, neither encoded; 12020.4 buffer and 3392.8 constant bindings (302286 B), 0.0 with no stated length; 35.88 blocking waits, 38.94 ms
ds4:   expert cache over the last 64 tokens: 239.94 hits, 15.81 misses, 15.81 evictions a token; 6679 of 6679 entries live (100.0%)
ds4:   of the address-table holes repaired a token: 0.00 already resident, 15.81 genuinely absent
ds4:   of the repair a token: readahead 6.88 ms, slot preparation 0.71 ms, reads 5.82 ms, install 0.03 ms, over 15.81 loads
ds4:   Engram rows written at step start in 128 steps; layer-13 drains 0
ds4:   residency a token: 0.00 adds, 0.00 removes, 0.00 commits
ds4:   decode path so far: 192 single-row steps (72.4 ms each inside the graph over the last 64), 22 K-row verification steps over 699 positions, 0 batch-fusion sites taken; candidate K 27:1 32:21
ds4: gate over tokens 129-192: 24.67 command buffers, 16.16 aborts, 240.0 expert ids accounted, 224.25 MiB loaded a token; 0 the gate failed to switch off, 0 it could not gate
ds4:   one token, exclusive, same window: entry 0.00 + encode 1.86 + commit-to-done 39.16 + repair-load 24.55 + accounting 0.04 + tail 1.49 = 67.09 of a 71.57 ms wall, residual 4.48
ds4:   GPU busy 38.34 ms of the token's wall (the union of its buffers' spans), idle 33.23 ms
ds4:   1369.4 gated dispatches a token, 9.4 of them behind an abort; 524.1 sent plain ahead of a buffer's first validate
ds4:   encode-ahead: 7.52 segments used, 15.55 dropped, 4.09 ms a token spent encoding under the GPU
ds4:   concurrent sections: 229.69 attempted, 229.69 opened a token
ds4:   speculation: 0.00 layers a token, 0.00 lanes computed, 0.00 matched, 0.00 GEMVs actually saved, 0.00 left to compute; compared 0.00 lanes, 0.00 floats differ, 0.00 by more than an ulp
ds4:   Metal 4: 41.22 command buffers sent, 3367.7 dispatches a token; 0 pieces of Metal 3 work so far
ds4:   Metal 4 a token: 41.22 contexts in 41.22 command buffers (0.00 split); 3530.8 nodes = 3367.7 dispatches + 163.1 copies; barriers 2505.2 from the graph, 82.4 queue; engine asked for 121.8 barriers and 484.4 section ends, neither encoded; 13760.7 buffer and 3887.6 constant bindings (346212 B), 0.0 with no stated length; 41.22 blocking waits, 38.95 ms
ds4:   expert cache over the last 64 tokens: 239.98 hits, 23.62 misses, 23.62 evictions a token; 6679 of 6679 entries live (100.0%)
ds4:   of the address-table holes repaired a token: 0.00 already resident, 23.62 genuinely absent
ds4:   of the repair a token: readahead 13.94 ms, slot preparation 0.80 ms, reads 9.21 ms, install 0.04 ms, over 23.62 loads
ds4:   Engram rows written at step start in 192 steps; layer-13 drains 0
ds4:   residency a token: 0.00 adds, 0.00 removes, 0.00 commits
ds4:   decode path so far: 256 single-row steps (70.5 ms each inside the graph over the last 64), 22 K-row verification steps over 699 positions, 0 batch-fusion sites taken; candidate K 27:1 32:21
ds4: gate over tokens 193-256: 24.52 command buffers, 15.88 aborts, 240.0 expert ids accounted, 196.52 MiB loaded a token; 0 the gate failed to switch off, 0 it could not gate
ds4:   one token, exclusive, same window: entry 0.00 + encode 1.92 + commit-to-done 38.51 + repair-load 23.13 + accounting 0.04 + tail 1.47 = 65.07 of a 69.67 ms wall, residual 4.60
ds4:   GPU busy 38.14 ms of the token's wall (the union of its buffers' spans), idle 31.53 ms
ds4:   1376.1 gated dispatches a token, 13.6 of them behind an abort; 515.1 sent plain ahead of a buffer's first validate
ds4:   encode-ahead: 7.64 segments used, 15.11 dropped, 4.22 ms a token spent encoding under the GPU
ds4:   concurrent sections: 225.78 attempted, 225.78 opened a token
ds4:   speculation: 0.00 layers a token, 0.00 lanes computed, 0.00 matched, 0.00 GEMVs actually saved, 0.00 left to compute; compared 0.00 lanes, 0.00 floats differ, 0.00 by more than an ulp
ds4:   Metal 4: 40.62 command buffers sent, 3304.1 dispatches a token; 0 pieces of Metal 3 work so far
ds4:   Metal 4 a token: 40.62 contexts in 40.62 command buffers (0.00 split); 3468.1 nodes = 3304.1 dispatches + 164.0 copies; barriers 2458.7 from the graph, 81.2 queue; engine asked for 119.8 barriers and 476.3 section ends, neither encoded; 13510.9 buffer and 3815.1 constant bindings (339867 B), 0.0 with no stated length; 40.62 blocking waits, 38.26 ms
ds4:   expert cache over the last 64 tokens: 239.98 hits, 20.70 misses, 20.70 evictions a token; 6679 of 6679 entries live (100.0%)
ds4:   of the address-table holes repaired a token: 0.00 already resident, 20.70 genuinely absent
ds4:   of the repair a token: readahead 12.43 ms, slot preparation 0.86 ms, reads 9.35 ms, install 0.04 ms, over 20.70 loads
ds4:   Engram rows written at step start in 256 steps; layer-13 drains 0
ds4:   residency a token: 0.00 adds, 0.00 removes, 0.00 commits
capacity 10268 experts: prompt 4795 tokens, 257 evaluations written, ids e197891559449b7b, logits 374aebdf03a98e0b, state 4e233746d733d046 (43357984 bytes)
ds4: memory budget: peak 74.63 GiB allocated of 80.00 GiB; 0 slab(s) given back, 0 allocation(s) refused, cache growth stopped 0 time(s)
ds4: expert directory: 0 pinned hits, 60001 cache hits, 25026 loads; 0 address mismatches, 0 missing with a non-zero slot, 0 selected and missing; 0 pinned experts given back to the budget
