ds4: abort gate on for the first 40 layers
ds4: Metal device Apple M5 Max, 128.00 GiB RAM
ds4: Metal 4 tensor API enabled for Tensor kernels
ds4: drift-patch flags hc_stable=on norm_unify=on kv_raw_f32=off rope_exp2_log2=off math_safe=off tensor_matmul=on
ds4: V4.1 SSD cache fitted from 10268 to 6679 experts for context/runtime headroom
ds4: Metal backend: Metal 4
ds4: Metal SSD streaming mode enabled; full model residency and warmup are skipped
ds4: metal SSD streaming cache target 61.91 GiB; effective 61.91 GiB = 7.12 GiB prefill headroom + 54.79 GiB dynamic cache (5911 experts, 9.49 MiB each)
ds4: Metal SSD static weights locked 9.37 GiB; pageable 0.00 GiB
ds4: SSD streaming initial metal model map (569 spans, 9.37 GiB tensor span)
ds4: metal backend initialized for graph diagnostics
ds4: expert cache prewarmed from the built-in V4.1 hotlist: 5910 experts (0 failed), 54.78 GiB in 5.72 s; stopped where the cache was full
ds4: memory: KV 0.06 GiB (raw 0.01 + compressed 0.05) + buffers 3.30 GiB + resident model 9.37 GiB + expert cache 54.79 GiB + prefill expert reserve 7.12 GiB = 74.64 GiB planned
ds4: memory detail: ctx=8192 prefill_cap=4096 raw_kv_rows=128 compressed_kv_rows=8193 backend=metal
ds4: V4.1 executor ABI 3, arena align 256, rev 7cfffd82c8bd-dirty, built Oct  5 2026 02:29:44
ds4: V4.1 static context buffers 3435.75 MiB (ctx=8192), Engram disk-only
ds4: V4.1 K-block effective configuration: rows=699 exact_vocab=0 head_tile=0 dense_tile=4 block_kv=1 block_levels=1 block_attn_k=0 block_attn_raw=0 block_low_batch=0 block_attn=0 batch_fuse=0 batch_attn_out=1 batch_stream_experts=1 row_gather=1 moe_expert_major=0 block_txn=0 row_logits_readback=0
ds4: V4.1 block-local KV delta, 699 rows over 127 prefix keys
ds4: V4.1 batch attn_output_b hoisted out of the per-row loop (699 rows)
ds4: V4.1 routed gate/up encode: ds4_gpu_encode_mul_mv_addr_iq2_pair_swiglu
ds4: V4.1 block attention by level, 699 rows, concurrent section open
ds4: V4.1 batch step rows=699 pre 0.0 ms, per-row attention 0.0 ms, moe 0.0 ms, head 0.0 ms, setup 0.0 ms, publish 0.0 ms
ds4: V4.1 prefill of 4096 rows interleaved layer by layer with the 699-row tail after it
ds4: V4.1 prefill tail at position 4096 ran 699 rows as 1 batch steps
ds4: expert cache lent the prefill headroom for decode: 5911 -> 6679 experts
prefill  4795 tokens in 52.452 s (cold, this process's first)
reads    during the prefill: 4329 loads, 0.00 GiB pread, 0.00 s of read-thread time
ds4: shared/routed FFN overlap ran, mode 1
ds4:   decode path so far: 64 single-row steps (84.3 ms each inside the graph over the last 64), 1 K-row verification steps over 699 positions, 0 batch-fusion sites taken; candidate K 32:1
ds4:   host row loop: 1398 nodes attended one at a time
ds4: gate over tokens 1-64: 26.88 command buffers, 19.25 aborts, 240.0 expert ids accounted, 273.79 MiB loaded a token; 0 the gate failed to switch off, 0 it could not gate
ds4:   one token, exclusive, same window: entry 0.00 + encode 2.08 + commit-to-done 42.48 + repair-load 32.90 + accounting 0.04 + tail 1.56 = 79.07 of a 84.70 ms wall, residual 5.63
ds4:   GPU busy 729.38 ms of the token's wall (the union of its buffers' spans), idle -644.68 ms
ds4:   1400.4 gated dispatches a token, 14.1 of them behind an abort; 618.0 sent plain ahead of a buffer's first validate
ds4:   encode-ahead: 6.62 segments used, 18.31 dropped, 4.90 ms a token spent encoding under the GPU
ds4:   concurrent sections: 258.62 attempted, 258.62 opened a token
ds4:   speculation: 0.00 layers a token, 0.00 lanes computed, 0.00 matched, 0.00 GEMVs actually saved, 0.00 left to compute; compared 0.00 lanes, 0.00 floats differ, 0.00 by more than an ulp
ds4:   Metal 4: 51.23 command buffers sent, 11972.4 dispatches a token; 0 pieces of Metal 3 work so far
ds4:   Metal 4 a token: 51.23 contexts in 53.86 command buffers (0.91 split); 13135.4 nodes = 11972.4 dispatches + 1163.0 copies; barriers 7055.3 from the graph, 107.7 queue; engine asked for 140.0 barriers and 548.6 section ends, neither encoded; 33519.5 buffer and 12648.5 constant bindings (1027530 B), 0.0 with no stated length; 51.23 blocking waits, 733.15 ms
ds4:   expert cache over the last 64 tokens: 2735.27 hits, 188.83 misses, 84.47 evictions a token; 6679 of 6679 entries live (100.0%)
ds4:   of the address-table holes repaired a token: 0.00 already resident, 121.19 genuinely absent
ds4:   of the repair a token: readahead 28.18 ms, slot preparation 37.04 ms, reads 56.45 ms, install 0.22 ms, over 188.83 loads
ds4:   Engram rows written at step start in 64 steps; layer-13 drains 0
ds4:   residency a token: 0.00 adds, 0.00 removes, 0.00 commits
ds4:   decode path so far: 128 single-row steps (68.2 ms each inside the graph over the last 64), 1 K-row verification steps over 699 positions, 0 batch-fusion sites taken; candidate K 32:1
ds4:   host row loop: 1398 nodes attended one at a time
ds4: gate over tokens 65-128: 22.67 command buffers, 13.17 aborts, 240.0 expert ids accounted, 154.99 MiB loaded a token; 0 the gate failed to switch off, 0 it could not gate
ds4:   one token, exclusive, same window: entry 0.00 + encode 1.62 + commit-to-done 42.33 + repair-load 17.07 + accounting 0.04 + tail 1.61 = 62.67 of a 67.23 ms wall, residual 4.56
ds4:   GPU busy 43.31 ms of the token's wall (the union of its buffers' spans), idle 23.92 ms
ds4:   1358.2 gated dispatches a token, 9.8 of them behind an abort; 429.3 sent plain ahead of a buffer's first validate
ds4:   encode-ahead: 8.50 segments used, 12.59 dropped, 4.11 ms a token spent encoding under the GPU
ds4:   concurrent sections: 201.12 attempted, 201.12 opened a token
ds4:   speculation: 0.00 layers a token, 0.00 lanes computed, 0.00 matched, 0.00 GEMVs actually saved, 0.00 left to compute; compared 0.00 lanes, 0.00 floats differ, 0.00 by more than an ulp
ds4:   Metal 4: 36.27 command buffers sent, 2966.2 dispatches a token; 0 pieces of Metal 3 work so far
ds4:   Metal 4 a token: 36.27 contexts in 36.27 command buffers (0.00 split); 3097.6 nodes = 2966.2 dispatches + 131.3 copies; barriers 2207.7 from the graph, 72.5 queue; engine asked for 108.5 barriers and 425.3 section ends, neither encoded; 12128.2 buffer and 3422.6 constant bindings (305024 B), 0.0 with no stated length; 36.27 blocking waits, 42.33 ms
ds4:   expert cache over the last 64 tokens: 239.91 hits, 16.33 misses, 16.33 evictions a token; 6679 of 6679 entries live (100.0%)
ds4:   of the address-table holes repaired a token: 0.00 already resident, 16.33 genuinely absent
ds4:   of the repair a token: readahead 9.03 ms, slot preparation 0.66 ms, reads 7.05 ms, install 0.03 ms, over 16.33 loads
ds4:   Engram rows written at step start in 128 steps; layer-13 drains 0
ds4:   residency a token: 0.00 adds, 0.00 removes, 0.00 commits
ds4:   decode path so far: 192 single-row steps (78.8 ms each inside the graph over the last 64), 1 K-row verification steps over 699 positions, 0 batch-fusion sites taken; candidate K 32:1
ds4:   host row loop: 1398 nodes attended one at a time
ds4: gate over tokens 129-192: 24.98 command buffers, 16.47 aborts, 240.0 expert ids accounted, 233.89 MiB loaded a token; 0 the gate failed to switch off, 0 it could not gate
ds4:   one token, exclusive, same window: entry 0.00 + encode 2.03 + commit-to-done 42.88 + repair-load 26.41 + accounting 0.04 + tail 1.60 = 72.96 of a 78.12 ms wall, residual 5.16
ds4:   GPU busy 42.08 ms of the token's wall (the union of its buffers' spans), idle 36.03 ms
ds4:   1380.3 gated dispatches a token, 8.4 of them behind an abort; 533.9 sent plain ahead of a buffer's first validate
ds4:   encode-ahead: 7.52 segments used, 15.91 dropped, 4.63 ms a token spent encoding under the GPU
ds4:   concurrent sections: 233.47 attempted, 233.47 opened a token
ds4:   speculation: 0.00 layers a token, 0.00 lanes computed, 0.00 matched, 0.00 GEMVs actually saved, 0.00 left to compute; compared 0.00 lanes, 0.00 floats differ, 0.00 by more than an ulp
ds4:   Metal 4: 41.89 command buffers sent, 3423.0 dispatches a token; 0 pieces of Metal 3 work so far
ds4:   Metal 4 a token: 41.89 contexts in 41.89 command buffers (0.00 split); 3588.8 nodes = 3423.0 dispatches + 165.8 copies; barriers 2546.5 from the graph, 83.8 queue; engine asked for 123.7 barriers and 492.4 section ends, neither encoded; 13984.6 buffer and 3951.3 constant bindings (351910 B), 0.0 with no stated length; 41.89 blocking waits, 42.57 ms
ds4:   expert cache over the last 64 tokens: 239.91 hits, 24.64 misses, 24.64 evictions a token; 6679 of 6679 entries live (100.0%)
ds4:   of the address-table holes repaired a token: 0.00 already resident, 24.64 genuinely absent
ds4:   of the repair a token: readahead 14.92 ms, slot preparation 0.73 ms, reads 10.14 ms, install 0.05 ms, over 24.64 loads
ds4:   Engram rows written at step start in 192 steps; layer-13 drains 0
ds4:   residency a token: 0.00 adds, 0.00 removes, 0.00 commits
ds4:   decode path so far: 256 single-row steps (73.8 ms each inside the graph over the last 64), 1 K-row verification steps over 699 positions, 0 batch-fusion sites taken; candidate K 32:1
ds4:   host row loop: 1398 nodes attended one at a time
ds4: gate over tokens 193-256: 24.52 command buffers, 15.91 aborts, 240.0 expert ids accounted, 197.41 MiB loaded a token; 0 the gate failed to switch off, 0 it could not gate
ds4:   one token, exclusive, same window: entry 0.00 + encode 2.06 + commit-to-done 40.57 + repair-load 23.54 + accounting 0.04 + tail 1.56 = 67.76 of a 72.95 ms wall, residual 5.19
ds4:   GPU busy 40.37 ms of the token's wall (the union of its buffers' spans), idle 32.57 ms
ds4:   1374.0 gated dispatches a token, 13.6 of them behind an abort; 516.5 sent plain ahead of a buffer's first validate
ds4:   encode-ahead: 7.61 segments used, 15.14 dropped, 4.72 ms a token spent encoding under the GPU
ds4:   concurrent sections: 225.97 attempted, 225.97 opened a token
ds4:   speculation: 0.00 layers a token, 0.00 lanes computed, 0.00 matched, 0.00 GEMVs actually saved, 0.00 left to compute; compared 0.00 lanes, 0.00 floats differ, 0.00 by more than an ulp
ds4:   Metal 4: 40.66 command buffers sent, 3306.7 dispatches a token; 0 pieces of Metal 3 work so far
ds4:   Metal 4 a token: 40.66 contexts in 40.66 command buffers (0.00 split); 3470.4 nodes = 3306.7 dispatches + 163.6 copies; barriers 2460.7 from the graph, 81.3 queue; engine asked for 119.8 barriers and 476.7 section ends, neither encoded; 13521.1 buffer and 3818.1 constant bindings (340135 B), 0.0 with no stated length; 40.66 blocking waits, 40.19 ms
ds4:   expert cache over the last 64 tokens: 239.98 hits, 20.80 misses, 20.80 evictions a token; 6679 of 6679 entries live (100.0%)
ds4:   of the address-table holes repaired a token: 0.00 already resident, 20.80 genuinely absent
ds4:   of the repair a token: readahead 13.15 ms, slot preparation 0.80 ms, reads 9.08 ms, install 0.04 ms, over 20.80 loads
ds4:   Engram rows written at step start in 256 steps; layer-13 drains 0
ds4:   residency a token: 0.00 adds, 0.00 removes, 0.00 commits
decode   256 steps in 19.818 s, 77.41 ms a token (logits copied and written each step)
capacity 10268 experts: prompt 4795 tokens, 257 evaluations written, ids e197891559449b7b, logits 374aebdf03a98e0b, state 4e233746d733d046 (43357984 bytes)
ds4: backend capacity Metal 4 encoder batch                  encoder=1445948
ds4: backend capacity Metal 4 segment                        commit=10883
ds4: backend capacity Metal 4 wait                           wait=10883
ds4: backend capacity Metal 4 tensor_copy                    blit=52561
ds4: backend capacity Metal 4 expert_cache_fill              blit=4329
ds4: backend capacity Metal 4 tensor_read                    readback=352
ds4: backend capacity totals over 256 tokens (selected Metal 4): M3 commit=0 wait=0 signal=0 evwait=0 blit=0 encoder=0 readback=0 M4 commit=10883 wait=10883 signal=0 evwait=0 blit=56890 encoder=1445948 readback=352; Metal 3 fallback 0; site table overflow 0
ds4: backend capacity boundary end            pc 0x10017a348 80
ds4: backend capacity boundary end            pc 0x10017b5b4 80
ds4: backend capacity boundary end            pc 0x10017bd9c 40
ds4: backend capacity boundary end            pc 0x100253b58 40
ds4: backend capacity boundary end            pc 0x100256ff0 40
ds4: backend capacity boundary end            pc 0x100126cdc 40
ds4: backend capacity boundary end            pc 0x10012336c 1
ds4: backend capacity boundary end            pc 0x10017db24 1
ds4: backend capacity boundary end            pc 0x10016b000 1
ds4: backend capacity boundary end            pc 0x10007bf24 257
ds4: backend capacity boundary flush          pc 0x1000755c8 6339
ds4: backend capacity boundary flush          pc 0x1000759b4 5901
ds4: backend capacity boundary wait mark      pc 0x100075994 5901
ds4: backend capacity boundary wait           pc 0x100075aa4 3965
ds4: backend capacity boundary wait           pc 0x1000759f8 438
ds4: backend capacity boundary end            pc 0x100076b4c 256
ds4: Metal 4 bindings with no stated length: 0 at 0 call sites
ds4: Metal 4 parts: contexts in 1/2/3/4 parts 10825/3/0/55, 1490698 nodes; 58 commit:count: calls with more than one buffer, 11051 command buffers in all; 0 contexts cut short of their parts, 0 empty or mismatched parts
ds4: backend capacity Metal 4 feedback after completion: 9534 waits, 141.630 ms
ds4: backend capacity Metal 3 command execution after Metal 4 selection: 0 (refused 0); Metal 3 queues created before selection 0, after 0; full expert address table uses 0
ds4: backend capacity background: keepalive M3 0 M4 69, pacer M3 0 M4 0 (cumulative)
ds4: memory budget: peak 78.61 GiB allocated of 80.00 GiB; 0 slab(s) given back, 0 allocation(s) refused, cache growth stopped 0 time(s)
ds4: expert directory: 0 pinned hits, 0 cache hits, 16038 loads; 0 address mismatches, 0 missing with a non-zero slot, 0 selected and missing; 0 pinned experts given back to the budget
