ds4: abort gate on for the first 40 layers
ds4: Metal device Apple M5 Max, 128.00 GiB RAM
ds4: Metal 4 tensor API enabled for Tensor kernels
ds4: drift-patch flags hc_stable=on norm_unify=on kv_raw_f32=off rope_exp2_log2=off math_safe=off tensor_matmul=on
ds4: V4.1 SSD cache fitted from 10268 to 6665 experts for context/runtime headroom
ds4: Metal backend: Metal 4
ds4: Metal SSD streaming mode enabled; full model residency and warmup are skipped
ds4: metal SSD streaming cache target 61.78 GiB; effective 61.78 GiB = 7.12 GiB prefill headroom + 54.66 GiB dynamic cache (5897 experts, 9.49 MiB each)
ds4: Metal SSD static weights locked 9.37 GiB; pageable 0.00 GiB
ds4: SSD streaming initial metal model map (569 spans, 9.37 GiB tensor span)
ds4: metal backend initialized for graph diagnostics
ds4: expert cache prewarmed from the built-in V4.1 hotlist: 5892 experts (0 failed), 54.62 GiB in 5.73 s; stopped where the cache was full
ds4: memory: KV 0.06 GiB (raw 0.01 + compressed 0.05) + buffers 3.36 GiB + resident model 9.37 GiB + expert cache 54.66 GiB + prefill expert reserve 7.12 GiB = 74.57 GiB planned
ds4: memory detail: ctx=8192 prefill_cap=4096 raw_kv_rows=128 compressed_kv_rows=8193 backend=metal
ds4: V4.1 executor ABI 3, arena align 256, rev 84909ac2aa4e-dirty, built Oct  6 2026 09:03:25
ds4: V4.1 static context buffers 3503.03 MiB (ctx=8192), Engram disk-only
ds4: V4.1 K-block effective configuration: rows=699 exact_vocab=0 head_tile=0 dense_tile=4 block_kv=1 block_levels=1 block_attn_k=0 block_attn_raw=0 block_low_batch=0 block_attn=0 batch_fuse=0 batch_attn_out=1 batch_stream_experts=1 row_gather=1 moe_expert_major=0 block_txn=0 row_logits_readback=0
ds4: V4.1 block-local KV delta, 699 rows over 127 prefix keys
ds4: V4.1 batch attn_output_b hoisted out of the per-row loop (699 rows)
ds4: V4.1 routed gate/up encode: ds4_gpu_encode_mul_mv_addr_iq2_pair_swiglu
ds4: V4.1 block attention by level, 699 rows, concurrent section open
ds4: V4.1 batch step rows=699 pre 0.0 ms, per-row attention 0.0 ms, moe 0.0 ms, head 0.0 ms, setup 0.0 ms, publish 0.0 ms
ds4: V4.1 prefill of 4096 rows interleaved layer by layer with the 699-row tail after it
ds4: V4.1 prefill tail at position 4096 ran 699 rows as 1 batch steps
ds4: expert cache lent the prefill headroom for decode: 5897 -> 6665 experts
prefill  4795 tokens in 40.832 s (cold, this process's first)
superbatch 40 prefix layers ran both chunks' row-independent steps at once
reads    during the prefill: 4338 loads, 0.00 GiB pread, 0.00 s of read-thread time
ds4: shared/routed FFN overlap ran, mode 1
decode   8 steps in 1.191 s, 148.85 ms a token (logits copied and written each step)
capacity 10268 experts: prompt 4795 tokens, 9 evaluations written, ids f76adea1ac608993, logits 0f8a5f9508f97c85, state 3dabcda33f72df60 (41769792 bytes)
ds4: backend capacity Metal 4 encoder batch                  encoder=373333
ds4: backend capacity Metal 4 segment                        commit=768
ds4: backend capacity Metal 4 wait                           wait=768
ds4: backend capacity Metal 4 tensor_copy                    blit=48064
ds4: backend capacity Metal 4 expert_cache_fill              blit=4338
ds4: backend capacity Metal 4 tensor_read                    readback=104
ds4: backend capacity totals over 8 tokens (selected Metal 4): M3 commit=0 wait=0 signal=0 evwait=0 blit=0 encoder=0 readback=0 M4 commit=768 wait=768 signal=0 evwait=0 blit=52402 encoder=373333 readback=104; Metal 3 fallback 0; site table overflow 0
ds4: backend capacity boundary end            pc 0x10017df8c 1
ds4: backend capacity boundary end            pc 0x10018bef0 40
ds4: backend capacity boundary end            pc 0x1001afc98 40
ds4: backend capacity boundary end            pc 0x10018d32c 40
ds4: backend capacity boundary end            pc 0x10018db58 40
ds4: backend capacity boundary end            pc 0x100275f48 40
ds4: backend capacity boundary end            pc 0x100279968 40
ds4: backend capacity boundary end            pc 0x100129254 40
ds4: backend capacity boundary end            pc 0x100124e8c 1
ds4: backend capacity boundary end            pc 0x10018f92c 1
ds4: backend capacity boundary end            pc 0x10017c8e0 1
ds4: backend capacity boundary end            pc 0x10007ce00 9
ds4: backend capacity boundary flush          pc 0x1000764c4 261
ds4: backend capacity boundary flush          pc 0x1000768b0 244
ds4: backend capacity boundary wait mark      pc 0x100076890 244
ds4: backend capacity boundary wait           pc 0x100076998 215
ds4: backend capacity boundary wait           pc 0x1000768ec 17
ds4: backend capacity boundary end            pc 0x100077a50 8
ds4: Metal 4 bindings with no stated length: 0 at 0 call sites
ds4: Metal 4 parts: contexts in 1/2/3/4 parts 724/0/0/44, 435733 nodes; 44 commit:count: calls with more than one buffer, 900 command buffers in all; 0 contexts cut short of their parts, 0 empty or mismatched parts
ds4: backend capacity Metal 4 feedback after completion: 707 waits, 16.113 ms
ds4: backend capacity Metal 3 command execution after Metal 4 selection: 0 (refused 0); Metal 3 queues created before selection 0, after 0; full expert address table uses 0
ds4: backend capacity background: keepalive M3 0 M4 45, pacer M3 0 M4 0 (cumulative)
ds4: Metal cleanup discarded 1 live tensor handles
ds4: memory budget: peak 75.54 GiB allocated of 80.00 GiB; 0 slab(s) given back, 0 allocation(s) refused, cache growth stopped 0 time(s)
ds4: expert directory: 0 pinned hits, 0 cache hits, 10635 loads; 0 address mismatches, 0 missing with a non-zero slot, 0 selected and missing; 0 pinned experts given back to the budget
