ds4: abort gate on for the first 40 layers
ds4: Metal device Apple M5 Max, 128.00 GiB RAM
ds4: Metal 4 tensor API enabled for Tensor kernels
ds4: drift-patch flags hc_stable=on norm_unify=on kv_raw_f32=off rope_exp2_log2=off math_safe=off tensor_matmul=on
ds4: Metal backend: Metal 4
ds4: Metal SSD streaming mode enabled; full model residency and warmup are skipped
ds4: Metal SSD static weights locked 9.37 GiB; pageable 0.00 GiB
ds4: SSD streaming initial metal model map (569 spans, 9.37 GiB tensor span)
ds4: metal backend initialized for graph diagnostics
ds4: expert cache prewarmed from the built-in V4.1 hotlist: 4092 experts (0 failed), 37.93 GiB in 3.66 s; stopped where the cache was full
ds4: memory: KV 0.06 GiB (raw 0.01 + compressed 0.05) + buffers 3.30 GiB + resident model 9.37 GiB + expert cache 37.97 GiB = 50.69 GiB planned
ds4: memory detail: ctx=8192 prefill_cap=4096 raw_kv_rows=128 compressed_kv_rows=8193 backend=metal
ds4: V4.1 executor ABI 3, arena align 256, rev 899f47ce087e-dirty, built Oct  5 2026 01:10:27
ds4: V4.1 static context buffers 3435.75 MiB (ctx=8192), Engram disk-only
ds4: V4.1 K-block effective configuration: rows=699 exact_vocab=0 head_tile=0 dense_tile=4 block_kv=1 block_levels=1 block_attn_k=0 block_attn_raw=0 block_low_batch=0 block_attn=0 batch_fuse=0 batch_attn_out=1 batch_stream_experts=1 row_gather=1 moe_expert_major=0 block_txn=0 row_logits_readback=0
ds4: V4.1 block-local KV delta, 699 rows over 127 prefix keys
ds4: V4.1 batch attn_output_b hoisted out of the per-row loop (699 rows)
ds4: V4.1 routed gate/up encode: ds4_gpu_encode_mul_mv_addr_iq2_pair_swiglu
ds4: V4.1 block attention by level, 699 rows, concurrent section open
ds4: V4.1 batch step rows=699 pre 0.0 ms, per-row attention 0.0 ms, moe 0.0 ms, head 0.0 ms, setup 0.0 ms, publish 0.0 ms
ds4: V4.1 prefill tail at position 4096 ran 699 rows as 1 batch steps
prefill  4795 tokens in 41.897 s (cold, this process's first)
reads    during the prefill: 9780 loads, 60.45 GiB pread, 4.39 s of read-thread time
ds4: shared/routed FFN overlap ran, mode 1
ds4:   decode path so far: 64 single-row steps (91.7 ms each inside the graph over the last 64), 1 K-row verification steps over 699 positions, 0 batch-fusion sites taken; candidate K 32:1
ds4:   host row loop: 1398 nodes attended one at a time
ds4: gate over tokens 1-64: 37.02 command buffers, 33.72 aborts, 240.0 expert ids accounted, 762.64 MiB loaded a token; 0 the gate failed to switch off, 0 it could not gate
ds4:   one token, exclusive, same window: entry 0.00 + encode 3.62 + commit-to-done 40.90 + repair-load 38.35 + accounting 0.03 + tail 1.48 = 84.39 of a 91.74 ms wall, residual 7.36
ds4:   GPU busy 463.96 ms of the token's wall (the union of its buffers' spans), idle -372.22 ms
ds4:   1543.3 gated dispatches a token, 26.2 of them behind an abort; 1070.5 sent plain ahead of a buffer's first validate
ds4:   encode-ahead: 2.30 segments used, 32.06 dropped, 6.28 ms a token spent encoding under the GPU
ds4:   concurrent sections: 394.75 attempted, 394.75 opened a token
ds4:   speculation: 0.00 layers a token, 0.00 lanes computed, 0.00 matched, 0.00 GEMVs actually saved, 0.00 left to compute; compared 0.00 lanes, 0.00 floats differ, 0.00 by more than an ulp
ds4:   Metal 4: 74.52 command buffers sent, 13832.3 dispatches a token; 0 pieces of Metal 3 work so far
ds4:   Metal 4 a token: 74.52 contexts in 77.14 command buffers (0.91 split); 15149.5 nodes = 13832.3 dispatches + 1317.2 copies; barriers 8381.2 from the graph, 154.3 queue; engine asked for 203.1 barriers and 829.7 section ends, neither encoded; 41160.7 buffer and 14810.3 constant bindings (1219674 B), 0.0 with no stated length; 74.52 blocking waits, 468.92 ms
ds4:   expert cache over the last 64 tokens: 2705.78 hits, 297.09 misses, 233.09 evictions a token; 4096 of 4096 entries live (100.0%)
ds4:   of the address-table holes repaired a token: 0.00 already resident, 144.28 genuinely absent
ds4:   of the repair a token: readahead 29.63 ms, slot preparation 22.27 ms, reads 41.86 ms, install 0.25 ms, over 195.20 loads
ds4:   Engram rows written at step start in 64 steps; layer-13 drains 0
ds4:   residency a token: 0.00 adds, 0.00 removes, 0.00 commits
ds4:   decode path so far: 128 single-row steps (72.0 ms each inside the graph over the last 64), 1 K-row verification steps over 699 positions, 0 batch-fusion sites taken; candidate K 32:1
ds4:   host row loop: 1398 nodes attended one at a time
ds4: gate over tokens 65-128: 30.78 command buffers, 25.42 aborts, 240.0 expert ids accounted, 385.77 MiB loaded a token; 0 the gate failed to switch off, 0 it could not gate
ds4:   one token, exclusive, same window: entry 0.00 + encode 2.75 + commit-to-done 34.84 + repair-load 26.81 + accounting 0.04 + tail 1.43 = 65.87 of a 71.39 ms wall, residual 5.52
ds4:   GPU busy 33.37 ms of the token's wall (the union of its buffers' spans), idle 38.03 ms
ds4:   1429.8 gated dispatches a token, 16.4 of them behind an abort; 813.8 sent plain ahead of a buffer's first validate
ds4:   encode-ahead: 4.36 segments used, 24.34 dropped, 4.86 ms a token spent encoding under the GPU
ds4:   concurrent sections: 314.12 attempted, 314.12 opened a token
ds4:   speculation: 0.00 layers a token, 0.00 lanes computed, 0.00 matched, 0.00 GEMVs actually saved, 0.00 left to compute; compared 0.00 lanes, 0.00 floats differ, 0.00 by more than an ulp
ds4:   Metal 4: 56.12 command buffers sent, 4514.3 dispatches a token; 0 pieces of Metal 3 work so far
ds4:   Metal 4 a token: 56.12 contexts in 56.12 command buffers (0.00 split); 4765.1 nodes = 4514.3 dispatches + 250.8 copies; barriers 3355.7 from the graph, 112.2 queue; engine asked for 160.3 barriers and 659.0 section ends, neither encoded; 18473.8 buffer and 5221.1 constant bindings (464977 B), 0.0 with no stated length; 56.12 blocking waits, 33.85 ms
ds4:   expert cache over the last 64 tokens: 230.92 hits, 40.64 misses, 40.64 evictions a token; 4096 of 4096 entries live (100.0%)
ds4:   of the address-table holes repaired a token: 0.00 already resident, 40.64 genuinely absent
ds4:   of the repair a token: readahead 12.85 ms, slot preparation 0.75 ms, reads 12.38 ms, install 0.07 ms, over 40.64 loads
ds4:   Engram rows written at step start in 128 steps; layer-13 drains 0
ds4:   residency a token: 0.00 adds, 0.00 removes, 0.00 commits
ds4:   decode path so far: 192 single-row steps (89.3 ms each inside the graph over the last 64), 1 K-row verification steps over 699 positions, 0 batch-fusion sites taken; candidate K 32:1
ds4:   host row loop: 1398 nodes attended one at a time
ds4: gate over tokens 129-192: 30.41 command buffers, 24.59 aborts, 240.0 expert ids accounted, 401.64 MiB loaded a token; 0 the gate failed to switch off, 0 it could not gate
ds4:   one token, exclusive, same window: entry 0.00 + encode 2.71 + commit-to-done 40.61 + repair-load 38.21 + accounting 0.04 + tail 1.57 = 83.12 of a 88.63 ms wall, residual 5.50
ds4:   GPU busy 38.18 ms of the token's wall (the union of its buffers' spans), idle 50.45 ms
ds4:   1435.3 gated dispatches a token, 13.1 of them behind an abort; 788.3 sent plain ahead of a buffer's first validate
ds4:   encode-ahead: 4.81 segments used, 23.50 dropped, 4.76 ms a token spent encoding under the GPU
ds4:   concurrent sections: 307.06 attempted, 307.06 opened a token
ds4:   speculation: 0.00 layers a token, 0.00 lanes computed, 0.00 matched, 0.00 GEMVs actually saved, 0.00 left to compute; compared 0.00 lanes, 0.00 floats differ, 0.00 by more than an ulp
ds4:   Metal 4: 54.91 command buffers sent, 4419.0 dispatches a token; 0 pieces of Metal 3 work so far
ds4:   Metal 4 a token: 54.91 contexts in 54.91 command buffers (0.00 split); 4677.7 nodes = 4419.0 dispatches + 258.8 copies; barriers 3282.2 from the graph, 109.8 queue; engine asked for 157.2 barriers and 644.4 section ends, neither encoded; 18083.0 buffer and 5110.1 constant bindings (454872 B), 0.0 with no stated length; 54.91 blocking waits, 39.82 ms
ds4:   expert cache over the last 64 tokens: 239.92 hits, 42.31 misses, 42.31 evictions a token; 4096 of 4096 entries live (100.0%)
ds4:   of the address-table holes repaired a token: 0.00 already resident, 42.31 genuinely absent
ds4:   of the repair a token: readahead 21.04 ms, slot preparation 0.73 ms, reads 15.52 ms, install 0.07 ms, over 42.31 loads
ds4:   Engram rows written at step start in 192 steps; layer-13 drains 0
ds4:   residency a token: 0.00 adds, 0.00 removes, 0.00 commits
ds4:   decode path so far: 256 single-row steps (85.8 ms each inside the graph over the last 64), 1 K-row verification steps over 699 positions, 0 batch-fusion sites taken; candidate K 32:1
ds4:   host row loop: 1398 nodes attended one at a time
ds4: gate over tokens 193-256: 31.25 command buffers, 25.89 aborts, 240.0 expert ids accounted, 416.02 MiB loaded a token; 0 the gate failed to switch off, 0 it could not gate
ds4:   one token, exclusive, same window: entry 0.00 + encode 2.79 + commit-to-done 39.27 + repair-load 36.12 + accounting 0.03 + tail 1.47 = 79.68 of a 85.24 ms wall, residual 5.56
ds4:   GPU busy 36.85 ms of the token's wall (the union of its buffers' spans), idle 48.39 ms
ds4:   1439.5 gated dispatches a token, 22.0 of them behind an abort; 823.9 sent plain ahead of a buffer's first validate
ds4:   encode-ahead: 4.36 segments used, 24.53 dropped, 4.81 ms a token spent encoding under the GPU
ds4:   concurrent sections: 318.06 attempted, 318.06 opened a token
ds4:   speculation: 0.00 layers a token, 0.00 lanes computed, 0.00 matched, 0.00 GEMVs actually saved, 0.00 left to compute; compared 0.00 lanes, 0.00 floats differ, 0.00 by more than an ulp
ds4:   Metal 4: 56.78 command buffers sent, 4563.2 dispatches a token; 0 pieces of Metal 3 work so far
ds4:   Metal 4 a token: 56.78 contexts in 56.78 command buffers (0.00 split); 4827.6 nodes = 4563.2 dispatches + 264.4 copies; barriers 3390.2 from the graph, 113.6 queue; engine asked for 162.0 barriers and 667.0 section ends, neither encoded; 18679.7 buffer and 5278.7 constant bindings (470000 B), 0.0 with no stated length; 56.78 blocking waits, 38.31 ms
ds4:   expert cache over the last 64 tokens: 239.81 hits, 43.83 misses, 43.83 evictions a token; 4096 of 4096 entries live (100.0%)
ds4:   of the address-table holes repaired a token: 0.00 already resident, 43.83 genuinely absent
ds4:   of the repair a token: readahead 18.70 ms, slot preparation 0.74 ms, reads 15.72 ms, install 0.07 ms, over 43.83 loads
ds4:   Engram rows written at step start in 256 steps; layer-13 drains 0
ds4:   residency a token: 0.00 adds, 0.00 removes, 0.00 commits
decode   256 steps in 21.973 s, 85.83 ms a token (logits copied and written each step)
capacity 4096 experts: prompt 4795 tokens, 257 evaluations written, ids e197891559449b7b, logits 374aebdf03a98e0b, state 4e233746d733d046 (43357984 bytes)
ds4: backend capacity Metal 4 encoder batch                  encoder=1834759
ds4: backend capacity Metal 4 segment                        commit=15509
ds4: backend capacity Metal 4 wait                           wait=15509
ds4: backend capacity Metal 4 tensor_copy                    blit=54466
ds4: backend capacity Metal 4 expert_cache_fill              blit=3259
ds4: backend capacity Metal 4 tensor_read                    readback=352
ds4: backend capacity totals over 256 tokens (selected Metal 4): M3 commit=0 wait=0 signal=0 evwait=0 blit=0 encoder=0 readback=0 M4 commit=15509 wait=15509 signal=0 evwait=0 blit=57725 encoder=1834759 readback=352; Metal 3 fallback 0; site table overflow 0
ds4: backend capacity boundary end            pc 0x10016a3a0 80
ds4: backend capacity boundary end            pc 0x10016b314 80
ds4: backend capacity boundary end            pc 0x10016be14 40
ds4: backend capacity boundary end            pc 0x10016db5c 1
ds4: backend capacity boundary end            pc 0x1002436b0 40
ds4: backend capacity boundary end            pc 0x100246b48 40
ds4: backend capacity boundary end            pc 0x100123374 1
ds4: backend capacity boundary end            pc 0x10015b138 1
ds4: backend capacity boundary end            pc 0x10007bef8 257
ds4: backend capacity boundary flush          pc 0x10007559c 8285
ds4: backend capacity boundary flush          pc 0x100075988 7697
ds4: backend capacity boundary wait mark      pc 0x100075968 7697
ds4: backend capacity boundary wait           pc 0x100075a78 6684
ds4: backend capacity boundary wait           pc 0x1000759cc 588
ds4: backend capacity boundary end            pc 0x100076b20 256
ds4: Metal 4 bindings with no stated length: 0 at 0 call sites
ds4: Metal 4 parts: contexts in 1/2/3/4 parts 15451/3/0/55, 1882871 nodes; 58 commit:count: calls with more than one buffer, 15677 command buffers in all; 0 contexts cut short of their parts, 0 empty or mismatched parts
ds4: backend capacity Metal 4 feedback after completion: 11758 waits, 167.673 ms
ds4: backend capacity Metal 3 command execution after Metal 4 selection: 0 (refused 0); Metal 3 queues created before selection 0, after 0; full expert address table uses 0
ds4: backend capacity background: keepalive M3 0 M4 64, pacer M3 0 M4 0 (cumulative)
ds4: memory budget: peak 54.65 GiB allocated of 80.00 GiB; 0 slab(s) given back, 0 allocation(s) refused, cache growth stopped 0 time(s)
ds4: expert directory: 0 pinned hits, 3083 cache hits, 27128 loads; 0 address mismatches, 0 missing with a non-zero slot, 0 selected and missing; 0 pinned experts given back to the budget
