ds4: abort gate on for the first 40 layers
ds4: Metal device Apple M5 Max, 128.00 GiB RAM
ds4: Metal 4 tensor API enabled for Tensor kernels
ds4: drift-patch flags hc_stable=on norm_unify=on kv_raw_f32=off rope_exp2_log2=off math_safe=off tensor_matmul=on
ds4: V4.1 SSD cache fitted from 10268 to 6679 experts for context/runtime headroom
ds4: Metal backend: Metal 4
ds4: Metal SSD streaming mode enabled; full model residency and warmup are skipped
ds4: metal SSD streaming cache target 61.91 GiB; effective 61.91 GiB = 7.12 GiB prefill headroom + 54.79 GiB dynamic cache (5911 experts, 9.49 MiB each)
ds4: Metal SSD static weights locked 9.37 GiB; pageable 0.00 GiB
ds4: SSD streaming initial metal model map (569 spans, 9.37 GiB tensor span)
ds4: metal backend initialized for graph diagnostics
ds4: expert cache prewarmed from the built-in V4.1 hotlist: 5910 experts (0 failed), 54.78 GiB in 5.53 s; stopped where the cache was full
ds4: memory: KV 0.06 GiB (raw 0.01 + compressed 0.05) + buffers 3.30 GiB + resident model 9.37 GiB + expert cache 54.79 GiB + prefill expert reserve 7.12 GiB = 74.64 GiB planned
ds4: memory detail: ctx=8192 prefill_cap=4096 raw_kv_rows=128 compressed_kv_rows=8193 backend=metal
ds4: V4.1 executor ABI 3, arena align 256, rev 899f47ce087e, built Oct  4 2026 23:01:18
ds4: V4.1 static context buffers 3435.75 MiB (ctx=8192), Engram disk-only
ds4: V4.1 K-block effective configuration: rows=699 exact_vocab=0 head_tile=0 dense_tile=4 block_kv=1 block_levels=1 block_attn_k=0 block_attn_raw=0 block_low_batch=0 block_attn=0 batch_fuse=0 batch_attn_out=1 batch_stream_experts=1 row_gather=1 moe_expert_major=0 block_txn=0 row_logits_readback=0
ds4: V4.1 block-local KV delta, 699 rows over 127 prefix keys
ds4: V4.1 batch attn_output_b hoisted out of the per-row loop (699 rows)
ds4: V4.1 routed gate/up encode: ds4_gpu_encode_mul_mv_addr_iq2_pair_swiglu
ds4: V4.1 block attention by level, 699 rows, concurrent section open
ds4: V4.1 batch step rows=699 pre 0.0 ms, per-row attention 0.0 ms, moe 0.0 ms, head 0.0 ms, setup 0.0 ms, publish 0.0 ms
ds4: V4.1 prefill tail at position 4096 ran 699 rows as 1 batch steps
ds4: expert cache lent the prefill headroom for decode: 5911 -> 6679 experts
prefill  4795 tokens in 84.751 s (cold, this process's first)
reads    during the prefill: 8734 loads, 42.13 GiB pread, 3.23 s of read-thread time
ds4: shared/routed FFN overlap ran, mode 1
ds4:   decode path so far: 64 single-row steps (94.7 ms each inside the graph over the last 64), 1 K-row verification steps over 699 positions, 0 batch-fusion sites taken; candidate K 32:1
ds4:   host row loop: 1398 nodes attended one at a time
ds4: gate over tokens 1-64: 26.98 command buffers, 19.55 aborts, 240.0 expert ids accounted, 280.76 MiB loaded a token; 0 the gate failed to switch off, 0 it could not gate
ds4:   one token, exclusive, same window: entry 0.00 + encode 2.56 + commit-to-done 52.44 + repair-load 31.47 + accounting 0.04 + tail 1.85 = 88.36 of a 95.05 ms wall, residual 6.68
ds4:   GPU busy 1167.96 ms of the token's wall (the union of its buffers' spans), idle -1072.91 ms
ds4:   1401.9 gated dispatches a token, 13.1 of them behind an abort; 632.8 sent plain ahead of a buffer's first validate
ds4:   encode-ahead: 6.44 segments used, 18.92 dropped, 5.70 ms a token spent encoding under the GPU
ds4:   concurrent sections: 263.91 attempted, 263.91 opened a token
ds4:   speculation: 0.00 layers a token, 0.00 lanes computed, 0.00 matched, 0.00 GEMVs actually saved, 0.00 left to compute; compared 0.00 lanes, 0.00 floats differ, 0.00 by more than an ulp
ds4:   Metal 4: 51.34 command buffers sent, 12050.2 dispatches a token; 0 pieces of Metal 3 work so far
ds4:   Metal 4 a token: 51.34 contexts in 53.97 command buffers (0.91 split); 13228.4 nodes = 12050.2 dispatches + 1178.2 copies; barriers 7106.9 from the graph, 107.9 queue; engine asked for 142.8 barriers and 559.0 section ends, neither encoded; 33839.4 buffer and 12738.5 constant bindings (1035541 B), 0.0 with no stated length; 51.34 blocking waits, 1170.48 ms
ds4:   expert cache over the last 64 tokens: 2810.70 hits, 258.39 misses, 154.03 evictions a token; 6679 of 6679 entries live (100.0%)
ds4:   of the address-table holes repaired a token: 0.00 already resident, 121.92 genuinely absent
ds4:   of the repair a token: readahead 36.72 ms, slot preparation 44.22 ms, reads 36.32 ms, install 0.22 ms, over 187.38 loads
ds4:   Engram rows written at step start in 64 steps; layer-13 drains 0
ds4:   residency a token: 0.00 adds, 0.00 removes, 0.00 commits
ds4:   decode path so far: 128 single-row steps (80.3 ms each inside the graph over the last 64), 1 K-row verification steps over 699 positions, 0 batch-fusion sites taken; candidate K 32:1
ds4:   host row loop: 1398 nodes attended one at a time
ds4: gate over tokens 65-128: 23.06 command buffers, 13.66 aborts, 240.0 expert ids accounted, 162.55 MiB loaded a token; 0 the gate failed to switch off, 0 it could not gate
ds4:   one token, exclusive, same window: entry 0.00 + encode 2.18 + commit-to-done 49.96 + repair-load 19.88 + accounting 0.04 + tail 1.80 = 73.86 of a 79.67 ms wall, residual 5.81
ds4:   GPU busy 51.43 ms of the token's wall (the union of its buffers' spans), idle 28.25 ms
ds4:   1367.9 gated dispatches a token, 12.2 of them behind an abort; 445.9 sent plain ahead of a buffer's first validate
ds4:   encode-ahead: 8.41 segments used, 13.08 dropped, 5.26 ms a token spent encoding under the GPU
ds4:   concurrent sections: 206.16 attempted, 206.16 opened a token
ds4:   speculation: 0.00 layers a token, 0.00 lanes computed, 0.00 matched, 0.00 GEMVs actually saved, 0.00 left to compute; compared 0.00 lanes, 0.00 floats differ, 0.00 by more than an ulp
ds4:   Metal 4: 37.14 command buffers sent, 3035.1 dispatches a token; 0 pieces of Metal 3 work so far
ds4:   Metal 4 a token: 37.14 contexts in 37.14 command buffers (0.00 split); 3170.4 nodes = 3035.1 dispatches + 135.3 copies; barriers 2258.5 from the graph, 74.3 queue; engine asked for 110.9 barriers and 435.8 section ends, neither encoded; 12412.8 buffer and 3502.7 constant bindings (312132 B), 0.0 with no stated length; 37.14 blocking waits, 49.92 ms
ds4:   expert cache over the last 64 tokens: 239.91 hits, 17.12 misses, 17.12 evictions a token; 6679 of 6679 entries live (100.0%)
ds4:   of the address-table holes repaired a token: 0.00 already resident, 17.12 genuinely absent
ds4:   of the repair a token: readahead 11.08 ms, slot preparation 0.81 ms, reads 7.57 ms, install 0.04 ms, over 17.12 loads
ds4:   Engram rows written at step start in 128 steps; layer-13 drains 0
ds4:   residency a token: 0.00 adds, 0.00 removes, 0.00 commits
ds4:   decode path so far: 192 single-row steps (94.1 ms each inside the graph over the last 64), 1 K-row verification steps over 699 positions, 0 batch-fusion sites taken; candidate K 32:1
ds4:   host row loop: 1398 nodes attended one at a time
ds4: gate over tokens 129-192: 25.09 command buffers, 16.67 aborts, 240.0 expert ids accounted, 236.41 MiB loaded a token; 0 the gate failed to switch off, 0 it could not gate
ds4:   one token, exclusive, same window: entry 0.00 + encode 2.70 + commit-to-done 49.17 + repair-load 32.72 + accounting 0.04 + tail 1.78 = 86.42 of a 92.99 ms wall, residual 6.57
ds4:   GPU busy 49.45 ms of the token's wall (the union of its buffers' spans), idle 43.54 ms
ds4:   1379.0 gated dispatches a token, 8.0 of them behind an abort; 541.0 sent plain ahead of a buffer's first validate
ds4:   encode-ahead: 7.42 segments used, 16.14 dropped, 5.92 ms a token spent encoding under the GPU
ds4:   concurrent sections: 235.47 attempted, 235.47 opened a token
ds4:   speculation: 0.00 layers a token, 0.00 lanes computed, 0.00 matched, 0.00 GEMVs actually saved, 0.00 left to compute; compared 0.00 lanes, 0.00 floats differ, 0.00 by more than an ulp
ds4:   Metal 4: 42.23 command buffers sent, 3450.6 dispatches a token; 0 pieces of Metal 3 work so far
ds4:   Metal 4 a token: 42.23 contexts in 42.23 command buffers (0.00 split); 3617.4 nodes = 3450.6 dispatches + 166.8 copies; barriers 2567.0 from the graph, 84.5 queue; engine asked for 124.6 barriers and 496.5 section ends, neither encoded; 14097.6 buffer and 3983.4 constant bindings (354763 B), 0.0 with no stated length; 42.23 blocking waits, 48.79 ms
ds4:   expert cache over the last 64 tokens: 239.98 hits, 24.91 misses, 24.91 evictions a token; 6679 of 6679 entries live (100.0%)
ds4:   of the address-table holes repaired a token: 0.00 already resident, 24.91 genuinely absent
ds4:   of the repair a token: readahead 19.28 ms, slot preparation 0.88 ms, reads 11.83 ms, install 0.06 ms, over 24.91 loads
ds4:   Engram rows written at step start in 192 steps; layer-13 drains 0
ds4:   residency a token: 0.00 adds, 0.00 removes, 0.00 commits
ds4:   decode path so far: 256 single-row steps (86.6 ms each inside the graph over the last 64), 1 K-row verification steps over 699 positions, 0 batch-fusion sites taken; candidate K 32:1
ds4:   host row loop: 1398 nodes attended one at a time
ds4: gate over tokens 193-256: 24.52 command buffers, 15.88 aborts, 240.0 expert ids accounted, 196.67 MiB loaded a token; 0 the gate failed to switch off, 0 it could not gate
ds4:   one token, exclusive, same window: entry 0.00 + encode 2.57 + commit-to-done 47.92 + repair-load 27.25 + accounting 0.04 + tail 1.70 = 79.47 of a 85.81 ms wall, residual 6.33
ds4:   GPU busy 48.47 ms of the token's wall (the union of its buffers' spans), idle 37.34 ms
ds4:   1376.1 gated dispatches a token, 13.6 of them behind an abort; 515.1 sent plain ahead of a buffer's first validate
ds4:   encode-ahead: 7.64 segments used, 15.11 dropped, 5.72 ms a token spent encoding under the GPU
ds4:   concurrent sections: 225.78 attempted, 225.78 opened a token
ds4:   speculation: 0.00 layers a token, 0.00 lanes computed, 0.00 matched, 0.00 GEMVs actually saved, 0.00 left to compute; compared 0.00 lanes, 0.00 floats differ, 0.00 by more than an ulp
ds4:   Metal 4: 40.62 command buffers sent, 3304.1 dispatches a token; 0 pieces of Metal 3 work so far
ds4:   Metal 4 a token: 40.62 contexts in 40.62 command buffers (0.00 split); 3468.4 nodes = 3304.1 dispatches + 164.2 copies; barriers 2458.7 from the graph, 81.2 queue; engine asked for 119.8 barriers and 476.3 section ends, neither encoded; 13510.9 buffer and 3815.1 constant bindings (339867 B), 0.0 with no stated length; 40.62 blocking waits, 47.50 ms
ds4:   expert cache over the last 64 tokens: 239.98 hits, 20.72 misses, 20.72 evictions a token; 6679 of 6679 entries live (100.0%)
ds4:   of the address-table holes repaired a token: 0.00 already resident, 20.72 genuinely absent
ds4:   of the repair a token: readahead 15.51 ms, slot preparation 0.90 ms, reads 10.29 ms, install 0.05 ms, over 20.72 loads
ds4:   Engram rows written at step start in 256 steps; layer-13 drains 0
ds4:   residency a token: 0.00 adds, 0.00 removes, 0.00 commits
decode   256 steps in 23.114 s, 90.29 ms a token (logits copied and written each step)
capacity 10268 experts: prompt 4795 tokens, 257 evaluations written, ids e197891559449b7b, logits 374aebdf03a98e0b, state 4e233746d733d046 (43357984 bytes)
ds4: backend capacity Metal 4 encoder batch                  encoder=1457710
ds4: backend capacity Metal 4 segment                        commit=10966
ds4: backend capacity Metal 4 wait                           wait=10966
ds4: backend capacity Metal 4 tensor_copy                    blit=52608
ds4: backend capacity Metal 4 expert_cache_fill              blit=4189
ds4: backend capacity Metal 4 tensor_read                    readback=352
ds4: backend capacity totals over 256 tokens (selected Metal 4): M3 commit=0 wait=0 signal=0 evwait=0 blit=0 encoder=0 readback=0 M4 commit=10966 wait=10966 signal=0 evwait=0 blit=56797 encoder=1457710 readback=352; Metal 3 fallback 0; site table overflow 0
ds4: backend capacity boundary end            pc 0x100169748 80
ds4: backend capacity boundary end            pc 0x10016a6bc 80
ds4: backend capacity boundary end            pc 0x10016b1bc 40
ds4: backend capacity boundary end            pc 0x10016cf04 1
ds4: backend capacity boundary end            pc 0x100242924 40
ds4: backend capacity boundary end            pc 0x100245c64 40
ds4: backend capacity boundary end            pc 0x10012271c 1
ds4: backend capacity boundary end            pc 0x10015a4e0 1
ds4: backend capacity boundary end            pc 0x10007b268 257
ds4: backend capacity boundary flush          pc 0x10007490c 6378
ds4: backend capacity boundary flush          pc 0x100074cf8 5962
ds4: backend capacity boundary wait mark      pc 0x100074cd8 5962
ds4: backend capacity boundary wait           pc 0x100074de8 4048
ds4: backend capacity boundary wait           pc 0x100074d3c 416
ds4: backend capacity boundary end            pc 0x100075e90 256
ds4: Metal 4 bindings with no stated length: 0 at 0 call sites
ds4: Metal 4 parts: contexts in 1/2/3/4 parts 10908/3/0/55, 1503011 nodes; 58 commit:count: calls with more than one buffer, 11134 command buffers in all; 0 contexts cut short of their parts, 0 empty or mismatched parts
ds4: backend capacity Metal 4 feedback after completion: 10263 waits, 164.340 ms
ds4: backend capacity Metal 3 command execution after Metal 4 selection: 0 (refused 0); Metal 3 queues created before selection 0, after 0; full expert address table uses 0
ds4: backend capacity background: keepalive M3 0 M4 101, pacer M3 0 M4 0 (cumulative)
ds4: memory budget: peak 78.61 GiB allocated of 80.00 GiB; 0 slab(s) given back, 0 allocation(s) refused, cache growth stopped 0 time(s)
ds4: expert directory: 0 pinned hits, 5059 cache hits, 20553 loads; 0 address mismatches, 0 missing with a non-zero slot, 0 selected and missing; 0 pinned experts given back to the budget
