ds4: abort gate on for the first 40 layers
ds4: Metal device Apple M5 Max, 128.00 GiB RAM
ds4: Metal 4 tensor API enabled for Tensor kernels
ds4: drift-patch flags hc_stable=on norm_unify=on kv_raw_f32=off rope_exp2_log2=off math_safe=off tensor_matmul=on
ds4: V4.1 SSD cache fitted from 10268 to 7034 experts for context/runtime headroom
ds4: Metal backend: Metal 4
ds4: Metal SSD streaming mode enabled; full model residency and warmup are skipped
ds4: metal SSD streaming cache target 65.20 GiB; effective 65.20 GiB = 7.12 GiB prefill headroom + 58.08 GiB dynamic cache (6266 experts, 9.49 MiB each)
ds4: Metal SSD static weights locked 9.37 GiB; pageable 0.00 GiB
ds4: SSD streaming initial metal model map (569 spans, 9.37 GiB tensor span)
ds4: metal backend initialized for graph diagnostics
ds4: expert cache prewarmed from the built-in V4.1 hotlist: 6264 experts (0 failed), 58.07 GiB in 6.16 s; stopped where the cache was full
ds4: memory: KV 0.06 GiB (raw 0.01 + compressed 0.05) + buffers 3.36 GiB + resident model 9.37 GiB + expert cache 58.08 GiB + prefill expert reserve 7.12 GiB = 77.99 GiB planned
ds4: memory detail: ctx=8192 prefill_cap=4096 raw_kv_rows=128 compressed_kv_rows=8193 backend=metal
1007 13:03:05 ds4-server: context buffers 3503.03 MiB (ctx=8192, backend=metal, prefill_chunk=4096, raw_kv_rows=128, compressed_kv_rows=8193)
ds4: V4.1 executor ABI 3, arena align 256, rev d767aa9a8a34, built Oct  7 2026 10:57:21
ds4: V4.1 static context buffers 3503.03 MiB (ctx=8192), Engram disk-only
1007 13:03:05 ds4-server: listening on http://127.0.0.1:8031
1007 13:03:05 ds4-server: chat ctx=0..4781:4781 prompt start
1007 13:03:05 ds4-server: metal 4 at request start: 0 commits, 0 feedback, 0 errors, residency 0 entries 0.0 MiB
ds4: Metal streaming prefill layer pread layer=0 tokens=2048 threads=8 ranges=104 bytes=4.96 GiB wait=230.034 ms thread=230.012 ms read=4.96 GiB ok=1
ds4: V4.1 prefill layer=0 pos=0 rows=4096 encoder_resident=0 map=231.913 engram=0.001 encode=189.686 drain=308.795 seed=6.291 ms
ds4: V4.1 K-block effective configuration: rows=685 exact_vocab=0 head_tile=0 dense_tile=4 block_kv=1 block_levels=1 block_attn_k=0 block_attn_raw=0 block_low_batch=0 block_attn=0 batch_fuse=0 batch_attn_out=1 batch_stream_experts=1 row_gather=1 moe_expert_major=0 block_txn=0 row_logits_readback=0
ds4: V4.1 block-local KV delta, 685 rows over 127 prefix keys
ds4: V4.1 batch attn_output_b hoisted out of the per-row loop (685 rows)
ds4: V4.1 routed gate/up encode: ds4_gpu_encode_mul_mv_addr_iq2_pair_swiglu
ds4: V4.1 io tail turn=1 start=525337.471710 end=525340.506586
ds4: Metal streaming prefill layer pread layer=1 tokens=2048 threads=8 ranges=96 bytes=4.02 GiB wait=0.029 ms thread=281.517 ms read=4.02 GiB ok=1
ds4: V4.1 io layer=1 issued=525336.904474 join=525340.506615 joined=525340.506648
ds4: V4.1 prefill layer=1 pos=0 rows=4096 encoder_resident=0 map=0.296 engram=0.001 encode=379.845 drain=173.592 seed=5.944 ms
ds4: V4.1 io tail turn=2 start=525341.084523 end=525341.465669
ds4: Metal streaming prefill layer pread layer=2 tokens=2048 threads=8 ranges=112 bytes=3.75 GiB wait=0.026 ms thread=369.907 ms read=3.75 GiB ok=1
ds4: V4.1 io layer=2 issued=525340.506911 join=525341.465709 joined=525341.465742
ds4: V4.1 prefill layer=2 pos=0 rows=4096 encoder_resident=0 map=0.383 engram=0.000 encode=292.503 drain=267.640 seed=6.441 ms
ds4: V4.1 block attention by level, 685 rows, concurrent section open
ds4: V4.1 io tail turn=3 start=525342.034773 end=525342.385433
ds4: Metal streaming prefill layer pread layer=3 tokens=2048 threads=8 ranges=96 bytes=3.73 GiB wait=0.028 ms thread=288.704 ms read=3.73 GiB ok=1
ds4: V4.1 io layer=3 issued=525341.466092 join=525342.385466 joined=525342.385499
ds4: V4.1 prefill layer=3 pos=0 rows=4096 encoder_resident=0 map=0.307 engram=0.000 encode=174.121 drain=440.691 seed=5.968 ms
ds4: V4.1 io tail turn=4 start=525343.010895 end=525343.280961
ds4: Metal streaming prefill layer pread layer=4 tokens=2048 threads=8 ranges=96 bytes=3.73 GiB wait=0.091 ms thread=370.491 ms read=3.73 GiB ok=1
ds4: V4.1 io layer=4 issued=525342.385773 join=525343.280997 joined=525343.281098
ds4: V4.1 prefill layer=4 pos=0 rows=4096 encoder_resident=0 map=0.473 engram=0.000 encode=186.565 drain=357.375 seed=6.484 ms
ds4: V4.1 io tail turn=5 start=525343.833660 end=525344.039049
ds4: Metal streaming prefill layer pread layer=5 tokens=2048 threads=8 ranges=96 bytes=3.73 GiB wait=0.026 ms thread=396.458 ms read=3.73 GiB ok=1
ds4: V4.1 io layer=5 issued=525343.281470 join=525344.039067 joined=525344.039098
ds4: V4.1 prefill layer=5 pos=0 rows=4096 encoder_resident=0 map=0.323 engram=0.000 encode=189.684 drain=421.882 seed=7.115 ms
ds4: V4.1 io tail turn=6 start=525344.659951 end=525344.861300
ds4: Metal streaming prefill layer pread layer=6 tokens=2048 threads=8 ranges=96 bytes=3.73 GiB wait=0.034 ms thread=435.235 ms read=3.73 GiB ok=1
ds4: V4.1 io layer=6 issued=525344.039390 join=525344.861336 joined=525344.861375
ds4: V4.1 prefill layer=6 pos=0 rows=4096 encoder_resident=0 map=0.348 engram=0.000 encode=188.270 drain=374.403 seed=8.227 ms
ds4: V4.1 io tail turn=7 start=525345.434613 end=525345.636814
ds4: Metal streaming prefill layer pread layer=7 tokens=2048 threads=8 ranges=96 bytes=3.73 GiB wait=0.030 ms thread=610.111 ms read=3.73 GiB ok=1
ds4: V4.1 io layer=7 issued=525344.861684 join=525345.636844 joined=525345.636881
ds4: V4.1 prefill layer=7 pos=0 rows=4096 encoder_resident=0 map=0.446 engram=0.001 encode=178.295 drain=367.889 seed=8.546 ms
ds4: V4.1 io tail turn=8 start=525346.194112 end=525346.397209
ds4: Metal streaming prefill layer pread layer=8 tokens=2048 threads=8 ranges=112 bytes=3.75 GiB wait=0.036 ms thread=439.131 ms read=3.75 GiB ok=1
ds4: V4.1 io layer=8 issued=525345.637289 join=525346.397235 joined=525346.397278
ds4: V4.1 prefill layer=8 pos=0 rows=4096 encoder_resident=0 map=0.367 engram=0.000 encode=340.984 drain=389.519 seed=8.037 ms
ds4: V4.1 io tail turn=9 start=525347.138031 end=525347.413331
ds4: Metal streaming prefill layer pread layer=9 tokens=2048 threads=8 ranges=96 bytes=3.73 GiB wait=0.029 ms thread=428.568 ms read=3.73 GiB ok=1
ds4: V4.1 io layer=9 issued=525346.397602 join=525347.413374 joined=525347.413413
ds4: V4.1 prefill layer=9 pos=0 rows=4096 encoder_resident=0 map=0.308 engram=0.000 encode=179.117 drain=241.396 seed=7.187 ms
ds4: V4.1 io tail turn=10 start=525347.843164 end=525348.058895
ds4: Metal streaming prefill layer pread layer=10 tokens=2048 threads=8 ranges=96 bytes=3.73 GiB wait=0.032 ms thread=345.845 ms read=3.73 GiB ok=1
ds4: V4.1 io layer=10 issued=525347.413682 join=525348.058927 joined=525348.058965
ds4: V4.1 prefill layer=10 pos=0 rows=4096 encoder_resident=0 map=0.426 engram=0.000 encode=190.059 drain=245.248 seed=10.546 ms
ds4: V4.1 io tail turn=11 start=525348.506940 end=525348.726689
ds4: Metal streaming prefill layer pread layer=11 tokens=2048 threads=8 ranges=96 bytes=3.73 GiB wait=0.062 ms thread=344.938 ms read=3.73 GiB ok=1
ds4: V4.1 io layer=11 issued=525348.059353 join=525348.726715 joined=525348.726782
ds4: V4.1 prefill layer=11 pos=0 rows=4096 encoder_resident=0 map=0.386 engram=0.001 encode=205.242 drain=247.980 seed=8.395 ms
ds4: V4.1 io tail turn=12 start=525349.190514 end=525349.411467
ds4: Metal streaming prefill layer pread layer=12 tokens=2048 threads=8 ranges=96 bytes=3.73 GiB wait=0.025 ms thread=408.060 ms read=3.73 GiB ok=1
ds4: V4.1 io layer=12 issued=525348.727101 join=525349.411498 joined=525349.411527
ds4: V4.1 prefill layer=12 pos=0 rows=4096 encoder_resident=0 map=0.336 engram=0.000 encode=212.814 drain=314.342 seed=11.214 ms
ds4: V4.1 io tail turn=13 start=525349.952158 end=525350.172151
ds4: Metal streaming prefill layer pread layer=13 tokens=2048 threads=8 ranges=96 bytes=3.73 GiB wait=0.037 ms thread=413.398 ms read=3.73 GiB ok=1
ds4: V4.1 io layer=13 issued=525349.411833 join=525350.172189 joined=525350.172233
ds4: V4.1 prefill layer=13 pos=0 rows=4096 encoder_resident=0 map=0.412 engram=0.000 encode=215.256 drain=258.246 seed=9.189 ms
ds4: V4.1 io tail turn=14 start=525350.657221 end=525350.886013
ds4: Metal streaming prefill layer pread layer=14 tokens=2048 threads=8 ranges=112 bytes=4.04 GiB wait=0.031 ms thread=357.186 ms read=4.04 GiB ok=1
ds4: V4.1 io layer=14 issued=525350.172600 join=525350.886047 joined=525350.886092
ds4: V4.1 prefill layer=14 pos=0 rows=4096 encoder_resident=0 map=0.364 engram=0.000 encode=465.401 drain=210.548 seed=10.180 ms
ds4: V4.1 io tail turn=15 start=525351.574576 end=525352.053932
ds4: Metal streaming prefill layer pread layer=15 tokens=2048 threads=8 ranges=96 bytes=3.73 GiB wait=0.026 ms thread=374.288 ms read=3.73 GiB ok=1
ds4: V4.1 io layer=15 issued=525350.886411 join=525352.053962 joined=525352.053993
ds4: V4.1 prefill layer=15 pos=0 rows=4096 encoder_resident=0 map=0.308 engram=0.000 encode=193.629 drain=253.799 seed=8.026 ms
ds4: V4.1 io tail turn=16 start=525352.511484 end=525352.741396
ds4: Metal streaming prefill layer pread layer=16 tokens=2048 threads=8 ranges=96 bytes=3.73 GiB wait=0.034 ms thread=462.096 ms read=3.73 GiB ok=1
ds4: V4.1 io layer=16 issued=525352.054270 join=525352.741423 joined=525352.741464
ds4: V4.1 prefill layer=16 pos=0 rows=4096 encoder_resident=0 map=0.416 engram=0.001 encode=234.738 drain=255.959 seed=9.333 ms
ds4: V4.1 io tail turn=17 start=525353.243621 end=525353.471712
ds4: Metal streaming prefill layer pread layer=17 tokens=2048 threads=8 ranges=96 bytes=3.73 GiB wait=0.028 ms thread=415.316 ms read=3.73 GiB ok=1
ds4: V4.1 io layer=17 issued=525352.741839 join=525353.471733 joined=525353.471765
ds4: V4.1 prefill layer=17 pos=0 rows=4096 encoder_resident=0 map=0.324 engram=0.000 encode=208.827 drain=266.385 seed=11.239 ms
ds4: V4.1 io tail turn=18 start=525353.960485 end=525354.196615
ds4: Metal streaming prefill layer pread layer=18 tokens=2048 threads=8 ranges=96 bytes=3.73 GiB wait=0.027 ms thread=360.611 ms read=3.73 GiB ok=1
ds4: V4.1 io layer=18 issued=525353.472057 join=525354.196648 joined=525354.196681
ds4: V4.1 prefill layer=18 pos=0 rows=4096 encoder_resident=0 map=0.319 engram=0.000 encode=227.862 drain=263.830 seed=10.550 ms
ds4: V4.1 io tail turn=19 start=525354.700990 end=525354.937832
ds4: Metal streaming prefill layer pread layer=19 tokens=2048 threads=8 ranges=96 bytes=3.73 GiB wait=0.033 ms thread=394.961 ms read=3.73 GiB ok=1
ds4: V4.1 io layer=19 issued=525354.196967 join=525354.937861 joined=525354.937899
ds4: V4.1 prefill layer=19 pos=0 rows=4096 encoder_resident=0 map=0.460 engram=0.000 encode=227.597 drain=326.561 seed=9.783 ms
ds4: V4.1 io tail turn=20 start=525355.504177 end=525355.731370
ds4: Metal streaming prefill layer pread layer=20 tokens=2048 threads=8 ranges=112 bytes=3.74 GiB wait=0.032 ms thread=419.809 ms read=3.74 GiB ok=1
ds4: V4.1 io layer=20 issued=525354.938321 join=525355.731394 joined=525355.731431
ds4: V4.1 prefill layer=20 pos=0 rows=4096 encoder_resident=0 map=0.375 engram=0.000 encode=448.328 drain=380.060 seed=10.361 ms
ds4: V4.1 io tail turn=21 start=525356.572229 end=525356.875248
ds4: Metal streaming prefill layer pread layer=21 tokens=2048 threads=8 ranges=96 bytes=3.73 GiB wait=0.030 ms thread=335.296 ms read=3.73 GiB ok=1
ds4: V4.1 io layer=21 issued=525355.731768 join=525356.875442 joined=525356.875479
ds4: V4.1 prefill layer=21 pos=0 rows=4096 encoder_resident=0 map=0.337 engram=0.001 encode=214.813 drain=294.569 seed=10.841 ms
ds4: V4.1 io tail turn=22 start=525357.398082 end=525357.623243
ds4: Metal streaming prefill layer pread layer=22 tokens=2048 threads=8 ranges=96 bytes=3.73 GiB wait=0.029 ms thread=463.907 ms read=3.73 GiB ok=1
ds4: V4.1 io layer=22 issued=525356.875779 join=525357.623261 joined=525357.623294
ds4: V4.1 prefill layer=22 pos=0 rows=4096 encoder_resident=0 map=0.321 engram=0.001 encode=211.175 drain=289.218 seed=11.019 ms
ds4: V4.1 io tail turn=23 start=525358.136815 end=525358.369870
ds4: Metal streaming prefill layer pread layer=23 tokens=2048 threads=8 ranges=96 bytes=3.73 GiB wait=0.024 ms thread=400.970 ms read=3.73 GiB ok=1
ds4: V4.1 io layer=23 issued=525357.623582 join=525358.369893 joined=525358.369922
ds4: V4.1 prefill layer=23 pos=0 rows=4096 encoder_resident=0 map=0.318 engram=0.001 encode=217.196 drain=275.207 seed=12.530 ms
ds4: V4.1 io tail turn=24 start=525358.877053 end=525359.122736
ds4: Metal streaming prefill layer pread layer=24 tokens=2048 threads=8 ranges=96 bytes=3.74 GiB wait=0.022 ms thread=374.653 ms read=3.74 GiB ok=1
ds4: V4.1 io layer=24 issued=525358.370211 join=525359.122761 joined=525359.122787
ds4: V4.1 prefill layer=24 pos=0 rows=4096 encoder_resident=0 map=0.298 engram=0.000 encode=327.481 drain=342.942 seed=13.151 ms
ds4: V4.1 io tail turn=25 start=525359.808543 end=525360.114346
ds4: Metal streaming prefill layer pread layer=25 tokens=2048 threads=8 ranges=96 bytes=3.73 GiB wait=0.030 ms thread=478.434 ms read=3.73 GiB ok=1
ds4: V4.1 io layer=25 issued=525359.123059 join=525360.114370 joined=525360.114406
ds4: V4.1 prefill layer=25 pos=0 rows=4096 encoder_resident=0 map=0.335 engram=0.000 encode=231.197 drain=288.085 seed=12.562 ms
ds4: V4.1 io tail turn=26 start=525360.648716 end=525360.877526
ds4: Metal streaming prefill layer pread layer=26 tokens=2048 threads=8 ranges=96 bytes=3.73 GiB wait=0.023 ms thread=386.390 ms read=3.73 GiB ok=1
ds4: V4.1 io layer=26 issued=525360.114705 join=525360.877560 joined=525360.877588
ds4: V4.1 prefill layer=26 pos=0 rows=4096 encoder_resident=0 map=0.344 engram=0.000 encode=218.852 drain=321.157 seed=12.512 ms
ds4: V4.1 io tail turn=27 start=525361.432197 end=525361.660800
ds4: Metal streaming prefill layer pread layer=27 tokens=2048 threads=8 ranges=96 bytes=3.73 GiB wait=0.028 ms thread=403.347 ms read=3.73 GiB ok=1
ds4: V4.1 io layer=27 issued=525360.877903 join=525361.660835 joined=525361.660868
ds4: V4.1 prefill layer=27 pos=0 rows=4096 encoder_resident=0 map=0.353 engram=0.000 encode=232.603 drain=287.930 seed=11.092 ms
ds4: V4.1 io tail turn=28 start=525362.194763 end=525362.433025
ds4: Metal streaming prefill layer pread layer=28 tokens=2048 threads=8 ranges=96 bytes=3.74 GiB wait=0.067 ms thread=456.933 ms read=3.74 GiB ok=1
ds4: V4.1 io layer=28 issued=525361.661187 join=525362.433059 joined=525362.433133
ds4: V4.1 prefill layer=28 pos=0 rows=4096 encoder_resident=0 map=0.488 engram=0.000 encode=314.059 drain=306.586 seed=11.107 ms
ds4: V4.1 io tail turn=29 start=525363.066991 end=525363.365648
ds4: Metal streaming prefill layer pread layer=29 tokens=2048 threads=8 ranges=96 bytes=3.73 GiB wait=0.026 ms thread=380.727 ms read=3.73 GiB ok=1
ds4: V4.1 io layer=29 issued=525362.433547 join=525363.365677 joined=525363.365709
ds4: V4.1 prefill layer=29 pos=0 rows=4096 encoder_resident=0 map=0.333 engram=0.000 encode=235.363 drain=286.361 seed=13.953 ms
ds4: V4.1 io tail turn=30 start=525363.903645 end=525364.147094
ds4: Metal streaming prefill layer pread layer=30 tokens=2048 threads=8 ranges=96 bytes=3.73 GiB wait=0.040 ms thread=402.479 ms read=3.73 GiB ok=1
ds4: V4.1 io layer=30 issued=525363.366010 join=525364.147120 joined=525364.147166
ds4: V4.1 prefill layer=30 pos=0 rows=4096 encoder_resident=0 map=0.348 engram=0.000 encode=287.786 drain=283.421 seed=13.557 ms
ds4: V4.1 io tail turn=31 start=525364.734114 end=525364.976330
ds4: Metal streaming prefill layer pread layer=31 tokens=2048 threads=8 ranges=96 bytes=3.73 GiB wait=0.029 ms thread=472.559 ms read=3.73 GiB ok=1
ds4: V4.1 io layer=31 issued=525364.147467 join=525364.976355 joined=525364.976389
ds4: V4.1 prefill layer=31 pos=0 rows=4096 encoder_resident=0 map=0.338 engram=0.000 encode=251.770 drain=292.094 seed=13.829 ms
ds4: V4.1 io tail turn=32 start=525365.536043 end=525365.773032
ds4: Metal streaming prefill layer pread layer=32 tokens=2048 threads=8 ranges=96 bytes=3.74 GiB wait=0.033 ms thread=391.871 ms read=3.74 GiB ok=1
ds4: V4.1 io layer=32 issued=525364.976693 join=525365.773059 joined=525365.773098
ds4: V4.1 prefill layer=32 pos=0 rows=4096 encoder_resident=0 map=0.335 engram=0.000 encode=331.603 drain=294.013 seed=13.196 ms
ds4: V4.1 io tail turn=33 start=525366.414050 end=525366.720993
ds4: Metal streaming prefill layer pread layer=33 tokens=2048 threads=8 ranges=96 bytes=3.73 GiB wait=0.031 ms thread=404.294 ms read=3.73 GiB ok=1
ds4: V4.1 io layer=33 issued=525365.773394 join=525366.721028 joined=525366.721065
ds4: V4.1 prefill layer=33 pos=0 rows=4096 encoder_resident=0 map=0.386 engram=0.000 encode=212.628 drain=320.845 seed=14.839 ms
ds4: V4.1 io tail turn=34 start=525367.271443 end=525367.509966
ds4: Metal streaming prefill layer pread layer=34 tokens=2048 threads=8 ranges=96 bytes=3.73 GiB wait=0.024 ms thread=428.243 ms read=3.73 GiB ok=1
ds4: V4.1 io layer=34 issued=525366.721414 join=525367.510194 joined=525367.510225
ds4: V4.1 prefill layer=34 pos=0 rows=4096 encoder_resident=0 map=0.344 engram=0.001 encode=258.154 drain=310.811 seed=13.606 ms
ds4: V4.1 io tail turn=35 start=525368.094833 end=525368.333160
ds4: Metal streaming prefill layer pread layer=35 tokens=2048 threads=8 ranges=96 bytes=3.73 GiB wait=0.033 ms thread=423.846 ms read=3.73 GiB ok=1
ds4: V4.1 io layer=35 issued=525367.510538 join=525368.333191 joined=525368.333230
ds4: V4.1 prefill layer=35 pos=0 rows=4096 encoder_resident=0 map=0.332 engram=0.000 encode=226.677 drain=306.065 seed=15.035 ms
ds4: V4.1 io tail turn=36 start=525368.883041 end=525369.123949
ds4: Metal streaming prefill layer pread layer=36 tokens=2048 threads=8 ranges=96 bytes=3.74 GiB wait=0.045 ms thread=390.219 ms read=3.74 GiB ok=1
ds4: V4.1 io layer=36 issued=525368.333523 join=525369.123978 joined=525369.124029
ds4: V4.1 prefill layer=36 pos=0 rows=4096 encoder_resident=0 map=0.391 engram=0.000 encode=322.363 drain=299.493 seed=14.338 ms
ds4: V4.1 io tail turn=37 start=525369.762315 end=525370.073653
ds4: Metal streaming prefill layer pread layer=37 tokens=2048 threads=8 ranges=96 bytes=3.73 GiB wait=0.037 ms thread=379.747 ms read=3.73 GiB ok=1
ds4: V4.1 io layer=37 issued=525369.124369 join=525370.073680 joined=525370.073723
ds4: V4.1 prefill layer=37 pos=0 rows=4096 encoder_resident=0 map=0.322 engram=0.001 encode=227.422 drain=309.444 seed=15.686 ms
ds4: V4.1 io tail turn=38 start=525370.628338 end=525370.874890
ds4: Metal streaming prefill layer pread layer=38 tokens=2048 threads=8 ranges=96 bytes=3.73 GiB wait=0.026 ms thread=394.173 ms read=3.73 GiB ok=1
ds4: V4.1 io layer=38 issued=525370.074002 join=525370.874916 joined=525370.874950
ds4: V4.1 prefill layer=38 pos=0 rows=4096 encoder_resident=0 map=0.337 engram=0.000 encode=227.221 drain=304.706 seed=12.978 ms
ds4: V4.1 io tail turn=39 start=525371.421930 end=525371.671085
ds4: Metal streaming prefill layer pread layer=39 tokens=2048 threads=8 ranges=96 bytes=3.73 GiB wait=0.032 ms thread=401.921 ms read=3.73 GiB ok=1
ds4: V4.1 io layer=39 issued=525370.875252 join=525371.671105 joined=525371.671143
ds4: V4.1 prefill layer=39 pos=0 rows=4096 encoder_resident=0 map=0.318 engram=0.000 encode=234.445 drain=284.031 seed=12.931 ms
ds4: V4.1 io tail turn=40 start=525372.204294 end=525372.448950
ds4: V4.1 batch step rows=685 pre 0.0 ms, per-row attention 0.0 ms, moe 0.0 ms, head 0.0 ms, setup 0.0 ms, publish 0.0 ms
ds4: V4.1 io tail turn=41 start=525372.467434 end=525372.467764
ds4: V4.1 prefill of 4096 rows interleaved layer by layer with the 685-row tail after it; the prefix waited 12.973 s on the tail's layers
1007 13:03:41 ds4-server: chat ctx=0..4781:4781 prefill chunk 4781/4781 (100.0%) chunk=0.00 t/s avg=133.51 t/s 35.811s
ds4: V4.1 prefill tail at position 4096 ran 685 rows as 1 batch steps
ds4: expert cache lent the prefill headroom for decode: 6266 -> 7034 experts
1007 13:03:41 ds4-server: chat ctx=0..4781:4781 prompt done 35.846s
ds4: shared/routed FFN overlap ran, mode 2
ds4: memory budget reached: a cache slab of 2.03 GiB refused with 80.00 GiB allocated and a 0.00 GiB prefill reserve, of a 80.00 GiB budget; the expert cache now evicts to make room
1007 13:03:45 ds4-server: chat ctx=4781..4831:50 gen=50 decoding chunk=13.17 t/s avg=13.17 t/s 3.797s
ds4:   decode path so far: 64 single-row steps (72.4 ms each inside the graph over the last 64), 1 K-row verification steps over 685 positions, 0 batch-fusion sites taken; candidate K 32:1
ds4:   host row loop: 1370 nodes attended one at a time
ds4: gate over tokens 1-64: 26.33 command buffers, 18.47 aborts, 240.0 expert ids accounted, 252.43 MiB loaded a token; 0 the gate failed to switch off, 0 it could not gate
ds4:   one token, exclusive, same window: entry 0.00 + encode 1.98 + commit-to-done 32.71 + repair-load 31.23 + accounting 0.05 + tail 1.42 = 67.39 of a 72.60 ms wall, residual 5.21
ds4:   GPU busy 457.05 ms of the token's wall (the union of its buffers' spans), idle -384.45 ms
ds4:   1385.4 gated dispatches a token, 20.2 of them behind an abort; 590.3 sent plain ahead of a buffer's first validate
ds4:   encode-ahead: 6.86 segments used, 17.45 dropped, 4.61 ms a token spent encoding under the GPU
ds4:   concurrent sections: 0.59 attempted, 0.59 opened a token
ds4:   speculation: 0.00 layers a token, 0.00 lanes computed, 0.00 matched, 0.00 GEMVs actually saved, 0.00 left to compute; compared 0.00 lanes, 0.00 floats differ, 0.00 by more than an ulp
ds4:   Metal 4: 49.22 command buffers sent, 8700.1 dispatches a token; 0 pieces of Metal 3 work so far
ds4:   Metal 4 a token: 49.22 contexts in 51.28 command buffers (0.69 split); 9865.3 nodes = 8700.1 dispatches + 1165.1 copies; barriers 5630.5 from the graph, 102.6 queue; engine asked for 135.8 barriers and 49.8 section ends, neither encoded; 24722.8 buffer and 9355.4 constant bindings (760607 B), 0.0 with no stated length; 49.22 blocking waits, 459.23 ms
ds4:   expert cache over the last 64 tokens: 2714.73 hits, 194.03 misses, 87.55 evictions a token; 6815 of 7034 entries live (96.9%)
ds4:   of the address-table holes repaired a token: 0.00 already resident, 124.47 genuinely absent
ds4:   of the repair a token: readahead 29.35 ms, slot preparation 41.92 ms, reads 55.98 ms, install 0.25 ms, over 194.03 loads
ds4:   Engram rows written at step start in 64 steps; layer-13 drains 0
ds4:   residency a token: 0.00 adds, 0.00 removes, 0.00 commits
1007 13:03:46 ds4-server: chat ctx=4831..4845:14 gen=64 decoding chunk=15.40 t/s avg=13.60 t/s 4.706s
1007 13:03:46 ds4-server: token ids: 64, hash 0d7fb78ed9b7a4a1, stop output limit token -1, every 64: 0d7fb78e
ds4: backend request Metal 4 encoder batch                  encoder=557188
ds4: backend request Metal 4 segment                        commit=3150
ds4: backend request Metal 4 wait                           wait=3150
ds4: backend request Metal 4 tensor_copy                    blit=48592
ds4: backend request Metal 4 expert_cache_fill              blit=4452
ds4: backend request Metal 4 tensor_read                    readback=105
ds4: backend request totals over 64 tokens (selected Metal 4): M3 commit=0 wait=0 signal=0 evwait=0 blit=0 encoder=0 readback=0 M4 commit=3150 wait=3150 signal=0 evwait=0 blit=53044 encoder=557188 readback=105; Metal 3 fallback 0; site table overflow 0
ds4: backend request boundary end            pc 0x1001cec24 1
ds4: backend request boundary end            pc 0x1001dc9a4 40
ds4: backend request boundary end            pc 0x10020083c 40
ds4: backend request boundary end            pc 0x1001dce08 40
ds4: backend request boundary end            pc 0x1001de614 40
ds4: backend request boundary end            pc 0x1002c6b3c 40
ds4: backend request boundary end            pc 0x1002ca55c 40
ds4: backend request boundary end            pc 0x100179fc4 40
ds4: backend request boundary end            pc 0x100175bfc 1
ds4: backend request boundary end            pc 0x1001e03f8 1
ds4: backend request boundary end            pc 0x1001cd61c 1
ds4: backend request boundary end            pc 0x1000cda90 65
ds4: backend request boundary flush          pc 0x1000c6bfc 1685
ds4: backend request boundary flush          pc 0x1000c6fe8 1556
ds4: backend request boundary wait mark      pc 0x1000c6fc8 1556
ds4: backend request boundary wait           pc 0x1000c70d0 1117
ds4: backend request boundary wait           pc 0x1000c7024 129
ds4: backend request boundary end            pc 0x1000c8174 64
ds4: Metal 4 bindings with no stated length: 0 at 0 call sites
ds4: Metal 4 parts: contexts in 1/2/3/4 parts 3106/0/0/44, 631377 nodes; 44 commit:count: calls with more than one buffer, 3282 command buffers in all; 0 contexts cut short of their parts, 0 empty or mismatched parts
ds4: backend request Metal 4 feedback after completion: 2679 waits, 43.834 ms
ds4: backend request Metal 3 command execution after Metal 4 selection: 0 (refused 0); Metal 3 queues created before selection 0, after 0; full expert address table uses 0
ds4: backend request background: keepalive M3 0 M4 43, pacer M3 0 M4 0 (cumulative)
1007 13:03:46 ds4-server: token trace: 0 128803 0 3476 477 260 16372 22896 16 5453 270 4093 14 6360 270 31605 14 305 3287 270 4087 7231 9045 16 128803 3476 477 5081 260 1606 4093 538 270 58523 6949 294 15143 89 14158 16 455 4093 344 201 75950 377 6425 28 1482 7065 14 4961 14 6360 14 15292 2924 14 17972 943 201 50219 14 305 7097 7306 260 3729 18538 1167 4866 798 295 201 10595 16 5375 4125 509 270 1522 344 304 13272 270 18538 3737 339 83227 7498 1901 5081 28 1353 31605 10844 412 582 14428 14037 270 201 14360 4588 4 1895 16 6241 16922 14 9572 14 18571 14 26190 14 4772 3737 14 65962 989 272 111855 696 554 1895 16 455 18538 3737 295 270 4093 477 4866 295 201 10595 14 554 56003 339 4690 1257 2900 270 58523 86456 294 38398 14 9641 14 305 110251 20928 16 71595 26577 201 1805 645 386 418 260 44056 6403 62339 1202 834 7931 14 30308 20408 336 75800 1960 260 201 113004 294 270 64383 15844 4851 270 7536 93324 16 33926 601 936 23865 304 11284 270 201 85 2960 14742 1936 69832 14 790 270 91731 47475 832 59143 396 6660 201 6452 3195 554 304 7746 1066 16 660 270 95042 8667 14 3330 4853 51489 21537 53900 201 8848 260 1888 34011 41151 295 260 26166 19900 16 3011 834 515 295 260 53582 14 1754 201 45182 89 14158 8599 513 41949 305 10180 14 554 513 270 71293 377 270 19951 28757 339 671 5613 51141 110278 8398 9575 295 13769 28428 14 3214 5159 14 1754 5159 28428 1960 201 1129 6192 15294 1747 1277 5476 99651 273 16 2566 16818 71595 305 33926 601 2281 270 201 72 39360 14 1539 5144 260 2562 943 270 7469 33935 16 5334 9575 2915 77603 1055 201 26758 6744 28 270 3605 294 260 92683 14 270 537 10592 32820 294 260 9778 14 270 1722 260 5823 201 2438 529 10083 1561 436 936 1047 31691 16056 339 4546 45366 270 3194 936 11300 418 82362 294 280 7002 14 32032 6103 14 49766 69943 14 305 201 39020 14692 16 47643 31004 3659 362 3853 560 1901 82146 34226 304 260 104614 201 50095 260 14560 396 8743 304 2334 59125 1750 1014 468 1094 1129 436 16 455 6949 201 27747 936 12852 1820 14 790 29780 12141 377 1082 14 832 1750 15391 53140 16789 260 201 59206 6857 305 53733 436 418 11198 339 47 3444 3825 5854 270 3799 11162 69 699 305 43697 270 2173 734 17229 2818 1055 270 201 61403 3578 86508 16 2566 18428 17229 2818 2455 16 45836 75950 2818 4127 201 6135 45386 14 58792 14 305 1482 995 37344 1060 969 16884 16 87986 201 60037 13721 30278 14 3825 1910 14 305 5750 3980 1936 7918 16243 339 1124 270 16232 14 260 93437 362 270 113450 50565 1946 31744 270 15106 6337 603 43 2638 9023 260 71040 294 80005 9220 1407 270 18544 1901 27170 1733 201 12678 538 260 27640 11314 16 45789 936 28035 270 17408 2727 8295 377 270 52312 989 458 2038 1482 18288 943 3920 260 65326 17408 515 7837 304 366 7139 603 671 9517 40107 5827 1099 270 11219 339 671 86508 3997 2526 377 260 18496 16 110278 9026 436 37205 418 1234 11316 23441 201 5356 270 18992 16 2566 11516 995 48112 270 31363 44183 14 995 10274 270 201 94786 109871 14 305 995 16026 270 12070 4332 56295 16 455 58941 515 18715 201 25287 1082 270 6949 515 554 339 16422 288 7068 260 12426 4213 305 270 5706 294 16056 8513 1902 6059 3234 834 1561 201 58264 16 31065 10082 7457 38271 1055 270 14677 14085 14 1479 270 9319 936 201 64583 15518 50093 3514 436 86456 39375 367 294 11128 16 38798 2006 260 6644 10549 201 84037 270 5823 305 83119 436 304 270 8806 6791 418 260 7155 396 1359 14 5880 989 4 23299 891 4331 47 3444 13577 270 39317 294 270 14085 418 270 86508 27546 304 969 15142 16 2566 201 18988 8838 396 2239 9616 25342 2455 6352 111461 3137 16 334 12070 201 10911 14 260 7956 12240 14 260 37370 2329 14 260 1167 14037 2503 27566 1137 47484 881 270 2924 396 3859 1960 4880 294 5675 3006 339 47 3444 7431 5524 6731 411 3072 110658 943 260 50645 3077 14 790 1225 26577 436 798 1754 436 515 554 411 18538 305 1687 554 9028 295 270 4087 2310 339 72829 13721 1561 44844 305 78756 1750 5706 295 15143 89 14158 16 33926 601 201 11475 21537 270 6326 1188 294 270 38398 114646 734 15391 14 11602 362 58252 14 995 936 201 42774 1559 362 260 26339 3825 45555 16 455 12505 56574 87934 295 280 22469 1154 1277 30525 201 9336 29780 1494 10965 16 5795 270 25131 14 270 115921 75496 418 5828 201 20850 481 339 47 3444 12652 42313 295 270 41273 4772 16 2566 15965 4371 260 41815 14 23047 436 989 458 10274 304 13769 28428 16 455 25550 86508 936 14376 9754 418 270 3469 1137 50219 9575 14 37266 14 1843 97989 14 110088 14 305 260 2767 9616 1225 79213 1353 201 32568 832 851 1114 554 1747 2727 2239 339 4690 1257 2900 270 58523 86456 294 38398 14 9641 14 305 110251 20928 16 57715 26577 201 1805 645 386 418 260 44056 6403 62339 1202 834 7931 14 30308 20408 336 75800 1960 260 201 113004 294 270 64383 15844 4851 270 7536 93324 16 31065 936 23865 304 11284 270 201 85 2960 14742 1936 69832 14 790 270 91731 47475 832 59143 396 6660 201 6452 3195 554 304 7746 1066 16 660 270 95042 8667 14 3330 4853 51489 21537 53900 201 8848 260 1888 34011 41151 295 260 26166 19900 16 3011 834 515 295 260 53582 14 1754 201 45182 89 14158 8599 513 41949 305 10180 14 554 513 270 71293 377 270 19951 28757 339 671 5613 51141 110278 8398 9575 295 13769 28428 14 3214 5159 14 1754 5159 28428 1960 201 1129 6192 15294 1747 1277 5476 99651 273 16 2566 16818 57715 305 31065 2281 270 201 72 39360 14 1539 5144 260 2562 943 270 7469 33935 16 5334 9575 2915 77603 1055 201 26758 6744 28 270 3605 294 260 92683 14 270 537 10592 32820 294 260 9778 14 270 1722 260 5823 201 2438 529 10083 1561 436 936 1047 31691 16056 339 4546 45366 270 3194 936 11300 418 82362 294 280 7002 14 32032 6103 14 49766 69943 14 305 201 39020 14692 16 58252 31004 3659 362 3853 560 1901 57715 34226 304 260 104614 201 50095 260 14560 396 8743 304 2334 59125 1750 1014 468 1094 1129 436 16 455 6949 201 27747 936 12852 1820 14 790 29780 12141 377 1082 14 832 1750 15391 53140 16789 260 201 59206 6857 305 53733 436 418 11198 339 47 3444 3825 5854 270 3799 11162 69 699 305 43697 270 2173 734 17229 2818 1055 270 201 61403 3578 86508 16 2566 18428 17229 2818 2455 16 45836 75950 2818 4127 201 6135 45386 14 58792 14 305 1482 995 37344 1060 969 16884 16 87986 201 60037 13721 30278 14 3825 1910 14 305 5750 3980 1936 7918 16243 339 35 15391 1520 77289 260 16110 295 16372 3345 14 790 9572 305 55288 881 554 18538 3737 14 832 110278 21168 1066 339 1124 270 16232 14 260 93437 362 270 113450 50565 1946 31744 270 15106 6337 603 42 97683 9023 260 71040 294 80005 9220 1407 270 18544 1901 16358 1733 201 12678 538 260 27640 11314 16 45789 936 28035 270 17408 2727 8295 377 270 52312 989 458 2038 1482 18288 943 3920 260 65326 17408 515 7837 304 366 7139 603 671 9517 40107 5827 1099 270 11219 339 671 86508 3997 2526 377 260 18496 16 110278 9026 436 37205 418 1234 11316 23441 201 5356 270 18992 16 2566 11516 995 48112 270 31363 44183 14 995 10274 270 201 94786 109871 14 305 995 16026 270 12070 4332 56295 16 455 58941 515 18715 201 25287 1082 270 6949 515 554 339 47 3444 1687 554 82406 270 10175 29 1225 5829 436 304 366 5418 304 1783 3859 16 10272 396 1975 11219 14 16358 515 14037 270 1167 10577 15311 16 110278 8398 270 18538 295 3345 14 9101 270 86508 362 260 4712 14 305 1539 10274 304 270 8577 73845 294 270 58523 339 16422 288 7068 260 12426 4213 305 270 5706 294 16056 8513 1902 6059 3234 834 1561 201 58264 16 657 5287 10082 7457 38271 1055 270 14677 14085 14 1479 270 9319 936 201 64583 15518 50093 3514 436 86456 39375 367 294 11128 16 489 59209 2006 260 6644 10549 201 84037 270 5823 305 83119 436 304 270 8806 6791 418 260 7155 396 1359 14 5880 989 4 23299 891 4331 47 3444 13577 270 39317 294 270 14085 418 270 86508 27546 304 969 15142 16 2566 201 18988 8838 396 2239 9616 25342 2455 6352 111461 3137 16 334 12070 201 10911 14 260 7956 12240 14 260 37370 2329 14 260 1167 14037 2503 27566 1137 47484 881 270 2924 396 3859 1960 4880 294 5675 3006 339 72829 13721 1561 44844 305 78756 1750 5706 295 15143 89 14158 16 27170 201 11475 21537 270 6326 1188 294 270 38398 114646 734 15391 14 11602 362 33926 601 14 995 936 201 42774 1559 362 260 26339 3825 45555 16 455 12505 56574 87934 295 280 22469 1154 1277 30525 201 9336 29780 1494 10965 16 5795 270 25131 14 270 115921 75496 418 5828 201 20850 481 339 47 3444 12652 42313 295 270 41273 4772 16 2566 15965 4371 260 41815 14 23047 436 989 458 10274 304 13769 28428 16 455 25550 86508 936 14376 9754 418 270 3469 1137 50219 9575 14 37266 14 1843 97989 14 110088 14 305 260 2767 9616 1225 79213 1353 201 32568 832 851 1114 554 1747 2727 2239 339 4690 1257 2900 270 58523 86456 294 38398 14 9641 14 305 110251 20928 16 58252 26577 201 1805 645 386 418 260 44056 6403 62339 1202 834 7931 14 30308 20408 336 75800 1960 260 201 113004 294 270 64383 15844 4851 270 7536 93324 16 71595 936 23865 304 11284 270 201 85 2960 14742 1936 69832 14 790 270 91731 47475 832 59143 396 6660 201 6452 3195 554 304 7746 1066 16 660 270 95042 8667 14 3330 4853 51489 21537 53900 201 8848 260 1888 34011 41151 295 260 26166 19900 16 3011 834 515 295 260 53582 14 1754 201 45182 89 14158 8599 513 41949 305 10180 14 554 513 270 71293 377 270 19951 28757 339 671 5613 51141 110278 8398 9575 295 13769 28428 14 3214 5159 14 1754 5159 28428 1960 201 1129 6192 15294 1747 1277 5476 99651 273 16 2566 16818 58252 305 71595 2281 270 201 72 39360 14 1539 5144 260 2562 943 270 7469 33935 16 5334 9575 2915 77603 1055 201 26758 6744 28 270 3605 294 260 92683 14 270 537 10592 32820 294 260 9778 14 270 1722 260 5823 201 2438 529 10083 1561 436 936 1047 31691 16056 339 4546 45366 270 3194 936 11300 418 82362 294 280 7002 14 32032 6103 14 49766 69943 14 305 201 39020 14692 16 55394 31004 3659 362 3853 560 1901 16358 34226 304 260 104614 201 50095 260 14560 396 8743 304 2334 59125 1750 1014 468 1094 1129 436 16 455 6949 201 27747 936 12852 1820 14 790 29780 12141 377 1082 14 832 1750 15391 53140 16789 260 201 59206 6857 305 53733 436 418 11198 339 47 3444 3825 5854 270 3799 11162 69 699 305 43697 270 2173 734 17229 2818 1055 270 201 61403 3578 86508 16 2566 18428 17229 2818 2455 16 45836 75950 2818 4127 201 6135 45386 14 58792 14 305 1482 995 37344 1060 969 16884 16 87986 201 60037 13721 30278 14 3825 1910 14 305 5750 3980 1936 7918 16243 339 1124 270 16232 14 260 93437 362 270 113450 50565 1946 31744 270 15106 6337 603 16874 2710 9023 260 71040 294 80005 9220 1407 270 18544 1901 79780 1733 201 12678 538 260 27640 11314 16 45789 936 28035 270 17408 2727 8295 377 270 52312 989 458 2038 1482 18288 943 3920 260 65326 17408 515 7837 304 366 7139 603 671 9517 40107 5827 1099 270 11219 339 671 86508 3997 2526 377 260 18496 16 110278 9026 436 37205 418 1234 11316 23441 201 5356 270 18992 16 2566 11516 995 48112 270 31363 44183 14 995 10274 270 201 94786 109871 14 305 995 16026 270 12070 4332 56295 16 455 58941 515 18715 201 25287 1082 270 6949 515 554 339 47 3444 7431 5524 6731 411 3072 110658 943 260 50645 3077 14 790 1225 26577 436 798 1754 436 515 554 411 18538 305 1687 554 9028 295 270 4087 2310 339 16422 288 7068 260 12426 4213 305 270 5706 294 16056 8513 1902 6059 3234 834 1561 201 58264 16 657 5287 10082 7457 38271 1055 270 14677 14085 14 1479 270 9319 936 201 64583 15518 50093 3514 436 86456 39375 367 294 11128 16 71595 2006 260 6644 10549 201 84037 270 5823 305 83119 436 304 270 8806 6791 418 260 7155 396 1359 14 5880 989 4 23299 891 4331 47 3444 13577 270 39317 294 270 14085 418 270 86508 27546 304 969 15142 16 2566 201 18988 8838 396 2239 9616 25342 2455 6352 111461 3137 16 334 12070 201 10911 14 260 7956 12240 14 260 37370 2329 14 260 1167 14037 2503 27566 1137 47484 881 270 2924 396 3859 1960 4880 294 5675 3006 339 72829 13721 1561 44844 305 78756 1750 5706 295 15143 89 14158 16 33926 601 201 11475 21537 270 6326 1188 294 270 38398 114646 734 15391 14 11602 362 57715 14 995 936 201 42774 1559 362 260 26339 3825 45555 16 455 12505 56574 87934 295 280 22469 1154 1277 30525 201 9336 29780 1494 10965 16 5795 270 25131 14 270 115921 75496 418 5828 201 20850 481 339 47 3444 12652 42313 295 270 41273 4772 16 2566 15965 4371 260 41815 14 23047 436 989 458 10274 304 13769 28428 16 455 25550 86508 936 14376 9754 418 270 3469 1137 50219 9575 14 37266 14 1843 97989 14 110088 14 305 260 2767 9616 1225 79213 1353 201 32568 832 851 1114 554 1747 2727 2239 339 4690 1257 2900 270 58523 86456 294 38398 14 9641 14 305 110251 20928 16 106044 26577 201 1805 645 386 418 260 44056 6403 62339 1202 834 7931 14 30308 20408 336 75800 1960 260 201 113004 294 270 64383 15844 4851 270 7536 93324 16 12741 4789 936 23865 304 11284 270 201 85 2960 14742 1936 69832 14 790 270 91731 47475 832 59143 396 6660 201 6452 3195 554 304 7746 1066 16 660 270 95042 8667 14 3330 4853 51489 21537 53900 201 8848 260 1888 34011 41151 295 260 26166 19900 16 3011 834 515 295 260 53582 14 1754 201 45182 89 14158 8599 513 41949 305 10180 14 554 513 270 71293 377 270 19951 28757 339 671 5613 51141 110278 8398 9575 295 13769 28428 14 3214 5159 14 1754 5159 28428 1960 201 1129 6192 15294 1747 1277 5476 99651 273 16 2566 16818 106044 305 12741 4789 2281 270 201 72 39360 14 1539 5144 260 2562 943 270 7469 33935 16 5334 9575 2915 77603 1055 201 26758 6744 28 270 3605 294 260 92683 14 270 537 10592 32820 294 260 9778 14 270 1722 260 5823 201 2438 529 10083 1561 436 936 1047 31691 16056 339 4546 45366 270 3194 936 11300 418 82362 294 280 7002 14 32032 6103 14 49766 69943 14 305 201 39020 14692 16 57715 31004 3659 362 3853 560 1901 106044 34226 304 260 104614 201 50095 260 14560 396 8743 304 2334 59125 1750 1014 468 1094 1129 436 16 455 6949 201 27747 936 12852 1820 14 790 29780 12141 377 1082 14 832 1750 15391 53140 16789 260 201 59206 6857 305 53733 436 418 11198 339 47 3444 3825 5854 270 3799 11162 69 699 305 43697 270 2173 734 17229 2818 1055 270 201 61403 3578 86508 16 2566 18428 17229 2818 2455 16 45836 75950 2818 4127 201 6135 45386 14 58792 14 305 1482 995 37344 1060 969 16884 16 87986 201 60037 13721 30278 14 3825 1910 14 305 5750 3980 1936 7918 16243 339 1124 270 16232 14 260 93437 362 270 113450 50565 1946 31744 270 15106 6337 603 100950 4789 9023 260 71040 294 80005 9220 1407 270 18544 1901 27170 1733 201 12678 538 260 27640 11314 16 45789 936 28035 270 17408 2727 8295 377 270 52312 989 458 2038 1482 18288 943 3920 260 65326 17408 515 7837 304 366 7139 603 671 9517 40107 5827 1099 270 11219 339 671 86508 3997 2526 377 260 18496 16 110278 9026 436 37205 418 1234 11316 23441 201 5356 270 18992 16 2566 11516 995 48112 270 31363 44183 14 995 10274 270 201 94786 109871 14 305 995 16026 270 12070 4332 56295 16 455 58941 515 18715 201 25287 1082 270 6949 515 554 339 35 15391 1520 77289 260 16110 295 16372 3345 14 790 9572 305 55288 881 554 18538 3737 14 832 110278 21168 1066 339 16422 288 7068 260 12426 4213 305 270 5706 294 16056 8513 1902 6059 3234 834 1561 201 58264 16 16358 10082 7457 38271 1055 270 14677 14085 14 1479 270 9319 936 201 64583 15518 50093 3514 436 86456 39375 367 294 11128 16 82146 2006 260 6644 10549 201 84037 270 5823 305 83119 436 304 270 8806 6791 418 260 7155 396 1359 14 5880 989 4 23299 891 4331 47 3444 13577 270 39317 294 270 14085 418 270 86508 27546 304 969 15142 16 2566 201 18988 8838 396 2239 9616 25342 2455 6352 111461 3137 16 334 12070 201 10911 14 260 7956 12240 14 260 37370 2329 14 260 1167 14037 2503 27566 1137 47484 881 270 2924 396 3859 1960 4880 294 5675 3006 339 671 17132 515 19441 4387 14 1539 44056 1055 270 2591 294 270 2173 734 2818 16 10272 396 1975 11219 14 31065 515 14037 270 1167 12099 15171 16 110278 8398 270 18538 295 3345 14 9101 270 86508 362 260 4712 14 305 1539 10274 304 270 8577 73845 294 270 58523 339 72829 13721 1561 44844 305 78756 1750 5706 295 15143 89 14158 16 71595 201 11475 21537 270 6326 1188 294 270 38398 114646 734 15391 14 11602 362 38798 14 995 936 201 42774 1559 362 260 26339 3825 45555 16 455 12505 56574 87934 295 280 22469 1154 1277 30525 201 9336 29780 1494 10965 16 5795 270 25131 14 270 115921 75496 418 5828 201 20850 481 339 47 3444 12652 42313 295 270 41273 4772 16 2566 15965 4371 260 41815 14 23047 436 989 458 10274 304 13769 28428 16 455 25550 86508 936 14376 9754 418 270 3469 1137 50219 9575 14 37266 14 1843 97989 14 110088 14 305 260 2767 9616 1225 79213 1353 201 32568 832 851 1114 554 1747 2727 2239 339 4690 1257 2900 270 58523 86456 294 38398 14 9641 14 305 110251 20928 16 71595 26577 201 1805 645 386 418 260 44056 6403 62339 1202 834 7931 14 30308 20408 336 75800 1960 260 201 113004 294 270 64383 15844 4851 270 7536 93324 16 106044 936 23865 304 11284 270 201 85 2960 14742 1936 69832 14 790 270 91731 47475 832 59143 396 6660 201 6452 3195 554 304 7746 1066 16 660 270 95042 8667 14 3330 4853 51489 21537 53900 201 8848 260 1888 34011 41151 295 260 26166 19900 16 3011 834 515 295 260 53582 14 1754 201 45182 89 14158 8599 513 41949 305 10180 14 554 513 270 71293 377 270 19951 28757 339 671 5613 51141 110278 8398 9575 295 13769 28428 14 3214 5159 14 1754 5159 28428 1960 201 1129 6192 15294 1747 1277 5476 99651 273 16 2566 16818 71595 305 106044 2281 270 201 72 39360 14 1539 5144 260 2562 943 270 7469 33935 16 5334 9575 2915 77603 1055 201 26758 6744 28 270 3605 294 260 92683 14 270 537 10592 32820 294 260 9778 14 270 1722 260 5823 201 2438 529 10083 1561 436 936 1047 31691 16056 339 4546 45366 270 3194 936 11300 418 82362 294 280 7002 14 32032 6103 14 49766 69943 14 305 201 39020 14692 16 82146 31004 3659 362 3853 560 1901 657 5287 34226 304 260 104614 201 50095 260 14560 396 8743 304 2334 59125 1750 1014 468 1094 1129 436 16 455 6949 201 27747 936 12852 1820 14 790 29780 12141 377 1082 14 832 1750 15391 53140 16789 260 201 59206 6857 305 53733 436 418 11198 339 47 3444 3825 5854 270 3799 11162 69 699 305 43697 270 2173 734 17229 2818 1055 270 201 61403 3578 86508 16 2566 18428 17229 2818 2455 16 45836 75950 2818 4127 201 6135 45386 14 58792 14 305 1482 995 37344 1060 969 16884 16 87986 201 60037 13721 30278 14 3825 1910 14 305 5750 3980 1936 7918 16243 339 47 3444 7431 5524 6731 411 3072 110658 943 260 50645 3077 14 790 1225 26577 436 798 1754 436 515 554 411 18538 305 1687 554 9028 295 270 4087 2310 339 1124 270 16232 14 260 93437 362 270 113450 50565 1946 31744 270 15106 6337 603 45 5287 9023 260 71040 294 80005 9220 1407 270 18544 1901 33926 601 1733 201 12678 538 260 27640 11314 16 45789 936 28035 270 17408 2727 8295 377 270 52312 989 458 2038 1482 18288 943 3920 260 65326 17408 515 7837 304 366 7139 603 671 9517 40107 5827 1099 270 11219 339 671 86508 3997 2526 377 260 18496 16 110278 9026 436 37205 418 1234 11316 23441 201 5356 270 18992 16 2566 11516 995 48112 270 31363 44183 14 995 10274 270 201 94786 109871 14 305 995 16026 270 12070 4332 56295 16 455 58941 515 18715 201 25287 1082 270 6949 515 554 339 16422 288 7068 260 12426 4213 305 270 5706 294 16056 8513 1902 6059 3234 834 1561 201 58264 16 71595 10082 7457 38271 1055 270 14677 14085 14 1479 270 9319 936 201 64583 15518 50093 3514 436 86456 39375 367 294 11128 16 657 5287 2006 260 6644 10549 201 84037 270 5823 305 83119 436 304 270 8806 6791 418 260 7155 396 1359 14 5880 989 4 23299 891 4331 47 3444 13577 270 39317 294 270 14085 418 270 86508 27546 304 969 15142 16 2566 201 18988 8838 396 2239 9616 25342 2455 6352 111461 3137 16 334 12070 201 10911 14 260 7956 12240 14 260 37370 2329 14 260 1167 14037 2503 27566 1137 47484 881 270 2924 396 3859 1960 4880 294 5675 3006 339 72829 13721 1561 44844 305 78756 1750 5706 295 15143 89 14158 16 12741 4789 201 11475 21537 270 6326 1188 294 270 38398 114646 734 15391 14 11602 362 57715 14 995 936 201 42774 1559 362 260 26339 3825 45555 16 455 12505 56574 87934 295 280 22469 1154 1277 30525 201 9336 29780 1494 10965 16 5795 270 25131 14 270 115921 75496 418 5828 201 20850 481 339 47 3444 12652 42313 295 270 41273 4772 16 2566 15965 4371 260 41815 14 23047 436 989 458 10274 304 13769 28428 16 455 25550 86508 936 14376 9754 418 270 3469 1137 50219 9575 14 37266 14 1843 97989 14 110088 14 305 260 2767 9616 1225 79213 1353 201 32568 832 851 1114 554 1747 2727 2239 339 4690 1257 2900 270 58523 86456 294 38398 14 9641 14 305 110251 20928 16 58252 26577 201 1805 645 386 418 260 44056 6403 62339 1202 834 7931 14 30308 20408 336 75800 1960 260 201 113004 294 270 64383 15844 4851 270 7536 93324 16 57715 936 23865 304 11284 270 201 85 2960 14742 1936 69832 14 790 270 91731 47475 832 59143 396 6660 201 6452 3195 554 304 7746 1066 16 660 270 95042 8667 14 3330 4853 51489 21537 53900 201 8848 260 1888 34011 41151 295 260 26166 19900 16 3011 834 515 295 260 53582 14 1754 201 45182 89 14158 8599 513 41949 305 10180 14 554 513 270 71293 377 270 19951 28757 339 671 5613 51141 110278 8398 9575 295 13769 28428 14 3214 5159 14 1754 5159 28428 1960 201 1129 6192 15294 1747 1277 5476 99651 273 16 2566 16818 58252 305 57715 2281 270 201 72 39360 14 1539 5144 260 2562 943 270 7469 33935 16 5334 9575 2915 77603 1055 201 26758 6744 28 270 3605 294 260 92683 14 270 537 10592 32820 294 260 9778 14 270 1722 260 5823 201 2438 529 10083 1561 436 936 1047 31691 16056 339 4546 45366 270 3194 936 11300 418 82362 294 280 7002 14 32032 6103 14 49766 69943 14 305 201 39020 14692 16 58252 31004 3659 362 3853 560 1901 27170 34226 304 260 104614 201 50095 260 14560 396 8743 304 2334 59125 1750 1014 468 1094 1129 436 16 455 6949 201 27747 936 12852 1820 14 790 29780 12141 377 1082 14 832 1750 15391 53140 16789 260 201 59206 6857 305 53733 436 418 11198 339 47 3444 3825 5854 270 3799 11162 69 699 305 43697 270 2173 734 17229 2818 1055 270 201 61403 3578 86508 16 2566 18428 17229 2818 2455 16 45836 75950 2818 4127 201 6135 45386 14 58792 14 305 1482 995 37344 1060 969 16884 16 87986 201 60037 13721 30278 14 3825 1910 14 305 5750 3980 1936 7918 16243 339 1124 270 16232 14 260 93437 362 270 113450 50565 1946 31744 270 15106 6337 603 3346 3444 9023 260 71040 294 80005 9220 1407 270 18544 1901 57715 1733 201 12678 538 260 27640 11314 16 45789 936 28035 270 17408 2727 8295 377 270 52312 989 458 2038 1482 18288 943 3920 260 65326 17408 515 7837 304 366 7139 603 671 9517 40107 5827 1099 270 11219 339 671 86508 3997 2526 377 260 18496 16 110278 9026 436 37205 418 1234 11316 23441 201 5356 270 18992 16 2566 11516 995 48112 270 31363 44183 14 995 10274 270 201 94786 109871 14 305 995 16026 270 12070 4332 56295 16 455 58941 515 18715 201 25287 1082 270 6949 515 554 339 16422 288 7068 260 12426 4213 305 270 5706 294 16056 8513 1902 6059 3234 834 1561 201 58264 16 106044 10082 7457 38271 1055 270 14677 14085 14 1479 270 9319 936 201 64583 15518 50093 3514 436 86456 39375 367 294 11128 16 27170 2006 260 6644 10549 201 84037 270 5823 305 83119 436 304 270 8806 6791 418 260 7155 396 1359 14 5880 989 4 23299 891 4331 47 3444 13577 270 39317 294 270 14085 418 270 86508 27546 304 969 15142 16 2566 201 18988 8838 396 2239 9616 25342 2455 6352 111461 3137 16 334 12070 201 10911 14 260 7956 12240 14 260 37370 2329 14 260 1167 14037 2503 27566 1137 47484 881 270 2924 396 3859 1960 4880 294 5675 3006 339 35 15391 1520 77289 260 16110 295 16372 3345 14 790 9572 305 55288 881 554 18538 3737 14 832 110278 21168 1066 339 44953 271 101859 1387 270 4093 832 3706 16 128804 128822 | 5328 3706 14 270 4093 7226 270 17229 44258 294 15143 89 14158 1407 12529 3137 28 58523 28483 14 3194 51150 14 37266 14 1946 56573 1290 14 86508 9575 14 305 13044 77693 16 110278 14 270 5613 51141 14 10087 15699 5516 295 13769 28428 305 39342 12426 6744 412 2239 3980 339 671 3077 18538 3737 10844 832 3706 477
1007 13:03:46 ds4-server: metal 4 at request end: 3150 commits, 3150 feedback, 0 errors, residency 0 entries 0.0 MiB
1007 13:03:46 ds4-server: router finalize so far: 6792 fused, 80 generic, 80 fallback; compare 0 calls, mismatches 0 probs 0 ids 0 weights
1007 13:03:46 ds4-server: transition compare words differing so far: mix 0 split 0 sum 0 norm 0 residual 0 pre 0 kv 0 window 0 low 0 rows 0 expand 0 expand-sum 0 expand-norm 0 route-proj 0 route-select 0, over 0 comparisons
1007 13:03:46 ds4-server: chat ctx=0..4781:4781 gen=64 finish=length 40.553s
1007 13:03:46 ds4-server: shutdown requested, draining requests
ds4: Metal cleanup discarded 1 live tensor handles
ds4: memory budget: peak 80.00 GiB allocated of 80.00 GiB; 0 slab(s) given back, 0 allocation(s) refused, cache growth stopped 1153 time(s)
ds4: expert directory: 0 pinned hits, 0 cache hits, 12418 loads; 0 address mismatches, 0 missing with a non-zero slot, 0 selected and missing; 0 pinned experts given back to the budget
