ds4: abort gate on for the first 40 layers
ds4: Metal device Apple M5 Max, 128.00 GiB RAM
ds4: Metal 4 tensor API enabled for Tensor kernels
ds4: drift-patch flags hc_stable=on norm_unify=on kv_raw_f32=off rope_exp2_log2=off math_safe=off tensor_matmul=on
ds4: V4.1 SSD cache fitted from 10268 to 7034 experts for context/runtime headroom
ds4: Metal backend: Metal 4
ds4: Metal SSD streaming mode enabled; full model residency and warmup are skipped
ds4: metal SSD streaming cache target 65.20 GiB; effective 65.20 GiB = 7.12 GiB prefill headroom + 58.08 GiB dynamic cache (6266 experts, 9.49 MiB each)
ds4: Metal SSD static weights locked 9.37 GiB; pageable 0.00 GiB
ds4: SSD streaming initial metal model map (569 spans, 9.37 GiB tensor span)
ds4: metal backend initialized for graph diagnostics
ds4: expert cache prewarmed from the built-in V4.1 hotlist: 6264 experts (0 failed), 58.07 GiB in 6.09 s; stopped where the cache was full
ds4: memory: KV 0.06 GiB (raw 0.01 + compressed 0.05) + buffers 3.36 GiB + resident model 9.37 GiB + expert cache 58.08 GiB + prefill expert reserve 7.12 GiB = 77.99 GiB planned
ds4: memory detail: ctx=8192 prefill_cap=4096 raw_kv_rows=128 compressed_kv_rows=8193 backend=metal
1007 12:56:01 ds4-server: context buffers 3503.03 MiB (ctx=8192, backend=metal, prefill_chunk=4096, raw_kv_rows=128, compressed_kv_rows=8193)
ds4: V4.1 executor ABI 3, arena align 256, rev d767aa9a8a34, built Oct  7 2026 10:57:21
ds4: V4.1 static context buffers 3503.03 MiB (ctx=8192), Engram disk-only
1007 12:56:01 ds4-server: listening on http://127.0.0.1:8031
1007 12:56:01 ds4-server: chat ctx=0..4781:4781 prompt start
1007 12:56:01 ds4-server: metal 4 at request start: 0 commits, 0 feedback, 0 errors, residency 0 entries 0.0 MiB
ds4: Metal streaming prefill layer pread layer=0 tokens=2048 threads=8 ranges=104 bytes=4.96 GiB wait=212.356 ms thread=212.362 ms read=4.96 GiB ok=1
ds4: V4.1 prefill layer=0 pos=0 rows=4096 encoder_resident=0 map=214.045 engram=0.000 encode=187.352 drain=304.334 seed=6.254 ms
ds4: V4.1 K-block effective configuration: rows=685 exact_vocab=0 head_tile=0 dense_tile=4 block_kv=1 block_levels=1 block_attn_k=0 block_attn_raw=0 block_low_batch=0 block_attn=0 batch_fuse=0 batch_attn_out=1 batch_stream_experts=1 row_gather=1 moe_expert_major=0 block_txn=0 row_logits_readback=0
ds4: V4.1 block-local KV delta, 685 rows over 127 prefix keys
ds4: V4.1 batch attn_output_b hoisted out of the per-row loop (685 rows)
ds4: V4.1 routed gate/up encode: ds4_gpu_encode_mul_mv_addr_iq2_pair_swiglu
ds4: V4.1 io tail turn=1 start=524913.224440 end=524916.297987
ds4: Metal streaming prefill layer pread layer=1 tokens=2048 threads=8 ranges=96 bytes=4.02 GiB wait=0.031 ms thread=262.770 ms read=4.02 GiB ok=1
ds4: V4.1 io layer=1 issued=524912.665981 join=524916.298025 joined=524916.298062
ds4: V4.1 prefill layer=1 pos=0 rows=4096 encoder_resident=0 map=0.349 engram=0.000 encode=379.384 drain=179.047 seed=6.499 ms
ds4: V4.1 io tail turn=2 start=524916.879710 end=524917.261853
ds4: Metal streaming prefill layer pread layer=2 tokens=2048 threads=8 ranges=112 bytes=3.75 GiB wait=0.027 ms thread=275.847 ms read=3.75 GiB ok=1
ds4: V4.1 io layer=2 issued=524916.298374 join=524917.261897 joined=524917.261930
ds4: V4.1 prefill layer=2 pos=0 rows=4096 encoder_resident=0 map=0.328 engram=0.000 encode=305.466 drain=269.552 seed=6.799 ms
ds4: V4.1 block attention by level, 685 rows, concurrent section open
ds4: V4.1 io tail turn=3 start=524917.845847 end=524918.230049
ds4: Metal streaming prefill layer pread layer=3 tokens=2048 threads=8 ranges=96 bytes=3.73 GiB wait=0.071 ms thread=280.140 ms read=3.73 GiB ok=1
ds4: V4.1 io layer=3 issued=524917.262225 join=524918.230096 joined=524918.230173
ds4: V4.1 prefill layer=3 pos=0 rows=4096 encoder_resident=0 map=0.439 engram=0.000 encode=213.084 drain=387.429 seed=9.921 ms
ds4: V4.1 io tail turn=4 start=524918.842886 end=524919.189170
ds4: Metal streaming prefill layer pread layer=4 tokens=2048 threads=8 ranges=96 bytes=3.73 GiB wait=0.033 ms thread=295.399 ms read=3.73 GiB ok=1
ds4: V4.1 io layer=4 issued=524918.230534 join=524919.189203 joined=524919.189242
ds4: V4.1 prefill layer=4 pos=0 rows=4096 encoder_resident=0 map=0.410 engram=0.000 encode=382.124 drain=542.478 seed=12.310 ms
ds4: V4.1 io tail turn=5 start=524920.128565 end=524920.552093
ds4: Metal streaming prefill layer pread layer=5 tokens=2048 threads=8 ranges=96 bytes=3.73 GiB wait=0.051 ms thread=383.112 ms read=3.73 GiB ok=1
ds4: V4.1 io layer=5 issued=524919.189613 join=524920.552134 joined=524920.552190
ds4: V4.1 prefill layer=5 pos=0 rows=4096 encoder_resident=0 map=0.434 engram=0.000 encode=365.145 drain=517.306 seed=33.609 ms
ds4: V4.1 io tail turn=6 start=524921.471076 end=524921.877223
ds4: Metal streaming prefill layer pread layer=6 tokens=2048 threads=8 ranges=96 bytes=3.73 GiB wait=0.041 ms thread=447.249 ms read=3.73 GiB ok=1
ds4: V4.1 io layer=6 issued=524920.552567 join=524921.877264 joined=524921.877315
ds4: V4.1 prefill layer=6 pos=0 rows=4096 encoder_resident=0 map=0.380 engram=0.000 encode=348.702 drain=416.697 seed=13.574 ms
ds4: V4.1 io tail turn=7 start=524922.658772 end=524923.041469
ds4: Metal streaming prefill layer pread layer=7 tokens=2048 threads=8 ranges=96 bytes=3.73 GiB wait=0.033 ms thread=329.413 ms read=3.73 GiB ok=1
ds4: V4.1 io layer=7 issued=524921.877643 join=524923.041509 joined=524923.041548
ds4: V4.1 prefill layer=7 pos=0 rows=4096 encoder_resident=0 map=0.380 engram=0.001 encode=332.741 drain=430.125 seed=16.788 ms
ds4: V4.1 io tail turn=8 start=524923.823513 end=524924.217780
ds4: Metal streaming prefill layer pread layer=8 tokens=2048 threads=8 ranges=112 bytes=3.75 GiB wait=0.033 ms thread=347.805 ms read=3.75 GiB ok=1
ds4: V4.1 io layer=8 issued=524923.041889 join=524924.217897 joined=524924.217938
ds4: V4.1 prefill layer=8 pos=0 rows=4096 encoder_resident=0 map=0.401 engram=0.000 encode=594.820 drain=404.173 seed=23.271 ms
ds4: V4.1 io tail turn=9 start=524925.242995 end=524925.733307
ds4: Metal streaming prefill layer pread layer=9 tokens=2048 threads=8 ranges=96 bytes=3.73 GiB wait=0.060 ms thread=325.779 ms read=3.73 GiB ok=1
ds4: V4.1 io layer=9 issued=524924.218298 join=524925.733342 joined=524925.733408
ds4: V4.1 prefill layer=9 pos=0 rows=4096 encoder_resident=0 map=0.431 engram=0.000 encode=307.163 drain=408.477 seed=14.925 ms
ds4: V4.1 io tail turn=10 start=524926.466988 end=524926.852269
ds4: Metal streaming prefill layer pread layer=10 tokens=2048 threads=8 ranges=96 bytes=3.73 GiB wait=0.034 ms thread=436.752 ms read=3.73 GiB ok=1
ds4: V4.1 io layer=10 issued=524925.733773 join=524926.852315 joined=524926.852355
ds4: V4.1 prefill layer=10 pos=0 rows=4096 encoder_resident=0 map=0.361 engram=0.000 encode=354.026 drain=409.902 seed=16.282 ms
ds4: V4.1 io tail turn=11 start=524927.635535 end=524928.054262
ds4: Metal streaming prefill layer pread layer=11 tokens=2048 threads=8 ranges=96 bytes=3.73 GiB wait=0.033 ms thread=344.621 ms read=3.73 GiB ok=1
ds4: V4.1 io layer=11 issued=524926.852676 join=524928.054306 joined=524928.054346
ds4: V4.1 prefill layer=11 pos=0 rows=4096 encoder_resident=0 map=0.367 engram=0.000 encode=346.081 drain=441.545 seed=13.218 ms
ds4: V4.1 io tail turn=12 start=524928.857748 end=524929.245496
ds4: Metal streaming prefill layer pread layer=12 tokens=2048 threads=8 ranges=96 bytes=3.73 GiB wait=0.045 ms thread=526.229 ms read=3.73 GiB ok=1
ds4: V4.1 io layer=12 issued=524928.054672 join=524929.245552 joined=524929.245603
ds4: V4.1 prefill layer=12 pos=0 rows=4096 encoder_resident=0 map=0.564 engram=0.000 encode=348.299 drain=440.294 seed=16.579 ms
ds4: V4.1 io tail turn=13 start=524930.053258 end=524930.475270
ds4: Metal streaming prefill layer pread layer=13 tokens=2048 threads=8 ranges=96 bytes=3.73 GiB wait=0.038 ms thread=336.659 ms read=3.73 GiB ok=1
ds4: V4.1 io layer=13 issued=524929.246115 join=524930.475316 joined=524930.475359
ds4: V4.1 prefill layer=13 pos=0 rows=4096 encoder_resident=0 map=0.380 engram=0.001 encode=353.882 drain=427.817 seed=15.354 ms
ds4: V4.1 io tail turn=14 start=524931.275020 end=524931.667888
ds4: Metal streaming prefill layer pread layer=14 tokens=2048 threads=8 ranges=112 bytes=4.04 GiB wait=0.047 ms thread=445.591 ms read=4.04 GiB ok=1
ds4: V4.1 io layer=14 issued=524930.475696 join=524931.667914 joined=524931.667976
ds4: V4.1 prefill layer=14 pos=0 rows=4096 encoder_resident=0 map=0.425 engram=0.001 encode=688.041 drain=400.106 seed=14.598 ms
ds4: V4.1 io tail turn=15 start=524932.773271 end=524933.520110
ds4: Metal streaming prefill layer pread layer=15 tokens=2048 threads=8 ranges=96 bytes=3.73 GiB wait=0.025 ms thread=366.267 ms read=3.73 GiB ok=1
ds4: V4.1 io layer=15 issued=524931.668339 join=524933.520148 joined=524933.520179
ds4: V4.1 prefill layer=15 pos=0 rows=4096 encoder_resident=0 map=0.341 engram=0.000 encode=326.604 drain=443.273 seed=13.889 ms
ds4: V4.1 io tail turn=16 start=524934.306474 end=524934.710518
ds4: Metal streaming prefill layer pread layer=16 tokens=2048 threads=8 ranges=96 bytes=3.73 GiB wait=0.032 ms thread=376.206 ms read=3.73 GiB ok=1
ds4: V4.1 io layer=16 issued=524933.520489 join=524934.710552 joined=524934.710592
ds4: V4.1 prefill layer=16 pos=0 rows=4096 encoder_resident=0 map=0.358 engram=0.000 encode=354.687 drain=443.842 seed=14.888 ms
ds4: V4.1 io tail turn=17 start=524935.526503 end=524935.975860
ds4: Metal streaming prefill layer pread layer=17 tokens=2048 threads=8 ranges=96 bytes=3.73 GiB wait=0.034 ms thread=325.606 ms read=3.73 GiB ok=1
ds4: V4.1 io layer=17 issued=524934.710910 join=524935.975954 joined=524935.975996
ds4: V4.1 prefill layer=17 pos=0 rows=4096 encoder_resident=0 map=0.355 engram=0.000 encode=367.284 drain=434.311 seed=15.282 ms
ds4: V4.1 io tail turn=18 start=524936.795672 end=524937.198659
ds4: Metal streaming prefill layer pread layer=18 tokens=2048 threads=8 ranges=96 bytes=3.73 GiB wait=0.029 ms thread=328.733 ms read=3.73 GiB ok=1
ds4: V4.1 io layer=18 issued=524935.976309 join=524937.198690 joined=524937.198729
ds4: V4.1 prefill layer=18 pos=0 rows=4096 encoder_resident=0 map=0.400 engram=0.001 encode=374.000 drain=471.917 seed=16.014 ms
ds4: V4.1 io tail turn=19 start=524938.063037 end=524938.498387
ds4: Metal streaming prefill layer pread layer=19 tokens=2048 threads=8 ranges=96 bytes=3.73 GiB wait=0.037 ms thread=368.310 ms read=3.73 GiB ok=1
ds4: V4.1 io layer=19 issued=524937.199090 join=524938.498423 joined=524938.498468
ds4: V4.1 prefill layer=19 pos=0 rows=4096 encoder_resident=0 map=0.387 engram=0.000 encode=363.107 drain=456.207 seed=14.175 ms
ds4: V4.1 io tail turn=20 start=524939.335016 end=524939.749069
ds4: Metal streaming prefill layer pread layer=20 tokens=2048 threads=8 ranges=112 bytes=3.74 GiB wait=0.032 ms thread=332.809 ms read=3.74 GiB ok=1
ds4: V4.1 io layer=20 issued=524938.498806 join=524939.749109 joined=524939.749146
ds4: V4.1 prefill layer=20 pos=0 rows=4096 encoder_resident=0 map=0.384 engram=0.000 encode=705.659 drain=511.967 seed=15.696 ms
ds4: V4.1 io tail turn=21 start=524940.984976 end=524941.479209
ds4: Metal streaming prefill layer pread layer=21 tokens=2048 threads=8 ranges=96 bytes=3.73 GiB wait=0.029 ms thread=413.268 ms read=3.73 GiB ok=1
ds4: V4.1 io layer=21 issued=524939.749493 join=524941.479238 joined=524941.479272
ds4: V4.1 prefill layer=21 pos=0 rows=4096 encoder_resident=0 map=0.344 engram=0.000 encode=337.156 drain=453.185 seed=15.322 ms
ds4: V4.1 io tail turn=22 start=524942.287204 end=524942.703265
ds4: Metal streaming prefill layer pread layer=22 tokens=2048 threads=8 ranges=96 bytes=3.73 GiB wait=0.049 ms thread=376.126 ms read=3.73 GiB ok=1
ds4: V4.1 io layer=22 issued=524941.479582 join=524942.703305 joined=524942.703362
ds4: V4.1 prefill layer=22 pos=0 rows=4096 encoder_resident=0 map=0.495 engram=0.001 encode=394.715 drain=453.083 seed=17.268 ms
ds4: V4.1 io tail turn=23 start=524943.571198 end=524943.989741
ds4: Metal streaming prefill layer pread layer=23 tokens=2048 threads=8 ranges=96 bytes=3.73 GiB wait=0.031 ms thread=346.143 ms read=3.73 GiB ok=1
ds4: V4.1 io layer=23 issued=524942.703800 join=524943.989778 joined=524943.989814
ds4: V4.1 prefill layer=23 pos=0 rows=4096 encoder_resident=0 map=0.368 engram=0.000 encode=390.073 drain=443.450 seed=15.940 ms
ds4: V4.1 io tail turn=24 start=524944.841897 end=524945.279058
ds4: Metal streaming prefill layer pread layer=24 tokens=2048 threads=8 ranges=96 bytes=3.74 GiB wait=0.040 ms thread=369.700 ms read=3.74 GiB ok=1
ds4: V4.1 io layer=24 issued=524943.990145 join=524945.279085 joined=524945.279129
ds4: V4.1 prefill layer=24 pos=0 rows=4096 encoder_resident=0 map=0.368 engram=0.000 encode=534.397 drain=492.378 seed=20.112 ms
ds4: V4.1 io tail turn=25 start=524946.328607 end=524946.819249
ds4: Metal streaming prefill layer pread layer=25 tokens=2048 threads=8 ranges=96 bytes=3.73 GiB wait=0.034 ms thread=363.666 ms read=3.73 GiB ok=1
ds4: V4.1 io layer=25 issued=524945.279453 join=524946.819287 joined=524946.819326
ds4: V4.1 prefill layer=25 pos=0 rows=4096 encoder_resident=0 map=0.367 engram=0.002 encode=351.555 drain=468.196 seed=22.082 ms
ds4: V4.1 io tail turn=26 start=524947.664027 end=524948.068199
ds4: Metal streaming prefill layer pread layer=26 tokens=2048 threads=8 ranges=96 bytes=3.73 GiB wait=0.043 ms thread=530.683 ms read=3.73 GiB ok=1
ds4: V4.1 io layer=26 issued=524946.819653 join=524948.068237 joined=524948.068288
ds4: V4.1 prefill layer=26 pos=0 rows=4096 encoder_resident=0 map=0.409 engram=0.001 encode=366.886 drain=451.524 seed=22.836 ms
ds4: V4.1 io tail turn=27 start=524948.912458 end=524949.363241
ds4: Metal streaming prefill layer pread layer=27 tokens=2048 threads=8 ranges=96 bytes=3.73 GiB wait=0.039 ms thread=336.706 ms read=3.73 GiB ok=1
ds4: V4.1 io layer=27 issued=524948.068645 join=524949.363274 joined=524949.363318
ds4: V4.1 prefill layer=27 pos=0 rows=4096 encoder_resident=0 map=12.781 engram=0.000 encode=383.209 drain=460.851 seed=22.514 ms
ds4: V4.1 io tail turn=28 start=524950.244592 end=524950.675569
ds4: Metal streaming prefill layer pread layer=28 tokens=2048 threads=8 ranges=96 bytes=3.74 GiB wait=0.030 ms thread=375.343 ms read=3.74 GiB ok=1
ds4: V4.1 io layer=28 issued=524949.376055 join=524950.675591 joined=524950.675627
ds4: V4.1 prefill layer=28 pos=0 rows=4096 encoder_resident=0 map=0.355 engram=0.000 encode=528.623 drain=449.698 seed=16.782 ms
ds4: V4.1 io tail turn=29 start=524951.673244 end=524952.186830
ds4: Metal streaming prefill layer pread layer=29 tokens=2048 threads=8 ranges=96 bytes=3.73 GiB wait=0.035 ms thread=344.664 ms read=3.73 GiB ok=1
ds4: V4.1 io layer=29 issued=524950.675946 join=524952.186871 joined=524952.186918
ds4: V4.1 prefill layer=29 pos=0 rows=4096 encoder_resident=0 map=0.374 engram=0.000 encode=372.071 drain=462.346 seed=21.861 ms
ds4: V4.1 io tail turn=30 start=524953.045832 end=524953.481048
ds4: Metal streaming prefill layer pread layer=30 tokens=2048 threads=8 ranges=96 bytes=3.73 GiB wait=0.044 ms thread=357.818 ms read=3.73 GiB ok=1
ds4: V4.1 io layer=30 issued=524952.187245 join=524953.481092 joined=524953.481142
ds4: V4.1 prefill layer=30 pos=0 rows=4096 encoder_resident=0 map=0.405 engram=0.000 encode=391.167 drain=481.285 seed=23.547 ms
ds4: V4.1 io tail turn=31 start=524954.379994 end=524954.828697
ds4: Metal streaming prefill layer pread layer=31 tokens=2048 threads=8 ranges=96 bytes=3.73 GiB wait=0.047 ms thread=382.982 ms read=3.73 GiB ok=1
ds4: V4.1 io layer=31 issued=524953.481497 join=524954.828734 joined=524954.828788
ds4: V4.1 prefill layer=31 pos=0 rows=4096 encoder_resident=0 map=0.416 engram=0.000 encode=400.139 drain=476.328 seed=41.734 ms
ds4: V4.1 io tail turn=32 start=524955.750050 end=524956.187793
ds4: Metal streaming prefill layer pread layer=32 tokens=2048 threads=8 ranges=96 bytes=3.74 GiB wait=0.033 ms thread=362.476 ms read=3.74 GiB ok=1
ds4: V4.1 io layer=32 issued=524954.829150 join=524956.187830 joined=524956.187868
ds4: V4.1 prefill layer=32 pos=0 rows=4096 encoder_resident=0 map=0.375 engram=0.000 encode=525.571 drain=502.767 seed=23.355 ms
ds4: V4.1 io tail turn=33 start=524957.242322 end=524957.761766
ds4: Metal streaming prefill layer pread layer=33 tokens=2048 threads=8 ranges=96 bytes=3.73 GiB wait=0.045 ms thread=463.864 ms read=3.73 GiB ok=1
ds4: V4.1 io layer=33 issued=524956.188205 join=524957.761838 joined=524957.761891
ds4: V4.1 prefill layer=33 pos=0 rows=4096 encoder_resident=0 map=0.518 engram=0.000 encode=371.962 drain=473.333 seed=22.482 ms
ds4: V4.1 io tail turn=34 start=524958.632227 end=524959.056766
ds4: Metal streaming prefill layer pread layer=34 tokens=2048 threads=8 ranges=96 bytes=3.73 GiB wait=0.040 ms thread=342.954 ms read=3.73 GiB ok=1
ds4: V4.1 io layer=34 issued=524957.762354 join=524959.056796 joined=524959.056842
ds4: V4.1 prefill layer=34 pos=0 rows=4096 encoder_resident=0 map=0.424 engram=0.000 encode=435.339 drain=470.280 seed=26.867 ms
ds4: V4.1 io tail turn=35 start=524959.992175 end=524960.453832
ds4: Metal streaming prefill layer pread layer=35 tokens=2048 threads=8 ranges=96 bytes=3.73 GiB wait=0.046 ms thread=354.413 ms read=3.73 GiB ok=1
ds4: V4.1 io layer=35 issued=524959.057219 join=524960.453867 joined=524960.453918
ds4: V4.1 prefill layer=35 pos=0 rows=4096 encoder_resident=0 map=0.371 engram=0.000 encode=408.422 drain=470.572 seed=24.983 ms
ds4: V4.1 io tail turn=36 start=524961.360278 end=524961.822235
ds4: Metal streaming prefill layer pread layer=36 tokens=2048 threads=8 ranges=96 bytes=3.74 GiB wait=0.052 ms thread=383.544 ms read=3.74 GiB ok=1
ds4: V4.1 io layer=36 issued=524960.454238 join=524961.822275 joined=524961.822332
ds4: V4.1 prefill layer=36 pos=0 rows=4096 encoder_resident=0 map=0.440 engram=0.000 encode=559.497 drain=476.352 seed=29.739 ms
ds4: V4.1 io tail turn=37 start=524962.890489 end=524963.400772
ds4: Metal streaming prefill layer pread layer=37 tokens=2048 threads=8 ranges=96 bytes=3.73 GiB wait=0.041 ms thread=347.305 ms read=3.73 GiB ok=1
ds4: V4.1 io layer=37 issued=524961.822715 join=524963.400807 joined=524963.400855
ds4: V4.1 prefill layer=37 pos=0 rows=4096 encoder_resident=0 map=0.707 engram=0.000 encode=395.010 drain=521.604 seed=26.564 ms
ds4: V4.1 io tail turn=38 start=524964.346933 end=524964.798390
ds4: Metal streaming prefill layer pread layer=38 tokens=2048 threads=8 ranges=96 bytes=3.73 GiB wait=0.043 ms thread=384.010 ms read=3.73 GiB ok=1
ds4: V4.1 io layer=38 issued=524963.401514 join=524964.798421 joined=524964.798472
ds4: V4.1 prefill layer=38 pos=0 rows=4096 encoder_resident=0 map=0.427 engram=0.000 encode=407.371 drain=480.221 seed=20.770 ms
ds4: V4.1 io tail turn=39 start=524965.709727 end=524966.162011
ds4: Metal streaming prefill layer pread layer=39 tokens=2048 threads=8 ranges=96 bytes=3.73 GiB wait=0.051 ms thread=362.471 ms read=3.73 GiB ok=1
ds4: V4.1 io layer=39 issued=524964.798847 join=524966.162047 joined=524966.162105
ds4: V4.1 prefill layer=39 pos=0 rows=4096 encoder_resident=0 map=0.392 engram=0.000 encode=401.786 drain=446.326 seed=24.150 ms
ds4: V4.1 io tail turn=40 start=524967.036710 end=524967.483318
ds4: V4.1 batch step rows=685 pre 0.0 ms, per-row attention 0.0 ms, moe 0.0 ms, head 0.0 ms, setup 0.0 ms, publish 0.0 ms
ds4: V4.1 io tail turn=41 start=524967.499621 end=524967.500003
ds4: V4.1 prefill of 4096 rows interleaved layer by layer with the 685-row tail after it; the prefix waited 20.249 s on the tail's layers
1007 12:56:56 ds4-server: chat ctx=0..4781:4781 prefill chunk 4781/4781 (100.0%) chunk=0.00 t/s avg=86.83 t/s 55.062s
ds4: V4.1 prefill tail at position 4096 ran 685 rows as 1 batch steps
ds4: expert cache lent the prefill headroom for decode: 6266 -> 7034 experts
1007 12:56:56 ds4-server: chat ctx=0..4781:4781 prompt done 55.102s
ds4: shared/routed FFN overlap ran, mode 1
ds4: memory budget reached: a cache slab of 2.03 GiB refused with 80.00 GiB allocated and a 0.00 GiB prefill reserve, of a 80.00 GiB budget; the expert cache now evicts to make room
1007 12:57:01 ds4-server: chat ctx=4781..4831:50 gen=50 decoding chunk=10.80 t/s avg=10.80 t/s 4.630s
ds4:   decode path so far: 64 single-row steps (89.4 ms each inside the graph over the last 64), 1 K-row verification steps over 685 positions, 0 batch-fusion sites taken; candidate K 32:1
ds4:   host row loop: 1370 nodes attended one at a time
ds4: gate over tokens 1-64: 26.33 command buffers, 18.47 aborts, 240.0 expert ids accounted, 252.43 MiB loaded a token; 0 the gate failed to switch off, 0 it could not gate
ds4:   one token, exclusive, same window: entry 0.00 + encode 2.42 + commit-to-done 49.12 + repair-load 30.11 + accounting 0.06 + tail 1.83 = 83.54 of a 89.83 ms wall, residual 6.29
ds4:   GPU busy 786.50 ms of the token's wall (the union of its buffers' spans), idle -696.67 ms
ds4:   1385.4 gated dispatches a token, 20.2 of them behind an abort; 590.3 sent plain ahead of a buffer's first validate
ds4:   encode-ahead: 6.86 segments used, 17.45 dropped, 5.46 ms a token spent encoding under the GPU
ds4:   concurrent sections: 249.78 attempted, 249.78 opened a token
ds4:   speculation: 0.00 layers a token, 0.00 lanes computed, 0.00 matched, 0.00 GEMVs actually saved, 0.00 left to compute; compared 0.00 lanes, 0.00 floats differ, 0.00 by more than an ulp
ds4:   Metal 4: 49.22 command buffers sent, 8700.1 dispatches a token; 0 pieces of Metal 3 work so far
ds4:   Metal 4 a token: 49.22 contexts in 51.28 command buffers (0.69 split); 9865.3 nodes = 8700.1 dispatches + 1165.1 copies; barriers 5630.5 from the graph, 102.6 queue; engine asked for 135.8 barriers and 529.7 section ends, neither encoded; 24722.8 buffer and 9355.4 constant bindings (760607 B), 0.0 with no stated length; 49.22 blocking waits, 789.22 ms
ds4:   expert cache over the last 64 tokens: 2714.73 hits, 194.03 misses, 87.55 evictions a token; 6815 of 7034 entries live (96.9%)
ds4:   of the address-table holes repaired a token: 0.00 already resident, 124.47 genuinely absent
ds4:   of the repair a token: readahead 30.15 ms, slot preparation 36.66 ms, reads 58.23 ms, install 0.26 ms, over 194.03 loads
ds4:   Engram rows written at step start in 64 steps; layer-13 drains 0
ds4:   residency a token: 0.00 adds, 0.00 removes, 0.00 commits
1007 12:57:02 ds4-server: chat ctx=4831..4845:14 gen=64 decoding chunk=11.86 t/s avg=11.02 t/s 5.810s
1007 12:57:02 ds4-server: token ids: 64, hash 0d7fb78ed9b7a4a1, stop output limit token -1, every 64: 0d7fb78e
ds4: backend request Metal 4 encoder batch                  encoder=573136
ds4: backend request Metal 4 segment                        commit=3150
ds4: backend request Metal 4 wait                           wait=3150
ds4: backend request Metal 4 tensor_copy                    blit=48592
ds4: backend request Metal 4 expert_cache_fill              blit=4452
ds4: backend request Metal 4 tensor_read                    readback=105
ds4: backend request totals over 64 tokens (selected Metal 4): M3 commit=0 wait=0 signal=0 evwait=0 blit=0 encoder=0 readback=0 M4 commit=3150 wait=3150 signal=0 evwait=0 blit=53044 encoder=573136 readback=105; Metal 3 fallback 0; site table overflow 0
ds4: backend request boundary end            pc 0x1001cec24 1
ds4: backend request boundary end            pc 0x1001dc9a4 40
ds4: backend request boundary end            pc 0x10020083c 40
ds4: backend request boundary end            pc 0x1001dce08 40
ds4: backend request boundary end            pc 0x1001de614 40
ds4: backend request boundary end            pc 0x1002c6b3c 40
ds4: backend request boundary end            pc 0x1002ca55c 40
ds4: backend request boundary end            pc 0x100179fc4 40
ds4: backend request boundary end            pc 0x100175bfc 1
ds4: backend request boundary end            pc 0x1001e03f8 1
ds4: backend request boundary end            pc 0x1001cd61c 1
ds4: backend request boundary end            pc 0x1000cda90 65
ds4: backend request boundary flush          pc 0x1000c6bfc 1685
ds4: backend request boundary flush          pc 0x1000c6fe8 1556
ds4: backend request boundary wait mark      pc 0x1000c6fc8 1556
ds4: backend request boundary wait           pc 0x1000c70d0 1117
ds4: backend request boundary wait           pc 0x1000c7024 129
ds4: backend request boundary end            pc 0x1000c8174 64
ds4: Metal 4 bindings with no stated length: 0 at 0 call sites
ds4: Metal 4 parts: contexts in 1/2/3/4 parts 3106/0/0/44, 631377 nodes; 44 commit:count: calls with more than one buffer, 3282 command buffers in all; 0 contexts cut short of their parts, 0 empty or mismatched parts
ds4: backend request Metal 4 feedback after completion: 2813 waits, 47.067 ms
ds4: backend request Metal 3 command execution after Metal 4 selection: 0 (refused 0); Metal 3 queues created before selection 0, after 0; full expert address table uses 0
ds4: backend request background: keepalive M3 0 M4 64, pacer M3 0 M4 0 (cumulative)
1007 12:57:02 ds4-server: token trace: 0 128803 0 3476 477 260 16372 22896 16 5453 270 4093 14 6360 270 31605 14 305 3287 270 4087 7231 9045 16 128803 3476 477 5081 260 1606 4093 538 270 58523 6949 294 15143 89 14158 16 455 4093 344 201 75950 377 6425 28 1482 7065 14 4961 14 6360 14 15292 2924 14 17972 943 201 50219 14 305 7097 7306 260 3729 18538 1167 4866 798 295 201 10595 16 5375 4125 509 270 1522 344 304 13272 270 18538 3737 339 83227 7498 1901 5081 28 1353 31605 10844 412 582 14428 14037 270 201 14360 4588 4 1895 16 6241 16922 14 9572 14 18571 14 26190 14 4772 3737 14 65962 989 272 111855 696 554 1895 16 455 18538 3737 295 270 4093 477 4866 295 201 10595 14 554 56003 339 4690 1257 2900 270 58523 86456 294 38398 14 9641 14 305 110251 20928 16 71595 26577 201 1805 645 386 418 260 44056 6403 62339 1202 834 7931 14 30308 20408 336 75800 1960 260 201 113004 294 270 64383 15844 4851 270 7536 93324 16 33926 601 936 23865 304 11284 270 201 85 2960 14742 1936 69832 14 790 270 91731 47475 832 59143 396 6660 201 6452 3195 554 304 7746 1066 16 660 270 95042 8667 14 3330 4853 51489 21537 53900 201 8848 260 1888 34011 41151 295 260 26166 19900 16 3011 834 515 295 260 53582 14 1754 201 45182 89 14158 8599 513 41949 305 10180 14 554 513 270 71293 377 270 19951 28757 339 671 5613 51141 110278 8398 9575 295 13769 28428 14 3214 5159 14 1754 5159 28428 1960 201 1129 6192 15294 1747 1277 5476 99651 273 16 2566 16818 71595 305 33926 601 2281 270 201 72 39360 14 1539 5144 260 2562 943 270 7469 33935 16 5334 9575 2915 77603 1055 201 26758 6744 28 270 3605 294 260 92683 14 270 537 10592 32820 294 260 9778 14 270 1722 260 5823 201 2438 529 10083 1561 436 936 1047 31691 16056 339 4546 45366 270 3194 936 11300 418 82362 294 280 7002 14 32032 6103 14 49766 69943 14 305 201 39020 14692 16 47643 31004 3659 362 3853 560 1901 82146 34226 304 260 104614 201 50095 260 14560 396 8743 304 2334 59125 1750 1014 468 1094 1129 436 16 455 6949 201 27747 936 12852 1820 14 790 29780 12141 377 1082 14 832 1750 15391 53140 16789 260 201 59206 6857 305 53733 436 418 11198 339 47 3444 3825 5854 270 3799 11162 69 699 305 43697 270 2173 734 17229 2818 1055 270 201 61403 3578 86508 16 2566 18428 17229 2818 2455 16 45836 75950 2818 4127 201 6135 45386 14 58792 14 305 1482 995 37344 1060 969 16884 16 87986 201 60037 13721 30278 14 3825 1910 14 305 5750 3980 1936 7918 16243 339 1124 270 16232 14 260 93437 362 270 113450 50565 1946 31744 270 15106 6337 603 43 2638 9023 260 71040 294 80005 9220 1407 270 18544 1901 27170 1733 201 12678 538 260 27640 11314 16 45789 936 28035 270 17408 2727 8295 377 270 52312 989 458 2038 1482 18288 943 3920 260 65326 17408 515 7837 304 366 7139 603 671 9517 40107 5827 1099 270 11219 339 671 86508 3997 2526 377 260 18496 16 110278 9026 436 37205 418 1234 11316 23441 201 5356 270 18992 16 2566 11516 995 48112 270 31363 44183 14 995 10274 270 201 94786 109871 14 305 995 16026 270 12070 4332 56295 16 455 58941 515 18715 201 25287 1082 270 6949 515 554 339 16422 288 7068 260 12426 4213 305 270 5706 294 16056 8513 1902 6059 3234 834 1561 201 58264 16 31065 10082 7457 38271 1055 270 14677 14085 14 1479 270 9319 936 201 64583 15518 50093 3514 436 86456 39375 367 294 11128 16 38798 2006 260 6644 10549 201 84037 270 5823 305 83119 436 304 270 8806 6791 418 260 7155 396 1359 14 5880 989 4 23299 891 4331 47 3444 13577 270 39317 294 270 14085 418 270 86508 27546 304 969 15142 16 2566 201 18988 8838 396 2239 9616 25342 2455 6352 111461 3137 16 334 12070 201 10911 14 260 7956 12240 14 260 37370 2329 14 260 1167 14037 2503 27566 1137 47484 881 270 2924 396 3859 1960 4880 294 5675 3006 339 47 3444 7431 5524 6731 411 3072 110658 943 260 50645 3077 14 790 1225 26577 436 798 1754 436 515 554 411 18538 305 1687 554 9028 295 270 4087 2310 339 72829 13721 1561 44844 305 78756 1750 5706 295 15143 89 14158 16 33926 601 201 11475 21537 270 6326 1188 294 270 38398 114646 734 15391 14 11602 362 58252 14 995 936 201 42774 1559 362 260 26339 3825 45555 16 455 12505 56574 87934 295 280 22469 1154 1277 30525 201 9336 29780 1494 10965 16 5795 270 25131 14 270 115921 75496 418 5828 201 20850 481 339 47 3444 12652 42313 295 270 41273 4772 16 2566 15965 4371 260 41815 14 23047 436 989 458 10274 304 13769 28428 16 455 25550 86508 936 14376 9754 418 270 3469 1137 50219 9575 14 37266 14 1843 97989 14 110088 14 305 260 2767 9616 1225 79213 1353 201 32568 832 851 1114 554 1747 2727 2239 339 4690 1257 2900 270 58523 86456 294 38398 14 9641 14 305 110251 20928 16 57715 26577 201 1805 645 386 418 260 44056 6403 62339 1202 834 7931 14 30308 20408 336 75800 1960 260 201 113004 294 270 64383 15844 4851 270 7536 93324 16 31065 936 23865 304 11284 270 201 85 2960 14742 1936 69832 14 790 270 91731 47475 832 59143 396 6660 201 6452 3195 554 304 7746 1066 16 660 270 95042 8667 14 3330 4853 51489 21537 53900 201 8848 260 1888 34011 41151 295 260 26166 19900 16 3011 834 515 295 260 53582 14 1754 201 45182 89 14158 8599 513 41949 305 10180 14 554 513 270 71293 377 270 19951 28757 339 671 5613 51141 110278 8398 9575 295 13769 28428 14 3214 5159 14 1754 5159 28428 1960 201 1129 6192 15294 1747 1277 5476 99651 273 16 2566 16818 57715 305 31065 2281 270 201 72 39360 14 1539 5144 260 2562 943 270 7469 33935 16 5334 9575 2915 77603 1055 201 26758 6744 28 270 3605 294 260 92683 14 270 537 10592 32820 294 260 9778 14 270 1722 260 5823 201 2438 529 10083 1561 436 936 1047 31691 16056 339 4546 45366 270 3194 936 11300 418 82362 294 280 7002 14 32032 6103 14 49766 69943 14 305 201 39020 14692 16 58252 31004 3659 362 3853 560 1901 57715 34226 304 260 104614 201 50095 260 14560 396 8743 304 2334 59125 1750 1014 468 1094 1129 436 16 455 6949 201 27747 936 12852 1820 14 790 29780 12141 377 1082 14 832 1750 15391 53140 16789 260 201 59206 6857 305 53733 436 418 11198 339 47 3444 3825 5854 270 3799 11162 69 699 305 43697 270 2173 734 17229 2818 1055 270 201 61403 3578 86508 16 2566 18428 17229 2818 2455 16 45836 75950 2818 4127 201 6135 45386 14 58792 14 305 1482 995 37344 1060 969 16884 16 87986 201 60037 13721 30278 14 3825 1910 14 305 5750 3980 1936 7918 16243 339 35 15391 1520 77289 260 16110 295 16372 3345 14 790 9572 305 55288 881 554 18538 3737 14 832 110278 21168 1066 339 1124 270 16232 14 260 93437 362 270 113450 50565 1946 31744 270 15106 6337 603 42 97683 9023 260 71040 294 80005 9220 1407 270 18544 1901 16358 1733 201 12678 538 260 27640 11314 16 45789 936 28035 270 17408 2727 8295 377 270 52312 989 458 2038 1482 18288 943 3920 260 65326 17408 515 7837 304 366 7139 603 671 9517 40107 5827 1099 270 11219 339 671 86508 3997 2526 377 260 18496 16 110278 9026 436 37205 418 1234 11316 23441 201 5356 270 18992 16 2566 11516 995 48112 270 31363 44183 14 995 10274 270 201 94786 109871 14 305 995 16026 270 12070 4332 56295 16 455 58941 515 18715 201 25287 1082 270 6949 515 554 339 47 3444 1687 554 82406 270 10175 29 1225 5829 436 304 366 5418 304 1783 3859 16 10272 396 1975 11219 14 16358 515 14037 270 1167 10577 15311 16 110278 8398 270 18538 295 3345 14 9101 270 86508 362 260 4712 14 305 1539 10274 304 270 8577 73845 294 270 58523 339 16422 288 7068 260 12426 4213 305 270 5706 294 16056 8513 1902 6059 3234 834 1561 201 58264 16 657 5287 10082 7457 38271 1055 270 14677 14085 14 1479 270 9319 936 201 64583 15518 50093 3514 436 86456 39375 367 294 11128 16 489 59209 2006 260 6644 10549 201 84037 270 5823 305 83119 436 304 270 8806 6791 418 260 7155 396 1359 14 5880 989 4 23299 891 4331 47 3444 13577 270 39317 294 270 14085 418 270 86508 27546 304 969 15142 16 2566 201 18988 8838 396 2239 9616 25342 2455 6352 111461 3137 16 334 12070 201 10911 14 260 7956 12240 14 260 37370 2329 14 260 1167 14037 2503 27566 1137 47484 881 270 2924 396 3859 1960 4880 294 5675 3006 339 72829 13721 1561 44844 305 78756 1750 5706 295 15143 89 14158 16 27170 201 11475 21537 270 6326 1188 294 270 38398 114646 734 15391 14 11602 362 33926 601 14 995 936 201 42774 1559 362 260 26339 3825 45555 16 455 12505 56574 87934 295 280 22469 1154 1277 30525 201 9336 29780 1494 10965 16 5795 270 25131 14 270 115921 75496 418 5828 201 20850 481 339 47 3444 12652 42313 295 270 41273 4772 16 2566 15965 4371 260 41815 14 23047 436 989 458 10274 304 13769 28428 16 455 25550 86508 936 14376 9754 418 270 3469 1137 50219 9575 14 37266 14 1843 97989 14 110088 14 305 260 2767 9616 1225 79213 1353 201 32568 832 851 1114 554 1747 2727 2239 339 4690 1257 2900 270 58523 86456 294 38398 14 9641 14 305 110251 20928 16 58252 26577 201 1805 645 386 418 260 44056 6403 62339 1202 834 7931 14 30308 20408 336 75800 1960 260 201 113004 294 270 64383 15844 4851 270 7536 93324 16 71595 936 23865 304 11284 270 201 85 2960 14742 1936 69832 14 790 270 91731 47475 832 59143 396 6660 201 6452 3195 554 304 7746 1066 16 660 270 95042 8667 14 3330 4853 51489 21537 53900 201 8848 260 1888 34011 41151 295 260 26166 19900 16 3011 834 515 295 260 53582 14 1754 201 45182 89 14158 8599 513 41949 305 10180 14 554 513 270 71293 377 270 19951 28757 339 671 5613 51141 110278 8398 9575 295 13769 28428 14 3214 5159 14 1754 5159 28428 1960 201 1129 6192 15294 1747 1277 5476 99651 273 16 2566 16818 58252 305 71595 2281 270 201 72 39360 14 1539 5144 260 2562 943 270 7469 33935 16 5334 9575 2915 77603 1055 201 26758 6744 28 270 3605 294 260 92683 14 270 537 10592 32820 294 260 9778 14 270 1722 260 5823 201 2438 529 10083 1561 436 936 1047 31691 16056 339 4546 45366 270 3194 936 11300 418 82362 294 280 7002 14 32032 6103 14 49766 69943 14 305 201 39020 14692 16 55394 31004 3659 362 3853 560 1901 16358 34226 304 260 104614 201 50095 260 14560 396 8743 304 2334 59125 1750 1014 468 1094 1129 436 16 455 6949 201 27747 936 12852 1820 14 790 29780 12141 377 1082 14 832 1750 15391 53140 16789 260 201 59206 6857 305 53733 436 418 11198 339 47 3444 3825 5854 270 3799 11162 69 699 305 43697 270 2173 734 17229 2818 1055 270 201 61403 3578 86508 16 2566 18428 17229 2818 2455 16 45836 75950 2818 4127 201 6135 45386 14 58792 14 305 1482 995 37344 1060 969 16884 16 87986 201 60037 13721 30278 14 3825 1910 14 305 5750 3980 1936 7918 16243 339 1124 270 16232 14 260 93437 362 270 113450 50565 1946 31744 270 15106 6337 603 16874 2710 9023 260 71040 294 80005 9220 1407 270 18544 1901 79780 1733 201 12678 538 260 27640 11314 16 45789 936 28035 270 17408 2727 8295 377 270 52312 989 458 2038 1482 18288 943 3920 260 65326 17408 515 7837 304 366 7139 603 671 9517 40107 5827 1099 270 11219 339 671 86508 3997 2526 377 260 18496 16 110278 9026 436 37205 418 1234 11316 23441 201 5356 270 18992 16 2566 11516 995 48112 270 31363 44183 14 995 10274 270 201 94786 109871 14 305 995 16026 270 12070 4332 56295 16 455 58941 515 18715 201 25287 1082 270 6949 515 554 339 47 3444 7431 5524 6731 411 3072 110658 943 260 50645 3077 14 790 1225 26577 436 798 1754 436 515 554 411 18538 305 1687 554 9028 295 270 4087 2310 339 16422 288 7068 260 12426 4213 305 270 5706 294 16056 8513 1902 6059 3234 834 1561 201 58264 16 657 5287 10082 7457 38271 1055 270 14677 14085 14 1479 270 9319 936 201 64583 15518 50093 3514 436 86456 39375 367 294 11128 16 71595 2006 260 6644 10549 201 84037 270 5823 305 83119 436 304 270 8806 6791 418 260 7155 396 1359 14 5880 989 4 23299 891 4331 47 3444 13577 270 39317 294 270 14085 418 270 86508 27546 304 969 15142 16 2566 201 18988 8838 396 2239 9616 25342 2455 6352 111461 3137 16 334 12070 201 10911 14 260 7956 12240 14 260 37370 2329 14 260 1167 14037 2503 27566 1137 47484 881 270 2924 396 3859 1960 4880 294 5675 3006 339 72829 13721 1561 44844 305 78756 1750 5706 295 15143 89 14158 16 33926 601 201 11475 21537 270 6326 1188 294 270 38398 114646 734 15391 14 11602 362 57715 14 995 936 201 42774 1559 362 260 26339 3825 45555 16 455 12505 56574 87934 295 280 22469 1154 1277 30525 201 9336 29780 1494 10965 16 5795 270 25131 14 270 115921 75496 418 5828 201 20850 481 339 47 3444 12652 42313 295 270 41273 4772 16 2566 15965 4371 260 41815 14 23047 436 989 458 10274 304 13769 28428 16 455 25550 86508 936 14376 9754 418 270 3469 1137 50219 9575 14 37266 14 1843 97989 14 110088 14 305 260 2767 9616 1225 79213 1353 201 32568 832 851 1114 554 1747 2727 2239 339 4690 1257 2900 270 58523 86456 294 38398 14 9641 14 305 110251 20928 16 106044 26577 201 1805 645 386 418 260 44056 6403 62339 1202 834 7931 14 30308 20408 336 75800 1960 260 201 113004 294 270 64383 15844 4851 270 7536 93324 16 12741 4789 936 23865 304 11284 270 201 85 2960 14742 1936 69832 14 790 270 91731 47475 832 59143 396 6660 201 6452 3195 554 304 7746 1066 16 660 270 95042 8667 14 3330 4853 51489 21537 53900 201 8848 260 1888 34011 41151 295 260 26166 19900 16 3011 834 515 295 260 53582 14 1754 201 45182 89 14158 8599 513 41949 305 10180 14 554 513 270 71293 377 270 19951 28757 339 671 5613 51141 110278 8398 9575 295 13769 28428 14 3214 5159 14 1754 5159 28428 1960 201 1129 6192 15294 1747 1277 5476 99651 273 16 2566 16818 106044 305 12741 4789 2281 270 201 72 39360 14 1539 5144 260 2562 943 270 7469 33935 16 5334 9575 2915 77603 1055 201 26758 6744 28 270 3605 294 260 92683 14 270 537 10592 32820 294 260 9778 14 270 1722 260 5823 201 2438 529 10083 1561 436 936 1047 31691 16056 339 4546 45366 270 3194 936 11300 418 82362 294 280 7002 14 32032 6103 14 49766 69943 14 305 201 39020 14692 16 57715 31004 3659 362 3853 560 1901 106044 34226 304 260 104614 201 50095 260 14560 396 8743 304 2334 59125 1750 1014 468 1094 1129 436 16 455 6949 201 27747 936 12852 1820 14 790 29780 12141 377 1082 14 832 1750 15391 53140 16789 260 201 59206 6857 305 53733 436 418 11198 339 47 3444 3825 5854 270 3799 11162 69 699 305 43697 270 2173 734 17229 2818 1055 270 201 61403 3578 86508 16 2566 18428 17229 2818 2455 16 45836 75950 2818 4127 201 6135 45386 14 58792 14 305 1482 995 37344 1060 969 16884 16 87986 201 60037 13721 30278 14 3825 1910 14 305 5750 3980 1936 7918 16243 339 1124 270 16232 14 260 93437 362 270 113450 50565 1946 31744 270 15106 6337 603 100950 4789 9023 260 71040 294 80005 9220 1407 270 18544 1901 27170 1733 201 12678 538 260 27640 11314 16 45789 936 28035 270 17408 2727 8295 377 270 52312 989 458 2038 1482 18288 943 3920 260 65326 17408 515 7837 304 366 7139 603 671 9517 40107 5827 1099 270 11219 339 671 86508 3997 2526 377 260 18496 16 110278 9026 436 37205 418 1234 11316 23441 201 5356 270 18992 16 2566 11516 995 48112 270 31363 44183 14 995 10274 270 201 94786 109871 14 305 995 16026 270 12070 4332 56295 16 455 58941 515 18715 201 25287 1082 270 6949 515 554 339 35 15391 1520 77289 260 16110 295 16372 3345 14 790 9572 305 55288 881 554 18538 3737 14 832 110278 21168 1066 339 16422 288 7068 260 12426 4213 305 270 5706 294 16056 8513 1902 6059 3234 834 1561 201 58264 16 16358 10082 7457 38271 1055 270 14677 14085 14 1479 270 9319 936 201 64583 15518 50093 3514 436 86456 39375 367 294 11128 16 82146 2006 260 6644 10549 201 84037 270 5823 305 83119 436 304 270 8806 6791 418 260 7155 396 1359 14 5880 989 4 23299 891 4331 47 3444 13577 270 39317 294 270 14085 418 270 86508 27546 304 969 15142 16 2566 201 18988 8838 396 2239 9616 25342 2455 6352 111461 3137 16 334 12070 201 10911 14 260 7956 12240 14 260 37370 2329 14 260 1167 14037 2503 27566 1137 47484 881 270 2924 396 3859 1960 4880 294 5675 3006 339 671 17132 515 19441 4387 14 1539 44056 1055 270 2591 294 270 2173 734 2818 16 10272 396 1975 11219 14 31065 515 14037 270 1167 12099 15171 16 110278 8398 270 18538 295 3345 14 9101 270 86508 362 260 4712 14 305 1539 10274 304 270 8577 73845 294 270 58523 339 72829 13721 1561 44844 305 78756 1750 5706 295 15143 89 14158 16 71595 201 11475 21537 270 6326 1188 294 270 38398 114646 734 15391 14 11602 362 38798 14 995 936 201 42774 1559 362 260 26339 3825 45555 16 455 12505 56574 87934 295 280 22469 1154 1277 30525 201 9336 29780 1494 10965 16 5795 270 25131 14 270 115921 75496 418 5828 201 20850 481 339 47 3444 12652 42313 295 270 41273 4772 16 2566 15965 4371 260 41815 14 23047 436 989 458 10274 304 13769 28428 16 455 25550 86508 936 14376 9754 418 270 3469 1137 50219 9575 14 37266 14 1843 97989 14 110088 14 305 260 2767 9616 1225 79213 1353 201 32568 832 851 1114 554 1747 2727 2239 339 4690 1257 2900 270 58523 86456 294 38398 14 9641 14 305 110251 20928 16 71595 26577 201 1805 645 386 418 260 44056 6403 62339 1202 834 7931 14 30308 20408 336 75800 1960 260 201 113004 294 270 64383 15844 4851 270 7536 93324 16 106044 936 23865 304 11284 270 201 85 2960 14742 1936 69832 14 790 270 91731 47475 832 59143 396 6660 201 6452 3195 554 304 7746 1066 16 660 270 95042 8667 14 3330 4853 51489 21537 53900 201 8848 260 1888 34011 41151 295 260 26166 19900 16 3011 834 515 295 260 53582 14 1754 201 45182 89 14158 8599 513 41949 305 10180 14 554 513 270 71293 377 270 19951 28757 339 671 5613 51141 110278 8398 9575 295 13769 28428 14 3214 5159 14 1754 5159 28428 1960 201 1129 6192 15294 1747 1277 5476 99651 273 16 2566 16818 71595 305 106044 2281 270 201 72 39360 14 1539 5144 260 2562 943 270 7469 33935 16 5334 9575 2915 77603 1055 201 26758 6744 28 270 3605 294 260 92683 14 270 537 10592 32820 294 260 9778 14 270 1722 260 5823 201 2438 529 10083 1561 436 936 1047 31691 16056 339 4546 45366 270 3194 936 11300 418 82362 294 280 7002 14 32032 6103 14 49766 69943 14 305 201 39020 14692 16 82146 31004 3659 362 3853 560 1901 657 5287 34226 304 260 104614 201 50095 260 14560 396 8743 304 2334 59125 1750 1014 468 1094 1129 436 16 455 6949 201 27747 936 12852 1820 14 790 29780 12141 377 1082 14 832 1750 15391 53140 16789 260 201 59206 6857 305 53733 436 418 11198 339 47 3444 3825 5854 270 3799 11162 69 699 305 43697 270 2173 734 17229 2818 1055 270 201 61403 3578 86508 16 2566 18428 17229 2818 2455 16 45836 75950 2818 4127 201 6135 45386 14 58792 14 305 1482 995 37344 1060 969 16884 16 87986 201 60037 13721 30278 14 3825 1910 14 305 5750 3980 1936 7918 16243 339 47 3444 7431 5524 6731 411 3072 110658 943 260 50645 3077 14 790 1225 26577 436 798 1754 436 515 554 411 18538 305 1687 554 9028 295 270 4087 2310 339 1124 270 16232 14 260 93437 362 270 113450 50565 1946 31744 270 15106 6337 603 45 5287 9023 260 71040 294 80005 9220 1407 270 18544 1901 33926 601 1733 201 12678 538 260 27640 11314 16 45789 936 28035 270 17408 2727 8295 377 270 52312 989 458 2038 1482 18288 943 3920 260 65326 17408 515 7837 304 366 7139 603 671 9517 40107 5827 1099 270 11219 339 671 86508 3997 2526 377 260 18496 16 110278 9026 436 37205 418 1234 11316 23441 201 5356 270 18992 16 2566 11516 995 48112 270 31363 44183 14 995 10274 270 201 94786 109871 14 305 995 16026 270 12070 4332 56295 16 455 58941 515 18715 201 25287 1082 270 6949 515 554 339 16422 288 7068 260 12426 4213 305 270 5706 294 16056 8513 1902 6059 3234 834 1561 201 58264 16 71595 10082 7457 38271 1055 270 14677 14085 14 1479 270 9319 936 201 64583 15518 50093 3514 436 86456 39375 367 294 11128 16 657 5287 2006 260 6644 10549 201 84037 270 5823 305 83119 436 304 270 8806 6791 418 260 7155 396 1359 14 5880 989 4 23299 891 4331 47 3444 13577 270 39317 294 270 14085 418 270 86508 27546 304 969 15142 16 2566 201 18988 8838 396 2239 9616 25342 2455 6352 111461 3137 16 334 12070 201 10911 14 260 7956 12240 14 260 37370 2329 14 260 1167 14037 2503 27566 1137 47484 881 270 2924 396 3859 1960 4880 294 5675 3006 339 72829 13721 1561 44844 305 78756 1750 5706 295 15143 89 14158 16 12741 4789 201 11475 21537 270 6326 1188 294 270 38398 114646 734 15391 14 11602 362 57715 14 995 936 201 42774 1559 362 260 26339 3825 45555 16 455 12505 56574 87934 295 280 22469 1154 1277 30525 201 9336 29780 1494 10965 16 5795 270 25131 14 270 115921 75496 418 5828 201 20850 481 339 47 3444 12652 42313 295 270 41273 4772 16 2566 15965 4371 260 41815 14 23047 436 989 458 10274 304 13769 28428 16 455 25550 86508 936 14376 9754 418 270 3469 1137 50219 9575 14 37266 14 1843 97989 14 110088 14 305 260 2767 9616 1225 79213 1353 201 32568 832 851 1114 554 1747 2727 2239 339 4690 1257 2900 270 58523 86456 294 38398 14 9641 14 305 110251 20928 16 58252 26577 201 1805 645 386 418 260 44056 6403 62339 1202 834 7931 14 30308 20408 336 75800 1960 260 201 113004 294 270 64383 15844 4851 270 7536 93324 16 57715 936 23865 304 11284 270 201 85 2960 14742 1936 69832 14 790 270 91731 47475 832 59143 396 6660 201 6452 3195 554 304 7746 1066 16 660 270 95042 8667 14 3330 4853 51489 21537 53900 201 8848 260 1888 34011 41151 295 260 26166 19900 16 3011 834 515 295 260 53582 14 1754 201 45182 89 14158 8599 513 41949 305 10180 14 554 513 270 71293 377 270 19951 28757 339 671 5613 51141 110278 8398 9575 295 13769 28428 14 3214 5159 14 1754 5159 28428 1960 201 1129 6192 15294 1747 1277 5476 99651 273 16 2566 16818 58252 305 57715 2281 270 201 72 39360 14 1539 5144 260 2562 943 270 7469 33935 16 5334 9575 2915 77603 1055 201 26758 6744 28 270 3605 294 260 92683 14 270 537 10592 32820 294 260 9778 14 270 1722 260 5823 201 2438 529 10083 1561 436 936 1047 31691 16056 339 4546 45366 270 3194 936 11300 418 82362 294 280 7002 14 32032 6103 14 49766 69943 14 305 201 39020 14692 16 58252 31004 3659 362 3853 560 1901 27170 34226 304 260 104614 201 50095 260 14560 396 8743 304 2334 59125 1750 1014 468 1094 1129 436 16 455 6949 201 27747 936 12852 1820 14 790 29780 12141 377 1082 14 832 1750 15391 53140 16789 260 201 59206 6857 305 53733 436 418 11198 339 47 3444 3825 5854 270 3799 11162 69 699 305 43697 270 2173 734 17229 2818 1055 270 201 61403 3578 86508 16 2566 18428 17229 2818 2455 16 45836 75950 2818 4127 201 6135 45386 14 58792 14 305 1482 995 37344 1060 969 16884 16 87986 201 60037 13721 30278 14 3825 1910 14 305 5750 3980 1936 7918 16243 339 1124 270 16232 14 260 93437 362 270 113450 50565 1946 31744 270 15106 6337 603 3346 3444 9023 260 71040 294 80005 9220 1407 270 18544 1901 57715 1733 201 12678 538 260 27640 11314 16 45789 936 28035 270 17408 2727 8295 377 270 52312 989 458 2038 1482 18288 943 3920 260 65326 17408 515 7837 304 366 7139 603 671 9517 40107 5827 1099 270 11219 339 671 86508 3997 2526 377 260 18496 16 110278 9026 436 37205 418 1234 11316 23441 201 5356 270 18992 16 2566 11516 995 48112 270 31363 44183 14 995 10274 270 201 94786 109871 14 305 995 16026 270 12070 4332 56295 16 455 58941 515 18715 201 25287 1082 270 6949 515 554 339 16422 288 7068 260 12426 4213 305 270 5706 294 16056 8513 1902 6059 3234 834 1561 201 58264 16 106044 10082 7457 38271 1055 270 14677 14085 14 1479 270 9319 936 201 64583 15518 50093 3514 436 86456 39375 367 294 11128 16 27170 2006 260 6644 10549 201 84037 270 5823 305 83119 436 304 270 8806 6791 418 260 7155 396 1359 14 5880 989 4 23299 891 4331 47 3444 13577 270 39317 294 270 14085 418 270 86508 27546 304 969 15142 16 2566 201 18988 8838 396 2239 9616 25342 2455 6352 111461 3137 16 334 12070 201 10911 14 260 7956 12240 14 260 37370 2329 14 260 1167 14037 2503 27566 1137 47484 881 270 2924 396 3859 1960 4880 294 5675 3006 339 35 15391 1520 77289 260 16110 295 16372 3345 14 790 9572 305 55288 881 554 18538 3737 14 832 110278 21168 1066 339 44953 271 101859 1387 270 4093 832 3706 16 128804 128822 | 5328 3706 14 270 4093 7226 270 17229 44258 294 15143 89 14158 1407 12529 3137 28 58523 28483 14 3194 51150 14 37266 14 1946 56573 1290 14 86508 9575 14 305 13044 77693 16 110278 14 270 5613 51141 14 10087 15699 5516 295 13769 28428 305 39342 12426 6744 412 2239 3980 339 671 3077 18538 3737 10844 832 3706 477
1007 12:57:02 ds4-server: metal 4 at request end: 3150 commits, 3150 feedback, 0 errors, residency 0 entries 0.0 MiB
1007 12:57:02 ds4-server: router finalize so far: 6792 fused, 80 generic, 80 fallback; compare 0 calls, mismatches 0 probs 0 ids 0 weights
1007 12:57:02 ds4-server: transition compare words differing so far: mix 0 split 0 sum 0 norm 0 residual 0 pre 0 kv 0 window 0 low 0 rows 0 expand 0 expand-sum 0 expand-norm 0 route-proj 0 route-select 0, over 0 comparisons
1007 12:57:02 ds4-server: chat ctx=0..4781:4781 gen=64 finish=length 60.913s
1007 12:57:02 ds4-server: shutdown requested, draining requests
ds4: Metal cleanup discarded 1 live tensor handles
ds4: memory budget: peak 80.00 GiB allocated of 80.00 GiB; 0 slab(s) given back, 0 allocation(s) refused, cache growth stopped 1153 time(s)
ds4: expert directory: 0 pinned hits, 0 cache hits, 12418 loads; 0 address mismatches, 0 missing with a non-zero slot, 0 selected and missing; 0 pinned experts given back to the budget
