ds4: abort gate on for the first 40 layers
ds4: Metal device Apple M5 Max, 128.00 GiB RAM
ds4: Metal 4 tensor API enabled for Tensor kernels
ds4: drift-patch flags hc_stable=on norm_unify=on kv_raw_f32=off rope_exp2_log2=off math_safe=off tensor_matmul=on
ds4: V4.1 SSD cache fitted from 10268 to 7041 experts for context/runtime headroom
ds4: Metal backend: Metal 4
ds4: Metal SSD streaming mode enabled; full model residency and warmup are skipped
ds4: metal SSD streaming cache target 65.27 GiB; effective 65.27 GiB = 7.12 GiB prefill headroom + 58.15 GiB dynamic cache (6273 experts, 9.49 MiB each)
ds4: Metal SSD static weights locked 9.37 GiB; pageable 0.00 GiB
ds4: SSD streaming initial metal model map (569 spans, 9.37 GiB tensor span)
ds4: metal backend initialized for graph diagnostics
ds4: expert cache prewarmed from the built-in V4.1 hotlist: 6270 experts (0 failed), 58.12 GiB in 5.84 s; stopped where the cache was full
ds4: memory: KV 0.06 GiB (raw 0.01 + compressed 0.05) + buffers 3.30 GiB + resident model 9.37 GiB + expert cache 58.15 GiB + prefill expert reserve 7.12 GiB = 77.99 GiB planned
ds4: memory detail: ctx=8192 prefill_cap=4096 raw_kv_rows=128 compressed_kv_rows=8193 backend=metal
opened     allocated 67.61 GiB of a 80.00 GiB budget (7.12 GiB reserve) | peak 65.39 GiB | cache 6270 entries in 6273 slots, 58.12 GiB | slabs given back 0, allocations refused 0, cache growth stopped 0
ds4: V4.1 executor ABI 3, arena align 256, rev 51fb149d415a-dirty, built Oct  2 2026 14:37:02
ds4: V4.1 static context buffers 3435.75 MiB (ctx=8192), Engram disk-only
ds4: shared/routed FFN overlap ran, mode 1
ds4: expert cache lent the prefill headroom for decode: 6273 -> 7041 experts
session 1  allocated 70.73 GiB of a 80.00 GiB budget (7.12 GiB reserve) | peak 70.73 GiB | cache 6273 entries in 6273 slots, 58.15 GiB | slabs given back 0, allocations refused 0, cache growth stopped 0
ds4: V4.1 SSD cache fitted from 6273 to 5911 experts for context/runtime headroom
ds4: expert cache sized for 6.71 GiB of sessions: 6273 -> 5911 experts
ds4: memory budget: the expert cache returned a slab of 239 experts (2.22 GiB); it now has 6034 slots
ds4: V4.1 static context buffers 3435.75 MiB (ctx=8192), Engram disk-only
ds4: expert cache lent the prefill headroom for decode: 5911 -> 6679 experts
session 2  allocated 71.63 GiB of a 80.00 GiB budget (7.12 GiB reserve) | peak 72.81 GiB | cache 5911 entries in 6034 slots, 54.79 GiB | slabs given back 1, allocations refused 0, cache growth stopped 0
ds4: V4.1 SSD cache fitted from 6273 to 5549 experts for context/runtime headroom
ds4: expert cache sized for 10.07 GiB of sessions: 5911 -> 5549 experts
ds4: memory budget: the expert cache returned a slab of 431 experts (4.00 GiB); it now has 5603 slots
ds4: V4.1 static context buffers 3435.75 MiB (ctx=8192), Engram disk-only
ds4: expert cache lent the prefill headroom for decode: 5549 -> 6317 experts
session 3  allocated 70.75 GiB of a 80.00 GiB budget (7.12 GiB reserve) | peak 72.81 GiB | cache 5549 entries in 5603 slots, 51.44 GiB | slabs given back 2, allocations refused 0, cache growth stopped 0
ds4: V4.1 SSD cache fitted from 6273 to 5187 experts for context/runtime headroom
ds4: expert cache sized for 13.42 GiB of sessions: 5549 -> 5187 experts
ds4: memory budget: the expert cache returned a slab of 431 experts (4.00 GiB); it now has 5172 slots
ds4: V4.1 static context buffers 3435.75 MiB (ctx=8192), Engram disk-only
ds4: expert cache lent the prefill headroom for decode: 5187 -> 5955 experts
session 4  allocated 70.01 GiB of a 80.00 GiB budget (7.12 GiB reserve) | peak 72.83 GiB | cache 5187 entries in 5187 slots, 48.08 GiB | slabs given back 3, allocations refused 0, cache growth stopped 0
ds4: V4.1 K-block effective configuration: rows=4 exact_vocab=0 head_tile=0 dense_tile=4 block_kv=0 block_levels=0 block_attn_k=0 block_attn_raw=0 block_low_batch=0 block_attn=0 batch_fuse=0 batch_attn_out=1 batch_stream_experts=1 row_gather=0 moe_expert_major=0 block_txn=0 row_logits_readback=0
ds4: V4.1 batch attn_output_b hoisted out of the per-row loop (4 rows)
ds4: V4.1 routed gate/up encode: ds4_gpu_encode_mul_mv_addr_iq2_pair_swiglu
ds4: V4.1 batch step rows=4 pre 0.0 ms, per-row attention 0.0 ms, moe 0.0 ms, head 0.0 ms, setup 0.0 ms, publish 0.0 ms
ds4: V4.1 batch step rows=4 pre 0.0 ms, per-row attention 0.0 ms, moe 0.0 ms, head 0.0 ms, setup 0.0 ms, publish 0.0 ms
ds4: memory budget reached: a cache slab of 4.00 GiB refused with 72.88 GiB allocated and a 7.12 GiB prefill reserve, of a 80.00 GiB budget; the expert cache now evicts to make room
ds4: V4.1 batch step rows=4 pre 0.0 ms, per-row attention 0.0 ms, moe 0.0 ms, head 0.0 ms, setup 0.0 ms, publish 0.0 ms
ds4: V4.1 batch step rows=4 pre 0.0 ms, per-row attention 0.0 ms, moe 0.0 ms, head 0.0 ms, setup 0.0 ms, publish 0.0 ms
ds4: V4.1 batch step rows=4 pre 0.0 ms, per-row attention 0.0 ms, moe 0.0 ms, head 0.0 ms, setup 0.0 ms, publish 0.0 ms
ds4: V4.1 batch step rows=4 pre 0.0 ms, per-row attention 0.0 ms, moe 0.0 ms, head 0.0 ms, setup 0.0 ms, publish 0.0 ms
ds4: V4.1 batch step rows=4 pre 0.0 ms, per-row attention 0.0 ms, moe 0.0 ms, head 0.0 ms, setup 0.0 ms, publish 0.0 ms
ds4: V4.1 batch step rows=4 pre 0.0 ms, per-row attention 0.0 ms, moe 0.0 ms, head 0.0 ms, setup 0.0 ms, publish 0.0 ms
ds4: V4.1 batch step rows=4 pre 0.0 ms, per-row attention 0.0 ms, moe 0.0 ms, head 0.0 ms, setup 0.0 ms, publish 0.0 ms
ds4: V4.1 batch step rows=4 pre 0.0 ms, per-row attention 0.0 ms, moe 0.0 ms, head 0.0 ms, setup 0.0 ms, publish 0.0 ms
ds4: V4.1 batch step rows=4 pre 0.0 ms, per-row attention 0.0 ms, moe 0.0 ms, head 0.0 ms, setup 0.0 ms, publish 0.0 ms
ds4: V4.1 batch step rows=4 pre 0.0 ms, per-row attention 0.0 ms, moe 0.0 ms, head 0.0 ms, setup 0.0 ms, publish 0.0 ms
ds4: V4.1 batch step rows=4 pre 0.0 ms, per-row attention 0.0 ms, moe 0.0 ms, head 0.0 ms, setup 0.0 ms, publish 0.0 ms
ds4: V4.1 batch step rows=4 pre 0.0 ms, per-row attention 0.0 ms, moe 0.0 ms, head 0.0 ms, setup 0.0 ms, publish 0.0 ms
ds4: V4.1 batch step rows=4 pre 0.0 ms, per-row attention 0.0 ms, moe 0.0 ms, head 0.0 ms, setup 0.0 ms, publish 0.0 ms
ds4: V4.1 batch step rows=4 pre 0.0 ms, per-row attention 0.0 ms, moe 0.0 ms, head 0.0 ms, setup 0.0 ms, publish 0.0 ms
ds4: V4.1 batch step rows=4 pre 0.0 ms, per-row attention 0.0 ms, moe 0.0 ms, head 0.0 ms, setup 0.0 ms, publish 0.0 ms
ds4: V4.1 batch step rows=4 pre 0.0 ms, per-row attention 0.0 ms, moe 0.0 ms, head 0.0 ms, setup 0.0 ms, publish 0.0 ms
ds4: V4.1 batch step rows=4 pre 0.0 ms, per-row attention 0.0 ms, moe 0.0 ms, head 0.0 ms, setup 0.0 ms, publish 0.0 ms
ds4: V4.1 batch step rows=4 pre 0.0 ms, per-row attention 0.0 ms, moe 0.0 ms, head 0.0 ms, setup 0.0 ms, publish 0.0 ms
ds4: V4.1 batch step rows=4 pre 0.0 ms, per-row attention 0.0 ms, moe 0.0 ms, head 0.0 ms, setup 0.0 ms, publish 0.0 ms
ds4: V4.1 batch step rows=4 pre 0.0 ms, per-row attention 0.0 ms, moe 0.0 ms, head 0.0 ms, setup 0.0 ms, publish 0.0 ms
ds4: V4.1 batch step rows=4 pre 0.0 ms, per-row attention 0.0 ms, moe 0.0 ms, head 0.0 ms, setup 0.0 ms, publish 0.0 ms
ds4: V4.1 batch step rows=4 pre 0.0 ms, per-row attention 0.0 ms, moe 0.0 ms, head 0.0 ms, setup 0.0 ms, publish 0.0 ms
ds4: V4.1 batch step rows=4 pre 0.0 ms, per-row attention 0.0 ms, moe 0.0 ms, head 0.0 ms, setup 0.0 ms, publish 0.0 ms
ds4: V4.1 batch step rows=4 pre 0.0 ms, per-row attention 0.0 ms, moe 0.0 ms, head 0.0 ms, setup 0.0 ms, publish 0.0 ms
ds4: V4.1 batch step rows=4 pre 0.0 ms, per-row attention 0.0 ms, moe 0.0 ms, head 0.0 ms, setup 0.0 ms, publish 0.0 ms
ds4: V4.1 batch step rows=4 pre 0.0 ms, per-row attention 0.0 ms, moe 0.0 ms, head 0.0 ms, setup 0.0 ms, publish 0.0 ms
ds4: V4.1 batch step rows=4 pre 0.0 ms, per-row attention 0.0 ms, moe 0.0 ms, head 0.0 ms, setup 0.0 ms, publish 0.0 ms
ds4: V4.1 batch step rows=4 pre 0.0 ms, per-row attention 0.0 ms, moe 0.0 ms, head 0.0 ms, setup 0.0 ms, publish 0.0 ms
ds4: V4.1 batch step rows=4 pre 0.0 ms, per-row attention 0.0 ms, moe 0.0 ms, head 0.0 ms, setup 0.0 ms, publish 0.0 ms
ds4: V4.1 batch step rows=4 pre 0.0 ms, per-row attention 0.0 ms, moe 0.0 ms, head 0.0 ms, setup 0.0 ms, publish 0.0 ms
decoded    allocated 72.88 GiB of a 80.00 GiB budget (7.12 GiB reserve) | peak 72.88 GiB | cache 5496 entries in 5496 slots, 50.95 GiB | slabs given back 3, allocations refused 0, cache growth stopped 2999
ids        session 1, 32 steps: ab2c14c9900e8a32
ids        session 2, 32 steps: 8cc3fc6bfaa81ebe
ids        session 3, 32 steps: 3a4bf102986be5f5
ids        session 4, 32 steps: 399212564cc6c7cd
ds4: V4.1 SSD cache fitted from 6273 to 5549 experts for context/runtime headroom
ds4: expert cache sized for 10.07 GiB of sessions: 5187 -> 5549 experts
ds4: V4.1 SSD cache fitted from 6273 to 5911 experts for context/runtime headroom
ds4: expert cache sized for 6.71 GiB of sessions: 5549 -> 5911 experts
ds4: expert cache sized for 3.36 GiB of sessions: 5911 -> 6273 experts
ds4: memory budget: peak 72.88 GiB allocated of 80.00 GiB; 3 slab(s) given back, 0 allocation(s) refused, cache growth stopped 2999 time(s)
ds4: expert directory: 0 pinned hits, 23312 cache hits, 12097 loads; 0 address mismatches, 0 missing with a non-zero slot, 0 selected and missing; 0 pinned experts given back to the budget
closed     allocated 0.00 GiB of a 0.00 GiB budget (0.00 GiB reserve) | peak 0.00 GiB | cache 0 entries in 0 slots, 0.00 GiB | slabs given back 0, allocations refused 0, cache growth stopped 0
