12:18:53  10.0 /Applications/Visual Studio Code.app/Contents/Framewor|  7.7 /usr/libexec/sysmond|
12:19:03   4.2 /System/Library/PrivateFrameworks/SkyLight.framework/R|  2.1 /Applications/iTerm.app/Contents/MacOS/iTerm2|
12:19:13   4.5 /usr/libexec/PerfPowerServices|  3.7 /System/Library/PrivateFrameworks/SkyLight.framework/R|
12:19:24   6.4 /System/Library/PrivateFrameworks/SkyLight.framework/R|  3.1 /Applications/iTerm.app/Contents/MacOS/iTerm2|
12:19:34  10.0 /usr/libexec/PerfPowerServices|  5.0 /System/Library/Frameworks/CoreServices.framework/Vers|
12:19:44   5.5 /System/Library/PrivateFrameworks/SkyLight.framework/R|  1.9 /Applications/iTerm.app/Contents/MacOS/iTerm2|
12:19:54   5.2 /usr/libexec/PerfPowerServices|  3.9 /System/Library/PrivateFrameworks/SkyLight.framework/R|
12:20:04   5.1 /System/Library/PrivateFrameworks/SkyLight.framework/R|  3.1 /Applications/Visual Studio Code.app/Contents/Framewor|
12:20:14  18.8 /usr/libexec/sysmond|  9.2 /System/Applications/Utilities/Activity Monitor.app/Co|
12:20:24   9.3 /System/Library/PrivateFrameworks/SkyLight.framework/R|  4.5 /Applications/Visual Studio Code.app/Contents/Framewor|
12:20:34  11.0 /System/Library/PrivateFrameworks/SkyLight.framework/R|  5.5 /Applications/Visual Studio Code.app/Contents/Framewor|
12:20:44   9.9 /System/Library/PrivateFrameworks/SkyLight.framework/R|  7.9 /Applications/Visual Studio Code.app/Contents/Framewor|
12:20:54  12.2 /System/Library/PrivateFrameworks/SkyLight.framework/R| 11.4 /Applications/Visual Studio Code.app/Contents/Framewor|
12:21:04  10.3 /System/Library/PrivateFrameworks/SkyLight.framework/R| 10.1 /Applications/Visual Studio Code.app/Contents/Framewor|
12:21:14  87.5 footprint| 16.1 /System/Library/PrivateFrameworks/MediaAnalysis.framew|
12:21:24  10.0 /Applications/Visual Studio Code.app/Contents/Framewor|  8.5 /System/Library/PrivateFrameworks/SkyLight.framework/R|
12:21:34  42.7 footprint| 28.8 /Applications/Discord.app/Contents/Frameworks/Discord |
12:21:44   9.9 /Applications/Visual Studio Code.app/Contents/Framewor|  8.7 /System/Library/PrivateFrameworks/SkyLight.framework/R|
12:21:55  16.0 /usr/libexec/sysmond| 11.0 /System/Library/PrivateFrameworks/SkyLight.framework/R|
12:22:05  33.6 /System/Library/PrivateFrameworks/MediaAnalysis.framew|  9.5 /System/Library/Frameworks/CoreServices.framework/Vers|
12:22:15   8.4 /Applications/Visual Studio Code.app/Contents/Framewor|  7.8 /System/Library/PrivateFrameworks/SkyLight.framework/R|
12:22:25  94.5 /System/Library/PrivateFrameworks/MediaAnalysis.framew|  8.4 /Applications/Visual Studio Code.app/Contents/Framewor|
12:22:35   5.9 /System/Library/PrivateFrameworks/SkyLight.framework/R|  4.5 /Applications/Visual Studio Code.app/Contents/Framewor|
12:22:45  22.4 /System/Library/PrivateFrameworks/MediaAnalysis.framew|  5.5 /Applications/Visual Studio Code.app/Contents/Framewor|
12:22:55   8.1 /System/Library/PrivateFrameworks/SkyLight.framework/R|  4.0 /Applications/Visual Studio Code.app/Contents/Framewor|
12:23:05  25.4 /System/Library/PrivateFrameworks/MediaAnalysis.framew|  6.0 /System/Library/PrivateFrameworks/SkyLight.framework/R|
12:23:15   6.6 /System/Library/PrivateFrameworks/SkyLight.framework/R|  3.1 /Applications/Visual Studio Code.app/Contents/Framewor|
12:23:25  71.1 /usr/libexec/textunderstandingd| 28.3 /System/Library/PrivateFrameworks/MediaAnalysis.framew|
12:23:35  67.4 /usr/libexec/textunderstandingd| 32.9 /System/Library/PrivateFrameworks/MediaAnalysis.framew|
12:23:45  93.6 /System/Library/PrivateFrameworks/MediaAnalysis.framew|  7.4 /System/Library/PrivateFrameworks/SkyLight.framework/R|
12:23:55   7.2 /System/Library/PrivateFrameworks/SkyLight.framework/R|  2.9 /Applications/iTerm.app/Contents/MacOS/iTerm2|
12:24:06   5.1 /System/Library/PrivateFrameworks/SkyLight.framework/R|  3.4 /System/Library/PrivateFrameworks/BackgroundTaskManage|
