== cap-P-1-old rc 0 peak wired 76.24 GiB, peak pressure level 1, peak swap growth 0 GiB, peak group footp 
   prefill  4795 tokens in 101.278 s (cold, this process's first) | superbatch 0 | baseline ids/logits/state | page cache: resident 33.53 GiB of 340.60 GiB after drop: resident 0.00 GiB of 340.60 GiB 
== cap-P-2-new rc 0 peak wired 79.75 GiB, peak pressure level 1, peak swap growth 0 GiB, peak group footp 
   prefill  4795 tokens in 64.581 s (cold, this process's first) | superbatch 40 | baseline ids/logits/state | page cache: resident 36.17 GiB of 340.60 GiB after drop: resident 0.00 GiB of 340.60 GiB 
== cap-P-3-new rc 0 peak wired 79.78 GiB, peak pressure level 1, peak swap growth 0 GiB, peak group footp 
   prefill  4795 tokens in 68.174 s (cold, this process's first) | superbatch 40 | baseline ids/logits/state | page cache: resident 33.19 GiB of 340.60 GiB after drop: resident 0.00 GiB of 340.60 GiB 
== cap-P-4-old rc 0 peak wired 76.37 GiB, peak pressure level 1, peak swap growth 0 GiB, peak group footp 
   prefill  4795 tokens in 102.683 s (cold, this process's first) | superbatch 0 | baseline ids/logits/state | page cache: resident 33.47 GiB of 340.60 GiB after drop: resident 0.00 GiB of 340.60 GiB 
== cap-P-5-new rc 0 peak wired 79.73 GiB, peak pressure level 1, peak swap growth 0 GiB, peak group footp 
   prefill  4795 tokens in 66.662 s (cold, this process's first) | superbatch 40 | baseline ids/logits/state | page cache: resident 36.34 GiB of 340.60 GiB after drop: resident 0.00 GiB of 340.60 GiB 
== cap-P-6-old rc 0 peak wired 76.26 GiB, peak pressure level 1, peak swap growth 0 GiB, peak group footp 
   prefill  4795 tokens in 101.794 s (cold, this process's first) | superbatch 0 | baseline ids/logits/state | page cache: resident 33.26 GiB of 340.60 GiB after drop: resident 0.00 GiB of 340.60 GiB 
== cap-P-7-old rc 0 peak wired 76.84 GiB, peak pressure level 1, peak swap growth 0 GiB, peak group footp 
   prefill  4795 tokens in 99.516 s (cold, this process's first) | superbatch 0 | baseline ids/logits/state | page cache: resident 35.67 GiB of 340.60 GiB after drop: resident 0.00 GiB of 340.60 GiB 
== cap-P-8-new rc 0 peak wired 80.23 GiB, peak pressure level 1, peak swap growth 0 GiB, peak group footp 
   prefill  4795 tokens in 70.918 s (cold, this process's first) | superbatch 40 | baseline ids/logits/state | page cache: resident 35.09 GiB of 340.60 GiB after drop: resident 0.00 GiB of 340.60 GiB 
records: every one is d34264ab675b0706f356d36eebe2220ec7381d42, dirty 0, the tree's binaries, rc 0 at pressure level 1
PASS 1  no Metal 3 queue created in 8 census lines (pathsZ, inZ)
PASS 2  g_batch_cb: 0 references
PASS 3  DS4Encoder / DS4MTL4Encoder: 0 references
PASS 4  DS4M4Ctx; prod: ds4: Metal 4 parts: contexts in 1/2/3/4 parts 171074/0/0/0, 14663271 nodes; 0 commit:count
PASS 5  DS4M4Ctx holds 6 of 6: allocator, command buffer, argument table, scratch, residency set, feedback
PASS 6  global argument tables: 0
PASS 7  every binding states its range in 7 census lines; ranges carry a generation
PASS 8  prod: barriers 1135.2 from the graph, 35.8 queue
PASS 9  every context cut in 4 parts, encoded on worker threads, commit:count: - state hashes equal the baseline's
PASS 10  full table and resident layer removed (0 references, fa step matches); timeline on MTL4CounterHeap matches
PASS 11  prod, native and fallback batch, disk KV, vision, timeline, ledger match (8); self-tests: 21 passing lines, 0 failing, 0 not run; failure and reopen paths
PASS 12  Metal 3 execution 0 in every census; Metal 3 work under Metal 4: 0
PASS 13  ids, every logit and the saved KV/carry state equal the frozen baseline's in all 8 cases; in-process ids on the clean oracle (3/3)
PASS 14  2048 tokens, 3 prompts, 2 sessions, 3 consecutive requests; long prompt at caches 10268 4096 5400: baseline ids, logits and state, the 699-row tail as one exact batch step in each; 4-session budget
PASS 15  ABBA m4ab-abba-z, b on d34264ab675b0706f356d36eebe2220ec7381d42: 8 valid arms, same text and token ids in all; token-major prefill-tail steps in b arms 0; decision: no regression
15 of 15
ALL-DONE
