ds4: abort gate on for the first 40 layers
ds4: Metal device Apple M5 Max, 128.00 GiB RAM
ds4: Metal 4 tensor API enabled for Tensor kernels
ds4: drift-patch flags hc_stable=on norm_unify=on kv_raw_f32=off rope_exp2_log2=off math_safe=off tensor_matmul=on
ds4: Metal SSD streaming mode enabled; full model residency and warmup are skipped
ds4: SSD streaming auto cache budget
ds4:   metal recommends 107.52 GiB working set
ds4:   using 84% total for model + cached experts: 90.00 GiB
ds4:   non-routed weights: 9.37 GiB
ds4:   routed expert size: 9.49 MiB
ds4:   expert budget before prefill reserve: 8698 (80.63 GiB)
ds4: metal SSD streaming cache target 80.63 GiB; effective 80.63 GiB = 7.12 GiB prefill headroom + 73.51 GiB dynamic cache (7930 experts, 9.49 MiB each)
ds4: Metal SSD static weights locked 9.37 GiB; pageable 0.00 GiB
ds4: SSD streaming initial metal model map (569 spans, 9.37 GiB tensor span)
ds4: metal backend initialized for graph diagnostics
ds4: memory: KV 0.06 GiB (raw 0.01 + compressed 0.05) + buffers 3.27 GiB + resident model 9.37 GiB + expert cache 73.51 GiB + prefill expert reserve 7.12 GiB = 93.33 GiB planned
ds4: memory detail: ctx=8192 prefill_cap=4096 raw_kv_rows=128 compressed_kv_rows=8193 backend=metal
0925 01:21:58 ds4-server: context buffers 3411.39 MiB (ctx=8192, backend=metal, prefill_chunk=4096, raw_kv_rows=128, compressed_kv_rows=8193)
ds4: V4.1 static context buffers 3411.39 MiB (ctx=8192), Engram disk-only
0925 01:21:58 ds4-server: listening on http://127.0.0.1:8016
0925 01:21:58 ds4-server: chat ctx=0..31:31 prompt start
ds4: shared/routed FFN overlap ran, mode 1
ds4: expert residency set on the queue
0925 01:21:59 ds4-server: chat ctx=0..31:31 prefill chunk 1/31 (3.2%) chunk=0.00 t/s avg=4.43 t/s 0.226s
0925 01:21:59 ds4-server: chat ctx=0..31:31 prefill chunk 2/31 (6.5%) chunk=8.86 t/s avg=5.91 t/s 0.339s
0925 01:21:59 ds4-server: chat ctx=0..31:31 prefill chunk 3/31 (9.7%) chunk=11.37 t/s avg=7.03 t/s 0.426s
0925 01:21:59 ds4-server: chat ctx=0..31:31 prefill chunk 4/31 (12.9%) chunk=13.05 t/s avg=7.95 t/s 0.503s
0925 01:21:59 ds4-server: chat ctx=0..31:31 prefill chunk 5/31 (16.1%) chunk=13.06 t/s avg=8.63 t/s 0.580s
0925 01:21:59 ds4-server: chat ctx=0..31:31 prefill chunk 6/31 (19.4%) chunk=15.37 t/s avg=9.31 t/s 0.645s
0925 01:21:59 ds4-server: chat ctx=0..31:31 prefill chunk 7/31 (22.6%) chunk=14.84 t/s avg=9.83 t/s 0.712s
0925 01:21:59 ds4-server: chat ctx=0..31:31 prefill chunk 8/31 (25.8%) chunk=15.24 t/s avg=10.29 t/s 0.778s
0925 01:21:59 ds4-server: chat ctx=0..31:31 prefill chunk 9/31 (29.0%) chunk=14.02 t/s avg=10.60 t/s 0.849s
0925 01:21:59 ds4-server: chat ctx=0..31:31 prefill chunk 10/31 (32.3%) chunk=15.33 t/s avg=10.94 t/s 0.914s
0925 01:21:59 ds4-server: chat ctx=0..31:31 prefill chunk 11/31 (35.5%) chunk=14.43 t/s avg=11.18 t/s 0.984s
0925 01:22:00 ds4-server: chat ctx=0..31:31 prefill chunk 12/31 (38.7%) chunk=17.13 t/s avg=11.52 t/s 1.042s
0925 01:22:00 ds4-server: chat ctx=0..31:31 prefill chunk 13/31 (41.9%) chunk=16.05 t/s avg=11.77 t/s 1.104s
0925 01:22:00 ds4-server: chat ctx=0..31:31 prefill chunk 14/31 (45.2%) chunk=15.35 t/s avg=11.97 t/s 1.169s
0925 01:22:00 ds4-server: chat ctx=0..31:31 prefill chunk 15/31 (48.4%) chunk=15.91 t/s avg=12.17 t/s 1.232s
0925 01:22:00 ds4-server: chat ctx=0..31:31 prefill chunk 16/31 (51.6%) chunk=11.30 t/s avg=12.12 t/s 1.321s
0925 01:22:00 ds4-server: chat ctx=0..31:31 prefill chunk 17/31 (54.8%) chunk=10.45 t/s avg=12.00 t/s 1.416s
0925 01:22:00 ds4-server: chat ctx=0..31:31 prefill chunk 18/31 (58.1%) chunk=12.13 t/s avg=12.01 t/s 1.499s
0925 01:22:00 ds4-server: chat ctx=0..31:31 prefill chunk 19/31 (61.3%) chunk=16.22 t/s avg=12.18 t/s 1.560s
0925 01:22:00 ds4-server: chat ctx=0..31:31 prefill chunk 20/31 (64.5%) chunk=17.31 t/s avg=12.36 t/s 1.618s
0925 01:22:00 ds4-server: chat ctx=0..31:31 prefill chunk 21/31 (67.7%) chunk=18.55 t/s avg=12.56 t/s 1.672s
0925 01:22:00 ds4-server: chat ctx=0..31:31 prefill chunk 22/31 (71.0%) chunk=18.47 t/s avg=12.74 t/s 1.726s
0925 01:22:00 ds4-server: chat ctx=0..31:31 prefill chunk 23/31 (74.2%) chunk=17.95 t/s avg=12.91 t/s 1.782s
0925 01:22:00 ds4-server: chat ctx=0..31:31 prefill chunk 24/31 (77.4%) chunk=15.71 t/s avg=13.00 t/s 1.846s
0925 01:22:00 ds4-server: chat ctx=0..31:31 prefill chunk 25/31 (80.6%) chunk=19.21 t/s avg=13.17 t/s 1.898s
0925 01:22:00 ds4-server: chat ctx=0..31:31 prefill chunk 26/31 (83.9%) chunk=20.32 t/s avg=13.35 t/s 1.947s
0925 01:22:00 ds4-server: chat ctx=0..31:31 prefill chunk 27/31 (87.1%) chunk=17.83 t/s avg=13.48 t/s 2.003s
0925 01:22:01 ds4-server: chat ctx=0..31:31 prefill chunk 28/31 (90.3%) chunk=16.40 t/s avg=13.57 t/s 2.064s
0925 01:22:01 ds4-server: chat ctx=0..31:31 prefill chunk 29/31 (93.5%) chunk=15.87 t/s avg=13.63 t/s 2.127s
0925 01:22:01 ds4-server: chat ctx=0..31:31 prefill chunk 30/31 (96.8%) chunk=16.32 t/s avg=13.71 t/s 2.188s
0925 01:22:01 ds4-server: chat ctx=0..31:31 prefill chunk 31/31 (100.0%) chunk=17.97 t/s avg=13.81 t/s 2.244s
0925 01:22:01 ds4-server: chat ctx=0..31:31 prompt done 2.246s
ds4: raw rows, filling window: 8 rows, keys 32..39, starts 0..0
ds4:   batch-axis     vs per-row at the operator boundary: identical
ds4:   shared         vs per-row at the operator boundary: identical
ds4:   per-row/fit    vs per-row at the operator boundary: identical
ds4:   batch-axis/fit vs per-row at the operator boundary: identical
ds4:   shared/fit     vs per-row at the operator boundary: identical
ds4:   per-row         0.239 ms forward,  0.249 ms reversed, 284 key rows staged
ds4:   batch-axis      0.156 ms forward,  0.157 ms reversed, 284 key rows staged
ds4:   shared          0.137 ms forward,  0.138 ms reversed, 39 key rows staged
ds4:   per-row/fit     0.314 ms forward,  0.286 ms reversed, 284 key rows staged
ds4:   batch-axis/fit  0.114 ms forward,  0.085 ms reversed, 284 key rows staged
ds4:   shared/fit      0.069 ms forward,  0.070 ms reversed, 39 key rows staged
ds4: raw rows, full window: 8 rows, keys 128..128, starts 0..7
ds4:   batch-axis     vs per-row at the operator boundary: identical
ds4:   shared         vs per-row at the operator boundary: identical
ds4:   per-row/fit    vs per-row at the operator boundary: identical
ds4:   batch-axis/fit vs per-row at the operator boundary: identical
ds4:   shared/fit     vs per-row at the operator boundary: identical
ds4:   per-row         0.239 ms forward,  0.222 ms reversed, 1024 key rows staged
ds4:   batch-axis      0.211 ms forward,  0.181 ms reversed, 1024 key rows staged
ds4:   shared          0.171 ms forward,  0.171 ms reversed, 135 key rows staged
ds4:   per-row/fit     0.240 ms forward,  0.180 ms reversed, 1024 key rows staged
ds4:   batch-axis/fit  0.157 ms forward,  0.127 ms reversed, 1024 key rows staged
ds4:   shared/fit      0.100 ms forward,  0.101 ms reversed, 135 key rows staged
0925 01:22:02 ds4-server: chat ctx=31..35:4 gen=4 THINKING decoding chunk=3.78 t/s avg=3.78 t/s 1.057s
ds4-server: thinking not closed, ignoring incomplete DSML in reasoning
0925 01:22:02 ds4-server: chat ctx=0..31:31 gen=4 THINKING finish=length 3.303s
0925 01:22:04 ds4-server: shutdown requested, draining requests
