ds4: abort gate on for the first 40 layers
ds4: Metal device Apple M5 Max, 128.00 GiB RAM
ds4: Metal 4 tensor API enabled for Tensor kernels
ds4: drift-patch flags hc_stable=on norm_unify=on kv_raw_f32=off rope_exp2_log2=off math_safe=off tensor_matmul=on
ds4: Metal SSD streaming mode enabled; full model residency and warmup are skipped
ds4: SSD streaming auto cache budget
ds4:   metal recommends 107.52 GiB working set
ds4:   using 84% total for model + cached experts: 90.00 GiB
ds4:   non-routed weights: 9.37 GiB
ds4:   routed expert size: 9.49 MiB
ds4:   expert budget before prefill reserve: 8698 (80.63 GiB)
ds4: metal SSD streaming cache target 80.63 GiB; effective 80.63 GiB = 7.12 GiB prefill headroom + 73.51 GiB dynamic cache (7930 experts, 9.49 MiB each)
ds4: Metal SSD static weights locked 9.37 GiB; pageable 0.00 GiB
ds4: SSD streaming initial metal model map (569 spans, 9.37 GiB tensor span)
ds4: metal backend initialized for graph diagnostics
ds4: memory: KV 0.06 GiB (raw 0.01 + compressed 0.05) + buffers 3.27 GiB + resident model 9.37 GiB + expert cache 73.51 GiB + prefill expert reserve 7.12 GiB = 93.33 GiB planned
ds4: memory detail: ctx=8192 prefill_cap=4096 raw_kv_rows=128 compressed_kv_rows=8193 backend=metal
0925 09:28:45 ds4-server: context buffers 3411.39 MiB (ctx=8192, backend=metal, prefill_chunk=4096, raw_kv_rows=128, compressed_kv_rows=8193)
ds4: V4.1 static context buffers 3411.39 MiB (ctx=8192), Engram disk-only
0925 09:28:45 ds4-server: listening on http://127.0.0.1:8016
0925 09:28:47 ds4-server: chat ctx=0..31:31 prompt start
ds4: shared/routed FFN overlap ran, mode 1
ds4: expert residency set on the queue
0925 09:28:47 ds4-server: chat ctx=0..31:31 prefill chunk 1/31 (3.2%) chunk=0.00 t/s avg=5.31 t/s 0.188s
0925 09:28:48 ds4-server: chat ctx=0..31:31 prefill chunk 2/31 (6.5%) chunk=11.12 t/s avg=7.19 t/s 0.278s
0925 09:28:48 ds4-server: chat ctx=0..31:31 prefill chunk 3/31 (9.7%) chunk=11.89 t/s avg=8.28 t/s 0.362s
0925 09:28:48 ds4-server: chat ctx=0..31:31 prefill chunk 4/31 (12.9%) chunk=12.95 t/s avg=9.10 t/s 0.439s
0925 09:28:48 ds4-server: chat ctx=0..31:31 prefill chunk 5/31 (16.1%) chunk=13.55 t/s avg=9.74 t/s 0.513s
0925 09:28:48 ds4-server: chat ctx=0..31:31 prefill chunk 6/31 (19.4%) chunk=17.17 t/s avg=10.50 t/s 0.572s
0925 09:28:48 ds4-server: chat ctx=0..31:31 prefill chunk 7/31 (22.6%) chunk=16.02 t/s avg=11.04 t/s 0.634s
0925 09:28:48 ds4-server: chat ctx=0..31:31 prefill chunk 8/31 (25.8%) chunk=15.90 t/s avg=11.48 t/s 0.697s
0925 09:28:48 ds4-server: chat ctx=0..31:31 prefill chunk 9/31 (29.0%) chunk=15.03 t/s avg=11.79 t/s 0.763s
0925 09:28:48 ds4-server: chat ctx=0..31:31 prefill chunk 10/31 (32.3%) chunk=16.26 t/s avg=12.12 t/s 0.825s
0925 09:28:48 ds4-server: chat ctx=0..31:31 prefill chunk 11/31 (35.5%) chunk=15.36 t/s avg=12.36 t/s 0.890s
0925 09:28:48 ds4-server: chat ctx=0..31:31 prefill chunk 12/31 (38.7%) chunk=17.68 t/s avg=12.68 t/s 0.947s
0925 09:28:48 ds4-server: chat ctx=0..31:31 prefill chunk 13/31 (41.9%) chunk=16.63 t/s avg=12.91 t/s 1.007s
0925 09:28:48 ds4-server: chat ctx=0..31:31 prefill chunk 14/31 (45.2%) chunk=17.09 t/s avg=13.14 t/s 1.065s
0925 09:28:48 ds4-server: chat ctx=0..31:31 prefill chunk 15/31 (48.4%) chunk=17.95 t/s avg=13.38 t/s 1.121s
0925 09:28:49 ds4-server: chat ctx=0..31:31 prefill chunk 16/31 (51.6%) chunk=11.22 t/s avg=13.22 t/s 1.210s
0925 09:28:49 ds4-server: chat ctx=0..31:31 prefill chunk 17/31 (54.8%) chunk=10.95 t/s avg=13.06 t/s 1.301s
0925 09:28:49 ds4-server: chat ctx=0..31:31 prefill chunk 18/31 (58.1%) chunk=15.30 t/s avg=13.17 t/s 1.367s
0925 09:28:49 ds4-server: chat ctx=0..31:31 prefill chunk 19/31 (61.3%) chunk=16.37 t/s avg=13.31 t/s 1.428s
0925 09:28:49 ds4-server: chat ctx=0..31:31 prefill chunk 20/31 (64.5%) chunk=19.52 t/s avg=13.52 t/s 1.479s
0925 09:28:49 ds4-server: chat ctx=0..31:31 prefill chunk 21/31 (67.7%) chunk=20.10 t/s avg=13.74 t/s 1.529s
0925 09:28:49 ds4-server: chat ctx=0..31:31 prefill chunk 22/31 (71.0%) chunk=19.01 t/s avg=13.91 t/s 1.581s
0925 09:28:49 ds4-server: chat ctx=0..31:31 prefill chunk 23/31 (74.2%) chunk=17.83 t/s avg=14.05 t/s 1.637s
0925 09:28:49 ds4-server: chat ctx=0..31:31 prefill chunk 24/31 (77.4%) chunk=14.36 t/s avg=14.06 t/s 1.707s
0925 09:28:49 ds4-server: chat ctx=0..31:31 prefill chunk 25/31 (80.6%) chunk=19.17 t/s avg=14.21 t/s 1.759s
0925 09:28:49 ds4-server: chat ctx=0..31:31 prefill chunk 26/31 (83.9%) chunk=20.63 t/s avg=14.38 t/s 1.808s
0925 09:28:49 ds4-server: chat ctx=0..31:31 prefill chunk 27/31 (87.1%) chunk=18.53 t/s avg=14.50 t/s 1.862s
0925 09:28:49 ds4-server: chat ctx=0..31:31 prefill chunk 28/31 (90.3%) chunk=16.19 t/s avg=14.56 t/s 1.923s
0925 09:28:49 ds4-server: chat ctx=0..31:31 prefill chunk 29/31 (93.5%) chunk=16.19 t/s avg=14.61 t/s 1.985s
0925 09:28:49 ds4-server: chat ctx=0..31:31 prefill chunk 30/31 (96.8%) chunk=16.69 t/s avg=14.67 t/s 2.045s
0925 09:28:49 ds4-server: chat ctx=0..31:31 prefill chunk 31/31 (100.0%) chunk=18.20 t/s avg=14.76 t/s 2.100s
0925 09:28:49 ds4-server: chat ctx=0..31:31 prompt done 2.102s
ds4: gate over tokens 1-64: 34.33 command buffers, 30.23 aborts, 240.0 expert ids accounted, 656.74 MiB loaded a token; 0 the gate failed to switch off, 0 it could not gate
ds4:   one token, exclusive, same window: entry 0.00 + encode 3.71 + commit-to-done 37.56 + repair-load 13.54 + accounting 0.02 + tail 0.75 = 55.59 of a 60.23 ms wall, residual 4.64
ds4:   of the commit-to-done: GPU running 35.18 ms, GPU not running 2.38 ms
ds4:   2038.6 gated dispatches a token, 69.6 of them behind an abort; 2808.7 sent plain ahead of a buffer's first validate
ds4:   encode-ahead: 2.09 segments used, 27.23 dropped, 4.40 ms a token spent encoding under the GPU
ds4:   concurrent sections: 350.53 attempted, 350.53 opened a token
ds4:   speculation: 0.00 layers a token, 0.00 lanes computed, 0.00 matched, 0.00 GEMVs actually saved, 0.00 left to compute; compared 0.00 lanes, 0.00 floats differ, 0.00 by more than an ulp
ds4:   expert cache over the last 64 tokens: 240.00 hits, 69.19 misses, 0.00 evictions a token; 4428 of 7930 entries live (55.8%)
ds4:   of the address-table holes repaired a token: 0.00 already resident, 69.19 genuinely absent
ds4:   residency a token: 69.19 adds, 0.00 removes, 69.19 commits
ds4: V4.1 batch attn_output_b hoisted out of the per-row loop (8 rows)
ds4: V4.1 batch step rows=8 pre 0.0 ms, per-row attention 0.0 ms, moe 0.0 ms, head 0.0 ms, setup 0.0 ms, publish 0.0 ms
ds4: V4.1 batch step rows=8 pre 0.0 ms, per-row attention 0.0 ms, moe 0.0 ms, head 0.0 ms, setup 0.0 ms, publish 0.0 ms
ds4: V4.1 batch step rows=8 pre 0.0 ms, per-row attention 0.0 ms, moe 0.0 ms, head 0.0 ms, setup 0.0 ms, publish 0.0 ms
ds4: V4.1 batch step rows=8 pre 0.0 ms, per-row attention 0.0 ms, moe 0.0 ms, head 0.0 ms, setup 0.0 ms, publish 0.0 ms
ds4: V4.1 batch step rows=8 pre 0.0 ms, per-row attention 0.0 ms, moe 0.0 ms, head 0.0 ms, setup 0.0 ms, publish 0.0 ms
ds4: V4.1 batch step rows=8 pre 0.0 ms, per-row attention 0.0 ms, moe 0.0 ms, head 0.0 ms, setup 0.0 ms, publish 0.0 ms
ds4: V4.1 batch step rows=8 pre 0.0 ms, per-row attention 0.0 ms, moe 0.0 ms, head 0.0 ms, setup 0.0 ms, publish 0.0 ms
ds4: V4.1 batch step rows=8 pre 0.0 ms, per-row attention 0.0 ms, moe 0.0 ms, head 0.0 ms, setup 0.0 ms, publish 0.0 ms
ds4: gate over tokens 65-128: 22.31 command buffers, 12.45 aborts, 240.0 expert ids accounted, 193.40 MiB loaded a token; 0 the gate failed to switch off, 0 it could not gate
ds4:   one token, exclusive, same window: entry 0.00 + encode 1.95 + commit-to-done 33.44 + repair-load 4.82 + accounting 0.03 + tail 1.44 = 41.69 of a 45.67 ms wall, residual 3.98
ds4:   of the commit-to-done: GPU running 51.12 ms, GPU not running -17.67 ms
ds4:   1681.8 gated dispatches a token, 27.5 of them behind an abort; 1516.1 sent plain ahead of a buffer's first validate
ds4:   encode-ahead: 7.86 segments used, 11.23 dropped, 3.85 ms a token spent encoding under the GPU
ds4:   concurrent sections: 190.75 attempted, 190.75 opened a token
ds4:   speculation: 0.00 layers a token, 0.00 lanes computed, 0.00 matched, 0.00 GEMVs actually saved, 0.00 left to compute; compared 0.00 lanes, 0.00 floats differ, 0.00 by more than an ulp
ds4:   expert cache over the last 64 tokens: 480.00 hits, 20.38 misses, 0.00 evictions a token; 5732 of 7930 entries live (72.3%)
ds4:   of the address-table holes repaired a token: 0.00 already resident, 20.38 genuinely absent
ds4:   residency a token: 20.38 adds, 0.00 removes, 20.38 commits
ds4: V4.1 batch step rows=8 pre 0.0 ms, per-row attention 0.0 ms, moe 0.0 ms, head 0.0 ms, setup 0.0 ms, publish 0.0 ms
ds4: V4.1 batch step rows=8 pre 0.0 ms, per-row attention 0.0 ms, moe 0.0 ms, head 0.0 ms, setup 0.0 ms, publish 0.0 ms
ds4: V4.1 batch step rows=8 pre 0.0 ms, per-row attention 0.0 ms, moe 0.0 ms, head 0.0 ms, setup 0.0 ms, publish 0.0 ms
ds4: V4.1 batch step rows=8 pre 0.0 ms, per-row attention 0.0 ms, moe 0.0 ms, head 0.0 ms, setup 0.0 ms, publish 0.0 ms
ds4: V4.1 batch step rows=8 pre 0.0 ms, per-row attention 0.0 ms, moe 0.0 ms, head 0.0 ms, setup 0.0 ms, publish 0.0 ms
ds4: V4.1 batch step rows=8 pre 0.0 ms, per-row attention 0.0 ms, moe 0.0 ms, head 0.0 ms, setup 0.0 ms, publish 0.0 ms
ds4: V4.1 batch step rows=8 pre 0.0 ms, per-row attention 0.0 ms, moe 0.0 ms, head 0.0 ms, setup 0.0 ms, publish 0.0 ms
ds4: V4.1 batch step rows=8 pre 0.0 ms, per-row attention 0.0 ms, moe 0.0 ms, head 0.0 ms, setup 0.0 ms, publish 0.0 ms
ds4: V4.1 batch step rows=8 pre 0.0 ms, per-row attention 0.0 ms, moe 0.0 ms, head 0.0 ms, setup 0.0 ms, publish 0.0 ms
ds4: V4.1 batch step rows=8 pre 0.0 ms, per-row attention 0.0 ms, moe 0.0 ms, head 0.0 ms, setup 0.0 ms, publish 0.0 ms
ds4: V4.1 batch step rows=8 pre 0.0 ms, per-row attention 0.0 ms, moe 0.0 ms, head 0.0 ms, setup 0.0 ms, publish 0.0 ms
ds4: V4.1 batch step rows=8 pre 0.0 ms, per-row attention 0.0 ms, moe 0.0 ms, head 0.0 ms, setup 0.0 ms, publish 0.0 ms
ds4: V4.1 batch step rows=8 pre 0.0 ms, per-row attention 0.0 ms, moe 0.0 ms, head 0.0 ms, setup 0.0 ms, publish 0.0 ms
ds4: gate over tokens 129-192: 14.00 command buffers, 0.00 aborts, 240.0 expert ids accounted, 0.00 MiB loaded a token; 0 the gate failed to switch off, 0 it could not gate
ds4:   one token, exclusive, same window: entry 0.00 + encode 0.71 + commit-to-done 28.95 + repair-load 0.00 + accounting 0.04 + tail 1.41 = 31.11 of a 34.79 ms wall, residual 3.68
ds4:   of the commit-to-done: GPU running 55.38 ms, GPU not running -26.44 ms
ds4:   1429.8 gated dispatches a token, 0.0 of them behind an abort; 610.3 sent plain ahead of a buffer's first validate
ds4:   encode-ahead: 12.00 segments used, 0.00 dropped, 3.62 ms a token spent encoding under the GPU
ds4:   concurrent sections: 80.00 attempted, 80.00 opened a token
ds4:   speculation: 0.00 layers a token, 0.00 lanes computed, 0.00 matched, 0.00 GEMVs actually saved, 0.00 left to compute; compared 0.00 lanes, 0.00 floats differ, 0.00 by more than an ulp
ds4:   expert cache over the last 64 tokens: 630.00 hits, 0.00 misses, 0.00 evictions a token; 5732 of 7930 entries live (72.3%)
ds4:   of the address-table holes repaired a token: 0.00 already resident, 0.00 genuinely absent
ds4:   residency a token: 0.00 adds, 0.00 removes, 0.00 commits
ds4: V4.1 batch step rows=8 pre 0.0 ms, per-row attention 0.0 ms, moe 0.0 ms, head 0.0 ms, setup 0.0 ms, publish 0.0 ms
ds4: V4.1 batch step rows=8 pre 0.0 ms, per-row attention 0.0 ms, moe 0.0 ms, head 0.0 ms, setup 0.0 ms, publish 0.0 ms
ds4: V4.1 batch step rows=8 pre 0.0 ms, per-row attention 0.0 ms, moe 0.0 ms, head 0.0 ms, setup 0.0 ms, publish 0.0 ms
ds4: V4.1 batch step rows=8 pre 0.0 ms, per-row attention 0.0 ms, moe 0.0 ms, head 0.0 ms, setup 0.0 ms, publish 0.0 ms
ds4: V4.1 batch step rows=8 pre 0.0 ms, per-row attention 0.0 ms, moe 0.0 ms, head 0.0 ms, setup 0.0 ms, publish 0.0 ms
ds4: V4.1 batch step rows=8 pre 0.0 ms, per-row attention 0.0 ms, moe 0.0 ms, head 0.0 ms, setup 0.0 ms, publish 0.0 ms
ds4: V4.1 batch step rows=8 pre 0.0 ms, per-row attention 0.0 ms, moe 0.0 ms, head 0.0 ms, setup 0.0 ms, publish 0.0 ms
ds4: V4.1 batch step rows=8 pre 0.0 ms, per-row attention 0.0 ms, moe 0.0 ms, head 0.0 ms, setup 0.0 ms, publish 0.0 ms
ds4: V4.1 batch step rows=8 pre 0.0 ms, per-row attention 0.0 ms, moe 0.0 ms, head 0.0 ms, setup 0.0 ms, publish 0.0 ms
ds4: V4.1 batch step rows=8 pre 0.0 ms, per-row attention 0.0 ms, moe 0.0 ms, head 0.0 ms, setup 0.0 ms, publish 0.0 ms
ds4: V4.1 batch step rows=8 pre 0.0 ms, per-row attention 0.0 ms, moe 0.0 ms, head 0.0 ms, setup 0.0 ms, publish 0.0 ms
ds4: V4.1 batch step rows=8 pre 0.0 ms, per-row attention 0.0 ms, moe 0.0 ms, head 0.0 ms, setup 0.0 ms, publish 0.0 ms
ds4: V4.1 batch step rows=8 pre 0.0 ms, per-row attention 0.0 ms, moe 0.0 ms, head 0.0 ms, setup 0.0 ms, publish 0.0 ms
ds4: gate over tokens 193-256: 14.00 command buffers, 0.00 aborts, 240.0 expert ids accounted, 0.00 MiB loaded a token; 0 the gate failed to switch off, 0 it could not gate
ds4:   one token, exclusive, same window: entry -0.00 + encode 0.31 + commit-to-done 30.60 + repair-load 0.00 + accounting 0.03 + tail 1.40 = 32.34 of a 34.02 ms wall, residual 1.68
ds4:   of the commit-to-done: GPU running 55.14 ms, GPU not running -24.54 ms
ds4:   1429.8 gated dispatches a token, 0.0 of them behind an abort; 610.3 sent plain ahead of a buffer's first validate
ds4:   encode-ahead: 12.00 segments used, 0.00 dropped, 1.64 ms a token spent encoding under the GPU
ds4:   concurrent sections: 80.00 attempted, 80.00 opened a token
ds4:   speculation: 0.00 layers a token, 0.00 lanes computed, 0.00 matched, 0.00 GEMVs actually saved, 0.00 left to compute; compared 0.00 lanes, 0.00 floats differ, 0.00 by more than an ulp
ds4:   expert cache over the last 64 tokens: 630.00 hits, 0.00 misses, 0.00 evictions a token; 5732 of 7930 entries live (72.3%)
ds4:   of the address-table holes repaired a token: 0.00 already resident, 0.00 genuinely absent
ds4:   residency a token: 0.00 adds, 0.00 removes, 0.00 commits
ds4: V4.1 batch step rows=8 pre 0.0 ms, per-row attention 0.0 ms, moe 0.0 ms, head 0.0 ms, setup 0.0 ms, publish 0.0 ms
ds4: V4.1 batch step rows=8 pre 0.0 ms, per-row attention 0.0 ms, moe 0.0 ms, head 0.0 ms, setup 0.0 ms, publish 0.0 ms
ds4: V4.1 batch step rows=8 pre 0.0 ms, per-row attention 0.0 ms, moe 0.0 ms, head 0.0 ms, setup 0.0 ms, publish 0.0 ms
ds4: V4.1 batch step rows=8 pre 0.0 ms, per-row attention 0.0 ms, moe 0.0 ms, head 0.0 ms, setup 0.0 ms, publish 0.0 ms
ds4: V4.1 batch step rows=8 pre 0.0 ms, per-row attention 0.0 ms, moe 0.0 ms, head 0.0 ms, setup 0.0 ms, publish 0.0 ms
ds4: V4.1 batch step rows=8 pre 0.0 ms, per-row attention 0.0 ms, moe 0.0 ms, head 0.0 ms, setup 0.0 ms, publish 0.0 ms
ds4: V4.1 batch step rows=8 pre 0.0 ms, per-row attention 0.0 ms, moe 0.0 ms, head 0.0 ms, setup 0.0 ms, publish 0.0 ms
ds4: V4.1 batch step rows=8 pre 0.0 ms, per-row attention 0.0 ms, moe 0.0 ms, head 0.0 ms, setup 0.0 ms, publish 0.0 ms
ds4: V4.1 batch step rows=8 pre 0.0 ms, per-row attention 0.0 ms, moe 0.0 ms, head 0.0 ms, setup 0.0 ms, publish 0.0 ms
ds4: V4.1 batch step rows=8 pre 0.0 ms, per-row attention 0.0 ms, moe 0.0 ms, head 0.0 ms, setup 0.0 ms, publish 0.0 ms
ds4: V4.1 batch step rows=8 pre 0.0 ms, per-row attention 0.0 ms, moe 0.0 ms, head 0.0 ms, setup 0.0 ms, publish 0.0 ms
ds4: V4.1 batch step rows=8 pre 0.0 ms, per-row attention 0.0 ms, moe 0.0 ms, head 0.0 ms, setup 0.0 ms, publish 0.0 ms
ds4: V4.1 batch step rows=8 pre 0.0 ms, per-row attention 0.0 ms, moe 0.0 ms, head 0.0 ms, setup 0.0 ms, publish 0.0 ms
ds4: gate over tokens 257-320: 14.00 command buffers, 0.00 aborts, 240.0 expert ids accounted, 0.00 MiB loaded a token; 0 the gate failed to switch off, 0 it could not gate
ds4:   one token, exclusive, same window: entry 0.00 + encode 0.31 + commit-to-done 30.61 + repair-load 0.00 + accounting 0.03 + tail 1.39 = 32.34 of a 34.02 ms wall, residual 1.68
ds4:   of the commit-to-done: GPU running 55.24 ms, GPU not running -24.63 ms
ds4:   1429.8 gated dispatches a token, 0.0 of them behind an abort; 610.3 sent plain ahead of a buffer's first validate
ds4:   encode-ahead: 12.00 segments used, 0.00 dropped, 1.64 ms a token spent encoding under the GPU
ds4:   concurrent sections: 80.00 attempted, 80.00 opened a token
ds4:   speculation: 0.00 layers a token, 0.00 lanes computed, 0.00 matched, 0.00 GEMVs actually saved, 0.00 left to compute; compared 0.00 lanes, 0.00 floats differ, 0.00 by more than an ulp
ds4:   expert cache over the last 64 tokens: 630.00 hits, 0.00 misses, 0.00 evictions a token; 5732 of 7930 entries live (72.3%)
ds4:   of the address-table holes repaired a token: 0.00 already resident, 0.00 genuinely absent
ds4:   residency a token: 0.00 adds, 0.00 removes, 0.00 commits
ds4: V4.1 batch step rows=8 pre 0.0 ms, per-row attention 0.0 ms, moe 0.0 ms, head 0.0 ms, setup 0.0 ms, publish 0.0 ms
ds4: V4.1 batch step rows=8 pre 0.0 ms, per-row attention 0.0 ms, moe 0.0 ms, head 0.0 ms, setup 0.0 ms, publish 0.0 ms
ds4: V4.1 batch step rows=8 pre 0.0 ms, per-row attention 0.0 ms, moe 0.0 ms, head 0.0 ms, setup 0.0 ms, publish 0.0 ms
ds4: V4.1 batch step rows=8 pre 0.0 ms, per-row attention 0.0 ms, moe 0.0 ms, head 0.0 ms, setup 0.0 ms, publish 0.0 ms
ds4: V4.1 batch step rows=8 pre 0.0 ms, per-row attention 0.0 ms, moe 0.0 ms, head 0.0 ms, setup 0.0 ms, publish 0.0 ms
ds4: V4.1 batch step rows=8 pre 0.0 ms, per-row attention 0.0 ms, moe 0.0 ms, head 0.0 ms, setup 0.0 ms, publish 0.0 ms
ds4: V4.1 batch step rows=8 pre 0.0 ms, per-row attention 0.0 ms, moe 0.0 ms, head 0.0 ms, setup 0.0 ms, publish 0.0 ms
ds4: V4.1 batch step rows=8 pre 0.0 ms, per-row attention 0.0 ms, moe 0.0 ms, head 0.0 ms, setup 0.0 ms, publish 0.0 ms
ds4: V4.1 batch step rows=8 pre 0.0 ms, per-row attention 0.0 ms, moe 0.0 ms, head 0.0 ms, setup 0.0 ms, publish 0.0 ms
ds4: V4.1 batch step rows=8 pre 0.0 ms, per-row attention 0.0 ms, moe 0.0 ms, head 0.0 ms, setup 0.0 ms, publish 0.0 ms
ds4: V4.1 batch step rows=8 pre 0.0 ms, per-row attention 0.0 ms, moe 0.0 ms, head 0.0 ms, setup 0.0 ms, publish 0.0 ms
ds4: V4.1 batch step rows=8 pre 0.0 ms, per-row attention 0.0 ms, moe 0.0 ms, head 0.0 ms, setup 0.0 ms, publish 0.0 ms
ds4: V4.1 batch step rows=8 pre 0.0 ms, per-row attention 0.0 ms, moe 0.0 ms, head 0.0 ms, setup 0.0 ms, publish 0.0 ms
ds4: gate over tokens 321-384: 14.00 command buffers, 0.00 aborts, 240.0 expert ids accounted, 0.00 MiB loaded a token; 0 the gate failed to switch off, 0 it could not gate
ds4:   one token, exclusive, same window: entry 0.00 + encode 0.63 + commit-to-done 29.99 + repair-load 0.00 + accounting 0.03 + tail 1.41 = 32.06 of a 35.30 ms wall, residual 3.23
ds4:   of the commit-to-done: GPU running 57.80 ms, GPU not running -27.82 ms
ds4:   1429.8 gated dispatches a token, 0.0 of them behind an abort; 610.3 sent plain ahead of a buffer's first validate
ds4:   encode-ahead: 12.00 segments used, 0.00 dropped, 3.18 ms a token spent encoding under the GPU
ds4:   concurrent sections: 80.00 attempted, 80.00 opened a token
ds4:   speculation: 0.00 layers a token, 0.00 lanes computed, 0.00 matched, 0.00 GEMVs actually saved, 0.00 left to compute; compared 0.00 lanes, 0.00 floats differ, 0.00 by more than an ulp
ds4:   expert cache over the last 64 tokens: 630.00 hits, 0.00 misses, 0.00 evictions a token; 5732 of 7930 entries live (72.3%)
ds4:   of the address-table holes repaired a token: 0.00 already resident, 0.00 genuinely absent
ds4:   residency a token: 0.00 adds, 0.00 removes, 0.00 commits
ds4: V4.1 batch step rows=8 pre 0.0 ms, per-row attention 0.0 ms, moe 0.0 ms, head 0.0 ms, setup 0.0 ms, publish 0.0 ms
ds4: V4.1 batch step rows=8 pre 0.0 ms, per-row attention 0.0 ms, moe 0.0 ms, head 0.0 ms, setup 0.0 ms, publish 0.0 ms
ds4: V4.1 batch step rows=8 pre 0.0 ms, per-row attention 0.0 ms, moe 0.0 ms, head 0.0 ms, setup 0.0 ms, publish 0.0 ms
ds4: V4.1 batch step rows=8 pre 0.0 ms, per-row attention 0.0 ms, moe 0.0 ms, head 0.0 ms, setup 0.0 ms, publish 0.0 ms
ds4: V4.1 batch step rows=8 pre 0.0 ms, per-row attention 0.0 ms, moe 0.0 ms, head 0.0 ms, setup 0.0 ms, publish 0.0 ms
ds4: V4.1 batch step rows=8 pre 0.0 ms, per-row attention 0.0 ms, moe 0.0 ms, head 0.0 ms, setup 0.0 ms, publish 0.0 ms
ds4: V4.1 batch step rows=8 pre 0.0 ms, per-row attention 0.0 ms, moe 0.0 ms, head 0.0 ms, setup 0.0 ms, publish 0.0 ms
ds4: V4.1 batch step rows=8 pre 0.0 ms, per-row attention 0.0 ms, moe 0.0 ms, head 0.0 ms, setup 0.0 ms, publish 0.0 ms
ds4: V4.1 batch step rows=8 pre 0.0 ms, per-row attention 0.0 ms, moe 0.0 ms, head 0.0 ms, setup 0.0 ms, publish 0.0 ms
ds4: V4.1 batch step rows=8 pre 0.0 ms, per-row attention 0.0 ms, moe 0.0 ms, head 0.0 ms, setup 0.0 ms, publish 0.0 ms
ds4: V4.1 batch step rows=8 pre 0.0 ms, per-row attention 0.0 ms, moe 0.0 ms, head 0.0 ms, setup 0.0 ms, publish 0.0 ms
ds4: V4.1 batch step rows=8 pre 0.0 ms, per-row attention 0.0 ms, moe 0.0 ms, head 0.0 ms, setup 0.0 ms, publish 0.0 ms
ds4: V4.1 batch step rows=8 pre 0.0 ms, per-row attention 0.0 ms, moe 0.0 ms, head 0.0 ms, setup 0.0 ms, publish 0.0 ms
ds4: gate over tokens 385-448: 14.00 command buffers, 0.00 aborts, 240.0 expert ids accounted, 0.00 MiB loaded a token; 0 the gate failed to switch off, 0 it could not gate
ds4:   one token, exclusive, same window: entry 0.00 + encode 0.31 + commit-to-done 32.78 + repair-load 0.00 + accounting 0.03 + tail 1.41 = 34.54 of a 36.21 ms wall, residual 1.68
ds4:   of the commit-to-done: GPU running 60.04 ms, GPU not running -27.25 ms
ds4:   1429.8 gated dispatches a token, 0.0 of them behind an abort; 610.3 sent plain ahead of a buffer's first validate
ds4:   encode-ahead: 12.00 segments used, 0.00 dropped, 1.64 ms a token spent encoding under the GPU
ds4:   concurrent sections: 80.00 attempted, 80.00 opened a token
ds4:   speculation: 0.00 layers a token, 0.00 lanes computed, 0.00 matched, 0.00 GEMVs actually saved, 0.00 left to compute; compared 0.00 lanes, 0.00 floats differ, 0.00 by more than an ulp
ds4:   expert cache over the last 64 tokens: 630.00 hits, 0.00 misses, 0.00 evictions a token; 5732 of 7930 entries live (72.3%)
ds4:   of the address-table holes repaired a token: 0.00 already resident, 0.00 genuinely absent
ds4:   residency a token: 0.00 adds, 0.00 removes, 0.00 commits
ds4: V4.1 batch step rows=8 pre 0.0 ms, per-row attention 0.0 ms, moe 0.0 ms, head 0.0 ms, setup 0.0 ms, publish 0.0 ms
ds4: V4.1 batch step rows=8 pre 0.0 ms, per-row attention 0.0 ms, moe 0.0 ms, head 0.0 ms, setup 0.0 ms, publish 0.0 ms
ds4: V4.1 batch step rows=8 pre 0.0 ms, per-row attention 0.0 ms, moe 0.0 ms, head 0.0 ms, setup 0.0 ms, publish 0.0 ms
ds4: V4.1 batch step rows=8 pre 0.0 ms, per-row attention 0.0 ms, moe 0.0 ms, head 0.0 ms, setup 0.0 ms, publish 0.0 ms
ds4: V4.1 batch step rows=8 pre 0.0 ms, per-row attention 0.0 ms, moe 0.0 ms, head 0.0 ms, setup 0.0 ms, publish 0.0 ms
ds4: V4.1 batch step rows=8 pre 0.0 ms, per-row attention 0.0 ms, moe 0.0 ms, head 0.0 ms, setup 0.0 ms, publish 0.0 ms
ds4: V4.1 batch step rows=8 pre 0.0 ms, per-row attention 0.0 ms, moe 0.0 ms, head 0.0 ms, setup 0.0 ms, publish 0.0 ms
ds4: V4.1 batch step rows=8 pre 0.0 ms, per-row attention 0.0 ms, moe 0.0 ms, head 0.0 ms, setup 0.0 ms, publish 0.0 ms
ds4: V4.1 batch step rows=8 pre 0.0 ms, per-row attention 0.0 ms, moe 0.0 ms, head 0.0 ms, setup 0.0 ms, publish 0.0 ms
ds4: V4.1 batch step rows=8 pre 0.0 ms, per-row attention 0.0 ms, moe 0.0 ms, head 0.0 ms, setup 0.0 ms, publish 0.0 ms
ds4: V4.1 batch step rows=8 pre 0.0 ms, per-row attention 0.0 ms, moe 0.0 ms, head 0.0 ms, setup 0.0 ms, publish 0.0 ms
ds4: V4.1 batch step rows=8 pre 0.0 ms, per-row attention 0.0 ms, moe 0.0 ms, head 0.0 ms, setup 0.0 ms, publish 0.0 ms
ds4: V4.1 batch step rows=8 pre 0.0 ms, per-row attention 0.0 ms, moe 0.0 ms, head 0.0 ms, setup 0.0 ms, publish 0.0 ms
ds4: V4.1 verify selftest k=8, 64 positions from 31 (odd start, pair carry restored), 6 alternating rounds
  round 0: single 36.20 ms/token, batch 193.43 ms/step
  round 1: single 34.84 ms/token, batch 192.57 ms/step
  round 2: single 34.79 ms/token, batch 191.37 ms/step
  round 3: single 35.54 ms/token, batch 206.40 ms/step
  round 4: single 36.94 ms/token, batch 210.45 ms/step
  round 5: single 37.28 ms/token, batch 209.91 ms/step
  ablate engaged: 5760 row cores skipped, 1920 of those also bf16+rope, 240 layer residuals restored
  ablate normal                 logits identical to the reference
  ablate replay A (heads)       logits identical to the reference
  ablate replay C (after rope)  logits identical to the reference
  ablate replay B (attention)   logits identical to the reference
  round 0 (normal first): normal 189.14, A 172.44, C 171.16, B 146.77 ms/step; core +16.69, bf16+rope +1.29, projections +24.39
  round 1 (replay B first): normal 188.86, A 170.19, C 169.61, B 138.37 ms/step; core +18.68, bf16+rope +0.58, projections +31.24
  round 2 (normal first): normal 188.44, A 169.41, C 172.29, B 149.83 ms/step; core +19.03, bf16+rope -2.88, projections +22.46
  round 3 (replay B first): normal 203.90, A 182.73, C 181.95, B 151.30 ms/step; core +21.17, bf16+rope +0.77, projections +30.66
  round 4 (normal first): normal 208.51, A 193.65, C 178.20, B 156.57 ms/step; core +14.86, bf16+rope +15.45, projections +21.63
  round 5 (replay B first): normal 198.98, A 184.98, C 181.00, B 159.25 ms/step; core +13.99, bf16+rope +3.98, projections +21.75
  gather+staging+core : +16.69 / +18.68 ms of a step by order
  bf16 + inverse rope: +1.29 / +0.77 ms of a step by order
  attn_output_a + _b : +22.46 / +30.66 ms of a step by order
ds4: gate over tokens 449-512: 14.00 command buffers, 0.00 aborts, 240.0 expert ids accounted, 0.00 MiB loaded a token; 0 the gate failed to switch off, 0 it could not gate
ds4:   one token, exclusive, same window: entry 0.00 + encode 0.35 + commit-to-done 32.94 + repair-load 0.00 + accounting 0.03 + tail 1.42 = 34.75 of a 36.64 ms wall, residual 1.89
ds4:   of the commit-to-done: GPU running 60.11 ms, GPU not running -27.16 ms
ds4:   1429.8 gated dispatches a token, 0.0 of them behind an abort; 610.3 sent plain ahead of a buffer's first validate
ds4:   encode-ahead: 12.00 segments used, 0.00 dropped, 1.85 ms a token spent encoding under the GPU
ds4:   concurrent sections: 80.00 attempted, 80.00 opened a token
ds4:   speculation: 0.00 layers a token, 0.00 lanes computed, 0.00 matched, 0.00 GEMVs actually saved, 0.00 left to compute; compared 0.00 lanes, 0.00 floats differ, 0.00 by more than an ulp
ds4:   expert cache over the last 64 tokens: 630.00 hits, 0.00 misses, 0.00 evictions a token; 5732 of 7930 entries live (72.3%)
ds4:   of the address-table holes repaired a token: 0.00 already resident, 0.00 genuinely absent
ds4:   residency a token: 0.00 adds, 0.00 removes, 0.00 commits
ds4: selftest control: a second single pass differs from the reference in 0 of 8273920 logits
  median single    : 36.20 ms/token
  median 8-row step: 206.40 ms = 5.70x one single step
  perfect-draft ceiling: 38.76 tok/s (100 tok/s requires <= 80.00 ms/step)
  block width      : 1.40x of 8 (needs 3.62x for 100 tok/s)
  concurrent       : 67842 sections opened of 67842 asked
  marginal row cost: 24.32 ms = 67% of a standalone token
  rollback         : reproduces its own output
  batch vs single  : identical argmax (384 rows checked)
  batch logits     : identical to the single pass
  break-even       : accept 71% of drafted tokens to beat single
  rolled-back passes agree with each other: yes
0925 09:29:26 ds4-server: chat ctx=31..35:4 gen=4 THINKING decoding chunk=0.11 t/s avg=0.11 t/s 36.854s
ds4-server: thinking not closed, ignoring incomplete DSML in reasoning
0925 09:29:26 ds4-server: chat ctx=0..31:31 gen=4 THINKING finish=length 38.956s
0925 09:29:28 ds4-server: shutdown requested, draining requests
