ds4: abort gate on for the first 40 layers
ds4: Metal device Apple M5 Max, 128.00 GiB RAM
ds4: Metal 4 tensor API enabled for Tensor kernels
ds4: drift-patch flags hc_stable=on norm_unify=on kv_raw_f32=off rope_exp2_log2=off math_safe=off tensor_matmul=on
ds4: Metal SSD streaming mode enabled; full model residency and warmup are skipped
ds4: SSD streaming auto cache budget
ds4:   metal recommends 107.52 GiB working set
ds4:   using 84% total for model + cached experts: 90.00 GiB
ds4:   non-routed weights: 9.37 GiB
ds4:   routed expert size: 9.49 MiB
ds4:   expert budget before prefill reserve: 8698 (80.63 GiB)
ds4: metal SSD streaming cache target 80.63 GiB; effective 80.63 GiB = 7.12 GiB prefill headroom + 73.51 GiB dynamic cache (7930 experts, 9.49 MiB each)
ds4: Metal SSD static weights locked 9.37 GiB; pageable 0.00 GiB
ds4: SSD streaming initial metal model map (569 spans, 9.37 GiB tensor span)
ds4: metal backend initialized for graph diagnostics
ds4: memory: KV 0.06 GiB (raw 0.01 + compressed 0.05) + buffers 3.27 GiB + resident model 9.37 GiB + expert cache 73.51 GiB + prefill expert reserve 7.12 GiB = 93.32 GiB planned
ds4: memory detail: ctx=8192 prefill_cap=4096 raw_kv_rows=128 compressed_kv_rows=8193 backend=metal
0924 20:20:27 ds4-server: context buffers 3403.39 MiB (ctx=8192, backend=metal, prefill_chunk=4096, raw_kv_rows=128, compressed_kv_rows=8193)
ds4: V4.1 static context buffers 3403.39 MiB (ctx=8192), Engram disk-only
0924 20:20:27 ds4-server: listening on http://127.0.0.1:8016
0924 20:20:29 ds4-server: chat ctx=0..31:31 prompt start
ds4: shared/routed FFN overlap ran, mode 1
ds4: expert residency set on the queue
0924 20:20:30 ds4-server: chat ctx=0..31:31 prefill chunk 1/31 (3.2%) chunk=0.00 t/s avg=4.66 t/s 0.214s
0924 20:20:30 ds4-server: chat ctx=0..31:31 prefill chunk 2/31 (6.5%) chunk=7.78 t/s avg=5.83 t/s 0.343s
0924 20:20:30 ds4-server: chat ctx=0..31:31 prefill chunk 3/31 (9.7%) chunk=9.89 t/s avg=6.75 t/s 0.444s
0924 20:20:30 ds4-server: chat ctx=0..31:31 prefill chunk 4/31 (12.9%) chunk=13.48 t/s avg=7.72 t/s 0.518s
0924 20:20:30 ds4-server: chat ctx=0..31:31 prefill chunk 5/31 (16.1%) chunk=13.51 t/s avg=8.44 t/s 0.592s
0924 20:20:30 ds4-server: chat ctx=0..31:31 prefill chunk 6/31 (19.4%) chunk=16.11 t/s avg=9.17 t/s 0.654s
0924 20:20:30 ds4-server: chat ctx=0..31:31 prefill chunk 7/31 (22.6%) chunk=15.07 t/s avg=9.71 t/s 0.721s
0924 20:20:30 ds4-server: chat ctx=0..31:31 prefill chunk 8/31 (25.8%) chunk=15.44 t/s avg=10.18 t/s 0.786s
0924 20:20:30 ds4-server: chat ctx=0..31:31 prefill chunk 9/31 (29.0%) chunk=14.38 t/s avg=10.52 t/s 0.855s
0924 20:20:30 ds4-server: chat ctx=0..31:31 prefill chunk 10/31 (32.3%) chunk=15.69 t/s avg=10.88 t/s 0.919s
0924 20:20:30 ds4-server: chat ctx=0..31:31 prefill chunk 11/31 (35.5%) chunk=14.53 t/s avg=11.14 t/s 0.988s
0924 20:20:30 ds4-server: chat ctx=0..31:31 prefill chunk 12/31 (38.7%) chunk=17.14 t/s avg=11.47 t/s 1.046s
0924 20:20:31 ds4-server: chat ctx=0..31:31 prefill chunk 13/31 (41.9%) chunk=16.07 t/s avg=11.73 t/s 1.108s
0924 20:20:31 ds4-server: chat ctx=0..31:31 prefill chunk 14/31 (45.2%) chunk=16.81 t/s avg=11.99 t/s 1.168s
0924 20:20:31 ds4-server: chat ctx=0..31:31 prefill chunk 15/31 (48.4%) chunk=18.32 t/s avg=12.27 t/s 1.222s
0924 20:20:31 ds4-server: chat ctx=0..31:31 prefill chunk 16/31 (51.6%) chunk=14.83 t/s avg=12.41 t/s 1.290s
0924 20:20:31 ds4-server: chat ctx=0..31:31 prefill chunk 17/31 (54.8%) chunk=15.11 t/s avg=12.54 t/s 1.356s
0924 20:20:31 ds4-server: chat ctx=0..31:31 prefill chunk 18/31 (58.1%) chunk=9.78 t/s avg=12.34 t/s 1.458s
0924 20:20:31 ds4-server: chat ctx=0..31:31 prefill chunk 19/31 (61.3%) chunk=9.16 t/s avg=12.12 t/s 1.567s
0924 20:20:31 ds4-server: chat ctx=0..31:31 prefill chunk 20/31 (64.5%) chunk=10.19 t/s avg=12.01 t/s 1.665s
0924 20:20:31 ds4-server: chat ctx=0..31:31 prefill chunk 21/31 (67.7%) chunk=16.39 t/s avg=12.16 t/s 1.726s
0924 20:20:31 ds4-server: chat ctx=0..31:31 prefill chunk 22/31 (71.0%) chunk=15.09 t/s avg=12.27 t/s 1.793s
0924 20:20:31 ds4-server: chat ctx=0..31:31 prefill chunk 23/31 (74.2%) chunk=14.98 t/s avg=12.37 t/s 1.860s
0924 20:20:31 ds4-server: chat ctx=0..31:31 prefill chunk 24/31 (77.4%) chunk=13.59 t/s avg=12.42 t/s 1.933s
0924 20:20:31 ds4-server: chat ctx=0..31:31 prefill chunk 25/31 (80.6%) chunk=17.78 t/s avg=12.57 t/s 1.989s
0924 20:20:31 ds4-server: chat ctx=0..31:31 prefill chunk 26/31 (83.9%) chunk=14.86 t/s avg=12.64 t/s 2.057s
0924 20:20:32 ds4-server: chat ctx=0..31:31 prefill chunk 27/31 (87.1%) chunk=11.57 t/s avg=12.60 t/s 2.143s
0924 20:20:32 ds4-server: chat ctx=0..31:31 prefill chunk 28/31 (90.3%) chunk=9.37 t/s avg=12.45 t/s 2.250s
0924 20:20:32 ds4-server: chat ctx=0..31:31 prefill chunk 29/31 (93.5%) chunk=13.03 t/s avg=12.46 t/s 2.327s
0924 20:20:32 ds4-server: chat ctx=0..31:31 prefill chunk 30/31 (96.8%) chunk=16.37 t/s avg=12.56 t/s 2.388s
0924 20:20:32 ds4-server: chat ctx=0..31:31 prefill chunk 31/31 (100.0%) chunk=18.02 t/s avg=12.69 t/s 2.443s
0924 20:20:32 ds4-server: chat ctx=0..31:31 prompt done 2.445s
ds4: gate over tokens 1-64: 34.33 command buffers, 30.23 aborts, 240.0 expert ids accounted, 656.74 MiB loaded a token; 0 the gate failed to switch off, 0 it could not gate
ds4:   one token, exclusive, same window: entry 0.00 + encode 3.57 + commit-to-done 38.77 + repair-load 14.43 + accounting 0.02 + tail 0.71 = 57.50 of a 61.94 ms wall, residual 4.43
ds4:   of the commit-to-done: GPU running 35.88 ms, GPU not running 2.89 ms
ds4:   2038.6 gated dispatches a token, 69.6 of them behind an abort; 2808.7 sent plain ahead of a buffer's first validate
ds4:   encode-ahead: 2.09 segments used, 27.23 dropped, 4.17 ms a token spent encoding under the GPU
ds4:   concurrent sections: 350.53 attempted, 350.53 opened a token
ds4:   speculation: 0.00 layers a token, 0.00 lanes computed, 0.00 matched, 0.00 GEMVs actually saved, 0.00 left to compute; compared 0.00 lanes, 0.00 floats differ, 0.00 by more than an ulp
ds4:   expert cache over the last 64 tokens: 240.00 hits, 69.19 misses, 0.00 evictions a token; 4428 of 7930 entries live (55.8%)
ds4:   of the address-table holes repaired a token: 0.00 already resident, 69.19 genuinely absent
ds4:   residency a token: 69.19 adds, 0.00 removes, 69.19 commits
ds4: V4.1 batch attn_output_b hoisted out of the per-row loop (8 rows)
ds4: gate over tokens 65-128: 22.31 command buffers, 12.45 aborts, 240.0 expert ids accounted, 193.40 MiB loaded a token; 0 the gate failed to switch off, 0 it could not gate
ds4:   one token, exclusive, same window: entry 0.00 + encode 1.38 + commit-to-done 39.97 + repair-load 4.09 + accounting 0.03 + tail 1.55 = 47.01 of a 49.66 ms wall, residual 2.65
ds4:   of the commit-to-done: GPU running 65.15 ms, GPU not running -25.18 ms
ds4:   1681.7 gated dispatches a token, 27.5 of them behind an abort; 1516.1 sent plain ahead of a buffer's first validate
ds4:   encode-ahead: 7.86 segments used, 11.23 dropped, 2.53 ms a token spent encoding under the GPU
ds4:   concurrent sections: 190.75 attempted, 190.75 opened a token
ds4:   speculation: 0.00 layers a token, 0.00 lanes computed, 0.00 matched, 0.00 GEMVs actually saved, 0.00 left to compute; compared 0.00 lanes, 0.00 floats differ, 0.00 by more than an ulp
ds4:   expert cache over the last 64 tokens: 480.00 hits, 20.38 misses, 0.00 evictions a token; 5732 of 7930 entries live (72.3%)
ds4:   of the address-table holes repaired a token: 0.00 already resident, 20.38 genuinely absent
ds4:   residency a token: 20.38 adds, 0.00 removes, 20.38 commits
ds4: V4.1 batch attn_output_b dispatched per row (8 rows)
ds4: gate over tokens 129-192: 14.00 command buffers, 0.00 aborts, 240.0 expert ids accounted, 0.00 MiB loaded a token; 0 the gate failed to switch off, 0 it could not gate
ds4:   one token, exclusive, same window: entry 0.00 + encode 0.67 + commit-to-done 47.06 + repair-load 0.00 + accounting 0.04 + tail 1.79 = 49.56 of a 53.08 ms wall, residual 3.52
ds4:   of the commit-to-done: GPU running 122.06 ms, GPU not running -75.00 ms
ds4:   1429.8 gated dispatches a token, 0.0 of them behind an abort; 610.3 sent plain ahead of a buffer's first validate
ds4:   encode-ahead: 12.00 segments used, 0.00 dropped, 3.46 ms a token spent encoding under the GPU
ds4:   concurrent sections: 80.00 attempted, 80.00 opened a token
ds4:   speculation: 0.00 layers a token, 0.00 lanes computed, 0.00 matched, 0.00 GEMVs actually saved, 0.00 left to compute; compared 0.00 lanes, 0.00 floats differ, 0.00 by more than an ulp
ds4:   expert cache over the last 64 tokens: 720.00 hits, 0.00 misses, 0.00 evictions a token; 5732 of 7930 entries live (72.3%)
ds4:   of the address-table holes repaired a token: 0.00 already resident, 0.00 genuinely absent
ds4:   residency a token: 0.00 adds, 0.00 removes, 0.00 commits
ds4: gate over tokens 193-256: 14.00 command buffers, 0.00 aborts, 240.0 expert ids accounted, 0.00 MiB loaded a token; 0 the gate failed to switch off, 0 it could not gate
ds4:   one token, exclusive, same window: entry 0.00 + encode 0.35 + commit-to-done 48.74 + repair-load 0.00 + accounting 0.03 + tail 1.77 = 50.89 of a 52.83 ms wall, residual 1.94
ds4:   of the commit-to-done: GPU running 123.89 ms, GPU not running -75.16 ms
ds4:   1429.8 gated dispatches a token, 0.0 of them behind an abort; 610.3 sent plain ahead of a buffer's first validate
ds4:   encode-ahead: 12.00 segments used, 0.00 dropped, 1.88 ms a token spent encoding under the GPU
ds4:   concurrent sections: 80.00 attempted, 80.00 opened a token
ds4:   speculation: 0.00 layers a token, 0.00 lanes computed, 0.00 matched, 0.00 GEMVs actually saved, 0.00 left to compute; compared 0.00 lanes, 0.00 floats differ, 0.00 by more than an ulp
ds4:   expert cache over the last 64 tokens: 720.00 hits, 0.00 misses, 0.00 evictions a token; 5732 of 7930 entries live (72.3%)
ds4:   of the address-table holes repaired a token: 0.00 already resident, 0.00 genuinely absent
ds4:   residency a token: 0.00 adds, 0.00 removes, 0.00 commits
ds4: gate over tokens 257-320: 14.00 command buffers, 0.00 aborts, 240.0 expert ids accounted, 0.00 MiB loaded a token; 0 the gate failed to switch off, 0 it could not gate
ds4:   one token, exclusive, same window: entry 0.00 + encode 0.61 + commit-to-done 50.28 + repair-load 0.00 + accounting 0.04 + tail 1.82 = 52.76 of a 55.95 ms wall, residual 3.19
ds4:   of the commit-to-done: GPU running 129.21 ms, GPU not running -78.93 ms
ds4:   1429.8 gated dispatches a token, 0.0 of them behind an abort; 610.3 sent plain ahead of a buffer's first validate
ds4:   encode-ahead: 12.00 segments used, 0.00 dropped, 3.12 ms a token spent encoding under the GPU
ds4:   concurrent sections: 80.00 attempted, 80.00 opened a token
ds4:   speculation: 0.00 layers a token, 0.00 lanes computed, 0.00 matched, 0.00 GEMVs actually saved, 0.00 left to compute; compared 0.00 lanes, 0.00 floats differ, 0.00 by more than an ulp
ds4:   expert cache over the last 64 tokens: 720.00 hits, 0.00 misses, 0.00 evictions a token; 5732 of 7930 entries live (72.3%)
ds4:   of the address-table holes repaired a token: 0.00 already resident, 0.00 genuinely absent
ds4:   residency a token: 0.00 adds, 0.00 removes, 0.00 commits
ds4: gate over tokens 321-384: 14.00 command buffers, 0.00 aborts, 240.0 expert ids accounted, 0.00 MiB loaded a token; 0 the gate failed to switch off, 0 it could not gate
ds4:   one token, exclusive, same window: entry 0.00 + encode 0.45 + commit-to-done 50.56 + repair-load 0.00 + accounting 0.03 + tail 1.82 = 52.86 of a 55.27 ms wall, residual 2.40
ds4:   of the commit-to-done: GPU running 130.79 ms, GPU not running -80.22 ms
ds4:   1429.8 gated dispatches a token, 0.0 of them behind an abort; 610.3 sent plain ahead of a buffer's first validate
ds4:   encode-ahead: 12.00 segments used, 0.00 dropped, 2.35 ms a token spent encoding under the GPU
ds4:   concurrent sections: 80.00 attempted, 80.00 opened a token
ds4:   speculation: 0.00 layers a token, 0.00 lanes computed, 0.00 matched, 0.00 GEMVs actually saved, 0.00 left to compute; compared 0.00 lanes, 0.00 floats differ, 0.00 by more than an ulp
ds4:   expert cache over the last 64 tokens: 720.00 hits, 0.00 misses, 0.00 evictions a token; 5732 of 7930 entries live (72.3%)
ds4:   of the address-table holes repaired a token: 0.00 already resident, 0.00 genuinely absent
ds4:   residency a token: 0.00 adds, 0.00 removes, 0.00 commits
ds4: gate over tokens 385-448: 14.00 command buffers, 0.00 aborts, 240.0 expert ids accounted, 0.00 MiB loaded a token; 0 the gate failed to switch off, 0 it could not gate
ds4:   one token, exclusive, same window: entry 0.00 + encode 0.45 + commit-to-done 53.25 + repair-load 0.00 + accounting 0.03 + tail 1.88 = 55.61 of a 58.00 ms wall, residual 2.39
ds4:   of the commit-to-done: GPU running 135.07 ms, GPU not running -81.82 ms
ds4:   1429.8 gated dispatches a token, 0.0 of them behind an abort; 610.4 sent plain ahead of a buffer's first validate
ds4:   encode-ahead: 12.00 segments used, 0.00 dropped, 2.34 ms a token spent encoding under the GPU
ds4:   concurrent sections: 80.00 attempted, 80.00 opened a token
ds4:   speculation: 0.00 layers a token, 0.00 lanes computed, 0.00 matched, 0.00 GEMVs actually saved, 0.00 left to compute; compared 0.00 lanes, 0.00 floats differ, 0.00 by more than an ulp
ds4:   expert cache over the last 64 tokens: 720.00 hits, 0.00 misses, 0.00 evictions a token; 5732 of 7930 entries live (72.3%)
ds4:   of the address-table holes repaired a token: 0.00 already resident, 0.00 genuinely absent
ds4:   residency a token: 0.00 adds, 0.00 removes, 0.00 commits
ds4: V4.1 verify selftest k=8, 64 positions from 31 (odd start, pair carry restored), 6 alternating rounds
  round 0 (unset first): DS4_METAL_V41_BATCH_ATTN_OUT=0 unset 351.36 ms/step, set 365.07 ms/step (+3.9%)
  round 1 (set first): DS4_METAL_V41_BATCH_ATTN_OUT=0 unset 344.98 ms/step, set 385.60 ms/step (+11.8%)
  round 2 (unset first): DS4_METAL_V41_BATCH_ATTN_OUT=0 unset 373.28 ms/step, set 379.56 ms/step (+1.7%)
  round 3 (set first): DS4_METAL_V41_BATCH_ATTN_OUT=0 unset 364.49 ms/step, set 406.11 ms/step (+11.4%)
  round 4 (unset first): DS4_METAL_V41_BATCH_ATTN_OUT=0 unset 388.10 ms/step, set 394.17 ms/step (+1.6%)
  round 5 (set first): DS4_METAL_V41_BATCH_ATTN_OUT=0 unset 377.61 ms/step, set 416.58 ms/step (+10.3%)
  unset-first rounds (3): median +1.7%
  set-first rounds   (3): median +11.4%
  DS4_METAL_V41_BATCH_ATTN_OUT=0: slower in BOTH orders
  median single    : 59.08 ms/token
  median 8-row step: 373.28 ms = 6.32x one single step
  perfect-draft ceiling: 21.43 tok/s (100 tok/s requires <= 80.00 ms/step)
  marginal row cost: 44.89 ms = 76% of a standalone token
  rollback         : reproduces its own output
  batch vs single  : identical argmax (768 rows checked)
  break-even       : accept 79% of drafted tokens to beat single
  rolled-back passes agree with each other: yes
0924 20:21:36 ds4-server: chat ctx=31..35:4 gen=4 THINKING decoding chunk=0.06 t/s avg=0.06 t/s 64.285s
ds4-server: thinking not closed, ignoring incomplete DSML in reasoning
0924 20:21:36 ds4-server: chat ctx=0..31:31 gen=4 THINKING finish=length 66.730s
0924 20:21:38 ds4-server: shutdown requested, draining requests
