ds4: abort gate on for the first 40 layers
ds4: Metal device Apple M5 Max, 128.00 GiB RAM
ds4: Metal 4 tensor API enabled for Tensor kernels
ds4: drift-patch flags hc_stable=on norm_unify=on kv_raw_f32=off rope_exp2_log2=off math_safe=off tensor_matmul=on
ds4: Metal SSD streaming mode enabled; full model residency and warmup are skipped
ds4: SSD streaming auto cache budget
ds4:   metal recommends 107.52 GiB working set
ds4:   using 84% total for model + cached experts: 90.00 GiB
ds4:   non-routed weights: 9.37 GiB
ds4:   routed expert size: 9.49 MiB
ds4:   expert budget before prefill reserve: 8698 (80.63 GiB)
ds4: metal SSD streaming cache target 80.63 GiB; effective 80.63 GiB = 7.12 GiB prefill headroom + 73.51 GiB dynamic cache (7930 experts, 9.49 MiB each)
ds4: Metal SSD static weights locked 9.37 GiB; pageable 0.00 GiB
ds4: SSD streaming initial metal model map (569 spans, 9.37 GiB tensor span)
ds4: metal backend initialized for graph diagnostics
ds4: memory: KV 0.06 GiB (raw 0.01 + compressed 0.05) + buffers 3.27 GiB + resident model 9.37 GiB + expert cache 73.51 GiB + prefill expert reserve 7.12 GiB = 93.33 GiB planned
ds4: memory detail: ctx=8192 prefill_cap=4096 raw_kv_rows=128 compressed_kv_rows=8193 backend=metal
0925 11:45:11 ds4-server: context buffers 3411.39 MiB (ctx=8192, backend=metal, prefill_chunk=4096, raw_kv_rows=128, compressed_kv_rows=8193)
ds4: V4.1 static context buffers 3411.39 MiB (ctx=8192), Engram disk-only
0925 11:45:11 ds4-server: listening on http://127.0.0.1:8016
0925 11:45:14 ds4-server: chat ctx=0..31:31 prompt start
ds4: shared/routed FFN overlap ran, mode 1
ds4: expert residency set on the queue
0925 11:45:14 ds4-server: chat ctx=0..31:31 prefill chunk 1/31 (3.2%) chunk=0.00 t/s avg=5.36 t/s 0.186s
0925 11:45:14 ds4-server: chat ctx=0..31:31 prefill chunk 2/31 (6.5%) chunk=6.42 t/s avg=5.84 t/s 0.342s
0925 11:45:14 ds4-server: chat ctx=0..31:31 prefill chunk 3/31 (9.7%) chunk=6.80 t/s avg=6.13 t/s 0.489s
0925 11:45:14 ds4-server: chat ctx=0..31:31 prefill chunk 4/31 (12.9%) chunk=8.99 t/s avg=6.66 t/s 0.600s
0925 11:45:15 ds4-server: chat ctx=0..31:31 prefill chunk 5/31 (16.1%) chunk=11.25 t/s avg=7.25 t/s 0.689s
0925 11:45:15 ds4-server: chat ctx=0..31:31 prefill chunk 6/31 (19.4%) chunk=11.90 t/s avg=7.76 t/s 0.773s
0925 11:45:15 ds4-server: chat ctx=0..31:31 prefill chunk 7/31 (22.6%) chunk=11.94 t/s avg=8.17 t/s 0.857s
0925 11:45:15 ds4-server: chat ctx=0..31:31 prefill chunk 8/31 (25.8%) chunk=10.67 t/s avg=8.41 t/s 0.951s
0925 11:45:15 ds4-server: chat ctx=0..31:31 prefill chunk 9/31 (29.0%) chunk=8.19 t/s avg=8.39 t/s 1.073s
0925 11:45:15 ds4-server: chat ctx=0..31:31 prefill chunk 10/31 (32.3%) chunk=14.16 t/s avg=8.74 t/s 1.144s
0925 11:45:15 ds4-server: chat ctx=0..31:31 prefill chunk 11/31 (35.5%) chunk=15.26 t/s avg=9.10 t/s 1.209s
0925 11:45:15 ds4-server: chat ctx=0..31:31 prefill chunk 12/31 (38.7%) chunk=15.49 t/s avg=9.42 t/s 1.274s
0925 11:45:15 ds4-server: chat ctx=0..31:31 prefill chunk 13/31 (41.9%) chunk=16.30 t/s avg=9.74 t/s 1.335s
0925 11:45:15 ds4-server: chat ctx=0..31:31 prefill chunk 14/31 (45.2%) chunk=16.90 t/s avg=10.04 t/s 1.394s
0925 11:45:15 ds4-server: chat ctx=0..31:31 prefill chunk 15/31 (48.4%) chunk=17.83 t/s avg=10.34 t/s 1.450s
0925 11:45:15 ds4-server: chat ctx=0..31:31 prefill chunk 16/31 (51.6%) chunk=14.87 t/s avg=10.54 t/s 1.518s
0925 11:45:15 ds4-server: chat ctx=0..31:31 prefill chunk 17/31 (54.8%) chunk=14.77 t/s avg=10.72 t/s 1.585s
0925 11:45:16 ds4-server: chat ctx=0..31:31 prefill chunk 18/31 (58.1%) chunk=11.60 t/s avg=10.77 t/s 1.671s
0925 11:45:16 ds4-server: chat ctx=0..31:31 prefill chunk 19/31 (61.3%) chunk=9.48 t/s avg=10.69 t/s 1.777s
0925 11:45:16 ds4-server: chat ctx=0..31:31 prefill chunk 20/31 (64.5%) chunk=11.95 t/s avg=10.75 t/s 1.861s
0925 11:45:16 ds4-server: chat ctx=0..31:31 prefill chunk 21/31 (67.7%) chunk=18.75 t/s avg=10.97 t/s 1.914s
0925 11:45:16 ds4-server: chat ctx=0..31:31 prefill chunk 22/31 (71.0%) chunk=18.15 t/s avg=11.17 t/s 1.969s
0925 11:45:16 ds4-server: chat ctx=0..31:31 prefill chunk 23/31 (74.2%) chunk=15.84 t/s avg=11.32 t/s 2.032s
0925 11:45:16 ds4-server: chat ctx=0..31:31 prefill chunk 24/31 (77.4%) chunk=15.34 t/s avg=11.44 t/s 2.097s
0925 11:45:16 ds4-server: chat ctx=0..31:31 prefill chunk 25/31 (80.6%) chunk=18.57 t/s avg=11.62 t/s 2.151s
0925 11:45:16 ds4-server: chat ctx=0..31:31 prefill chunk 26/31 (83.9%) chunk=18.36 t/s avg=11.79 t/s 2.206s
0925 11:45:16 ds4-server: chat ctx=0..31:31 prefill chunk 27/31 (87.1%) chunk=15.63 t/s avg=11.90 t/s 2.270s
0925 11:45:16 ds4-server: chat ctx=0..31:31 prefill chunk 28/31 (90.3%) chunk=14.30 t/s avg=11.97 t/s 2.340s
0925 11:45:16 ds4-server: chat ctx=0..31:31 prefill chunk 29/31 (93.5%) chunk=10.93 t/s avg=11.93 t/s 2.431s
0925 11:45:16 ds4-server: chat ctx=0..31:31 prefill chunk 30/31 (96.8%) chunk=10.25 t/s avg=11.86 t/s 2.529s
0925 11:45:16 ds4-server: chat ctx=0..31:31 prefill chunk 31/31 (100.0%) chunk=14.84 t/s avg=11.94 t/s 2.596s
0925 11:45:16 ds4-server: chat ctx=0..31:31 prompt done 2.598s
ds4: gate over tokens 1-64: 34.33 command buffers, 30.23 aborts, 240.0 expert ids accounted, 656.74 MiB loaded a token; 0 the gate failed to switch off, 0 it could not gate
ds4:   one token, exclusive, same window: entry 0.00 + encode 3.77 + commit-to-done 47.73 + repair-load 15.01 + accounting 0.02 + tail 0.82 = 67.35 of a 71.33 ms wall, residual 3.98
ds4:   of the commit-to-done: GPU running 45.35 ms, GPU not running 2.38 ms
ds4:   2038.6 gated dispatches a token, 69.6 of them behind an abort; 2808.7 sent plain ahead of a buffer's first validate
ds4:   encode-ahead: 2.09 segments used, 27.23 dropped, 3.78 ms a token spent encoding under the GPU
ds4:   concurrent sections: 350.53 attempted, 350.53 opened a token
ds4:   speculation: 0.00 layers a token, 0.00 lanes computed, 0.00 matched, 0.00 GEMVs actually saved, 0.00 left to compute; compared 0.00 lanes, 0.00 floats differ, 0.00 by more than an ulp
ds4:   expert cache over the last 64 tokens: 240.00 hits, 69.19 misses, 0.00 evictions a token; 4428 of 7930 entries live (55.8%)
ds4:   of the address-table holes repaired a token: 0.00 already resident, 69.19 genuinely absent
ds4:   residency a token: 69.19 adds, 0.00 removes, 69.19 commits
ds4: V4.1 attn_output_a out of the per-row loop, 8 rows, row tile BR=4
ds4: V4.1 batch attn_output_b hoisted out of the per-row loop (8 rows)
ds4: V4.1 batch step rows=8 pre 0.0 ms, per-row attention 0.0 ms, moe 0.0 ms, head 0.0 ms, setup 0.0 ms, publish 0.0 ms
ds4: V4.1 batch step rows=8 pre 0.0 ms, per-row attention 0.0 ms, moe 0.0 ms, head 0.0 ms, setup 0.0 ms, publish 0.0 ms
ds4: V4.1 batch step rows=8 pre 0.0 ms, per-row attention 0.0 ms, moe 0.0 ms, head 0.0 ms, setup 0.0 ms, publish 0.0 ms
ds4: V4.1 batch step rows=8 pre 0.0 ms, per-row attention 0.0 ms, moe 0.0 ms, head 0.0 ms, setup 0.0 ms, publish 0.0 ms
ds4: V4.1 batch step rows=8 pre 0.0 ms, per-row attention 0.0 ms, moe 0.0 ms, head 0.0 ms, setup 0.0 ms, publish 0.0 ms
ds4: V4.1 batch step rows=8 pre 0.0 ms, per-row attention 0.0 ms, moe 0.0 ms, head 0.0 ms, setup 0.0 ms, publish 0.0 ms
ds4: V4.1 batch step rows=8 pre 0.0 ms, per-row attention 0.0 ms, moe 0.0 ms, head 0.0 ms, setup 0.0 ms, publish 0.0 ms
ds4: V4.1 batch step rows=8 pre 0.0 ms, per-row attention 0.0 ms, moe 0.0 ms, head 0.0 ms, setup 0.0 ms, publish 0.0 ms
ds4: gate over tokens 65-128: 22.31 command buffers, 12.45 aborts, 240.0 expert ids accounted, 193.40 MiB loaded a token; 0 the gate failed to switch off, 0 it could not gate
ds4:   one token, exclusive, same window: entry 0.00 + encode 1.44 + commit-to-done 33.81 + repair-load 5.55 + accounting 0.03 + tail 1.43 = 42.26 of a 44.99 ms wall, residual 2.73
ds4:   of the commit-to-done: GPU running 49.83 ms, GPU not running -16.03 ms
ds4:   1681.7 gated dispatches a token, 27.5 of them behind an abort; 1516.1 sent plain ahead of a buffer's first validate
ds4:   encode-ahead: 7.86 segments used, 11.23 dropped, 2.59 ms a token spent encoding under the GPU
ds4:   concurrent sections: 190.75 attempted, 190.75 opened a token
ds4:   speculation: 0.00 layers a token, 0.00 lanes computed, 0.00 matched, 0.00 GEMVs actually saved, 0.00 left to compute; compared 0.00 lanes, 0.00 floats differ, 0.00 by more than an ulp
ds4:   expert cache over the last 64 tokens: 480.00 hits, 20.38 misses, 0.00 evictions a token; 5732 of 7930 entries live (72.3%)
ds4:   of the address-table holes repaired a token: 0.00 already resident, 20.38 genuinely absent
ds4:   residency a token: 20.38 adds, 0.00 removes, 20.38 commits
ds4: V4.1 batch step rows=8 pre 0.0 ms, per-row attention 0.0 ms, moe 0.0 ms, head 0.0 ms, setup 0.0 ms, publish 0.0 ms
ds4: V4.1 batch step rows=8 pre 0.0 ms, per-row attention 0.0 ms, moe 0.0 ms, head 0.0 ms, setup 0.0 ms, publish 0.0 ms
ds4: V4.1 batch step rows=8 pre 0.0 ms, per-row attention 0.0 ms, moe 0.0 ms, head 0.0 ms, setup 0.0 ms, publish 0.0 ms
ds4: V4.1 batch step rows=8 pre 0.0 ms, per-row attention 0.0 ms, moe 0.0 ms, head 0.0 ms, setup 0.0 ms, publish 0.0 ms
ds4: V4.1 batch step rows=8 pre 0.0 ms, per-row attention 0.0 ms, moe 0.0 ms, head 0.0 ms, setup 0.0 ms, publish 0.0 ms
ds4: V4.1 batch step rows=8 pre 0.0 ms, per-row attention 0.0 ms, moe 0.0 ms, head 0.0 ms, setup 0.0 ms, publish 0.0 ms
ds4: V4.1 batch step rows=8 pre 0.0 ms, per-row attention 0.0 ms, moe 0.0 ms, head 0.0 ms, setup 0.0 ms, publish 0.0 ms
ds4: V4.1 batch step rows=8 pre 0.0 ms, per-row attention 0.0 ms, moe 0.0 ms, head 0.0 ms, setup 0.0 ms, publish 0.0 ms
ds4: V4.1 batch step rows=8 pre 0.0 ms, per-row attention 0.0 ms, moe 0.0 ms, head 0.0 ms, setup 0.0 ms, publish 0.0 ms
ds4: V4.1 batch step rows=8 pre 0.0 ms, per-row attention 0.0 ms, moe 0.0 ms, head 0.0 ms, setup 0.0 ms, publish 0.0 ms
ds4: V4.1 batch step rows=8 pre 0.0 ms, per-row attention 0.0 ms, moe 0.0 ms, head 0.0 ms, setup 0.0 ms, publish 0.0 ms
ds4: V4.1 batch step rows=8 pre 0.0 ms, per-row attention 0.0 ms, moe 0.0 ms, head 0.0 ms, setup 0.0 ms, publish 0.0 ms
ds4: V4.1 batch step rows=8 pre 0.0 ms, per-row attention 0.0 ms, moe 0.0 ms, head 0.0 ms, setup 0.0 ms, publish 0.0 ms
ds4: V4.1 batch step rows=8 pre 0.0 ms, per-row attention 0.0 ms, moe 0.0 ms, head 0.0 ms, setup 0.0 ms, publish 0.0 ms
ds4: V4.1 batch step rows=8 pre 0.0 ms, per-row attention 0.0 ms, moe 0.0 ms, head 0.0 ms, setup 0.0 ms, publish 0.0 ms
ds4: V4.1 batch step rows=8 pre 0.0 ms, per-row attention 0.0 ms, moe 0.0 ms, head 0.0 ms, setup 0.0 ms, publish 0.0 ms
ds4: V4.1 batch step rows=8 pre 0.0 ms, per-row attention 0.0 ms, moe 0.0 ms, head 0.0 ms, setup 0.0 ms, publish 0.0 ms
ds4: gate over tokens 129-192: 14.00 command buffers, 0.00 aborts, 240.0 expert ids accounted, 0.00 MiB loaded a token; 0 the gate failed to switch off, 0 it could not gate
ds4:   one token, exclusive, same window: entry 0.00 + encode 0.33 + commit-to-done 30.64 + repair-load 0.00 + accounting 0.03 + tail 1.40 = 32.39 of a 34.18 ms wall, residual 1.79
ds4:   of the commit-to-done: GPU running 59.93 ms, GPU not running -29.29 ms
ds4:   1429.8 gated dispatches a token, 0.0 of them behind an abort; 610.4 sent plain ahead of a buffer's first validate
ds4:   encode-ahead: 12.00 segments used, 0.00 dropped, 1.75 ms a token spent encoding under the GPU
ds4:   concurrent sections: 80.00 attempted, 80.00 opened a token
ds4:   speculation: 0.00 layers a token, 0.00 lanes computed, 0.00 matched, 0.00 GEMVs actually saved, 0.00 left to compute; compared 0.00 lanes, 0.00 floats differ, 0.00 by more than an ulp
ds4:   expert cache over the last 64 tokens: 720.00 hits, 0.00 misses, 0.00 evictions a token; 5732 of 7930 entries live (72.3%)
ds4:   of the address-table holes repaired a token: 0.00 already resident, 0.00 genuinely absent
ds4:   residency a token: 0.00 adds, 0.00 removes, 0.00 commits
ds4: V4.1 batch step rows=8 pre 0.0 ms, per-row attention 0.0 ms, moe 0.0 ms, head 0.0 ms, setup 0.0 ms, publish 0.0 ms
ds4: V4.1 batch step rows=8 pre 0.0 ms, per-row attention 0.0 ms, moe 0.0 ms, head 0.0 ms, setup 0.0 ms, publish 0.0 ms
ds4: V4.1 batch step rows=8 pre 0.0 ms, per-row attention 0.0 ms, moe 0.0 ms, head 0.0 ms, setup 0.0 ms, publish 0.0 ms
ds4: V4.1 batch step rows=8 pre 0.0 ms, per-row attention 0.0 ms, moe 0.0 ms, head 0.0 ms, setup 0.0 ms, publish 0.0 ms
ds4: V4.1 batch step rows=8 pre 0.0 ms, per-row attention 0.0 ms, moe 0.0 ms, head 0.0 ms, setup 0.0 ms, publish 0.0 ms
ds4: V4.1 batch step rows=8 pre 0.0 ms, per-row attention 0.0 ms, moe 0.0 ms, head 0.0 ms, setup 0.0 ms, publish 0.0 ms
ds4: V4.1 batch step rows=8 pre 0.0 ms, per-row attention 0.0 ms, moe 0.0 ms, head 0.0 ms, setup 0.0 ms, publish 0.0 ms
ds4: V4.1 batch step rows=8 pre 0.0 ms, per-row attention 0.0 ms, moe 0.0 ms, head 0.0 ms, setup 0.0 ms, publish 0.0 ms
ds4: V4.1 batch step rows=8 pre 0.0 ms, per-row attention 0.0 ms, moe 0.0 ms, head 0.0 ms, setup 0.0 ms, publish 0.0 ms
ds4: V4.1 batch step rows=8 pre 0.0 ms, per-row attention 0.0 ms, moe 0.0 ms, head 0.0 ms, setup 0.0 ms, publish 0.0 ms
ds4: V4.1 batch step rows=8 pre 0.0 ms, per-row attention 0.0 ms, moe 0.0 ms, head 0.0 ms, setup 0.0 ms, publish 0.0 ms
ds4: V4.1 batch step rows=8 pre 0.0 ms, per-row attention 0.0 ms, moe 0.0 ms, head 0.0 ms, setup 0.0 ms, publish 0.0 ms
ds4: V4.1 batch step rows=8 pre 0.0 ms, per-row attention 0.0 ms, moe 0.0 ms, head 0.0 ms, setup 0.0 ms, publish 0.0 ms
ds4: V4.1 batch step rows=8 pre 0.0 ms, per-row attention 0.0 ms, moe 0.0 ms, head 0.0 ms, setup 0.0 ms, publish 0.0 ms
ds4: V4.1 batch step rows=8 pre 0.0 ms, per-row attention 0.0 ms, moe 0.0 ms, head 0.0 ms, setup 0.0 ms, publish 0.0 ms
ds4: V4.1 batch step rows=8 pre 0.0 ms, per-row attention 0.0 ms, moe 0.0 ms, head 0.0 ms, setup 0.0 ms, publish 0.0 ms
ds4: V4.1 batch step rows=8 pre 0.0 ms, per-row attention 0.0 ms, moe 0.0 ms, head 0.0 ms, setup 0.0 ms, publish 0.0 ms
ds4: V4.1 verify selftest k=8, 64 positions from 31 (odd start, pair carry restored), 2 alternating rounds
  round 0: single 35.10 ms/token, batch 180.94 ms/step
  round 1: single 34.98 ms/token, batch 181.18 ms/step
  ablate engaged: 1600 stages skipped, 640 saved outputs copied in; 8 arms over 2 rounds, rotating
  ablate: the prologue - KV write, FP8 quantize, window publish, indexer - and the router run in every arm, so their cost is in none of these
  pre                  +35.71 ms of a step (min +25.44, max +35.71)
  attention tail       +32.29 ms of a step (min +26.10, max +32.29)
  shared expert        +14.75 ms of a step (min +11.36, max +14.75)
  routed experts       +47.24 ms of a step (min +46.20, max +47.24)
  ablate round 0: pre 180.51/155.07 attention tail 171.18/138.89 shared expert 181.84/167.09 routed experts 176.34/129.10 ms control/replay
  ablate round 1: pre 189.52/153.81 attention tail 175.11/149.01 shared expert 176.41/165.05 routed experts 174.97/128.77 ms control/replay
ds4: gate over tokens 193-256: 14.00 command buffers, 0.00 aborts, 240.0 expert ids accounted, 0.00 MiB loaded a token; 0 the gate failed to switch off, 0 it could not gate
ds4:   one token, exclusive, same window: entry 0.00 + encode 0.32 + commit-to-done 30.73 + repair-load 0.00 + accounting 0.03 + tail 1.41 = 32.49 of a 34.21 ms wall, residual 1.72
ds4:   of the commit-to-done: GPU running 60.16 ms, GPU not running -29.43 ms
ds4:   1429.8 gated dispatches a token, 0.0 of them behind an abort; 610.3 sent plain ahead of a buffer's first validate
ds4:   encode-ahead: 12.00 segments used, 0.00 dropped, 1.68 ms a token spent encoding under the GPU
ds4:   concurrent sections: 80.00 attempted, 80.00 opened a token
ds4:   speculation: 0.00 layers a token, 0.00 lanes computed, 0.00 matched, 0.00 GEMVs actually saved, 0.00 left to compute; compared 0.00 lanes, 0.00 floats differ, 0.00 by more than an ulp
ds4:   expert cache over the last 64 tokens: 720.00 hits, 0.00 misses, 0.00 evictions a token; 5732 of 7930 entries live (72.3%)
ds4:   of the address-table holes repaired a token: 0.00 already resident, 0.00 genuinely absent
ds4:   residency a token: 0.00 adds, 0.00 removes, 0.00 commits
ds4: selftest control: a second single pass differs from the reference in 0 of 8273920 logits
  median single    : 35.10 ms/token
  median 8-row step: 181.18 ms = 5.16x one single step
  perfect-draft ceiling: 44.15 tok/s (100 tok/s requires <= 80.00 ms/step)
  block width      : 1.55x of 8 (needs 3.51x for 100 tok/s)
  concurrent       : 47362 sections opened of 47362 asked
  marginal row cost: 20.87 ms = 59% of a standalone token
  rollback         : reproduces its own output
  batch vs single  : identical argmax (128 rows checked)
  batch logits     : identical to the single pass
  break-even       : accept 65% of drafted tokens to beat single
  rolled-back passes agree with each other: yes
0925 11:45:35 ds4-server: chat ctx=31..35:4 gen=4 THINKING decoding chunk=0.22 t/s avg=0.22 t/s 18.261s
ds4-server: thinking not closed, ignoring incomplete DSML in reasoning
0925 11:45:35 ds4-server: chat ctx=0..31:31 gen=4 THINKING finish=length 20.859s
0925 11:45:37 ds4-server: shutdown requested, draining requests
