ds4: abort gate on for the first 40 layers
ds4: Metal device Apple M5 Max, 128.00 GiB RAM
ds4: Metal 4 tensor API enabled for Tensor kernels
ds4: drift-patch flags hc_stable=on norm_unify=on kv_raw_f32=off rope_exp2_log2=off math_safe=off tensor_matmul=on
ds4: Metal SSD streaming mode enabled; full model residency and warmup are skipped
ds4: SSD streaming auto cache budget
ds4:   metal recommends 107.52 GiB working set
ds4:   using 84% total for model + cached experts: 90.00 GiB
ds4:   non-routed weights: 9.37 GiB
ds4:   routed expert size: 9.49 MiB
ds4:   expert budget before prefill reserve: 8698 (80.63 GiB)
ds4: metal SSD streaming cache target 80.63 GiB; effective 80.63 GiB = 7.12 GiB prefill headroom + 73.51 GiB dynamic cache (7930 experts, 9.49 MiB each)
ds4: Metal SSD static weights locked 9.37 GiB; pageable 0.00 GiB
ds4: SSD streaming initial metal model map (569 spans, 9.37 GiB tensor span)
ds4: metal backend initialized for graph diagnostics
ds4: memory: KV 0.06 GiB (raw 0.01 + compressed 0.05) + buffers 3.27 GiB + resident model 9.37 GiB + expert cache 73.51 GiB + prefill expert reserve 7.12 GiB = 93.33 GiB planned
ds4: memory detail: ctx=8192 prefill_cap=4096 raw_kv_rows=128 compressed_kv_rows=8193 backend=metal
0925 09:26:52 ds4-server: context buffers 3411.39 MiB (ctx=8192, backend=metal, prefill_chunk=4096, raw_kv_rows=128, compressed_kv_rows=8193)
ds4: V4.1 static context buffers 3411.39 MiB (ctx=8192), Engram disk-only
0925 09:26:52 ds4-server: listening on http://127.0.0.1:8016
0925 09:26:54 ds4-server: chat ctx=0..31:31 prompt start
ds4: shared/routed FFN overlap ran, mode 1
ds4: expert residency set on the queue
0925 09:26:55 ds4-server: chat ctx=0..31:31 prefill chunk 1/31 (3.2%) chunk=0.00 t/s avg=3.82 t/s 0.262s
0925 09:26:55 ds4-server: chat ctx=0..31:31 prefill chunk 2/31 (6.5%) chunk=4.07 t/s avg=3.94 t/s 0.508s
0925 09:26:55 ds4-server: chat ctx=0..31:31 prefill chunk 3/31 (9.7%) chunk=6.75 t/s avg=4.57 t/s 0.656s
0925 09:26:55 ds4-server: chat ctx=0..31:31 prefill chunk 4/31 (12.9%) chunk=8.56 t/s avg=5.18 t/s 0.773s
0925 09:26:55 ds4-server: chat ctx=0..31:31 prefill chunk 5/31 (16.1%) chunk=10.12 t/s avg=5.74 t/s 0.871s
0925 09:26:55 ds4-server: chat ctx=0..31:31 prefill chunk 6/31 (19.4%) chunk=12.00 t/s avg=6.28 t/s 0.955s
0925 09:26:55 ds4-server: chat ctx=0..31:31 prefill chunk 7/31 (22.6%) chunk=4.40 t/s avg=5.92 t/s 1.182s
0925 09:26:56 ds4-server: chat ctx=0..31:31 prefill chunk 8/31 (25.8%) chunk=9.42 t/s avg=6.21 t/s 1.288s
0925 09:26:56 ds4-server: chat ctx=0..31:31 prefill chunk 9/31 (29.0%) chunk=9.45 t/s avg=6.46 t/s 1.394s
0925 09:26:56 ds4-server: chat ctx=0..31:31 prefill chunk 10/31 (32.3%) chunk=11.50 t/s avg=6.75 t/s 1.481s
0925 09:26:56 ds4-server: chat ctx=0..31:31 prefill chunk 11/31 (35.5%) chunk=10.38 t/s avg=6.97 t/s 1.577s
0925 09:26:56 ds4-server: chat ctx=0..31:31 prefill chunk 12/31 (38.7%) chunk=13.05 t/s avg=7.26 t/s 1.654s
0925 09:26:56 ds4-server: chat ctx=0..31:31 prefill chunk 13/31 (41.9%) chunk=13.28 t/s avg=7.52 t/s 1.729s
0925 09:26:56 ds4-server: chat ctx=0..31:31 prefill chunk 14/31 (45.2%) chunk=14.72 t/s avg=7.79 t/s 1.797s
0925 09:26:56 ds4-server: chat ctx=0..31:31 prefill chunk 15/31 (48.4%) chunk=14.28 t/s avg=8.03 t/s 1.867s
0925 09:26:56 ds4-server: chat ctx=0..31:31 prefill chunk 16/31 (51.6%) chunk=8.62 t/s avg=8.07 t/s 1.983s
0925 09:26:56 ds4-server: chat ctx=0..31:31 prefill chunk 17/31 (54.8%) chunk=9.31 t/s avg=8.13 t/s 2.091s
0925 09:26:56 ds4-server: chat ctx=0..31:31 prefill chunk 18/31 (58.1%) chunk=9.22 t/s avg=8.19 t/s 2.199s
0925 09:26:57 ds4-server: chat ctx=0..31:31 prefill chunk 19/31 (61.3%) chunk=7.43 t/s avg=8.14 t/s 2.334s
0925 09:26:57 ds4-server: chat ctx=0..31:31 prefill chunk 20/31 (64.5%) chunk=6.74 t/s avg=8.06 t/s 2.482s
0925 09:26:57 ds4-server: chat ctx=0..31:31 prefill chunk 21/31 (67.7%) chunk=5.34 t/s avg=7.87 t/s 2.669s
0925 09:26:57 ds4-server: chat ctx=0..31:31 prefill chunk 22/31 (71.0%) chunk=6.51 t/s avg=7.79 t/s 2.823s
0925 09:26:57 ds4-server: chat ctx=0..31:31 prefill chunk 23/31 (74.2%) chunk=9.18 t/s avg=7.85 t/s 2.932s
0925 09:26:57 ds4-server: chat ctx=0..31:31 prefill chunk 24/31 (77.4%) chunk=9.56 t/s avg=7.90 t/s 3.036s
0925 09:26:57 ds4-server: chat ctx=0..31:31 prefill chunk 25/31 (80.6%) chunk=14.81 t/s avg=8.05 t/s 3.104s
0925 09:26:57 ds4-server: chat ctx=0..31:31 prefill chunk 26/31 (83.9%) chunk=9.28 t/s avg=8.10 t/s 3.212s
0925 09:26:58 ds4-server: chat ctx=0..31:31 prefill chunk 27/31 (87.1%) chunk=7.97 t/s avg=8.09 t/s 3.337s
0925 09:26:58 ds4-server: chat ctx=0..31:31 prefill chunk 28/31 (90.3%) chunk=8.63 t/s avg=8.11 t/s 3.453s
0925 09:26:58 ds4-server: chat ctx=0..31:31 prefill chunk 29/31 (93.5%) chunk=10.70 t/s avg=8.18 t/s 3.546s
0925 09:26:58 ds4-server: chat ctx=0..31:31 prefill chunk 30/31 (96.8%) chunk=14.30 t/s avg=8.30 t/s 3.616s
0925 09:26:58 ds4-server: chat ctx=0..31:31 prefill chunk 31/31 (100.0%) chunk=16.09 t/s avg=8.43 t/s 3.679s
0925 09:26:58 ds4-server: chat ctx=0..31:31 prompt done 3.680s
ds4: gate over tokens 1-64: 34.33 command buffers, 30.23 aborts, 240.0 expert ids accounted, 656.74 MiB loaded a token; 0 the gate failed to switch off, 0 it could not gate
ds4:   one token, exclusive, same window: entry 0.00 + encode 3.29 + commit-to-done 45.93 + repair-load 33.96 + accounting 0.03 + tail 0.72 = 83.93 of a 87.95 ms wall, residual 4.02
ds4:   of the commit-to-done: GPU running 39.93 ms, GPU not running 6.00 ms
ds4:   2038.6 gated dispatches a token, 69.6 of them behind an abort; 2808.7 sent plain ahead of a buffer's first validate
ds4:   encode-ahead: 2.09 segments used, 27.23 dropped, 3.72 ms a token spent encoding under the GPU
ds4:   concurrent sections: 350.53 attempted, 350.53 opened a token
ds4:   speculation: 0.00 layers a token, 0.00 lanes computed, 0.00 matched, 0.00 GEMVs actually saved, 0.00 left to compute; compared 0.00 lanes, 0.00 floats differ, 0.00 by more than an ulp
ds4:   expert cache over the last 64 tokens: 240.00 hits, 69.19 misses, 0.00 evictions a token; 4428 of 7930 entries live (55.8%)
ds4:   of the address-table holes repaired a token: 0.00 already resident, 69.19 genuinely absent
ds4:   residency a token: 69.19 adds, 0.00 removes, 69.19 commits
ds4: V4.1 batch attn_output_b hoisted out of the per-row loop (8 rows)
ds4: V4.1 batch step rows=8 pre 0.0 ms, per-row attention 0.0 ms, moe 0.0 ms, head 0.0 ms, setup 0.0 ms, publish 0.0 ms
ds4: V4.1 batch step rows=8 pre 0.0 ms, per-row attention 0.0 ms, moe 0.0 ms, head 0.0 ms, setup 0.0 ms, publish 0.0 ms
ds4: V4.1 batch step rows=8 pre 0.0 ms, per-row attention 0.0 ms, moe 0.0 ms, head 0.0 ms, setup 0.0 ms, publish 0.0 ms
ds4: V4.1 batch step rows=8 pre 0.0 ms, per-row attention 0.0 ms, moe 0.0 ms, head 0.0 ms, setup 0.0 ms, publish 0.0 ms
ds4: V4.1 batch step rows=8 pre 0.0 ms, per-row attention 0.0 ms, moe 0.0 ms, head 0.0 ms, setup 0.0 ms, publish 0.0 ms
ds4: V4.1 batch step rows=8 pre 0.0 ms, per-row attention 0.0 ms, moe 0.0 ms, head 0.0 ms, setup 0.0 ms, publish 0.0 ms
ds4: V4.1 batch step rows=8 pre 0.0 ms, per-row attention 0.0 ms, moe 0.0 ms, head 0.0 ms, setup 0.0 ms, publish 0.0 ms
ds4: V4.1 batch step rows=8 pre 0.0 ms, per-row attention 0.0 ms, moe 0.0 ms, head 0.0 ms, setup 0.0 ms, publish 0.0 ms
ds4: gate over tokens 65-128: 22.31 command buffers, 12.45 aborts, 240.0 expert ids accounted, 193.40 MiB loaded a token; 0 the gate failed to switch off, 0 it could not gate
ds4:   one token, exclusive, same window: entry 0.00 + encode 1.48 + commit-to-done 33.30 + repair-load 7.84 + accounting 0.03 + tail 1.41 = 44.06 of a 46.75 ms wall, residual 2.69
ds4:   of the commit-to-done: GPU running 50.64 ms, GPU not running -17.34 ms
ds4:   1681.7 gated dispatches a token, 27.5 of them behind an abort; 1516.1 sent plain ahead of a buffer's first validate
ds4:   encode-ahead: 7.86 segments used, 11.23 dropped, 2.55 ms a token spent encoding under the GPU
ds4:   concurrent sections: 190.75 attempted, 190.75 opened a token
ds4:   speculation: 0.00 layers a token, 0.00 lanes computed, 0.00 matched, 0.00 GEMVs actually saved, 0.00 left to compute; compared 0.00 lanes, 0.00 floats differ, 0.00 by more than an ulp
ds4:   expert cache over the last 64 tokens: 480.00 hits, 20.38 misses, 0.00 evictions a token; 5732 of 7930 entries live (72.3%)
ds4:   of the address-table holes repaired a token: 0.00 already resident, 20.38 genuinely absent
ds4:   residency a token: 20.38 adds, 0.00 removes, 20.38 commits
ds4: V4.1 batch step rows=8 pre 0.0 ms, per-row attention 0.0 ms, moe 0.0 ms, head 0.0 ms, setup 0.0 ms, publish 0.0 ms
ds4: V4.1 batch step rows=8 pre 0.0 ms, per-row attention 0.0 ms, moe 0.0 ms, head 0.0 ms, setup 0.0 ms, publish 0.0 ms
ds4: V4.1 batch step rows=8 pre 0.0 ms, per-row attention 0.0 ms, moe 0.0 ms, head 0.0 ms, setup 0.0 ms, publish 0.0 ms
ds4: V4.1 batch step rows=8 pre 0.0 ms, per-row attention 0.0 ms, moe 0.0 ms, head 0.0 ms, setup 0.0 ms, publish 0.0 ms
ds4: V4.1 batch step rows=8 pre 0.0 ms, per-row attention 0.0 ms, moe 0.0 ms, head 0.0 ms, setup 0.0 ms, publish 0.0 ms
ds4: V4.1 batch step rows=8 pre 0.0 ms, per-row attention 0.0 ms, moe 0.0 ms, head 0.0 ms, setup 0.0 ms, publish 0.0 ms
ds4: V4.1 batch step rows=8 pre 0.0 ms, per-row attention 0.0 ms, moe 0.0 ms, head 0.0 ms, setup 0.0 ms, publish 0.0 ms
ds4: V4.1 batch step rows=8 pre 0.0 ms, per-row attention 0.0 ms, moe 0.0 ms, head 0.0 ms, setup 0.0 ms, publish 0.0 ms
ds4: V4.1 batch step rows=8 pre 0.0 ms, per-row attention 0.0 ms, moe 0.0 ms, head 0.0 ms, setup 0.0 ms, publish 0.0 ms
ds4: V4.1 batch step rows=8 pre 0.0 ms, per-row attention 0.0 ms, moe 0.0 ms, head 0.0 ms, setup 0.0 ms, publish 0.0 ms
ds4: V4.1 batch step rows=8 pre 0.0 ms, per-row attention 0.0 ms, moe 0.0 ms, head 0.0 ms, setup 0.0 ms, publish 0.0 ms
ds4: V4.1 batch step rows=8 pre 0.0 ms, per-row attention 0.0 ms, moe 0.0 ms, head 0.0 ms, setup 0.0 ms, publish 0.0 ms
ds4: gate over tokens 129-192: 14.00 command buffers, 0.00 aborts, 240.0 expert ids accounted, 0.00 MiB loaded a token; 0 the gate failed to switch off, 0 it could not gate
ds4:   one token, exclusive, same window: entry 0.00 + encode 0.31 + commit-to-done 30.78 + repair-load 0.00 + accounting 0.03 + tail 1.39 = 32.51 of a 34.32 ms wall, residual 1.80
ds4:   of the commit-to-done: GPU running 53.37 ms, GPU not running -22.59 ms
ds4:   1429.8 gated dispatches a token, 0.0 of them behind an abort; 610.3 sent plain ahead of a buffer's first validate
ds4:   encode-ahead: 12.00 segments used, 0.00 dropped, 1.76 ms a token spent encoding under the GPU
ds4:   concurrent sections: 80.00 attempted, 80.00 opened a token
ds4:   speculation: 0.00 layers a token, 0.00 lanes computed, 0.00 matched, 0.00 GEMVs actually saved, 0.00 left to compute; compared 0.00 lanes, 0.00 floats differ, 0.00 by more than an ulp
ds4:   expert cache over the last 64 tokens: 600.00 hits, 0.00 misses, 0.00 evictions a token; 5732 of 7930 entries live (72.3%)
ds4:   of the address-table holes repaired a token: 0.00 already resident, 0.00 genuinely absent
ds4:   residency a token: 0.00 adds, 0.00 removes, 0.00 commits
ds4: V4.1 batch step rows=8 pre 0.0 ms, per-row attention 0.0 ms, moe 0.0 ms, head 0.0 ms, setup 0.0 ms, publish 0.0 ms
ds4: V4.1 batch step rows=8 pre 0.0 ms, per-row attention 0.0 ms, moe 0.0 ms, head 0.0 ms, setup 0.0 ms, publish 0.0 ms
ds4: V4.1 batch step rows=8 pre 0.0 ms, per-row attention 0.0 ms, moe 0.0 ms, head 0.0 ms, setup 0.0 ms, publish 0.0 ms
ds4: V4.1 batch step rows=8 pre 0.0 ms, per-row attention 0.0 ms, moe 0.0 ms, head 0.0 ms, setup 0.0 ms, publish 0.0 ms
ds4: V4.1 batch step rows=8 pre 0.0 ms, per-row attention 0.0 ms, moe 0.0 ms, head 0.0 ms, setup 0.0 ms, publish 0.0 ms
ds4: V4.1 batch step rows=8 pre 0.0 ms, per-row attention 0.0 ms, moe 0.0 ms, head 0.0 ms, setup 0.0 ms, publish 0.0 ms
ds4: V4.1 batch step rows=8 pre 0.0 ms, per-row attention 0.0 ms, moe 0.0 ms, head 0.0 ms, setup 0.0 ms, publish 0.0 ms
ds4: V4.1 batch step rows=8 pre 0.0 ms, per-row attention 0.0 ms, moe 0.0 ms, head 0.0 ms, setup 0.0 ms, publish 0.0 ms
ds4: V4.1 batch step rows=8 pre 0.0 ms, per-row attention 0.0 ms, moe 0.0 ms, head 0.0 ms, setup 0.0 ms, publish 0.0 ms
ds4: V4.1 batch step rows=8 pre 0.0 ms, per-row attention 0.0 ms, moe 0.0 ms, head 0.0 ms, setup 0.0 ms, publish 0.0 ms
ds4: V4.1 batch step rows=8 pre 0.0 ms, per-row attention 0.0 ms, moe 0.0 ms, head 0.0 ms, setup 0.0 ms, publish 0.0 ms
ds4: V4.1 batch step rows=8 pre 0.0 ms, per-row attention 0.0 ms, moe 0.0 ms, head 0.0 ms, setup 0.0 ms, publish 0.0 ms
ds4: gate over tokens 193-256: 14.00 command buffers, 0.00 aborts, 240.0 expert ids accounted, 0.00 MiB loaded a token; 0 the gate failed to switch off, 0 it could not gate
ds4:   one token, exclusive, same window: entry 0.00 + encode 0.72 + commit-to-done 29.05 + repair-load 0.00 + accounting 0.03 + tail 1.40 = 31.21 of a 34.82 ms wall, residual 3.61
ds4:   of the commit-to-done: GPU running 53.87 ms, GPU not running -24.82 ms
ds4:   1429.8 gated dispatches a token, 0.0 of them behind an abort; 610.3 sent plain ahead of a buffer's first validate
ds4:   encode-ahead: 12.00 segments used, 0.00 dropped, 3.55 ms a token spent encoding under the GPU
ds4:   concurrent sections: 80.00 attempted, 80.00 opened a token
ds4:   speculation: 0.00 layers a token, 0.00 lanes computed, 0.00 matched, 0.00 GEMVs actually saved, 0.00 left to compute; compared 0.00 lanes, 0.00 floats differ, 0.00 by more than an ulp
ds4:   expert cache over the last 64 tokens: 600.00 hits, 0.00 misses, 0.00 evictions a token; 5732 of 7930 entries live (72.3%)
ds4:   of the address-table holes repaired a token: 0.00 already resident, 0.00 genuinely absent
ds4:   residency a token: 0.00 adds, 0.00 removes, 0.00 commits
ds4: V4.1 batch step rows=8 pre 0.0 ms, per-row attention 0.0 ms, moe 0.0 ms, head 0.0 ms, setup 0.0 ms, publish 0.0 ms
ds4: V4.1 batch step rows=8 pre 0.0 ms, per-row attention 0.0 ms, moe 0.0 ms, head 0.0 ms, setup 0.0 ms, publish 0.0 ms
ds4: V4.1 batch step rows=8 pre 0.0 ms, per-row attention 0.0 ms, moe 0.0 ms, head 0.0 ms, setup 0.0 ms, publish 0.0 ms
ds4: V4.1 batch step rows=8 pre 0.0 ms, per-row attention 0.0 ms, moe 0.0 ms, head 0.0 ms, setup 0.0 ms, publish 0.0 ms
ds4: V4.1 batch step rows=8 pre 0.0 ms, per-row attention 0.0 ms, moe 0.0 ms, head 0.0 ms, setup 0.0 ms, publish 0.0 ms
ds4: V4.1 batch step rows=8 pre 0.0 ms, per-row attention 0.0 ms, moe 0.0 ms, head 0.0 ms, setup 0.0 ms, publish 0.0 ms
ds4: V4.1 batch step rows=8 pre 0.0 ms, per-row attention 0.0 ms, moe 0.0 ms, head 0.0 ms, setup 0.0 ms, publish 0.0 ms
ds4: V4.1 batch step rows=8 pre 0.0 ms, per-row attention 0.0 ms, moe 0.0 ms, head 0.0 ms, setup 0.0 ms, publish 0.0 ms
ds4: V4.1 batch step rows=8 pre 0.0 ms, per-row attention 0.0 ms, moe 0.0 ms, head 0.0 ms, setup 0.0 ms, publish 0.0 ms
ds4: V4.1 batch step rows=8 pre 0.0 ms, per-row attention 0.0 ms, moe 0.0 ms, head 0.0 ms, setup 0.0 ms, publish 0.0 ms
ds4: V4.1 batch step rows=8 pre 0.0 ms, per-row attention 0.0 ms, moe 0.0 ms, head 0.0 ms, setup 0.0 ms, publish 0.0 ms
ds4: V4.1 batch step rows=8 pre 0.0 ms, per-row attention 0.0 ms, moe 0.0 ms, head 0.0 ms, setup 0.0 ms, publish 0.0 ms
ds4: gate over tokens 257-320: 14.00 command buffers, 0.00 aborts, 240.0 expert ids accounted, 0.00 MiB loaded a token; 0 the gate failed to switch off, 0 it could not gate
ds4:   one token, exclusive, same window: entry 0.00 + encode 0.31 + commit-to-done 31.03 + repair-load 0.00 + accounting 0.03 + tail 1.40 = 32.77 of a 34.44 ms wall, residual 1.67
ds4:   of the commit-to-done: GPU running 55.51 ms, GPU not running -24.47 ms
ds4:   1429.8 gated dispatches a token, 0.0 of them behind an abort; 610.3 sent plain ahead of a buffer's first validate
ds4:   encode-ahead: 12.00 segments used, 0.00 dropped, 1.64 ms a token spent encoding under the GPU
ds4:   concurrent sections: 80.00 attempted, 80.00 opened a token
ds4:   speculation: 0.00 layers a token, 0.00 lanes computed, 0.00 matched, 0.00 GEMVs actually saved, 0.00 left to compute; compared 0.00 lanes, 0.00 floats differ, 0.00 by more than an ulp
ds4:   expert cache over the last 64 tokens: 600.00 hits, 0.00 misses, 0.00 evictions a token; 5732 of 7930 entries live (72.3%)
ds4:   of the address-table holes repaired a token: 0.00 already resident, 0.00 genuinely absent
ds4:   residency a token: 0.00 adds, 0.00 removes, 0.00 commits
ds4: V4.1 batch step rows=8 pre 0.0 ms, per-row attention 0.0 ms, moe 0.0 ms, head 0.0 ms, setup 0.0 ms, publish 0.0 ms
ds4: V4.1 batch step rows=8 pre 0.0 ms, per-row attention 0.0 ms, moe 0.0 ms, head 0.0 ms, setup 0.0 ms, publish 0.0 ms
ds4: V4.1 batch step rows=8 pre 0.0 ms, per-row attention 0.0 ms, moe 0.0 ms, head 0.0 ms, setup 0.0 ms, publish 0.0 ms
ds4: V4.1 batch step rows=8 pre 0.0 ms, per-row attention 0.0 ms, moe 0.0 ms, head 0.0 ms, setup 0.0 ms, publish 0.0 ms
ds4: V4.1 batch step rows=8 pre 0.0 ms, per-row attention 0.0 ms, moe 0.0 ms, head 0.0 ms, setup 0.0 ms, publish 0.0 ms
ds4: V4.1 batch step rows=8 pre 0.0 ms, per-row attention 0.0 ms, moe 0.0 ms, head 0.0 ms, setup 0.0 ms, publish 0.0 ms
ds4: V4.1 batch step rows=8 pre 0.0 ms, per-row attention 0.0 ms, moe 0.0 ms, head 0.0 ms, setup 0.0 ms, publish 0.0 ms
ds4: V4.1 batch step rows=8 pre 0.0 ms, per-row attention 0.0 ms, moe 0.0 ms, head 0.0 ms, setup 0.0 ms, publish 0.0 ms
ds4: V4.1 batch step rows=8 pre 0.0 ms, per-row attention 0.0 ms, moe 0.0 ms, head 0.0 ms, setup 0.0 ms, publish 0.0 ms
ds4: V4.1 batch step rows=8 pre 0.0 ms, per-row attention 0.0 ms, moe 0.0 ms, head 0.0 ms, setup 0.0 ms, publish 0.0 ms
ds4: V4.1 batch step rows=8 pre 0.0 ms, per-row attention 0.0 ms, moe 0.0 ms, head 0.0 ms, setup 0.0 ms, publish 0.0 ms
ds4: V4.1 batch step rows=8 pre 0.0 ms, per-row attention 0.0 ms, moe 0.0 ms, head 0.0 ms, setup 0.0 ms, publish 0.0 ms
ds4: V4.1 verify selftest k=8, 64 positions from 31 (odd start, pair carry restored), 4 alternating rounds
  round 0: single 34.78 ms/token, batch 189.85 ms/step
  round 1: single 36.09 ms/token, batch 194.26 ms/step
  round 2: single 35.24 ms/token, batch 204.36 ms/step
  round 3: single 34.82 ms/token, batch 204.07 ms/step
  ablate engaged: 2560 row cores skipped, 160 layer residuals restored
  ablate normal                logits identical to the reference
  ablate replay A (heads)      logits identical to the reference
  ablate replay B (attention)  logits identical to the reference
  round 0 (normal first): normal 184.09, replay A 171.55, replay B 151.16 ms/step; gather+staging+core +12.54, bf16+rope+projections +20.39
  round 1 (replay B first): normal 185.86, replay A 176.36, replay B 146.48 ms/step; gather+staging+core +9.51, bf16+rope+projections +29.88
  round 2 (normal first): normal 200.19, replay A 183.82, replay B 144.59 ms/step; gather+staging+core +16.37, bf16+rope+projections +39.23
  round 3 (replay B first): normal 199.99, replay A 185.86, replay B 156.46 ms/step; gather+staging+core +14.14, bf16+rope+projections +29.40
  gather+staging+core : +16.37 / +14.14 ms of a step by order
  bf16+rope+projection: +39.23 / +29.88 ms of a step by order
ds4: gate over tokens 321-384: 14.00 command buffers, 0.00 aborts, 240.0 expert ids accounted, 0.00 MiB loaded a token; 0 the gate failed to switch off, 0 it could not gate
ds4:   one token, exclusive, same window: entry 0.00 + encode 0.31 + commit-to-done 30.70 + repair-load 0.00 + accounting 0.03 + tail 1.38 = 32.41 of a 34.08 ms wall, residual 1.67
ds4:   of the commit-to-done: GPU running 55.25 ms, GPU not running -24.55 ms
ds4:   1429.8 gated dispatches a token, 0.0 of them behind an abort; 610.3 sent plain ahead of a buffer's first validate
ds4:   encode-ahead: 12.00 segments used, 0.00 dropped, 1.64 ms a token spent encoding under the GPU
ds4:   concurrent sections: 80.00 attempted, 80.00 opened a token
ds4:   speculation: 0.00 layers a token, 0.00 lanes computed, 0.00 matched, 0.00 GEMVs actually saved, 0.00 left to compute; compared 0.00 lanes, 0.00 floats differ, 0.00 by more than an ulp
ds4:   expert cache over the last 64 tokens: 600.00 hits, 0.00 misses, 0.00 evictions a token; 5732 of 7930 entries live (72.3%)
ds4:   of the address-table holes repaired a token: 0.00 already resident, 0.00 genuinely absent
ds4:   residency a token: 0.00 adds, 0.00 removes, 0.00 commits
ds4: selftest control: a second single pass differs from the reference in 0 of 8273920 logits
  median single    : 35.24 ms/token
  median 8-row step: 204.07 ms = 5.79x one single step
  perfect-draft ceiling: 39.20 tok/s (100 tok/s requires <= 80.00 ms/step)
  block width      : 1.38x of 8 (needs 3.52x for 100 tok/s)
  concurrent       : 57602 sections opened of 57602 asked
  marginal row cost: 24.12 ms = 68% of a standalone token
  rollback         : reproduces its own output
  batch vs single  : identical argmax (256 rows checked)
  batch logits     : identical to the single pass
  break-even       : accept 72% of drafted tokens to beat single
  rolled-back passes agree with each other: yes
0925 09:27:24 ds4-server: chat ctx=31..35:4 gen=4 THINKING decoding chunk=0.15 t/s avg=0.15 t/s 26.305s
ds4-server: thinking not closed, ignoring incomplete DSML in reasoning
0925 09:27:24 ds4-server: chat ctx=0..31:31 gen=4 THINKING finish=length 29.985s
0925 09:27:26 ds4-server: shutdown requested, draining requests
