ds4: abort gate on for the first 40 layers
ds4: Metal device Apple M5 Max, 128.00 GiB RAM
ds4: Metal 4 tensor API enabled for Tensor kernels
ds4: drift-patch flags hc_stable=on norm_unify=on kv_raw_f32=off rope_exp2_log2=off math_safe=off tensor_matmul=on
ds4: Metal SSD streaming mode enabled; full model residency and warmup are skipped
ds4: SSD streaming auto cache budget
ds4:   metal recommends 107.52 GiB working set
ds4:   using 84% total for model + cached experts: 90.00 GiB
ds4:   non-routed weights: 9.37 GiB
ds4:   routed expert size: 9.49 MiB
ds4:   expert budget before prefill reserve: 8698 (80.63 GiB)
ds4: metal SSD streaming cache target 80.63 GiB; effective 80.63 GiB = 7.12 GiB prefill headroom + 73.51 GiB dynamic cache (7930 experts, 9.49 MiB each)
ds4: Metal SSD static weights locked 9.37 GiB; pageable 0.00 GiB
ds4: SSD streaming initial metal model map (569 spans, 9.37 GiB tensor span)
ds4: metal backend initialized for graph diagnostics
ds4: memory: KV 0.06 GiB (raw 0.01 + compressed 0.05) + buffers 3.27 GiB + resident model 9.37 GiB + expert cache 73.51 GiB + prefill expert reserve 7.12 GiB = 93.32 GiB planned
ds4: memory detail: ctx=8192 prefill_cap=4096 raw_kv_rows=128 compressed_kv_rows=8193 backend=metal
0924 20:17:45 ds4-server: context buffers 3403.39 MiB (ctx=8192, backend=metal, prefill_chunk=4096, raw_kv_rows=128, compressed_kv_rows=8193)
ds4: V4.1 static context buffers 3403.39 MiB (ctx=8192), Engram disk-only
0924 20:17:45 ds4-server: listening on http://127.0.0.1:8016
0924 20:17:48 ds4-server: chat ctx=0..31:31 prompt start
ds4: shared/routed FFN overlap ran, mode 1
ds4: expert residency set on the queue
0924 20:17:48 ds4-server: chat ctx=0..31:31 prefill chunk 1/31 (3.2%) chunk=0.00 t/s avg=5.23 t/s 0.191s
0924 20:17:48 ds4-server: chat ctx=0..31:31 prefill chunk 2/31 (6.5%) chunk=10.08 t/s avg=6.89 t/s 0.290s
0924 20:17:48 ds4-server: chat ctx=0..31:31 prefill chunk 3/31 (9.7%) chunk=11.84 t/s avg=8.00 t/s 0.375s
0924 20:17:48 ds4-server: chat ctx=0..31:31 prefill chunk 4/31 (12.9%) chunk=12.95 t/s avg=8.85 t/s 0.452s
0924 20:17:48 ds4-server: chat ctx=0..31:31 prefill chunk 5/31 (16.1%) chunk=13.57 t/s avg=9.51 t/s 0.526s
0924 20:17:48 ds4-server: chat ctx=0..31:31 prefill chunk 6/31 (19.4%) chunk=16.25 t/s avg=10.22 t/s 0.587s
0924 20:17:48 ds4-server: chat ctx=0..31:31 prefill chunk 7/31 (22.6%) chunk=15.08 t/s avg=10.71 t/s 0.654s
0924 20:17:48 ds4-server: chat ctx=0..31:31 prefill chunk 8/31 (25.8%) chunk=15.32 t/s avg=11.13 t/s 0.719s
0924 20:17:48 ds4-server: chat ctx=0..31:31 prefill chunk 9/31 (29.0%) chunk=14.16 t/s avg=11.40 t/s 0.789s
0924 20:17:49 ds4-server: chat ctx=0..31:31 prefill chunk 10/31 (32.3%) chunk=14.43 t/s avg=11.64 t/s 0.859s
0924 20:17:49 ds4-server: chat ctx=0..31:31 prefill chunk 11/31 (35.5%) chunk=12.16 t/s avg=11.69 t/s 0.941s
0924 20:17:49 ds4-server: chat ctx=0..31:31 prefill chunk 12/31 (38.7%) chunk=13.38 t/s avg=11.81 t/s 1.016s
0924 20:17:49 ds4-server: chat ctx=0..31:31 prefill chunk 13/31 (41.9%) chunk=11.37 t/s avg=11.78 t/s 1.104s
0924 20:17:49 ds4-server: chat ctx=0..31:31 prefill chunk 14/31 (45.2%) chunk=8.29 t/s avg=11.43 t/s 1.224s
0924 20:17:49 ds4-server: chat ctx=0..31:31 prefill chunk 15/31 (48.4%) chunk=12.19 t/s avg=11.48 t/s 1.306s
0924 20:17:49 ds4-server: chat ctx=0..31:31 prefill chunk 16/31 (51.6%) chunk=15.08 t/s avg=11.66 t/s 1.373s
0924 20:17:49 ds4-server: chat ctx=0..31:31 prefill chunk 17/31 (54.8%) chunk=15.93 t/s avg=11.84 t/s 1.435s
0924 20:17:49 ds4-server: chat ctx=0..31:31 prefill chunk 18/31 (58.1%) chunk=13.76 t/s avg=11.94 t/s 1.508s
0924 20:17:49 ds4-server: chat ctx=0..31:31 prefill chunk 19/31 (61.3%) chunk=16.46 t/s avg=12.11 t/s 1.569s
0924 20:17:49 ds4-server: chat ctx=0..31:31 prefill chunk 20/31 (64.5%) chunk=17.88 t/s avg=12.31 t/s 1.625s
0924 20:17:49 ds4-server: chat ctx=0..31:31 prefill chunk 21/31 (67.7%) chunk=18.59 t/s avg=12.51 t/s 1.679s
0924 20:17:49 ds4-server: chat ctx=0..31:31 prefill chunk 22/31 (71.0%) chunk=18.75 t/s avg=12.70 t/s 1.732s
0924 20:17:49 ds4-server: chat ctx=0..31:31 prefill chunk 23/31 (74.2%) chunk=17.54 t/s avg=12.86 t/s 1.789s
0924 20:17:50 ds4-server: chat ctx=0..31:31 prefill chunk 24/31 (77.4%) chunk=17.32 t/s avg=13.00 t/s 1.847s
0924 20:17:50 ds4-server: chat ctx=0..31:31 prefill chunk 25/31 (80.6%) chunk=19.52 t/s avg=13.17 t/s 1.898s
0924 20:17:50 ds4-server: chat ctx=0..31:31 prefill chunk 26/31 (83.9%) chunk=20.65 t/s avg=13.36 t/s 1.946s
0924 20:17:50 ds4-server: chat ctx=0..31:31 prefill chunk 27/31 (87.1%) chunk=18.08 t/s avg=13.49 t/s 2.002s
0924 20:17:50 ds4-server: chat ctx=0..31:31 prefill chunk 28/31 (90.3%) chunk=15.59 t/s avg=13.55 t/s 2.066s
0924 20:17:50 ds4-server: chat ctx=0..31:31 prefill chunk 29/31 (93.5%) chunk=16.09 t/s avg=13.63 t/s 2.128s
0924 20:17:50 ds4-server: chat ctx=0..31:31 prefill chunk 30/31 (96.8%) chunk=16.32 t/s avg=13.70 t/s 2.189s
0924 20:17:50 ds4-server: chat ctx=0..31:31 prefill chunk 31/31 (100.0%) chunk=17.84 t/s avg=13.81 t/s 2.245s
0924 20:17:50 ds4-server: chat ctx=0..31:31 prompt done 2.247s
ds4: gate over tokens 1-64: 34.33 command buffers, 30.23 aborts, 240.0 expert ids accounted, 656.74 MiB loaded a token; 0 the gate failed to switch off, 0 it could not gate
ds4:   one token, exclusive, same window: entry 0.00 + encode 3.28 + commit-to-done 37.29 + repair-load 13.73 + accounting 0.02 + tail 0.72 = 55.05 of a 59.15 ms wall, residual 4.11
ds4:   of the commit-to-done: GPU running 34.32 ms, GPU not running 2.97 ms
ds4:   2038.6 gated dispatches a token, 69.6 of them behind an abort; 2808.7 sent plain ahead of a buffer's first validate
ds4:   encode-ahead: 2.09 segments used, 27.23 dropped, 3.84 ms a token spent encoding under the GPU
ds4:   concurrent sections: 350.53 attempted, 350.53 opened a token
ds4:   speculation: 0.00 layers a token, 0.00 lanes computed, 0.00 matched, 0.00 GEMVs actually saved, 0.00 left to compute; compared 0.00 lanes, 0.00 floats differ, 0.00 by more than an ulp
ds4:   expert cache over the last 64 tokens: 240.00 hits, 69.19 misses, 0.00 evictions a token; 4428 of 7930 entries live (55.8%)
ds4:   of the address-table holes repaired a token: 0.00 already resident, 69.19 genuinely absent
ds4:   residency a token: 69.19 adds, 0.00 removes, 69.19 commits
ds4: gate over tokens 65-128: 22.31 command buffers, 12.45 aborts, 240.0 expert ids accounted, 193.40 MiB loaded a token; 0 the gate failed to switch off, 0 it could not gate
ds4:   one token, exclusive, same window: entry 0.00 + encode 1.42 + commit-to-done 31.92 + repair-load 4.10 + accounting 0.02 + tail 1.41 = 38.87 of a 41.44 ms wall, residual 2.57
ds4:   of the commit-to-done: GPU running 56.00 ms, GPU not running -24.09 ms
ds4:   1681.7 gated dispatches a token, 27.5 of them behind an abort; 1516.1 sent plain ahead of a buffer's first validate
ds4:   encode-ahead: 7.86 segments used, 11.23 dropped, 2.44 ms a token spent encoding under the GPU
ds4:   concurrent sections: 190.75 attempted, 190.75 opened a token
ds4:   speculation: 0.00 layers a token, 0.00 lanes computed, 0.00 matched, 0.00 GEMVs actually saved, 0.00 left to compute; compared 0.00 lanes, 0.00 floats differ, 0.00 by more than an ulp
ds4:   expert cache over the last 64 tokens: 480.00 hits, 20.38 misses, 0.00 evictions a token; 5732 of 7930 entries live (72.3%)
ds4:   of the address-table holes repaired a token: 0.00 already resident, 20.38 genuinely absent
ds4:   residency a token: 20.38 adds, 0.00 removes, 20.38 commits
ds4: V4.1 batch attn_output_b hoisted out of the per-row loop (8 rows)
ds4: gate over tokens 129-192: 14.00 command buffers, 0.00 aborts, 240.0 expert ids accounted, 0.00 MiB loaded a token; 0 the gate failed to switch off, 0 it could not gate
ds4:   one token, exclusive, same window: entry 0.00 + encode 0.31 + commit-to-done 30.56 + repair-load 0.00 + accounting 0.03 + tail 1.39 = 32.29 of a 34.02 ms wall, residual 1.73
ds4:   of the commit-to-done: GPU running 75.27 ms, GPU not running -44.71 ms
ds4:   1429.8 gated dispatches a token, 0.0 of them behind an abort; 610.3 sent plain ahead of a buffer's first validate
ds4:   encode-ahead: 12.00 segments used, 0.00 dropped, 1.69 ms a token spent encoding under the GPU
ds4:   concurrent sections: 80.00 attempted, 80.00 opened a token
ds4:   speculation: 0.00 layers a token, 0.00 lanes computed, 0.00 matched, 0.00 GEMVs actually saved, 0.00 left to compute; compared 0.00 lanes, 0.00 floats differ, 0.00 by more than an ulp
ds4:   expert cache over the last 64 tokens: 720.00 hits, 0.00 misses, 0.00 evictions a token; 5732 of 7930 entries live (72.3%)
ds4:   of the address-table holes repaired a token: 0.00 already resident, 0.00 genuinely absent
ds4:   residency a token: 0.00 adds, 0.00 removes, 0.00 commits
ds4: gate over tokens 193-256: 14.00 command buffers, 0.00 aborts, 240.0 expert ids accounted, 0.00 MiB loaded a token; 0 the gate failed to switch off, 0 it could not gate
ds4:   one token, exclusive, same window: entry 0.00 + encode 0.32 + commit-to-done 31.18 + repair-load 0.00 + accounting 0.03 + tail 1.40 = 32.93 of a 34.67 ms wall, residual 1.73
ds4:   of the commit-to-done: GPU running 78.02 ms, GPU not running -46.84 ms
ds4:   1429.8 gated dispatches a token, 0.0 of them behind an abort; 610.3 sent plain ahead of a buffer's first validate
ds4:   encode-ahead: 12.00 segments used, 0.00 dropped, 1.70 ms a token spent encoding under the GPU
ds4:   concurrent sections: 80.00 attempted, 80.00 opened a token
ds4:   speculation: 0.00 layers a token, 0.00 lanes computed, 0.00 matched, 0.00 GEMVs actually saved, 0.00 left to compute; compared 0.00 lanes, 0.00 floats differ, 0.00 by more than an ulp
ds4:   expert cache over the last 64 tokens: 720.00 hits, 0.00 misses, 0.00 evictions a token; 5732 of 7930 entries live (72.3%)
ds4:   of the address-table holes repaired a token: 0.00 already resident, 0.00 genuinely absent
ds4:   residency a token: 0.00 adds, 0.00 removes, 0.00 commits
ds4: gate over tokens 257-320: 14.00 command buffers, 0.00 aborts, 240.0 expert ids accounted, 0.00 MiB loaded a token; 0 the gate failed to switch off, 0 it could not gate
ds4:   one token, exclusive, same window: entry 0.00 + encode 0.66 + commit-to-done 30.37 + repair-load 0.00 + accounting 0.04 + tail 1.42 = 32.48 of a 35.83 ms wall, residual 3.35
ds4:   of the commit-to-done: GPU running 80.91 ms, GPU not running -50.54 ms
ds4:   1429.8 gated dispatches a token, 0.0 of them behind an abort; 610.4 sent plain ahead of a buffer's first validate
ds4:   encode-ahead: 12.00 segments used, 0.00 dropped, 3.30 ms a token spent encoding under the GPU
ds4:   concurrent sections: 80.00 attempted, 80.00 opened a token
ds4:   speculation: 0.00 layers a token, 0.00 lanes computed, 0.00 matched, 0.00 GEMVs actually saved, 0.00 left to compute; compared 0.00 lanes, 0.00 floats differ, 0.00 by more than an ulp
ds4:   expert cache over the last 64 tokens: 720.00 hits, 0.00 misses, 0.00 evictions a token; 5732 of 7930 entries live (72.3%)
ds4:   of the address-table holes repaired a token: 0.00 already resident, 0.00 genuinely absent
ds4:   residency a token: 0.00 adds, 0.00 removes, 0.00 commits
ds4: gate over tokens 321-384: 14.00 command buffers, 0.00 aborts, 240.0 expert ids accounted, 0.00 MiB loaded a token; 0 the gate failed to switch off, 0 it could not gate
ds4:   one token, exclusive, same window: entry 0.00 + encode 0.32 + commit-to-done 32.68 + repair-load 0.00 + accounting 0.03 + tail 1.44 = 34.48 of a 36.24 ms wall, residual 1.76
ds4:   of the commit-to-done: GPU running 82.35 ms, GPU not running -49.66 ms
ds4:   1429.8 gated dispatches a token, 0.0 of them behind an abort; 610.4 sent plain ahead of a buffer's first validate
ds4:   encode-ahead: 12.00 segments used, 0.00 dropped, 1.73 ms a token spent encoding under the GPU
ds4:   concurrent sections: 80.00 attempted, 80.00 opened a token
ds4:   speculation: 0.00 layers a token, 0.00 lanes computed, 0.00 matched, 0.00 GEMVs actually saved, 0.00 left to compute; compared 0.00 lanes, 0.00 floats differ, 0.00 by more than an ulp
ds4:   expert cache over the last 64 tokens: 720.00 hits, 0.00 misses, 0.00 evictions a token; 5732 of 7930 entries live (72.3%)
ds4:   of the address-table holes repaired a token: 0.00 already resident, 0.00 genuinely absent
ds4:   residency a token: 0.00 adds, 0.00 removes, 0.00 commits
ds4: gate over tokens 385-448: 14.00 command buffers, 0.00 aborts, 240.0 expert ids accounted, 0.00 MiB loaded a token; 0 the gate failed to switch off, 0 it could not gate
ds4:   one token, exclusive, same window: entry 0.00 + encode 0.32 + commit-to-done 32.96 + repair-load 0.00 + accounting 0.03 + tail 1.42 = 34.73 of a 36.48 ms wall, residual 1.74
ds4:   of the commit-to-done: GPU running 81.97 ms, GPU not running -49.01 ms
ds4:   1429.8 gated dispatches a token, 0.0 of them behind an abort; 610.3 sent plain ahead of a buffer's first validate
ds4:   encode-ahead: 12.00 segments used, 0.00 dropped, 1.71 ms a token spent encoding under the GPU
ds4:   concurrent sections: 80.00 attempted, 80.00 opened a token
ds4:   speculation: 0.00 layers a token, 0.00 lanes computed, 0.00 matched, 0.00 GEMVs actually saved, 0.00 left to compute; compared 0.00 lanes, 0.00 floats differ, 0.00 by more than an ulp
ds4:   expert cache over the last 64 tokens: 720.00 hits, 0.00 misses, 0.00 evictions a token; 5732 of 7930 entries live (72.3%)
ds4:   of the address-table holes repaired a token: 0.00 already resident, 0.00 genuinely absent
ds4:   residency a token: 0.00 adds, 0.00 removes, 0.00 commits
ds4: V4.1 verify selftest k=8, 64 positions from 31 (odd start, pair carry restored), 6 alternating rounds
  round 0 (unset first): DS4_METAL_V41_BATCH_ATTN_OUT unset 252.68 ms/step, set 224.92 ms/step (-11.0%)
  round 1 (set first): DS4_METAL_V41_BATCH_ATTN_OUT unset 250.82 ms/step, set 244.37 ms/step (-2.6%)
  round 2 (unset first): DS4_METAL_V41_BATCH_ATTN_OUT unset 272.92 ms/step, set 241.90 ms/step (-11.4%)
  round 3 (set first): DS4_METAL_V41_BATCH_ATTN_OUT unset 260.93 ms/step, set 256.19 ms/step (-1.8%)
  round 4 (unset first): DS4_METAL_V41_BATCH_ATTN_OUT unset 273.24 ms/step, set 245.10 ms/step (-10.3%)
  round 5 (set first): DS4_METAL_V41_BATCH_ATTN_OUT unset 272.52 ms/step, set 255.33 ms/step (-6.3%)
  unset-first rounds (3): median -11.0%
  set-first rounds   (3): median -2.6%
  DS4_METAL_V41_BATCH_ATTN_OUT: faster in BOTH orders
  median single    : 36.57 ms/token
  median 8-row step: 272.52 ms = 7.45x one single step
  perfect-draft ceiling: 29.36 tok/s (100 tok/s requires <= 80.00 ms/step)
  marginal row cost: 33.71 ms = 92% of a standalone token
  rollback         : reproduces its own output
  batch vs single  : identical argmax (768 rows checked)
  break-even       : accept 93% of drafted tokens to beat single
  rolled-back passes agree with each other: yes
0924 20:18:34 ds4-server: chat ctx=31..35:4 gen=4 THINKING decoding chunk=0.09 t/s avg=0.09 t/s 43.826s
ds4-server: thinking not closed, ignoring incomplete DSML in reasoning
0924 20:18:34 ds4-server: chat ctx=0..31:31 gen=4 THINKING finish=length 46.073s
0924 20:18:36 ds4-server: shutdown requested, draining requests
