ds4: abort gate on for the first 40 layers
ds4: Metal device Apple M5 Max, 128.00 GiB RAM
ds4: Metal 4 tensor API enabled for Tensor kernels
ds4: drift-patch flags hc_stable=on norm_unify=on kv_raw_f32=off rope_exp2_log2=off math_safe=off tensor_matmul=on
ds4: Metal SSD streaming mode enabled; full model residency and warmup are skipped
ds4: SSD streaming auto cache budget
ds4:   metal recommends 107.52 GiB working set
ds4:   using 84% total for model + cached experts: 90.00 GiB
ds4:   non-routed weights: 9.37 GiB
ds4:   routed expert size: 9.49 MiB
ds4:   expert budget before prefill reserve: 8698 (80.63 GiB)
ds4: metal SSD streaming cache target 80.63 GiB; effective 80.63 GiB = 7.12 GiB prefill headroom + 73.51 GiB dynamic cache (7930 experts, 9.49 MiB each)
ds4: Metal SSD static weights locked 9.37 GiB; pageable 0.00 GiB
ds4: SSD streaming initial metal model map (569 spans, 9.37 GiB tensor span)
ds4: metal backend initialized for graph diagnostics
ds4: memory: KV 0.06 GiB (raw 0.01 + compressed 0.05) + buffers 3.27 GiB + resident model 9.37 GiB + expert cache 73.51 GiB + prefill expert reserve 7.12 GiB = 93.32 GiB planned
ds4: memory detail: ctx=8192 prefill_cap=4096 raw_kv_rows=128 compressed_kv_rows=8193 backend=metal
0924 20:27:11 ds4-server: context buffers 3403.39 MiB (ctx=8192, backend=metal, prefill_chunk=4096, raw_kv_rows=128, compressed_kv_rows=8193)
ds4: V4.1 static context buffers 3403.39 MiB (ctx=8192), Engram disk-only
0924 20:27:11 ds4-server: listening on http://127.0.0.1:8016
0924 20:27:14 ds4-server: chat ctx=0..31:31 prompt start
ds4: shared/routed FFN overlap ran, mode 1
ds4: expert residency set on the queue
0924 20:27:14 ds4-server: chat ctx=0..31:31 prefill chunk 1/31 (3.2%) chunk=0.00 t/s avg=4.87 t/s 0.205s
0924 20:27:14 ds4-server: chat ctx=0..31:31 prefill chunk 2/31 (6.5%) chunk=9.80 t/s avg=6.51 t/s 0.307s
0924 20:27:14 ds4-server: chat ctx=0..31:31 prefill chunk 3/31 (9.7%) chunk=11.47 t/s avg=7.60 t/s 0.395s
0924 20:27:14 ds4-server: chat ctx=0..31:31 prefill chunk 4/31 (12.9%) chunk=12.68 t/s avg=8.45 t/s 0.473s
0924 20:27:14 ds4-server: chat ctx=0..31:31 prefill chunk 5/31 (16.1%) chunk=12.26 t/s avg=9.01 t/s 0.555s
0924 20:27:14 ds4-server: chat ctx=0..31:31 prefill chunk 6/31 (19.4%) chunk=13.71 t/s avg=9.55 t/s 0.628s
0924 20:27:15 ds4-server: chat ctx=0..31:31 prefill chunk 7/31 (22.6%) chunk=11.32 t/s avg=9.77 t/s 0.716s
0924 20:27:15 ds4-server: chat ctx=0..31:31 prefill chunk 8/31 (25.8%) chunk=8.77 t/s avg=9.63 t/s 0.830s
0924 20:27:15 ds4-server: chat ctx=0..31:31 prefill chunk 9/31 (29.0%) chunk=12.36 t/s avg=9.88 t/s 0.911s
0924 20:27:15 ds4-server: chat ctx=0..31:31 prefill chunk 10/31 (32.3%) chunk=15.60 t/s avg=10.25 t/s 0.975s
0924 20:27:15 ds4-server: chat ctx=0..31:31 prefill chunk 11/31 (35.5%) chunk=13.92 t/s avg=10.50 t/s 1.047s
0924 20:27:15 ds4-server: chat ctx=0..31:31 prefill chunk 12/31 (38.7%) chunk=17.08 t/s avg=10.85 t/s 1.106s
0924 20:27:15 ds4-server: chat ctx=0..31:31 prefill chunk 13/31 (41.9%) chunk=14.63 t/s avg=11.07 t/s 1.174s
0924 20:27:15 ds4-server: chat ctx=0..31:31 prefill chunk 14/31 (45.2%) chunk=16.84 t/s avg=11.35 t/s 1.233s
0924 20:27:15 ds4-server: chat ctx=0..31:31 prefill chunk 15/31 (48.4%) chunk=18.41 t/s avg=11.65 t/s 1.288s
0924 20:27:15 ds4-server: chat ctx=0..31:31 prefill chunk 16/31 (51.6%) chunk=14.74 t/s avg=11.80 t/s 1.356s
0924 20:27:15 ds4-server: chat ctx=0..31:31 prefill chunk 17/31 (54.8%) chunk=16.13 t/s avg=11.99 t/s 1.418s
0924 20:27:15 ds4-server: chat ctx=0..31:31 prefill chunk 18/31 (58.1%) chunk=14.84 t/s avg=12.12 t/s 1.485s
0924 20:27:15 ds4-server: chat ctx=0..31:31 prefill chunk 19/31 (61.3%) chunk=16.50 t/s avg=12.29 t/s 1.546s
0924 20:27:15 ds4-server: chat ctx=0..31:31 prefill chunk 20/31 (64.5%) chunk=17.61 t/s avg=12.48 t/s 1.602s
0924 20:27:15 ds4-server: chat ctx=0..31:31 prefill chunk 21/31 (67.7%) chunk=18.67 t/s avg=12.68 t/s 1.656s
0924 20:27:15 ds4-server: chat ctx=0..31:31 prefill chunk 22/31 (71.0%) chunk=18.79 t/s avg=12.87 t/s 1.709s
0924 20:27:16 ds4-server: chat ctx=0..31:31 prefill chunk 23/31 (74.2%) chunk=17.78 t/s avg=13.03 t/s 1.765s
0924 20:27:16 ds4-server: chat ctx=0..31:31 prefill chunk 24/31 (77.4%) chunk=15.65 t/s avg=13.12 t/s 1.829s
0924 20:27:16 ds4-server: chat ctx=0..31:31 prefill chunk 25/31 (80.6%) chunk=19.52 t/s avg=13.29 t/s 1.881s
0924 20:27:16 ds4-server: chat ctx=0..31:31 prefill chunk 26/31 (83.9%) chunk=20.54 t/s avg=13.48 t/s 1.929s
0924 20:27:16 ds4-server: chat ctx=0..31:31 prefill chunk 27/31 (87.1%) chunk=18.13 t/s avg=13.61 t/s 1.984s
0924 20:27:16 ds4-server: chat ctx=0..31:31 prefill chunk 28/31 (90.3%) chunk=16.21 t/s avg=13.68 t/s 2.046s
0924 20:27:16 ds4-server: chat ctx=0..31:31 prefill chunk 29/31 (93.5%) chunk=16.03 t/s avg=13.75 t/s 2.109s
0924 20:27:16 ds4-server: chat ctx=0..31:31 prefill chunk 30/31 (96.8%) chunk=16.50 t/s avg=13.83 t/s 2.169s
0924 20:27:16 ds4-server: chat ctx=0..31:31 prefill chunk 31/31 (100.0%) chunk=18.01 t/s avg=13.93 t/s 2.225s
0924 20:27:16 ds4-server: chat ctx=0..31:31 prompt done 2.226s
ds4: gate over tokens 1-64: 34.33 command buffers, 30.23 aborts, 240.0 expert ids accounted, 656.74 MiB loaded a token; 0 the gate failed to switch off, 0 it could not gate
ds4:   one token, exclusive, same window: entry 0.00 + encode 3.09 + commit-to-done 37.07 + repair-load 13.72 + accounting 0.02 + tail 0.72 = 54.62 of a 58.55 ms wall, residual 3.93
ds4:   of the commit-to-done: GPU running 33.95 ms, GPU not running 3.12 ms
ds4:   2038.6 gated dispatches a token, 69.6 of them behind an abort; 2808.7 sent plain ahead of a buffer's first validate
ds4:   encode-ahead: 2.09 segments used, 27.23 dropped, 3.68 ms a token spent encoding under the GPU
ds4:   concurrent sections: 350.53 attempted, 350.53 opened a token
ds4:   speculation: 0.00 layers a token, 0.00 lanes computed, 0.00 matched, 0.00 GEMVs actually saved, 0.00 left to compute; compared 0.00 lanes, 0.00 floats differ, 0.00 by more than an ulp
ds4:   expert cache over the last 64 tokens: 240.00 hits, 69.19 misses, 0.00 evictions a token; 4428 of 7930 entries live (55.8%)
ds4:   of the address-table holes repaired a token: 0.00 already resident, 69.19 genuinely absent
ds4:   residency a token: 69.19 adds, 0.00 removes, 69.19 commits
ds4: V4.1 contiguous-block attention, one session, 8 consecutive positions
ds4: gate over tokens 65-128: 22.31 command buffers, 12.45 aborts, 240.0 expert ids accounted, 193.40 MiB loaded a token; 0 the gate failed to switch off, 0 it could not gate
ds4:   one token, exclusive, same window: entry 0.00 + encode 1.40 + commit-to-done 32.56 + repair-load 4.17 + accounting 0.03 + tail 1.43 = 39.59 of a 42.25 ms wall, residual 2.65
ds4:   of the commit-to-done: GPU running 50.92 ms, GPU not running -18.36 ms
ds4:   1681.8 gated dispatches a token, 27.5 of them behind an abort; 1516.1 sent plain ahead of a buffer's first validate
ds4:   encode-ahead: 7.86 segments used, 11.23 dropped, 2.53 ms a token spent encoding under the GPU
ds4:   concurrent sections: 190.75 attempted, 190.75 opened a token
ds4:   speculation: 0.00 layers a token, 0.00 lanes computed, 0.00 matched, 0.00 GEMVs actually saved, 0.00 left to compute; compared 0.00 lanes, 0.00 floats differ, 0.00 by more than an ulp
ds4:   expert cache over the last 64 tokens: 478.36 hits, 23.66 misses, 0.00 evictions a token; 5837 of 7930 entries live (73.6%)
ds4:   of the address-table holes repaired a token: 0.00 already resident, 20.38 genuinely absent
ds4:   residency a token: 23.66 adds, 1.64 removes, 25.30 commits
ds4: V4.1 verify selftest k=8, 64 positions from 31 (odd start, pair carry restored), 1 alternating rounds
  round 0: single 34.92 ms/token, batch 202.18 ms/step
  median single    : 34.92 ms/token
  median 8-row step: 202.18 ms = 5.79x one single step
  perfect-draft ceiling: 39.57 tok/s (100 tok/s requires <= 80.00 ms/step)
  marginal row cost: 23.89 ms = 68% of a standalone token
  rollback         : reproduces its own output
  batch vs single  : DIVERGED (64 rows checked)
  break-even       : accept 72% of drafted tokens to beat single
  rolled-back passes agree with each other: yes
  batch first diverged at offset 3, where the reference led second place by 0.119066
0924 20:27:25 ds4-server: chat ctx=31..35:4 gen=4 THINKING decoding chunk=0.44 t/s avg=0.44 t/s 9.039s
ds4-server: thinking not closed, ignoring incomplete DSML in reasoning
0924 20:27:25 ds4-server: chat ctx=0..31:31 gen=4 THINKING finish=length 11.265s
0924 20:27:27 ds4-server: shutdown requested, draining requests
