ds4: abort gate on for the first 40 layers
ds4: Metal device Apple M5 Max, 128.00 GiB RAM
ds4: Metal 4 tensor API enabled for Tensor kernels
ds4: drift-patch flags hc_stable=on norm_unify=on kv_raw_f32=off rope_exp2_log2=off math_safe=off tensor_matmul=on
ds4: Metal SSD streaming mode enabled; full model residency and warmup are skipped
ds4: SSD streaming auto cache budget
ds4:   metal recommends 107.52 GiB working set
ds4:   using 84% total for model + cached experts: 90.00 GiB
ds4:   non-routed weights: 9.37 GiB
ds4:   routed expert size: 9.49 MiB
ds4:   expert budget before prefill reserve: 8698 (80.63 GiB)
ds4: metal SSD streaming cache target 80.63 GiB; effective 80.63 GiB = 7.12 GiB prefill headroom + 73.51 GiB dynamic cache (7930 experts, 9.49 MiB each)
ds4: Metal SSD static weights locked 9.37 GiB; pageable 0.00 GiB
ds4: SSD streaming initial metal model map (569 spans, 9.37 GiB tensor span)
ds4: metal backend initialized for graph diagnostics
ds4: memory: KV 0.06 GiB (raw 0.01 + compressed 0.05) + buffers 3.27 GiB + resident model 9.37 GiB + expert cache 73.51 GiB + prefill expert reserve 7.12 GiB = 93.33 GiB planned
ds4: memory detail: ctx=8192 prefill_cap=4096 raw_kv_rows=128 compressed_kv_rows=8193 backend=metal
0924 23:26:15 ds4-server: context buffers 3411.39 MiB (ctx=8192, backend=metal, prefill_chunk=4096, raw_kv_rows=128, compressed_kv_rows=8193)
ds4: V4.1 static context buffers 3411.39 MiB (ctx=8192), Engram disk-only
0924 23:26:15 ds4-server: listening on http://127.0.0.1:8016
0924 23:26:18 ds4-server: chat ctx=0..31:31 prompt start
ds4: shared/routed FFN overlap ran, mode 1
ds4: expert residency set on the queue
0924 23:26:18 ds4-server: chat ctx=0..31:31 prefill chunk 1/31 (3.2%) chunk=0.00 t/s avg=4.80 t/s 0.208s
0924 23:26:18 ds4-server: chat ctx=0..31:31 prefill chunk 2/31 (6.5%) chunk=5.84 t/s avg=5.27 t/s 0.379s
0924 23:26:18 ds4-server: chat ctx=0..31:31 prefill chunk 3/31 (9.7%) chunk=12.03 t/s avg=6.49 t/s 0.462s
0924 23:26:18 ds4-server: chat ctx=0..31:31 prefill chunk 4/31 (12.9%) chunk=13.55 t/s avg=7.46 t/s 0.536s
0924 23:26:18 ds4-server: chat ctx=0..31:31 prefill chunk 5/31 (16.1%) chunk=13.43 t/s avg=8.19 t/s 0.611s
0924 23:26:18 ds4-server: chat ctx=0..31:31 prefill chunk 6/31 (19.4%) chunk=16.00 t/s avg=8.91 t/s 0.673s
0924 23:26:18 ds4-server: chat ctx=0..31:31 prefill chunk 7/31 (22.6%) chunk=15.11 t/s avg=9.47 t/s 0.739s
0924 23:26:18 ds4-server: chat ctx=0..31:31 prefill chunk 8/31 (25.8%) chunk=15.22 t/s avg=9.94 t/s 0.805s
0924 23:26:18 ds4-server: chat ctx=0..31:31 prefill chunk 9/31 (29.0%) chunk=14.29 t/s avg=10.29 t/s 0.875s
0924 23:26:18 ds4-server: chat ctx=0..31:31 prefill chunk 10/31 (32.3%) chunk=15.72 t/s avg=10.65 t/s 0.939s
0924 23:26:19 ds4-server: chat ctx=0..31:31 prefill chunk 11/31 (35.5%) chunk=14.66 t/s avg=10.93 t/s 1.007s
0924 23:26:19 ds4-server: chat ctx=0..31:31 prefill chunk 12/31 (38.7%) chunk=17.33 t/s avg=11.27 t/s 1.064s
0924 23:26:19 ds4-server: chat ctx=0..31:31 prefill chunk 13/31 (41.9%) chunk=16.78 t/s avg=11.56 t/s 1.124s
0924 23:26:19 ds4-server: chat ctx=0..31:31 prefill chunk 14/31 (45.2%) chunk=15.24 t/s avg=11.77 t/s 1.190s
0924 23:26:19 ds4-server: chat ctx=0..31:31 prefill chunk 15/31 (48.4%) chunk=19.55 t/s avg=12.09 t/s 1.241s
0924 23:26:19 ds4-server: chat ctx=0..31:31 prefill chunk 16/31 (51.6%) chunk=15.99 t/s avg=12.28 t/s 1.303s
0924 23:26:19 ds4-server: chat ctx=0..31:31 prefill chunk 17/31 (54.8%) chunk=16.04 t/s avg=12.45 t/s 1.366s
0924 23:26:19 ds4-server: chat ctx=0..31:31 prefill chunk 18/31 (58.1%) chunk=14.93 t/s avg=12.56 t/s 1.433s
0924 23:26:19 ds4-server: chat ctx=0..31:31 prefill chunk 19/31 (61.3%) chunk=16.09 t/s avg=12.71 t/s 1.495s
0924 23:26:19 ds4-server: chat ctx=0..31:31 prefill chunk 20/31 (64.5%) chunk=18.83 t/s avg=12.92 t/s 1.548s
0924 23:26:19 ds4-server: chat ctx=0..31:31 prefill chunk 21/31 (67.7%) chunk=19.73 t/s avg=13.14 t/s 1.599s
0924 23:26:19 ds4-server: chat ctx=0..31:31 prefill chunk 22/31 (71.0%) chunk=18.85 t/s avg=13.32 t/s 1.652s
0924 23:26:19 ds4-server: chat ctx=0..31:31 prefill chunk 23/31 (74.2%) chunk=19.38 t/s avg=13.50 t/s 1.703s
0924 23:26:19 ds4-server: chat ctx=0..31:31 prefill chunk 24/31 (77.4%) chunk=17.27 t/s avg=13.63 t/s 1.761s
0924 23:26:19 ds4-server: chat ctx=0..31:31 prefill chunk 25/31 (80.6%) chunk=20.86 t/s avg=13.82 t/s 1.809s
0924 23:26:19 ds4-server: chat ctx=0..31:31 prefill chunk 26/31 (83.9%) chunk=20.89 t/s avg=14.00 t/s 1.857s
0924 23:26:19 ds4-server: chat ctx=0..31:31 prefill chunk 27/31 (87.1%) chunk=18.26 t/s avg=14.12 t/s 1.912s
0924 23:26:20 ds4-server: chat ctx=0..31:31 prefill chunk 28/31 (90.3%) chunk=17.75 t/s avg=14.23 t/s 1.968s
0924 23:26:20 ds4-server: chat ctx=0..31:31 prefill chunk 29/31 (93.5%) chunk=16.87 t/s avg=14.30 t/s 2.027s
0924 23:26:20 ds4-server: chat ctx=0..31:31 prefill chunk 30/31 (96.8%) chunk=17.35 t/s avg=14.39 t/s 2.085s
0924 23:26:20 ds4-server: chat ctx=0..31:31 prefill chunk 31/31 (100.0%) chunk=19.52 t/s avg=14.51 t/s 2.136s
0924 23:26:20 ds4-server: chat ctx=0..31:31 prompt done 2.138s
ds4: gate over tokens 1-64: 34.33 command buffers, 30.23 aborts, 240.0 expert ids accounted, 656.74 MiB loaded a token; 0 the gate failed to switch off, 0 it could not gate
ds4:   one token, exclusive, same window: entry 0.00 + encode 3.01 + commit-to-done 35.90 + repair-load 13.80 + accounting 0.02 + tail 0.72 = 53.45 of a 57.32 ms wall, residual 3.88
ds4:   of the commit-to-done: GPU running 33.37 ms, GPU not running 2.53 ms
ds4:   2038.6 gated dispatches a token, 69.6 of them behind an abort; 2808.7 sent plain ahead of a buffer's first validate
ds4:   encode-ahead: 2.09 segments used, 27.23 dropped, 3.60 ms a token spent encoding under the GPU
ds4:   concurrent sections: 350.53 attempted, 350.53 opened a token
ds4:   speculation: 0.00 layers a token, 0.00 lanes computed, 0.00 matched, 0.00 GEMVs actually saved, 0.00 left to compute; compared 0.00 lanes, 0.00 floats differ, 0.00 by more than an ulp
ds4:   expert cache over the last 64 tokens: 240.00 hits, 69.19 misses, 0.00 evictions a token; 4428 of 7930 entries live (55.8%)
ds4:   of the address-table holes repaired a token: 0.00 already resident, 69.19 genuinely absent
ds4:   residency a token: 69.19 adds, 0.00 removes, 69.19 commits
ds4: V4.1 batch attn_output_b hoisted out of the per-row loop (8 rows)
ds4: gate over tokens 65-128: 22.31 command buffers, 12.45 aborts, 240.0 expert ids accounted, 193.40 MiB loaded a token; 0 the gate failed to switch off, 0 it could not gate
ds4:   one token, exclusive, same window: entry 0.00 + encode 1.39 + commit-to-done 31.53 + repair-load 4.30 + accounting 0.03 + tail 1.40 = 38.64 of a 41.41 ms wall, residual 2.77
ds4:   of the commit-to-done: GPU running 51.98 ms, GPU not running -20.45 ms
ds4:   1681.7 gated dispatches a token, 27.5 of them behind an abort; 1516.1 sent plain ahead of a buffer's first validate
ds4:   encode-ahead: 7.86 segments used, 11.23 dropped, 2.62 ms a token spent encoding under the GPU
ds4:   concurrent sections: 190.75 attempted, 190.75 opened a token
ds4:   speculation: 0.00 layers a token, 0.00 lanes computed, 0.00 matched, 0.00 GEMVs actually saved, 0.00 left to compute; compared 0.00 lanes, 0.00 floats differ, 0.00 by more than an ulp
ds4:   expert cache over the last 64 tokens: 480.00 hits, 20.38 misses, 0.00 evictions a token; 5732 of 7930 entries live (72.3%)
ds4:   of the address-table holes repaired a token: 0.00 already resident, 20.38 genuinely absent
ds4:   residency a token: 20.38 adds, 0.00 removes, 20.38 commits
ds4: V4.1 block-local KV delta, 8 rows over 31 prefix keys
ds4: V4.1 block attention by level, 8 rows, concurrent section open
ds4: gate over tokens 129-192: 14.00 command buffers, 0.00 aborts, 240.0 expert ids accounted, 0.00 MiB loaded a token; 0 the gate failed to switch off, 0 it could not gate
ds4:   one token, exclusive, same window: entry 0.00 + encode 0.31 + commit-to-done 30.39 + repair-load 0.00 + accounting 0.03 + tail 1.39 = 32.13 of a 34.04 ms wall, residual 1.92
ds4:   of the commit-to-done: GPU running 68.98 ms, GPU not running -38.59 ms
ds4:   1429.8 gated dispatches a token, 0.0 of them behind an abort; 610.4 sent plain ahead of a buffer's first validate
ds4:   encode-ahead: 12.00 segments used, 0.00 dropped, 1.88 ms a token spent encoding under the GPU
ds4:   concurrent sections: 84.75 attempted, 84.75 opened a token
ds4:   speculation: 0.00 layers a token, 0.00 lanes computed, 0.00 matched, 0.00 GEMVs actually saved, 0.00 left to compute; compared 0.00 lanes, 0.00 floats differ, 0.00 by more than an ulp
ds4:   expert cache over the last 64 tokens: 720.00 hits, 0.00 misses, 0.00 evictions a token; 5732 of 7930 entries live (72.3%)
ds4:   of the address-table holes repaired a token: 0.00 already resident, 0.00 genuinely absent
ds4:   residency a token: 0.00 adds, 0.00 removes, 0.00 commits
ds4: gate over tokens 193-256: 14.00 command buffers, 0.00 aborts, 240.0 expert ids accounted, 0.00 MiB loaded a token; 0 the gate failed to switch off, 0 it could not gate
ds4:   one token, exclusive, same window: entry 0.00 + encode 0.33 + commit-to-done 30.35 + repair-load 0.00 + accounting 0.03 + tail 1.39 = 32.10 of a 34.06 ms wall, residual 1.96
ds4:   of the commit-to-done: GPU running 68.99 ms, GPU not running -38.64 ms
ds4:   1429.8 gated dispatches a token, 0.0 of them behind an abort; 610.3 sent plain ahead of a buffer's first validate
ds4:   encode-ahead: 12.00 segments used, 0.00 dropped, 1.92 ms a token spent encoding under the GPU
ds4:   concurrent sections: 84.75 attempted, 84.75 opened a token
ds4:   speculation: 0.00 layers a token, 0.00 lanes computed, 0.00 matched, 0.00 GEMVs actually saved, 0.00 left to compute; compared 0.00 lanes, 0.00 floats differ, 0.00 by more than an ulp
ds4:   expert cache over the last 64 tokens: 720.00 hits, 0.00 misses, 0.00 evictions a token; 5732 of 7930 entries live (72.3%)
ds4:   of the address-table holes repaired a token: 0.00 already resident, 0.00 genuinely absent
ds4:   residency a token: 0.00 adds, 0.00 removes, 0.00 commits
ds4: gate over tokens 257-320: 14.00 command buffers, 0.00 aborts, 240.0 expert ids accounted, 0.00 MiB loaded a token; 0 the gate failed to switch off, 0 it could not gate
ds4:   one token, exclusive, same window: entry 0.00 + encode 0.32 + commit-to-done 30.88 + repair-load 0.00 + accounting 0.03 + tail 1.41 = 32.63 of a 34.55 ms wall, residual 1.92
ds4:   of the commit-to-done: GPU running 71.39 ms, GPU not running -40.51 ms
ds4:   1429.8 gated dispatches a token, 0.0 of them behind an abort; 610.3 sent plain ahead of a buffer's first validate
ds4:   encode-ahead: 12.00 segments used, 0.00 dropped, 1.88 ms a token spent encoding under the GPU
ds4:   concurrent sections: 84.75 attempted, 84.75 opened a token
ds4:   speculation: 0.00 layers a token, 0.00 lanes computed, 0.00 matched, 0.00 GEMVs actually saved, 0.00 left to compute; compared 0.00 lanes, 0.00 floats differ, 0.00 by more than an ulp
ds4:   expert cache over the last 64 tokens: 720.00 hits, 0.00 misses, 0.00 evictions a token; 5732 of 7930 entries live (72.3%)
ds4:   of the address-table holes repaired a token: 0.00 already resident, 0.00 genuinely absent
ds4:   residency a token: 0.00 adds, 0.00 removes, 0.00 commits
ds4: gate over tokens 321-384: 14.00 command buffers, 0.00 aborts, 240.0 expert ids accounted, 0.00 MiB loaded a token; 0 the gate failed to switch off, 0 it could not gate
ds4:   one token, exclusive, same window: entry 0.00 + encode 0.32 + commit-to-done 30.52 + repair-load 0.00 + accounting 0.03 + tail 1.39 = 32.27 of a 34.08 ms wall, residual 1.81
ds4:   of the commit-to-done: GPU running 71.28 ms, GPU not running -40.76 ms
ds4:   1429.8 gated dispatches a token, 0.0 of them behind an abort; 610.3 sent plain ahead of a buffer's first validate
ds4:   encode-ahead: 12.00 segments used, 0.00 dropped, 1.77 ms a token spent encoding under the GPU
ds4:   concurrent sections: 84.75 attempted, 84.75 opened a token
ds4:   speculation: 0.00 layers a token, 0.00 lanes computed, 0.00 matched, 0.00 GEMVs actually saved, 0.00 left to compute; compared 0.00 lanes, 0.00 floats differ, 0.00 by more than an ulp
ds4:   expert cache over the last 64 tokens: 720.00 hits, 0.00 misses, 0.00 evictions a token; 5732 of 7930 entries live (72.3%)
ds4:   of the address-table holes repaired a token: 0.00 already resident, 0.00 genuinely absent
ds4:   residency a token: 0.00 adds, 0.00 removes, 0.00 commits
ds4: gate over tokens 385-448: 14.00 command buffers, 0.00 aborts, 240.0 expert ids accounted, 0.00 MiB loaded a token; 0 the gate failed to switch off, 0 it could not gate
ds4:   one token, exclusive, same window: entry 0.00 + encode 0.31 + commit-to-done 30.88 + repair-load 0.00 + accounting 0.03 + tail 1.39 = 32.61 of a 34.34 ms wall, residual 1.73
ds4:   of the commit-to-done: GPU running 72.55 ms, GPU not running -41.67 ms
ds4:   1429.8 gated dispatches a token, 0.0 of them behind an abort; 610.3 sent plain ahead of a buffer's first validate
ds4:   encode-ahead: 12.00 segments used, 0.00 dropped, 1.69 ms a token spent encoding under the GPU
ds4:   concurrent sections: 84.75 attempted, 84.75 opened a token
ds4:   speculation: 0.00 layers a token, 0.00 lanes computed, 0.00 matched, 0.00 GEMVs actually saved, 0.00 left to compute; compared 0.00 lanes, 0.00 floats differ, 0.00 by more than an ulp
ds4:   expert cache over the last 64 tokens: 720.00 hits, 0.00 misses, 0.00 evictions a token; 5732 of 7930 entries live (72.3%)
ds4:   of the address-table holes repaired a token: 0.00 already resident, 0.00 genuinely absent
ds4:   residency a token: 0.00 adds, 0.00 removes, 0.00 commits
ds4: V4.1 verify selftest k=8, 64 positions from 31 (odd start, pair carry restored), 6 alternating rounds
  round 0 (unset first): DS4_METAL_V41_BLOCK=1 unset 221.72 ms/step, set 209.11 ms/step (-5.7%)
  round 1 (set first): DS4_METAL_V41_BLOCK=1 unset 218.11 ms/step, set 212.30 ms/step (-2.7%)
  round 2 (unset first): DS4_METAL_V41_BLOCK=1 unset 235.23 ms/step, set 211.52 ms/step (-10.1%)
  round 3 (set first): DS4_METAL_V41_BLOCK=1 unset 221.79 ms/step, set 226.57 ms/step (+2.2%)
  round 4 (unset first): DS4_METAL_V41_BLOCK=1 unset 239.73 ms/step, set 219.06 ms/step (-8.6%)
  round 5 (set first): DS4_METAL_V41_BLOCK=1 unset 226.88 ms/step, set 230.85 ms/step (+1.7%)
  unset-first rounds (3): median -8.6%
  set-first rounds   (3): median +1.7%
  DS4_METAL_V41_BLOCK=1: the two orders DISAGREE - this is the cache, not the change
ds4: gate over tokens 449-512: 14.00 command buffers, 0.00 aborts, 240.0 expert ids accounted, 0.00 MiB loaded a token; 0 the gate failed to switch off, 0 it could not gate
ds4:   one token, exclusive, same window: entry 0.00 + encode 0.31 + commit-to-done 31.06 + repair-load 0.00 + accounting 0.03 + tail 1.39 = 32.79 of a 34.53 ms wall, residual 1.73
ds4:   of the commit-to-done: GPU running 72.79 ms, GPU not running -41.73 ms
ds4:   1429.8 gated dispatches a token, 0.0 of them behind an abort; 610.3 sent plain ahead of a buffer's first validate
ds4:   encode-ahead: 12.00 segments used, 0.00 dropped, 1.70 ms a token spent encoding under the GPU
ds4:   concurrent sections: 84.75 attempted, 84.75 opened a token
ds4:   speculation: 0.00 layers a token, 0.00 lanes computed, 0.00 matched, 0.00 GEMVs actually saved, 0.00 left to compute; compared 0.00 lanes, 0.00 floats differ, 0.00 by more than an ulp
ds4:   expert cache over the last 64 tokens: 720.00 hits, 0.00 misses, 0.00 evictions a token; 5732 of 7930 entries live (72.3%)
ds4:   of the address-table holes repaired a token: 0.00 already resident, 0.00 genuinely absent
ds4:   residency a token: 0.00 adds, 0.00 removes, 0.00 commits
ds4: selftest control: a second single pass differs from the reference in 0 of 8273920 logits
  median single    : 35.09 ms/token
  median 8-row step: 226.88 ms = 6.47x one single step
  perfect-draft ceiling: 35.26 tok/s (100 tok/s requires <= 80.00 ms/step)
  block width      : 1.24x of 8 (needs 3.51x for 100 tok/s)
  concurrent       : 69666 sections opened of 69666 asked
  marginal row cost: 27.40 ms = 78% of a standalone token
  rollback         : reproduces its own output
  batch vs single  : identical argmax (768 rows checked)
  batch logits     : identical to the single pass
  break-even       : accept 81% of drafted tokens to beat single
  rolled-back passes agree with each other: yes
0924 23:27:02 ds4-server: chat ctx=31..35:4 gen=4 THINKING decoding chunk=0.09 t/s avg=0.09 t/s 42.285s
ds4-server: thinking not closed, ignoring incomplete DSML in reasoning
0924 23:27:02 ds4-server: chat ctx=0..31:31 gen=4 THINKING finish=length 44.424s
0924 23:27:04 ds4-server: shutdown requested, draining requests
