ds4: abort gate on for the first 40 layers
ds4: Metal device Apple M5 Max, 128.00 GiB RAM
ds4: Metal 4 tensor API enabled for Tensor kernels
ds4: drift-patch flags hc_stable=on norm_unify=on kv_raw_f32=off rope_exp2_log2=off math_safe=off tensor_matmul=on
ds4: Metal SSD streaming mode enabled; full model residency and warmup are skipped
ds4: SSD streaming auto cache budget
ds4:   metal recommends 107.52 GiB working set
ds4:   using 84% total for model + cached experts: 90.00 GiB
ds4:   non-routed weights: 9.37 GiB
ds4:   routed expert size: 9.49 MiB
ds4:   expert budget before prefill reserve: 8698 (80.63 GiB)
ds4: metal SSD streaming cache target 80.63 GiB; effective 80.63 GiB = 7.12 GiB prefill headroom + 73.51 GiB dynamic cache (7930 experts, 9.49 MiB each)
ds4: Metal SSD static weights locked 9.37 GiB; pageable 0.00 GiB
ds4: SSD streaming initial metal model map (569 spans, 9.37 GiB tensor span)
ds4: metal backend initialized for graph diagnostics
ds4: memory: KV 0.06 GiB (raw 0.01 + compressed 0.05) + buffers 3.27 GiB + resident model 9.37 GiB + expert cache 73.51 GiB + prefill expert reserve 7.12 GiB = 93.32 GiB planned
ds4: memory detail: ctx=8192 prefill_cap=4096 raw_kv_rows=128 compressed_kv_rows=8193 backend=metal
0924 20:27:28 ds4-server: context buffers 3403.39 MiB (ctx=8192, backend=metal, prefill_chunk=4096, raw_kv_rows=128, compressed_kv_rows=8193)
ds4: V4.1 static context buffers 3403.39 MiB (ctx=8192), Engram disk-only
0924 20:27:28 ds4-server: listening on http://127.0.0.1:8016
0924 20:27:31 ds4-server: chat ctx=0..31:31 prompt start
ds4: shared/routed FFN overlap ran, mode 1
ds4: expert residency set on the queue
0924 20:27:31 ds4-server: chat ctx=0..31:31 prefill chunk 1/31 (3.2%) chunk=0.00 t/s avg=5.05 t/s 0.198s
0924 20:27:31 ds4-server: chat ctx=0..31:31 prefill chunk 2/31 (6.5%) chunk=8.16 t/s avg=6.24 t/s 0.321s
0924 20:27:31 ds4-server: chat ctx=0..31:31 prefill chunk 3/31 (9.7%) chunk=8.42 t/s avg=6.83 t/s 0.439s
0924 20:27:31 ds4-server: chat ctx=0..31:31 prefill chunk 4/31 (12.9%) chunk=7.90 t/s avg=7.07 t/s 0.566s
0924 20:27:31 ds4-server: chat ctx=0..31:31 prefill chunk 5/31 (16.1%) chunk=10.56 t/s avg=7.57 t/s 0.661s
0924 20:27:32 ds4-server: chat ctx=0..31:31 prefill chunk 6/31 (19.4%) chunk=15.02 t/s avg=8.25 t/s 0.727s
0924 20:27:32 ds4-server: chat ctx=0..31:31 prefill chunk 7/31 (22.6%) chunk=14.61 t/s avg=8.80 t/s 0.796s
0924 20:27:32 ds4-server: chat ctx=0..31:31 prefill chunk 8/31 (25.8%) chunk=16.09 t/s avg=9.33 t/s 0.858s
0924 20:27:32 ds4-server: chat ctx=0..31:31 prefill chunk 9/31 (29.0%) chunk=14.39 t/s avg=9.70 t/s 0.927s
0924 20:27:32 ds4-server: chat ctx=0..31:31 prefill chunk 10/31 (32.3%) chunk=15.57 t/s avg=10.08 t/s 0.992s
0924 20:27:32 ds4-server: chat ctx=0..31:31 prefill chunk 11/31 (35.5%) chunk=15.28 t/s avg=10.41 t/s 1.057s
0924 20:27:32 ds4-server: chat ctx=0..31:31 prefill chunk 12/31 (38.7%) chunk=16.51 t/s avg=10.74 t/s 1.118s
0924 20:27:32 ds4-server: chat ctx=0..31:31 prefill chunk 13/31 (41.9%) chunk=14.49 t/s avg=10.95 t/s 1.187s
0924 20:27:32 ds4-server: chat ctx=0..31:31 prefill chunk 14/31 (45.2%) chunk=15.75 t/s avg=11.20 t/s 1.250s
0924 20:27:32 ds4-server: chat ctx=0..31:31 prefill chunk 15/31 (48.4%) chunk=19.66 t/s avg=11.53 t/s 1.301s
0924 20:27:32 ds4-server: chat ctx=0..31:31 prefill chunk 16/31 (51.6%) chunk=16.06 t/s avg=11.74 t/s 1.363s
0924 20:27:32 ds4-server: chat ctx=0..31:31 prefill chunk 17/31 (54.8%) chunk=16.22 t/s avg=11.93 t/s 1.425s
0924 20:27:32 ds4-server: chat ctx=0..31:31 prefill chunk 18/31 (58.1%) chunk=14.96 t/s avg=12.07 t/s 1.492s
0924 20:27:32 ds4-server: chat ctx=0..31:31 prefill chunk 19/31 (61.3%) chunk=16.47 t/s avg=12.24 t/s 1.553s
0924 20:27:32 ds4-server: chat ctx=0..31:31 prefill chunk 20/31 (64.5%) chunk=17.70 t/s avg=12.43 t/s 1.609s
0924 20:27:32 ds4-server: chat ctx=0..31:31 prefill chunk 21/31 (67.7%) chunk=18.89 t/s avg=12.64 t/s 1.662s
0924 20:27:33 ds4-server: chat ctx=0..31:31 prefill chunk 22/31 (71.0%) chunk=18.76 t/s avg=12.83 t/s 1.715s
0924 20:27:33 ds4-server: chat ctx=0..31:31 prefill chunk 23/31 (74.2%) chunk=17.54 t/s avg=12.98 t/s 1.772s
0924 20:27:33 ds4-server: chat ctx=0..31:31 prefill chunk 24/31 (77.4%) chunk=15.78 t/s avg=13.07 t/s 1.836s
0924 20:27:33 ds4-server: chat ctx=0..31:31 prefill chunk 25/31 (80.6%) chunk=19.81 t/s avg=13.25 t/s 1.886s
0924 20:27:33 ds4-server: chat ctx=0..31:31 prefill chunk 26/31 (83.9%) chunk=20.58 t/s avg=13.44 t/s 1.935s
0924 20:27:33 ds4-server: chat ctx=0..31:31 prefill chunk 27/31 (87.1%) chunk=18.23 t/s avg=13.57 t/s 1.990s
0924 20:27:33 ds4-server: chat ctx=0..31:31 prefill chunk 28/31 (90.3%) chunk=16.55 t/s avg=13.66 t/s 2.050s
0924 20:27:33 ds4-server: chat ctx=0..31:31 prefill chunk 29/31 (93.5%) chunk=17.14 t/s avg=13.75 t/s 2.108s
0924 20:27:33 ds4-server: chat ctx=0..31:31 prefill chunk 30/31 (96.8%) chunk=16.54 t/s avg=13.83 t/s 2.169s
0924 20:27:33 ds4-server: chat ctx=0..31:31 prefill chunk 31/31 (100.0%) chunk=17.87 t/s avg=13.93 t/s 2.225s
0924 20:27:33 ds4-server: chat ctx=0..31:31 prompt done 2.226s
ds4: gate over tokens 1-64: 34.33 command buffers, 30.23 aborts, 240.0 expert ids accounted, 656.74 MiB loaded a token; 0 the gate failed to switch off, 0 it could not gate
ds4:   one token, exclusive, same window: entry 0.00 + encode 3.11 + commit-to-done 37.39 + repair-load 13.78 + accounting 0.02 + tail 0.72 = 55.03 of a 59.00 ms wall, residual 3.98
ds4:   of the commit-to-done: GPU running 34.37 ms, GPU not running 3.03 ms
ds4:   2038.6 gated dispatches a token, 69.6 of them behind an abort; 2808.7 sent plain ahead of a buffer's first validate
ds4:   encode-ahead: 2.09 segments used, 27.23 dropped, 3.72 ms a token spent encoding under the GPU
ds4:   concurrent sections: 350.53 attempted, 350.53 opened a token
ds4:   speculation: 0.00 layers a token, 0.00 lanes computed, 0.00 matched, 0.00 GEMVs actually saved, 0.00 left to compute; compared 0.00 lanes, 0.00 floats differ, 0.00 by more than an ulp
ds4:   expert cache over the last 64 tokens: 240.00 hits, 69.19 misses, 0.00 evictions a token; 4428 of 7930 entries live (55.8%)
ds4:   of the address-table holes repaired a token: 0.00 already resident, 69.19 genuinely absent
ds4:   residency a token: 69.19 adds, 0.00 removes, 69.19 commits
ds4: V4.1 contiguous-block attention, one session, 8 consecutive positions
ds4: gate over tokens 65-128: 22.31 command buffers, 12.45 aborts, 240.0 expert ids accounted, 193.40 MiB loaded a token; 0 the gate failed to switch off, 0 it could not gate
ds4:   one token, exclusive, same window: entry 0.00 + encode 1.42 + commit-to-done 32.12 + repair-load 4.16 + accounting 0.03 + tail 1.40 = 39.13 of a 41.82 ms wall, residual 2.69
ds4:   of the commit-to-done: GPU running 51.52 ms, GPU not running -19.40 ms
ds4:   1681.7 gated dispatches a token, 27.5 of them behind an abort; 1516.1 sent plain ahead of a buffer's first validate
ds4:   encode-ahead: 7.86 segments used, 11.23 dropped, 2.57 ms a token spent encoding under the GPU
ds4:   concurrent sections: 190.75 attempted, 190.75 opened a token
ds4:   speculation: 0.00 layers a token, 0.00 lanes computed, 0.00 matched, 0.00 GEMVs actually saved, 0.00 left to compute; compared 0.00 lanes, 0.00 floats differ, 0.00 by more than an ulp
ds4:   expert cache over the last 64 tokens: 478.36 hits, 23.66 misses, 0.00 evictions a token; 5837 of 7930 entries live (73.6%)
ds4:   of the address-table holes repaired a token: 0.00 already resident, 20.38 genuinely absent
ds4:   residency a token: 23.66 adds, 1.64 removes, 25.30 commits
ds4: V4.1 verify selftest k=8, 64 positions from 31 (odd start, pair carry restored), 1 alternating rounds
  round 0: single 34.96 ms/token, batch 202.98 ms/step
  median single    : 34.96 ms/token
  median 8-row step: 202.98 ms = 5.81x one single step
  perfect-draft ceiling: 39.41 tok/s (100 tok/s requires <= 80.00 ms/step)
  marginal row cost: 24.00 ms = 69% of a standalone token
  rollback         : reproduces its own output
  batch vs single  : DIVERGED (64 rows checked)
  break-even       : accept 73% of drafted tokens to beat single
  rolled-back passes agree with each other: yes
  batch first diverged at offset 3, where the reference led second place by 0.119066
0924 20:27:42 ds4-server: chat ctx=31..35:4 gen=4 THINKING decoding chunk=0.44 t/s avg=0.44 t/s 9.091s
ds4-server: thinking not closed, ignoring incomplete DSML in reasoning
0924 20:27:42 ds4-server: chat ctx=0..31:31 gen=4 THINKING finish=length 11.318s
0924 20:27:44 ds4-server: shutdown requested, draining requests
