ds4: abort gate on for the first 40 layers
ds4: Metal device Apple M5 Max, 128.00 GiB RAM
ds4: Metal 4 tensor API enabled for Tensor kernels
ds4: drift-patch flags hc_stable=on norm_unify=on kv_raw_f32=off rope_exp2_log2=off math_safe=off tensor_matmul=on
ds4: Metal SSD streaming mode enabled; full model residency and warmup are skipped
ds4: SSD streaming auto cache budget
ds4:   metal recommends 107.52 GiB working set
ds4:   using 84% total for model + cached experts: 90.00 GiB
ds4:   non-routed weights: 9.37 GiB
ds4:   routed expert size: 9.49 MiB
ds4:   expert budget before prefill reserve: 8698 (80.63 GiB)
ds4: metal SSD streaming cache target 80.63 GiB; effective 80.63 GiB = 7.12 GiB prefill headroom + 73.51 GiB dynamic cache (7930 experts, 9.49 MiB each)
ds4: Metal SSD static weights locked 9.37 GiB; pageable 0.00 GiB
ds4: SSD streaming initial metal model map (569 spans, 9.37 GiB tensor span)
ds4: metal backend initialized for graph diagnostics
ds4: memory: KV 0.06 GiB (raw 0.01 + compressed 0.05) + buffers 3.27 GiB + resident model 9.37 GiB + expert cache 73.51 GiB + prefill expert reserve 7.12 GiB = 93.32 GiB planned
ds4: memory detail: ctx=8192 prefill_cap=4096 raw_kv_rows=128 compressed_kv_rows=8193 backend=metal
0924 20:29:32 ds4-server: context buffers 3403.39 MiB (ctx=8192, backend=metal, prefill_chunk=4096, raw_kv_rows=128, compressed_kv_rows=8193)
ds4: V4.1 static context buffers 3403.39 MiB (ctx=8192), Engram disk-only
0924 20:29:32 ds4-server: listening on http://127.0.0.1:8016
0924 20:29:34 ds4-server: chat ctx=0..31:31 prompt start
ds4: shared/routed FFN overlap ran, mode 1
ds4: expert residency set on the queue
0924 20:29:35 ds4-server: chat ctx=0..31:31 prefill chunk 1/31 (3.2%) chunk=0.00 t/s avg=4.99 t/s 0.200s
0924 20:29:35 ds4-server: chat ctx=0..31:31 prefill chunk 2/31 (6.5%) chunk=8.68 t/s avg=6.34 t/s 0.315s
0924 20:29:35 ds4-server: chat ctx=0..31:31 prefill chunk 3/31 (9.7%) chunk=11.22 t/s avg=7.42 t/s 0.405s
0924 20:29:35 ds4-server: chat ctx=0..31:31 prefill chunk 4/31 (12.9%) chunk=11.23 t/s avg=8.10 t/s 0.494s
0924 20:29:35 ds4-server: chat ctx=0..31:31 prefill chunk 5/31 (16.1%) chunk=12.84 t/s avg=8.75 t/s 0.572s
0924 20:29:35 ds4-server: chat ctx=0..31:31 prefill chunk 6/31 (19.4%) chunk=16.82 t/s avg=9.51 t/s 0.631s
0924 20:29:35 ds4-server: chat ctx=0..31:31 prefill chunk 7/31 (22.6%) chunk=14.88 t/s avg=10.03 t/s 0.698s
0924 20:29:35 ds4-server: chat ctx=0..31:31 prefill chunk 8/31 (25.8%) chunk=15.77 t/s avg=10.50 t/s 0.762s
0924 20:29:35 ds4-server: chat ctx=0..31:31 prefill chunk 9/31 (29.0%) chunk=14.38 t/s avg=10.83 t/s 0.831s
0924 20:29:35 ds4-server: chat ctx=0..31:31 prefill chunk 10/31 (32.3%) chunk=15.55 t/s avg=11.17 t/s 0.895s
0924 20:29:35 ds4-server: chat ctx=0..31:31 prefill chunk 11/31 (35.5%) chunk=14.52 t/s avg=11.41 t/s 0.964s
0924 20:29:35 ds4-server: chat ctx=0..31:31 prefill chunk 12/31 (38.7%) chunk=17.17 t/s avg=11.74 t/s 1.022s
0924 20:29:35 ds4-server: chat ctx=0..31:31 prefill chunk 13/31 (41.9%) chunk=16.28 t/s avg=11.99 t/s 1.084s
0924 20:29:36 ds4-server: chat ctx=0..31:31 prefill chunk 14/31 (45.2%) chunk=16.44 t/s avg=12.23 t/s 1.145s
0924 20:29:36 ds4-server: chat ctx=0..31:31 prefill chunk 15/31 (48.4%) chunk=16.50 t/s avg=12.44 t/s 1.205s
0924 20:29:36 ds4-server: chat ctx=0..31:31 prefill chunk 16/31 (51.6%) chunk=15.34 t/s avg=12.59 t/s 1.271s
0924 20:29:36 ds4-server: chat ctx=0..31:31 prefill chunk 17/31 (54.8%) chunk=16.22 t/s avg=12.76 t/s 1.332s
0924 20:29:36 ds4-server: chat ctx=0..31:31 prefill chunk 18/31 (58.1%) chunk=14.94 t/s avg=12.86 t/s 1.399s
0924 20:29:36 ds4-server: chat ctx=0..31:31 prefill chunk 19/31 (61.3%) chunk=16.63 t/s avg=13.02 t/s 1.459s
0924 20:29:36 ds4-server: chat ctx=0..31:31 prefill chunk 20/31 (64.5%) chunk=17.79 t/s avg=13.20 t/s 1.516s
0924 20:29:36 ds4-server: chat ctx=0..31:31 prefill chunk 21/31 (67.7%) chunk=18.50 t/s avg=13.38 t/s 1.570s
0924 20:29:36 ds4-server: chat ctx=0..31:31 prefill chunk 22/31 (71.0%) chunk=18.81 t/s avg=13.56 t/s 1.623s
0924 20:29:36 ds4-server: chat ctx=0..31:31 prefill chunk 23/31 (74.2%) chunk=17.82 t/s avg=13.70 t/s 1.679s
0924 20:29:36 ds4-server: chat ctx=0..31:31 prefill chunk 24/31 (77.4%) chunk=15.80 t/s avg=13.78 t/s 1.742s
0924 20:29:36 ds4-server: chat ctx=0..31:31 prefill chunk 25/31 (80.6%) chunk=19.63 t/s avg=13.94 t/s 1.793s
0924 20:29:36 ds4-server: chat ctx=0..31:31 prefill chunk 26/31 (83.9%) chunk=20.53 t/s avg=14.12 t/s 1.842s
0924 20:29:36 ds4-server: chat ctx=0..31:31 prefill chunk 27/31 (87.1%) chunk=18.15 t/s avg=14.23 t/s 1.897s
0924 20:29:36 ds4-server: chat ctx=0..31:31 prefill chunk 28/31 (90.3%) chunk=15.99 t/s avg=14.29 t/s 1.959s
0924 20:29:36 ds4-server: chat ctx=0..31:31 prefill chunk 29/31 (93.5%) chunk=13.03 t/s avg=14.24 t/s 2.036s
0924 20:29:36 ds4-server: chat ctx=0..31:31 prefill chunk 30/31 (96.8%) chunk=10.83 t/s avg=14.09 t/s 2.129s
0924 20:29:37 ds4-server: chat ctx=0..31:31 prefill chunk 31/31 (100.0%) chunk=10.32 t/s avg=13.93 t/s 2.226s
0924 20:29:37 ds4-server: chat ctx=0..31:31 prompt done 2.227s
ds4: V4.1 contiguous-block attention, one session, 4 consecutive positions
ds4: gate over tokens 1-64: 34.12 command buffers, 29.92 aborts, 240.0 expert ids accounted, 651.85 MiB loaded a token; 0 the gate failed to switch off, 0 it could not gate
ds4:   one token, exclusive, same window: entry 0.00 + encode 3.58 + commit-to-done 39.63 + repair-load 14.44 + accounting 0.02 + tail 0.77 = 58.44 of a 62.70 ms wall, residual 4.26
ds4:   of the commit-to-done: GPU running 48.24 ms, GPU not running -8.61 ms
ds4:   2033.9 gated dispatches a token, 68.8 of them behind an abort; 2788.4 sent plain ahead of a buffer's first validate
ds4:   encode-ahead: 2.20 segments used, 26.97 dropped, 4.01 ms a token spent encoding under the GPU
ds4:   concurrent sections: 347.84 attempted, 347.84 opened a token
ds4:   speculation: 0.00 layers a token, 0.00 lanes computed, 0.00 matched, 0.00 GEMVs actually saved, 0.00 left to compute; compared 0.00 lanes, 0.00 floats differ, 0.00 by more than an ulp
ds4:   expert cache over the last 64 tokens: 359.31 hits, 70.05 misses, 0.00 evictions a token; 4439 of 7930 entries live (56.0%)
ds4:   of the address-table holes repaired a token: 0.00 already resident, 68.67 genuinely absent
ds4:   residency a token: 70.05 adds, 0.69 removes, 70.73 commits
ds4: V4.1 verify selftest k=4, 32 positions from 31 (odd start, pair carry restored), 1 alternating rounds
  round 0: single 34.92 ms/token, batch 114.38 ms/step
  median single    : 34.92 ms/token
  median 4-row step: 114.38 ms = 3.28x one single step
  perfect-draft ceiling: 34.97 tok/s (100 tok/s requires <= 40.00 ms/step)
  marginal row cost: 26.49 ms = 76% of a standalone token
  rollback         : reproduces its own output
  batch vs single  : identical argmax (32 rows checked)
  break-even       : accept 82% of drafted tokens to beat single
  rolled-back passes agree with each other: yes
0924 20:29:42 ds4-server: chat ctx=31..35:4 gen=4 THINKING decoding chunk=0.78 t/s avg=0.78 t/s 5.111s
ds4-server: thinking not closed, ignoring incomplete DSML in reasoning
0924 20:29:42 ds4-server: chat ctx=0..31:31 gen=4 THINKING finish=length 7.339s
0924 20:29:44 ds4-server: shutdown requested, draining requests
