ds4: abort gate on for the first 40 layers
ds4: Metal device Apple M5 Max, 128.00 GiB RAM
ds4: Metal 4 tensor API enabled for Tensor kernels
ds4: drift-patch flags hc_stable=on norm_unify=on kv_raw_f32=off rope_exp2_log2=off math_safe=off tensor_matmul=on
ds4: Metal SSD streaming mode enabled; full model residency and warmup are skipped
ds4: SSD streaming auto cache budget
ds4:   metal recommends 107.52 GiB working set
ds4:   using 84% total for model + cached experts: 90.00 GiB
ds4:   non-routed weights: 9.37 GiB
ds4:   routed expert size: 9.49 MiB
ds4:   expert budget before prefill reserve: 8698 (80.63 GiB)
ds4: metal SSD streaming cache target 80.63 GiB; effective 80.63 GiB = 7.12 GiB prefill headroom + 73.51 GiB dynamic cache (7930 experts, 9.49 MiB each)
ds4: Metal SSD static weights locked 9.37 GiB; pageable 0.00 GiB
ds4: SSD streaming initial metal model map (569 spans, 9.37 GiB tensor span)
ds4: metal backend initialized for graph diagnostics
ds4: memory: KV 0.06 GiB (raw 0.01 + compressed 0.05) + buffers 3.27 GiB + resident model 9.37 GiB + expert cache 73.51 GiB + prefill expert reserve 7.12 GiB = 93.32 GiB planned
ds4: memory detail: ctx=8192 prefill_cap=4096 raw_kv_rows=128 compressed_kv_rows=8193 backend=metal
0924 20:30:38 ds4-server: context buffers 3403.39 MiB (ctx=8192, backend=metal, prefill_chunk=4096, raw_kv_rows=128, compressed_kv_rows=8193)
ds4: V4.1 static context buffers 3403.39 MiB (ctx=8192), Engram disk-only
0924 20:30:38 ds4-server: listening on http://127.0.0.1:8016
0924 20:30:41 ds4-server: chat ctx=0..31:31 prompt start
ds4: shared/routed FFN overlap ran, mode 1
ds4: expert residency set on the queue
0924 20:30:41 ds4-server: chat ctx=0..31:31 prefill chunk 1/31 (3.2%) chunk=0.00 t/s avg=5.58 t/s 0.179s
0924 20:30:41 ds4-server: chat ctx=0..31:31 prefill chunk 2/31 (6.5%) chunk=9.08 t/s avg=6.92 t/s 0.289s
0924 20:30:41 ds4-server: chat ctx=0..31:31 prefill chunk 3/31 (9.7%) chunk=8.99 t/s avg=7.49 t/s 0.400s
0924 20:30:42 ds4-server: chat ctx=0..31:31 prefill chunk 4/31 (12.9%) chunk=8.38 t/s avg=7.70 t/s 0.520s
0924 20:30:42 ds4-server: chat ctx=0..31:31 prefill chunk 5/31 (16.1%) chunk=7.65 t/s avg=7.69 t/s 0.650s
0924 20:30:42 ds4-server: chat ctx=0..31:31 prefill chunk 6/31 (19.4%) chunk=15.55 t/s avg=8.39 t/s 0.715s
0924 20:30:42 ds4-server: chat ctx=0..31:31 prefill chunk 7/31 (22.6%) chunk=14.50 t/s avg=8.93 t/s 0.784s
0924 20:30:42 ds4-server: chat ctx=0..31:31 prefill chunk 8/31 (25.8%) chunk=14.41 t/s avg=9.38 t/s 0.853s
0924 20:30:42 ds4-server: chat ctx=0..31:31 prefill chunk 9/31 (29.0%) chunk=13.45 t/s avg=9.70 t/s 0.927s
0924 20:30:42 ds4-server: chat ctx=0..31:31 prefill chunk 10/31 (32.3%) chunk=14.22 t/s avg=10.02 t/s 0.998s
0924 20:30:42 ds4-server: chat ctx=0..31:31 prefill chunk 11/31 (35.5%) chunk=12.49 t/s avg=10.21 t/s 1.078s
0924 20:30:42 ds4-server: chat ctx=0..31:31 prefill chunk 12/31 (38.7%) chunk=12.58 t/s avg=10.37 t/s 1.157s
0924 20:30:42 ds4-server: chat ctx=0..31:31 prefill chunk 13/31 (41.9%) chunk=9.10 t/s avg=10.26 t/s 1.267s
0924 20:30:42 ds4-server: chat ctx=0..31:31 prefill chunk 14/31 (45.2%) chunk=12.77 t/s avg=10.40 t/s 1.346s
0924 20:30:42 ds4-server: chat ctx=0..31:31 prefill chunk 15/31 (48.4%) chunk=13.24 t/s avg=10.56 t/s 1.421s
0924 20:30:43 ds4-server: chat ctx=0..31:31 prefill chunk 16/31 (51.6%) chunk=10.96 t/s avg=10.58 t/s 1.512s
0924 20:30:43 ds4-server: chat ctx=0..31:31 prefill chunk 17/31 (54.8%) chunk=11.38 t/s avg=10.62 t/s 1.600s
0924 20:30:43 ds4-server: chat ctx=0..31:31 prefill chunk 18/31 (58.1%) chunk=9.65 t/s avg=10.57 t/s 1.704s
0924 20:30:43 ds4-server: chat ctx=0..31:31 prefill chunk 19/31 (61.3%) chunk=8.92 t/s avg=10.46 t/s 1.816s
0924 20:30:43 ds4-server: chat ctx=0..31:31 prefill chunk 20/31 (64.5%) chunk=14.29 t/s avg=10.61 t/s 1.886s
0924 20:30:43 ds4-server: chat ctx=0..31:31 prefill chunk 21/31 (67.7%) chunk=17.70 t/s avg=10.81 t/s 1.942s
0924 20:30:43 ds4-server: chat ctx=0..31:31 prefill chunk 22/31 (71.0%) chunk=17.16 t/s avg=11.00 t/s 2.000s
0924 20:30:43 ds4-server: chat ctx=0..31:31 prefill chunk 23/31 (74.2%) chunk=17.83 t/s avg=11.18 t/s 2.057s
0924 20:30:43 ds4-server: chat ctx=0..31:31 prefill chunk 24/31 (77.4%) chunk=15.30 t/s avg=11.31 t/s 2.122s
0924 20:30:43 ds4-server: chat ctx=0..31:31 prefill chunk 25/31 (80.6%) chunk=18.58 t/s avg=11.49 t/s 2.176s
0924 20:30:43 ds4-server: chat ctx=0..31:31 prefill chunk 26/31 (83.9%) chunk=18.91 t/s avg=11.67 t/s 2.229s
0924 20:30:43 ds4-server: chat ctx=0..31:31 prefill chunk 27/31 (87.1%) chunk=14.89 t/s avg=11.76 t/s 2.296s
0924 20:30:43 ds4-server: chat ctx=0..31:31 prefill chunk 28/31 (90.3%) chunk=13.89 t/s avg=11.83 t/s 2.368s
0924 20:30:43 ds4-server: chat ctx=0..31:31 prefill chunk 29/31 (93.5%) chunk=12.32 t/s avg=11.84 t/s 2.449s
0924 20:30:44 ds4-server: chat ctx=0..31:31 prefill chunk 30/31 (96.8%) chunk=9.42 t/s avg=11.74 t/s 2.555s
0924 20:30:44 ds4-server: chat ctx=0..31:31 prefill chunk 31/31 (100.0%) chunk=8.94 t/s avg=11.62 t/s 2.667s
0924 20:30:44 ds4-server: chat ctx=0..31:31 prompt done 2.669s
ds4: V4.1 contiguous-block attention, one session, 4 consecutive positions
ds4: gate over tokens 1-64: 34.12 command buffers, 29.92 aborts, 240.0 expert ids accounted, 651.85 MiB loaded a token; 0 the gate failed to switch off, 0 it could not gate
ds4:   one token, exclusive, same window: entry 0.00 + encode 3.84 + commit-to-done 49.23 + repair-load 15.25 + accounting 0.03 + tail 0.99 = 69.33 of a 73.72 ms wall, residual 4.39
ds4:   of the commit-to-done: GPU running 57.93 ms, GPU not running -8.70 ms
ds4:   2033.9 gated dispatches a token, 68.8 of them behind an abort; 2788.3 sent plain ahead of a buffer's first validate
ds4:   encode-ahead: 2.20 segments used, 26.97 dropped, 4.12 ms a token spent encoding under the GPU
ds4:   concurrent sections: 347.84 attempted, 347.84 opened a token
ds4:   speculation: 0.00 layers a token, 0.00 lanes computed, 0.00 matched, 0.00 GEMVs actually saved, 0.00 left to compute; compared 0.00 lanes, 0.00 floats differ, 0.00 by more than an ulp
ds4:   expert cache over the last 64 tokens: 359.31 hits, 70.05 misses, 0.00 evictions a token; 4439 of 7930 entries live (56.0%)
ds4:   of the address-table holes repaired a token: 0.00 already resident, 68.67 genuinely absent
ds4:   residency a token: 70.05 adds, 0.69 removes, 70.73 commits
ds4: V4.1 verify selftest k=4, 32 positions from 31 (odd start, pair carry restored), 1 alternating rounds
  round 0: single 35.91 ms/token, batch 117.38 ms/step
  median single    : 35.91 ms/token
  median 4-row step: 117.38 ms = 3.27x one single step
  perfect-draft ceiling: 34.08 tok/s (100 tok/s requires <= 40.00 ms/step)
  marginal row cost: 27.15 ms = 76% of a standalone token
  rollback         : reproduces its own output
  batch vs single  : identical argmax (32 rows checked)
  break-even       : accept 82% of drafted tokens to beat single
  rolled-back passes agree with each other: yes
0924 20:30:49 ds4-server: chat ctx=31..35:4 gen=4 THINKING decoding chunk=0.74 t/s avg=0.74 t/s 5.421s
ds4-server: thinking not closed, ignoring incomplete DSML in reasoning
0924 20:30:49 ds4-server: chat ctx=0..31:31 gen=4 THINKING finish=length 8.091s
0924 20:30:51 ds4-server: shutdown requested, draining requests
