ds4: abort gate on for the first 40 layers
ds4: Metal device Apple M5 Max, 128.00 GiB RAM
ds4: Metal 4 tensor API enabled for Tensor kernels
ds4: drift-patch flags hc_stable=on norm_unify=on kv_raw_f32=off rope_exp2_log2=off math_safe=off tensor_matmul=on
ds4: Metal SSD streaming mode enabled; full model residency and warmup are skipped
ds4: SSD streaming auto cache budget
ds4:   metal recommends 107.52 GiB working set
ds4:   using 84% total for model + cached experts: 90.00 GiB
ds4:   non-routed weights: 9.37 GiB
ds4:   routed expert size: 9.49 MiB
ds4:   expert budget before prefill reserve: 8698 (80.63 GiB)
ds4: metal SSD streaming cache target 80.63 GiB; effective 80.63 GiB = 7.12 GiB prefill headroom + 73.51 GiB dynamic cache (7930 experts, 9.49 MiB each)
ds4: Metal SSD static weights locked 9.37 GiB; pageable 0.00 GiB
ds4: SSD streaming initial metal model map (569 spans, 9.37 GiB tensor span)
ds4: metal backend initialized for graph diagnostics
ds4: memory: KV 0.06 GiB (raw 0.01 + compressed 0.05) + buffers 3.27 GiB + resident model 9.37 GiB + expert cache 73.51 GiB + prefill expert reserve 7.12 GiB = 93.33 GiB planned
ds4: memory detail: ctx=8192 prefill_cap=4096 raw_kv_rows=128 compressed_kv_rows=8193 backend=metal
0924 21:56:47 ds4-server: context buffers 3411.39 MiB (ctx=8192, backend=metal, prefill_chunk=4096, raw_kv_rows=128, compressed_kv_rows=8193)
ds4: V4.1 static context buffers 3411.39 MiB (ctx=8192), Engram disk-only
0924 21:56:47 ds4-server: listening on http://127.0.0.1:8016
0924 21:56:49 ds4-server: chat ctx=0..31:31 prompt start
ds4: shared/routed FFN overlap ran, mode 1
ds4: expert residency set on the queue
0924 21:56:49 ds4-server: chat ctx=0..31:31 prefill chunk 1/31 (3.2%) chunk=0.00 t/s avg=7.63 t/s 0.131s
0924 21:56:49 ds4-server: chat ctx=0..31:31 prefill chunk 2/31 (6.5%) chunk=8.19 t/s avg=7.90 t/s 0.253s
0924 21:56:50 ds4-server: chat ctx=0..31:31 prefill chunk 3/31 (9.7%) chunk=7.59 t/s avg=7.79 t/s 0.385s
0924 21:56:50 ds4-server: chat ctx=0..31:31 prefill chunk 4/31 (12.9%) chunk=6.63 t/s avg=7.47 t/s 0.536s
0924 21:56:50 ds4-server: chat ctx=0..31:31 prefill chunk 5/31 (16.1%) chunk=6.88 t/s avg=7.34 t/s 0.681s
0924 21:56:50 ds4-server: chat ctx=0..31:31 prefill chunk 6/31 (19.4%) chunk=11.26 t/s avg=7.79 t/s 0.770s
0924 21:56:50 ds4-server: chat ctx=0..31:31 prefill chunk 7/31 (22.6%) chunk=14.09 t/s avg=8.33 t/s 0.841s
0924 21:56:50 ds4-server: chat ctx=0..31:31 prefill chunk 8/31 (25.8%) chunk=14.32 t/s avg=8.79 t/s 0.911s
0924 21:56:50 ds4-server: chat ctx=0..31:31 prefill chunk 9/31 (29.0%) chunk=14.04 t/s avg=9.17 t/s 0.982s
0924 21:56:50 ds4-server: chat ctx=0..31:31 prefill chunk 10/31 (32.3%) chunk=14.87 t/s avg=9.53 t/s 1.049s
0924 21:56:50 ds4-server: chat ctx=0..31:31 prefill chunk 11/31 (35.5%) chunk=13.51 t/s avg=9.79 t/s 1.123s
0924 21:56:50 ds4-server: chat ctx=0..31:31 prefill chunk 12/31 (38.7%) chunk=14.46 t/s avg=10.07 t/s 1.192s
0924 21:56:50 ds4-server: chat ctx=0..31:31 prefill chunk 13/31 (41.9%) chunk=10.69 t/s avg=10.11 t/s 1.286s
0924 21:56:51 ds4-server: chat ctx=0..31:31 prefill chunk 14/31 (45.2%) chunk=10.75 t/s avg=10.15 t/s 1.379s
0924 21:56:51 ds4-server: chat ctx=0..31:31 prefill chunk 15/31 (48.4%) chunk=14.47 t/s avg=10.36 t/s 1.448s
0924 21:56:51 ds4-server: chat ctx=0..31:31 prefill chunk 16/31 (51.6%) chunk=12.46 t/s avg=10.47 t/s 1.528s
0924 21:56:51 ds4-server: chat ctx=0..31:31 prefill chunk 17/31 (54.8%) chunk=11.44 t/s avg=10.52 t/s 1.616s
0924 21:56:51 ds4-server: chat ctx=0..31:31 prefill chunk 18/31 (58.1%) chunk=10.72 t/s avg=10.53 t/s 1.709s
0924 21:56:51 ds4-server: chat ctx=0..31:31 prefill chunk 19/31 (61.3%) chunk=10.17 t/s avg=10.51 t/s 1.807s
0924 21:56:51 ds4-server: chat ctx=0..31:31 prefill chunk 20/31 (64.5%) chunk=11.54 t/s avg=10.56 t/s 1.894s
0924 21:56:51 ds4-server: chat ctx=0..31:31 prefill chunk 21/31 (67.7%) chunk=16.53 t/s avg=10.75 t/s 1.954s
0924 21:56:51 ds4-server: chat ctx=0..31:31 prefill chunk 22/31 (71.0%) chunk=15.95 t/s avg=10.91 t/s 2.017s
0924 21:56:51 ds4-server: chat ctx=0..31:31 prefill chunk 23/31 (74.2%) chunk=17.65 t/s avg=11.09 t/s 2.074s
0924 21:56:51 ds4-server: chat ctx=0..31:31 prefill chunk 24/31 (77.4%) chunk=15.82 t/s avg=11.23 t/s 2.137s
0924 21:56:51 ds4-server: chat ctx=0..31:31 prefill chunk 25/31 (80.6%) chunk=17.56 t/s avg=11.40 t/s 2.194s
0924 21:56:51 ds4-server: chat ctx=0..31:31 prefill chunk 26/31 (83.9%) chunk=15.20 t/s avg=11.51 t/s 2.260s
0924 21:56:51 ds4-server: chat ctx=0..31:31 prefill chunk 27/31 (87.1%) chunk=14.29 t/s avg=11.59 t/s 2.330s
0924 21:56:52 ds4-server: chat ctx=0..31:31 prefill chunk 28/31 (90.3%) chunk=12.50 t/s avg=11.62 t/s 2.410s
0924 21:56:52 ds4-server: chat ctx=0..31:31 prefill chunk 29/31 (93.5%) chunk=9.35 t/s avg=11.52 t/s 2.516s
0924 21:56:52 ds4-server: chat ctx=0..31:31 prefill chunk 30/31 (96.8%) chunk=10.61 t/s avg=11.49 t/s 2.611s
0924 21:56:52 ds4-server: chat ctx=0..31:31 prefill chunk 31/31 (100.0%) chunk=14.11 t/s avg=11.56 t/s 2.682s
0924 21:56:52 ds4-server: chat ctx=0..31:31 prompt done 2.686s
ds4: gate over tokens 1-64: 34.33 command buffers, 30.23 aborts, 240.0 expert ids accounted, 656.74 MiB loaded a token; 0 the gate failed to switch off, 0 it could not gate
ds4:   one token, exclusive, same window: entry 0.00 + encode 3.91 + commit-to-done 46.89 + repair-load 15.35 + accounting 0.02 + tail 0.89 = 67.06 of a 71.27 ms wall, residual 4.22
ds4:   of the commit-to-done: GPU running 44.56 ms, GPU not running 2.33 ms
ds4:   2038.6 gated dispatches a token, 69.6 of them behind an abort; 2808.7 sent plain ahead of a buffer's first validate
ds4:   encode-ahead: 2.09 segments used, 27.23 dropped, 3.99 ms a token spent encoding under the GPU
ds4:   concurrent sections: 350.53 attempted, 350.53 opened a token
ds4:   speculation: 0.00 layers a token, 0.00 lanes computed, 0.00 matched, 0.00 GEMVs actually saved, 0.00 left to compute; compared 0.00 lanes, 0.00 floats differ, 0.00 by more than an ulp
ds4:   expert cache over the last 64 tokens: 240.00 hits, 69.19 misses, 0.00 evictions a token; 4428 of 7930 entries live (55.8%)
ds4:   of the address-table holes repaired a token: 0.00 already resident, 69.19 genuinely absent
ds4:   residency a token: 69.19 adds, 0.00 removes, 69.19 commits
ds4: V4.1 block-local KV delta, 8 rows over 31 prefix keys
ds4: V4.1 batch attn_output_b hoisted out of the per-row loop (8 rows)
ds4: V4.1 block attention by level, 8 rows, concurrent section open
ds4: gate over tokens 65-128: 22.31 command buffers, 12.45 aborts, 240.0 expert ids accounted, 193.40 MiB loaded a token; 0 the gate failed to switch off, 0 it could not gate
ds4:   one token, exclusive, same window: entry 0.00 + encode 1.77 + commit-to-done 34.27 + repair-load 4.85 + accounting 0.03 + tail 1.67 = 42.59 of a 45.62 ms wall, residual 3.03
ds4:   of the commit-to-done: GPU running 53.00 ms, GPU not running -18.73 ms
ds4:   1681.7 gated dispatches a token, 27.5 of them behind an abort; 1516.1 sent plain ahead of a buffer's first validate
ds4:   encode-ahead: 7.86 segments used, 11.23 dropped, 2.90 ms a token spent encoding under the GPU
ds4:   concurrent sections: 195.50 attempted, 195.50 opened a token
ds4:   speculation: 0.00 layers a token, 0.00 lanes computed, 0.00 matched, 0.00 GEMVs actually saved, 0.00 left to compute; compared 0.00 lanes, 0.00 floats differ, 0.00 by more than an ulp
ds4:   expert cache over the last 64 tokens: 480.00 hits, 20.38 misses, 0.00 evictions a token; 5732 of 7930 entries live (72.3%)
ds4:   of the address-table holes repaired a token: 0.00 already resident, 20.38 genuinely absent
ds4:   residency a token: 20.38 adds, 0.00 removes, 20.38 commits
ds4: V4.1 verify selftest k=8, 64 positions from 31 (odd start, pair carry restored), 1 alternating rounds
  round 0: single 35.33 ms/token, batch 210.98 ms/step
  median single    : 35.33 ms/token
  median 8-row step: 210.98 ms = 5.97x one single step
  perfect-draft ceiling: 37.92 tok/s (100 tok/s requires <= 80.00 ms/step)
  block width      : 1.34x of 8 (needs 3.53x for 100 tok/s)
  concurrent       : 37730 sections opened of 37730 asked
  marginal row cost: 25.09 ms = 71% of a standalone token
  rollback         : reproduces its own output
  batch vs single  : identical argmax (64 rows checked)
  break-even       : accept 75% of drafted tokens to beat single
  rolled-back passes agree with each other: yes
0924 21:57:02 ds4-server: chat ctx=31..35:4 gen=4 THINKING decoding chunk=0.41 t/s avg=0.41 t/s 9.732s
ds4-server: thinking not closed, ignoring incomplete DSML in reasoning
0924 21:57:02 ds4-server: chat ctx=0..31:31 gen=4 THINKING finish=length 12.418s
0924 21:57:04 ds4-server: shutdown requested, draining requests
