ds4: abort gate on for the first 40 layers
ds4: Metal device Apple M5 Max, 128.00 GiB RAM
ds4: Metal 4 tensor API enabled for Tensor kernels
ds4: drift-patch flags hc_stable=on norm_unify=on kv_raw_f32=off rope_exp2_log2=off math_safe=off tensor_matmul=on
ds4: Metal SSD streaming mode enabled; full model residency and warmup are skipped
ds4: SSD streaming auto cache budget
ds4:   metal recommends 107.52 GiB working set
ds4:   using 84% total for model + cached experts: 90.00 GiB
ds4:   non-routed weights: 9.37 GiB
ds4:   routed expert size: 9.49 MiB
ds4:   expert budget before prefill reserve: 8698 (80.63 GiB)
ds4: metal SSD streaming cache target 80.63 GiB; effective 80.63 GiB = 7.12 GiB prefill headroom + 73.51 GiB dynamic cache (7930 experts, 9.49 MiB each)
ds4: Metal SSD static weights locked 9.37 GiB; pageable 0.00 GiB
ds4: SSD streaming initial metal model map (569 spans, 9.37 GiB tensor span)
ds4: metal backend initialized for graph diagnostics
ds4: memory: KV 0.06 GiB (raw 0.01 + compressed 0.05) + buffers 3.27 GiB + resident model 9.37 GiB + expert cache 73.51 GiB + prefill expert reserve 7.12 GiB = 93.33 GiB planned
ds4: memory detail: ctx=8192 prefill_cap=4096 raw_kv_rows=128 compressed_kv_rows=8193 backend=metal
0926 01:32:49 ds4-server: context buffers 3411.39 MiB (ctx=8192, backend=metal, prefill_chunk=4096, raw_kv_rows=128, compressed_kv_rows=8193)
ds4: V4.1 static context buffers 3411.39 MiB (ctx=8192), Engram disk-only
0926 01:32:49 ds4-server: listening on http://127.0.0.1:8016
0926 01:32:52 ds4-server: chat ctx=0..31:31 prompt start
ds4: shared/routed FFN overlap ran, mode 1
ds4: expert residency set on the queue
0926 01:32:52 ds4-server: chat ctx=0..31:31 prefill chunk 1/31 (3.2%) chunk=0.00 t/s avg=2.91 t/s 0.344s
0926 01:32:53 ds4-server: chat ctx=0..31:31 prefill chunk 2/31 (6.5%) chunk=3.28 t/s avg=3.08 t/s 0.648s
0926 01:32:53 ds4-server: chat ctx=0..31:31 prefill chunk 3/31 (9.7%) chunk=3.70 t/s avg=3.27 t/s 0.919s
0926 01:32:53 ds4-server: chat ctx=0..31:31 prefill chunk 4/31 (12.9%) chunk=3.86 t/s avg=3.40 t/s 1.178s
0926 01:32:53 ds4-server: chat ctx=0..31:31 prefill chunk 5/31 (16.1%) chunk=3.87 t/s avg=3.48 t/s 1.436s
0926 01:32:53 ds4-server: chat ctx=0..31:31 prefill chunk 6/31 (19.4%) chunk=5.06 t/s avg=3.67 t/s 1.634s
0926 01:32:54 ds4-server: chat ctx=0..31:31 prefill chunk 7/31 (22.6%) chunk=5.92 t/s avg=3.88 t/s 1.803s
0926 01:32:54 ds4-server: chat ctx=0..31:31 prefill chunk 8/31 (25.8%) chunk=5.86 t/s avg=4.05 t/s 1.973s
0926 01:32:54 ds4-server: chat ctx=0..31:31 prefill chunk 9/31 (29.0%) chunk=5.04 t/s avg=4.14 t/s 2.172s
0926 01:32:54 ds4-server: chat ctx=0..31:31 prefill chunk 10/31 (32.3%) chunk=4.95 t/s avg=4.21 t/s 2.374s
0926 01:32:54 ds4-server: chat ctx=0..31:31 prefill chunk 11/31 (35.5%) chunk=4.36 t/s avg=4.23 t/s 2.603s
0926 01:32:55 ds4-server: chat ctx=0..31:31 prefill chunk 12/31 (38.7%) chunk=6.65 t/s avg=4.36 t/s 2.754s
0926 01:32:55 ds4-server: chat ctx=0..31:31 prefill chunk 13/31 (41.9%) chunk=6.27 t/s avg=4.46 t/s 2.913s
0926 01:32:55 ds4-server: chat ctx=0..31:31 prefill chunk 14/31 (45.2%) chunk=5.56 t/s avg=4.53 t/s 3.093s
0926 01:32:55 ds4-server: chat ctx=0..31:31 prefill chunk 15/31 (48.4%) chunk=7.71 t/s avg=4.65 t/s 3.223s
0926 01:32:55 ds4-server: chat ctx=0..31:31 prefill chunk 16/31 (51.6%) chunk=5.41 t/s avg=4.70 t/s 3.408s
0926 01:32:55 ds4-server: chat ctx=0..31:31 prefill chunk 17/31 (54.8%) chunk=4.71 t/s avg=4.70 t/s 3.620s
0926 01:32:56 ds4-server: chat ctx=0..31:31 prefill chunk 18/31 (58.1%) chunk=4.28 t/s avg=4.67 t/s 3.854s
0926 01:32:56 ds4-server: chat ctx=0..31:31 prefill chunk 19/31 (61.3%) chunk=5.41 t/s avg=4.70 t/s 4.039s
0926 01:32:56 ds4-server: chat ctx=0..31:31 prefill chunk 20/31 (64.5%) chunk=7.01 t/s avg=4.78 t/s 4.181s
0926 01:32:56 ds4-server: chat ctx=0..31:31 prefill chunk 21/31 (67.7%) chunk=7.98 t/s avg=4.88 t/s 4.307s
0926 01:32:56 ds4-server: chat ctx=0..31:31 prefill chunk 22/31 (71.0%) chunk=7.71 t/s avg=4.96 t/s 4.436s
0926 01:32:56 ds4-server: chat ctx=0..31:31 prefill chunk 23/31 (74.2%) chunk=7.63 t/s avg=5.04 t/s 4.567s
0926 01:32:57 ds4-server: chat ctx=0..31:31 prefill chunk 24/31 (77.4%) chunk=6.59 t/s avg=5.09 t/s 4.719s
0926 01:32:57 ds4-server: chat ctx=0..31:31 prefill chunk 25/31 (80.6%) chunk=7.51 t/s avg=5.15 t/s 4.852s
0926 01:32:57 ds4-server: chat ctx=0..31:31 prefill chunk 26/31 (83.9%) chunk=8.10 t/s avg=5.23 t/s 4.976s
0926 01:32:57 ds4-server: chat ctx=0..31:31 prefill chunk 27/31 (87.1%) chunk=7.08 t/s avg=5.28 t/s 5.117s
0926 01:32:57 ds4-server: chat ctx=0..31:31 prefill chunk 28/31 (90.3%) chunk=6.10 t/s avg=5.30 t/s 5.281s
0926 01:32:57 ds4-server: chat ctx=0..31:31 prefill chunk 29/31 (93.5%) chunk=6.26 t/s avg=5.33 t/s 5.441s
0926 01:32:57 ds4-server: chat ctx=0..31:31 prefill chunk 30/31 (96.8%) chunk=6.99 t/s avg=5.37 t/s 5.584s
0926 01:32:58 ds4-server: chat ctx=0..31:31 prefill chunk 31/31 (100.0%) chunk=7.58 t/s avg=5.42 t/s 5.716s
0926 01:32:58 ds4-server: chat ctx=0..31:31 prompt done 5.718s
ds4:   decode path so far: 64 single-row steps (135.5 ms each inside the graph over the last 64), 0 K-row verification steps over 0 positions, 0 batch-fusion sites taken; candidate K none
ds4: gate over tokens 1-64: 34.33 command buffers, 30.23 aborts, 240.0 expert ids accounted, 656.74 MiB loaded a token; 0 the gate failed to switch off, 0 it could not gate
ds4:   one token, exclusive, same window: entry 0.00 + encode 3.76 + commit-to-done 67.96 + repair-load 58.94 + accounting 0.03 + tail 0.78 = 131.47 of a 135.91 ms wall, residual 4.44
ds4:   of the commit-to-done: GPU running 60.57 ms, GPU not running 7.38 ms
ds4:   2038.6 gated dispatches a token, 69.6 of them behind an abort; 2808.7 sent plain ahead of a buffer's first validate
ds4:   encode-ahead: 2.09 segments used, 27.23 dropped, 4.05 ms a token spent encoding under the GPU
ds4:   concurrent sections: 350.53 attempted, 350.53 opened a token
ds4:   speculation: 0.00 layers a token, 0.00 lanes computed, 0.00 matched, 0.00 GEMVs actually saved, 0.00 left to compute; compared 0.00 lanes, 0.00 floats differ, 0.00 by more than an ulp
ds4:   expert cache over the last 64 tokens: 240.00 hits, 69.19 misses, 0.00 evictions a token; 4428 of 7930 entries live (55.8%)
ds4:   of the address-table holes repaired a token: 0.00 already resident, 69.19 genuinely absent
ds4:   residency a token: 69.19 adds, 0.00 removes, 69.19 commits
ds4:   decode path so far: 128 single-row steps (65.6 ms each inside the graph over the last 64), 0 K-row verification steps over 0 positions, 0 batch-fusion sites taken; candidate K none
ds4: gate over tokens 65-128: 22.31 command buffers, 12.45 aborts, 240.0 expert ids accounted, 193.40 MiB loaded a token; 0 the gate failed to switch off, 0 it could not gate
ds4:   one token, exclusive, same window: entry 0.00 + encode 1.68 + commit-to-done 36.42 + repair-load 21.29 + accounting 0.03 + tail 1.41 = 60.83 of a 64.18 ms wall, residual 3.34
ds4:   of the commit-to-done: GPU running 34.19 ms, GPU not running 2.24 ms
ds4:   1681.7 gated dispatches a token, 27.5 of them behind an abort; 1516.1 sent plain ahead of a buffer's first validate
ds4:   encode-ahead: 7.86 segments used, 11.23 dropped, 3.16 ms a token spent encoding under the GPU
ds4:   concurrent sections: 190.75 attempted, 190.75 opened a token
ds4:   speculation: 0.00 layers a token, 0.00 lanes computed, 0.00 matched, 0.00 GEMVs actually saved, 0.00 left to compute; compared 0.00 lanes, 0.00 floats differ, 0.00 by more than an ulp
ds4:   expert cache over the last 64 tokens: 240.00 hits, 20.38 misses, 0.00 evictions a token; 5732 of 7930 entries live (72.3%)
ds4:   of the address-table holes repaired a token: 0.00 already resident, 20.38 genuinely absent
ds4:   residency a token: 20.38 adds, 0.00 removes, 20.38 commits
ds4: V4.1 verify selftest k=8, 64 positions from 31 (odd start, pair carry restored), 1 alternating rounds
  round 0: single 36.47 ms/token, batch 0.00 ms/step
ds4:   decode path so far: 192 single-row steps (36.9 ms each inside the graph over the last 64), 0 K-row verification steps over 0 positions, 0 batch-fusion sites taken; candidate K none
ds4: gate over tokens 129-192: 14.00 command buffers, 0.00 aborts, 240.0 expert ids accounted, 0.00 MiB loaded a token; 0 the gate failed to switch off, 0 it could not gate
ds4:   one token, exclusive, same window: entry 0.00 + encode 1.13 + commit-to-done 27.49 + repair-load 0.00 + accounting 0.04 + tail 1.45 = 30.12 of a 35.88 ms wall, residual 5.77
ds4:   of the commit-to-done: GPU running 31.23 ms, GPU not running -3.74 ms
ds4:   1429.8 gated dispatches a token, 0.0 of them behind an abort; 610.3 sent plain ahead of a buffer's first validate
ds4:   encode-ahead: 12.00 segments used, 0.00 dropped, 5.68 ms a token spent encoding under the GPU
ds4:   concurrent sections: 80.00 attempted, 80.00 opened a token
ds4:   speculation: 0.00 layers a token, 0.00 lanes computed, 0.00 matched, 0.00 GEMVs actually saved, 0.00 left to compute; compared 0.00 lanes, 0.00 floats differ, 0.00 by more than an ulp
ds4:   expert cache over the last 64 tokens: 240.00 hits, 0.00 misses, 0.00 evictions a token; 5732 of 7930 entries live (72.3%)
ds4:   of the address-table holes repaired a token: 0.00 already resident, 0.00 genuinely absent
ds4:   residency a token: 0.00 adds, 0.00 removes, 0.00 commits
ds4: selftest control: a second single pass differs from the reference in 0 of 8273920 logits
  median single    : 36.47 ms/token
  median 8-row step: 0.00 ms = 0.00x one single step
  perfect-draft ceiling: inf tok/s (100 tok/s requires <= 80.00 ms/step)
  block width      : infx of 8 (needs 3.65x for 100 tok/s)
  concurrent       : 42242 sections opened of 42242 asked
  marginal row cost: -5.21 ms = -14% of a standalone token
  rollback         : reproduces its own output
  batch vs single  : not run (0 rows checked)
  batch logits     : identical to the single pass
  break-even       : accept 0% of drafted tokens to beat single
  rolled-back passes agree with each other: yes
0926 01:33:08 ds4-server: chat ctx=31..35:4 gen=4 THINKING decoding chunk=0.37 t/s avg=0.37 t/s 10.863s
ds4-server: thinking not closed, ignoring incomplete DSML in reasoning
0926 01:33:08 ds4-server: chat ctx=0..31:31 gen=4 THINKING finish=length 16.581s
0926 01:33:10 ds4-server: shutdown requested, draining requests
