ds4: abort gate on for the first 40 layers
ds4: Metal device Apple M5 Max, 128.00 GiB RAM
ds4: Metal 4 tensor API enabled for Tensor kernels
ds4: drift-patch flags hc_stable=on norm_unify=on kv_raw_f32=off rope_exp2_log2=off math_safe=off tensor_matmul=on
ds4: Metal SSD streaming mode enabled; full model residency and warmup are skipped
ds4: SSD streaming auto cache budget
ds4:   metal recommends 107.52 GiB working set
ds4:   using 84% total for model + cached experts: 90.00 GiB
ds4:   non-routed weights: 9.37 GiB
ds4:   routed expert size: 9.49 MiB
ds4:   expert budget before prefill reserve: 8698 (80.63 GiB)
ds4: metal SSD streaming cache target 80.63 GiB; effective 80.63 GiB = 7.12 GiB prefill headroom + 73.51 GiB dynamic cache (7930 experts, 9.49 MiB each)
ds4: Metal SSD static weights locked 9.37 GiB; pageable 0.00 GiB
ds4: SSD streaming initial metal model map (569 spans, 9.37 GiB tensor span)
ds4: metal backend initialized for graph diagnostics
ds4: memory: KV 0.06 GiB (raw 0.01 + compressed 0.05) + buffers 3.27 GiB + resident model 9.37 GiB + expert cache 73.51 GiB + prefill expert reserve 7.12 GiB = 93.33 GiB planned
ds4: memory detail: ctx=8192 prefill_cap=4096 raw_kv_rows=128 compressed_kv_rows=8193 backend=metal
0925 01:29:53 ds4-server: context buffers 3411.39 MiB (ctx=8192, backend=metal, prefill_chunk=4096, raw_kv_rows=128, compressed_kv_rows=8193)
ds4: V4.1 static context buffers 3411.39 MiB (ctx=8192), Engram disk-only
0925 01:29:53 ds4-server: listening on http://127.0.0.1:8016
0925 01:29:55 ds4-server: chat ctx=0..31:31 prompt start
ds4: shared/routed FFN overlap ran, mode 1
ds4: expert residency set on the queue
0925 01:29:56 ds4-server: chat ctx=0..31:31 prefill chunk 1/31 (3.2%) chunk=0.00 t/s avg=3.18 t/s 0.315s
0925 01:29:56 ds4-server: chat ctx=0..31:31 prefill chunk 2/31 (6.5%) chunk=7.50 t/s avg=4.46 t/s 0.448s
0925 01:29:56 ds4-server: chat ctx=0..31:31 prefill chunk 3/31 (9.7%) chunk=8.41 t/s avg=5.29 t/s 0.567s
0925 01:29:56 ds4-server: chat ctx=0..31:31 prefill chunk 4/31 (12.9%) chunk=4.37 t/s avg=5.03 t/s 0.796s
0925 01:29:56 ds4-server: chat ctx=0..31:31 prefill chunk 5/31 (16.1%) chunk=10.13 t/s avg=5.59 t/s 0.895s
0925 01:29:56 ds4-server: chat ctx=0..31:31 prefill chunk 6/31 (19.4%) chunk=10.18 t/s avg=6.04 t/s 0.993s
0925 01:29:57 ds4-server: chat ctx=0..31:31 prefill chunk 7/31 (22.6%) chunk=6.99 t/s avg=6.16 t/s 1.136s
0925 01:29:57 ds4-server: chat ctx=0..31:31 prefill chunk 8/31 (25.8%) chunk=5.93 t/s avg=6.13 t/s 1.305s
0925 01:29:57 ds4-server: chat ctx=0..31:31 prefill chunk 9/31 (29.0%) chunk=6.07 t/s avg=6.13 t/s 1.469s
0925 01:29:57 ds4-server: chat ctx=0..31:31 prefill chunk 10/31 (32.3%) chunk=11.44 t/s avg=6.42 t/s 1.557s
0925 01:29:57 ds4-server: chat ctx=0..31:31 prefill chunk 11/31 (35.5%) chunk=12.28 t/s avg=6.72 t/s 1.638s
0925 01:29:57 ds4-server: chat ctx=0..31:31 prefill chunk 12/31 (38.7%) chunk=12.67 t/s avg=6.99 t/s 1.717s
0925 01:29:57 ds4-server: chat ctx=0..31:31 prefill chunk 13/31 (41.9%) chunk=9.89 t/s avg=7.15 t/s 1.818s
0925 01:29:57 ds4-server: chat ctx=0..31:31 prefill chunk 14/31 (45.2%) chunk=11.04 t/s avg=7.33 t/s 1.909s
0925 01:29:57 ds4-server: chat ctx=0..31:31 prefill chunk 15/31 (48.4%) chunk=9.56 t/s avg=7.45 t/s 2.013s
0925 01:29:58 ds4-server: chat ctx=0..31:31 prefill chunk 16/31 (51.6%) chunk=11.20 t/s avg=7.61 t/s 2.103s
0925 01:29:58 ds4-server: chat ctx=0..31:31 prefill chunk 17/31 (54.8%) chunk=13.55 t/s avg=7.81 t/s 2.177s
0925 01:29:58 ds4-server: chat ctx=0..31:31 prefill chunk 18/31 (58.1%) chunk=9.02 t/s avg=7.87 t/s 2.287s
0925 01:29:58 ds4-server: chat ctx=0..31:31 prefill chunk 19/31 (61.3%) chunk=8.65 t/s avg=7.91 t/s 2.403s
0925 01:29:58 ds4-server: chat ctx=0..31:31 prefill chunk 20/31 (64.5%) chunk=8.96 t/s avg=7.95 t/s 2.515s
0925 01:29:58 ds4-server: chat ctx=0..31:31 prefill chunk 21/31 (67.7%) chunk=8.73 t/s avg=7.99 t/s 2.629s
0925 01:29:58 ds4-server: chat ctx=0..31:31 prefill chunk 22/31 (71.0%) chunk=10.27 t/s avg=8.07 t/s 2.726s
0925 01:29:58 ds4-server: chat ctx=0..31:31 prefill chunk 23/31 (74.2%) chunk=9.09 t/s avg=8.11 t/s 2.836s
0925 01:29:58 ds4-server: chat ctx=0..31:31 prefill chunk 24/31 (77.4%) chunk=8.01 t/s avg=8.10 t/s 2.961s
0925 01:29:59 ds4-server: chat ctx=0..31:31 prefill chunk 25/31 (80.6%) chunk=6.37 t/s avg=8.02 t/s 3.118s
0925 01:29:59 ds4-server: chat ctx=0..31:31 prefill chunk 26/31 (83.9%) chunk=6.77 t/s avg=7.96 t/s 3.266s
0925 01:29:59 ds4-server: chat ctx=0..31:31 prefill chunk 27/31 (87.1%) chunk=10.01 t/s avg=8.02 t/s 3.366s
0925 01:29:59 ds4-server: chat ctx=0..31:31 prefill chunk 28/31 (90.3%) chunk=10.53 t/s avg=8.09 t/s 3.461s
0925 01:29:59 ds4-server: chat ctx=0..31:31 prefill chunk 29/31 (93.5%) chunk=10.44 t/s avg=8.15 t/s 3.556s
0925 01:29:59 ds4-server: chat ctx=0..31:31 prefill chunk 30/31 (96.8%) chunk=7.56 t/s avg=8.13 t/s 3.689s
0925 01:29:59 ds4-server: chat ctx=0..31:31 prefill chunk 31/31 (100.0%) chunk=6.53 t/s avg=8.07 t/s 3.842s
0925 01:29:59 ds4-server: chat ctx=0..31:31 prompt done 3.845s
ds4: gate over tokens 1-64: 34.59 command buffers, 30.12 aborts, 240.0 expert ids accounted, 860.38 MiB loaded a token; 0 the gate failed to switch off, 0 it could not gate
ds4:   one token, exclusive, same window: entry 0.00 + encode 4.17 + commit-to-done 56.80 + repair-load 33.38 + accounting 0.02 + tail 0.90 = 95.27 of a 99.55 ms wall, residual 4.28
ds4:   of the commit-to-done: GPU running 52.85 ms, GPU not running 3.95 ms
ds4:   2067.2 gated dispatches a token, 72.6 of them behind an abort; 2822.1 sent plain ahead of a buffer's first validate
ds4:   encode-ahead: 2.47 segments used, 27.17 dropped, 4.03 ms a token spent encoding under the GPU
ds4:   concurrent sections: 351.25 attempted, 351.25 opened a token
ds4:   speculation: 0.00 layers a token, 0.00 lanes computed, 0.00 matched, 0.00 GEMVs actually saved, 0.00 left to compute; compared 0.00 lanes, 0.00 floats differ, 0.00 by more than an ulp
ds4:   expert cache over the last 64 tokens: 240.00 hits, 90.64 misses, 0.00 evictions a token; 5801 of 7930 entries live (73.2%)
ds4:   of the address-table holes repaired a token: 0.00 already resident, 90.64 genuinely absent
ds4:   residency a token: 90.64 adds, 0.00 removes, 90.64 commits
ds4: V4.1 block-local KV delta, 8 rows over 31 prefix keys
ds4: V4.1 batch attn_output_b hoisted out of the per-row loop (8 rows)
ds4: V4.1 block attention by level, 8 rows, concurrent section open
ds4: V4.1 batch step rows=8 pre 0.0 ms, per-row attention 0.0 ms, moe 0.0 ms, head 0.0 ms, setup 0.0 ms, publish 0.0 ms
ds4: V4.1 batch step rows=8 pre 0.0 ms, per-row attention 0.0 ms, moe 0.0 ms, head 0.0 ms, setup 0.0 ms, publish 0.0 ms
ds4: V4.1 batch step rows=8 pre 0.0 ms, per-row attention 0.0 ms, moe 0.0 ms, head 0.0 ms, setup 0.0 ms, publish 0.0 ms
ds4: V4.1 batch step rows=8 pre 0.0 ms, per-row attention 0.0 ms, moe 0.0 ms, head 0.0 ms, setup 0.0 ms, publish 0.0 ms
ds4: V4.1 batch step rows=8 pre 0.0 ms, per-row attention 0.0 ms, moe 0.0 ms, head 0.0 ms, setup 0.0 ms, publish 0.0 ms
ds4: V4.1 batch step rows=8 pre 0.0 ms, per-row attention 0.0 ms, moe 0.0 ms, head 0.0 ms, setup 0.0 ms, publish 0.0 ms
ds4: V4.1 batch step rows=8 pre 0.0 ms, per-row attention 0.0 ms, moe 0.0 ms, head 0.0 ms, setup 0.0 ms, publish 0.0 ms
ds4: V4.1 batch step rows=8 pre 0.0 ms, per-row attention 0.0 ms, moe 0.0 ms, head 0.0 ms, setup 0.0 ms, publish 0.0 ms
ds4: gate over tokens 65-128: 18.36 command buffers, 6.61 aborts, 240.0 expert ids accounted, 76.68 MiB loaded a token; 0 the gate failed to switch off, 0 it could not gate
ds4:   one token, exclusive, same window: entry 0.00 + encode 1.05 + commit-to-done 37.16 + repair-load 7.37 + accounting 0.03 + tail 1.50 = 47.12 of a 49.49 ms wall, residual 2.37
ds4:   of the commit-to-done: GPU running 54.31 ms, GPU not running -17.15 ms
ds4:   1552.2 gated dispatches a token, 19.1 of them behind an abort; 1093.4 sent plain ahead of a buffer's first validate
ds4:   encode-ahead: 9.75 segments used, 5.98 dropped, 2.28 ms a token spent encoding under the GPU
ds4:   concurrent sections: 143.84 attempted, 143.84 opened a token
ds4:   speculation: 0.00 layers a token, 0.00 lanes computed, 0.00 matched, 0.00 GEMVs actually saved, 0.00 left to compute; compared 0.00 lanes, 0.00 floats differ, 0.00 by more than an ulp
ds4:   expert cache over the last 64 tokens: 473.81 hits, 14.27 misses, 0.00 evictions a token; 6714 of 7930 entries live (84.7%)
ds4:   of the address-table holes repaired a token: 0.00 already resident, 8.08 genuinely absent
ds4:   residency a token: 8.08 adds, 0.00 removes, 8.08 commits
ds4: V4.1 batch step rows=8 pre 0.0 ms, per-row attention 0.0 ms, moe 0.0 ms, head 0.0 ms, setup 0.0 ms, publish 0.0 ms
ds4: V4.1 batch step rows=8 pre 0.0 ms, per-row attention 0.0 ms, moe 0.0 ms, head 0.0 ms, setup 0.0 ms, publish 0.0 ms
ds4: V4.1 batch step rows=8 pre 0.0 ms, per-row attention 0.0 ms, moe 0.0 ms, head 0.0 ms, setup 0.0 ms, publish 0.0 ms
ds4: V4.1 batch step rows=8 pre 0.0 ms, per-row attention 0.0 ms, moe 0.0 ms, head 0.0 ms, setup 0.0 ms, publish 0.0 ms
ds4: V4.1 batch step rows=8 pre 0.0 ms, per-row attention 0.0 ms, moe 0.0 ms, head 0.0 ms, setup 0.0 ms, publish 0.0 ms
ds4: V4.1 batch step rows=8 pre 0.0 ms, per-row attention 0.0 ms, moe 0.0 ms, head 0.0 ms, setup 0.0 ms, publish 0.0 ms
ds4: V4.1 batch step rows=8 pre 0.0 ms, per-row attention 0.0 ms, moe 0.0 ms, head 0.0 ms, setup 0.0 ms, publish 0.0 ms
ds4: V4.1 batch step rows=8 pre 0.0 ms, per-row attention 0.0 ms, moe 0.0 ms, head 0.0 ms, setup 0.0 ms, publish 0.0 ms
ds4: V4.1 verify selftest k=8, 64 positions from 31 (odd start, pair carry restored), 1 alternating rounds
  round 0: single 43.84 ms/token, batch 263.81 ms/step
ds4: gate over tokens 129-192: 15.31 command buffers, 1.88 aborts, 240.0 expert ids accounted, 18.54 MiB loaded a token; 0 the gate failed to switch off, 0 it could not gate
ds4:   one token, exclusive, same window: entry 0.00 + encode 0.60 + commit-to-done 31.38 + repair-load 4.46 + accounting 0.03 + tail 1.40 = 37.87 of a 40.06 ms wall, residual 2.19
ds4:   of the commit-to-done: GPU running 45.85 ms, GPU not running -14.47 ms
ds4:   1466.7 gated dispatches a token, 3.8 of them behind an abort; 749.8 sent plain ahead of a buffer's first validate
ds4:   encode-ahead: 11.44 segments used, 1.69 dropped, 2.13 ms a token spent encoding under the GPU
ds4:   concurrent sections: 101.88 attempted, 101.88 opened a token
ds4:   speculation: 0.00 layers a token, 0.00 lanes computed, 0.00 matched, 0.00 GEMVs actually saved, 0.00 left to compute; compared 0.00 lanes, 0.00 floats differ, 0.00 by more than an ulp
ds4:   expert cache over the last 64 tokens: 477.09 hits, 4.86 misses, 0.00 evictions a token; 7025 of 7930 entries live (88.6%)
ds4:   of the address-table holes repaired a token: 0.00 already resident, 1.95 genuinely absent
ds4:   residency a token: 1.95 adds, 0.00 removes, 1.95 commits
ds4: selftest control: a second single pass differs from the reference in 8273920 of 8273920 logits
  median single    : 43.84 ms/token
  median 8-row step: 263.81 ms = 6.02x one single step
  perfect-draft ceiling: 30.32 tok/s (100 tok/s requires <= 80.00 ms/step)
  block width      : 1.33x of 8 (needs 4.38x for 100 tok/s)
  concurrent       : 40922 sections opened of 40922 asked
  marginal row cost: 31.42 ms = 72% of a standalone token
  rollback         : DIVERGED
  batch vs single  : DIVERGED (64 rows checked)
  batch logits     : DIVERGED from the single pass
  break-even       : accept 75% of drafted tokens to beat single
  batch logits first differ at offset 0, vocab 0: single 1.152421, batch 0.571672916 (8273917 elements over 64 rows)
  rollback first diverged at offset 0, where the reference led second place by 1.91457
  rolled-back passes agree with each other: yes
  batch first diverged at offset 0, where the reference led second place by 1.91457
0925 01:30:15 ds4-server: chat ctx=31..35:4 gen=4 THINKING decoding chunk=0.26 t/s avg=0.26 t/s 15.391s
ds4-server: thinking not closed, ignoring incomplete DSML in reasoning
0925 01:30:15 ds4-server: chat ctx=0..31:31 gen=4 THINKING finish=length 19.237s
0925 01:30:17 ds4-server: shutdown requested, draining requests
