ds4: abort gate on for the first 40 layers
ds4: Metal device Apple M5 Max, 128.00 GiB RAM
ds4: Metal 4 tensor API enabled for Tensor kernels
ds4: drift-patch flags hc_stable=on norm_unify=on kv_raw_f32=off rope_exp2_log2=off math_safe=off tensor_matmul=on
ds4: Metal SSD streaming mode enabled; full model residency and warmup are skipped
ds4: SSD streaming auto cache budget
ds4:   metal recommends 107.52 GiB working set
ds4:   using 84% total for model + cached experts: 90.00 GiB
ds4:   non-routed weights: 9.37 GiB
ds4:   routed expert size: 9.49 MiB
ds4:   expert budget before prefill reserve: 8698 (80.63 GiB)
ds4: metal SSD streaming cache target 80.63 GiB; effective 80.63 GiB = 7.12 GiB prefill headroom + 73.51 GiB dynamic cache (7930 experts, 9.49 MiB each)
ds4: Metal SSD static weights locked 9.37 GiB; pageable 0.00 GiB
ds4: SSD streaming initial metal model map (569 spans, 9.37 GiB tensor span)
ds4: metal backend initialized for graph diagnostics
ds4: memory: KV 0.06 GiB (raw 0.01 + compressed 0.05) + buffers 3.27 GiB + resident model 9.37 GiB + expert cache 73.51 GiB + prefill expert reserve 7.12 GiB = 93.33 GiB planned
ds4: memory detail: ctx=8192 prefill_cap=4096 raw_kv_rows=128 compressed_kv_rows=8193 backend=metal
0925 01:30:46 ds4-server: context buffers 3411.39 MiB (ctx=8192, backend=metal, prefill_chunk=4096, raw_kv_rows=128, compressed_kv_rows=8193)
ds4: V4.1 static context buffers 3411.39 MiB (ctx=8192), Engram disk-only
0925 01:30:46 ds4-server: listening on http://127.0.0.1:8016
0925 01:30:48 ds4-server: chat ctx=0..31:31 prompt start
ds4: shared/routed FFN overlap ran, mode 1
ds4: expert residency set on the queue
0925 01:30:49 ds4-server: chat ctx=0..31:31 prefill chunk 1/31 (3.2%) chunk=0.00 t/s avg=5.02 t/s 0.199s
0925 01:30:49 ds4-server: chat ctx=0..31:31 prefill chunk 2/31 (6.5%) chunk=5.39 t/s avg=5.20 t/s 0.385s
0925 01:30:49 ds4-server: chat ctx=0..31:31 prefill chunk 3/31 (9.7%) chunk=5.53 t/s avg=5.30 t/s 0.566s
0925 01:30:49 ds4-server: chat ctx=0..31:31 prefill chunk 4/31 (12.9%) chunk=5.78 t/s avg=5.42 t/s 0.739s
0925 01:30:49 ds4-server: chat ctx=0..31:31 prefill chunk 5/31 (16.1%) chunk=5.69 t/s avg=5.47 t/s 0.914s
0925 01:30:49 ds4-server: chat ctx=0..31:31 prefill chunk 6/31 (19.4%) chunk=7.49 t/s avg=5.73 t/s 1.048s
0925 01:30:49 ds4-server: chat ctx=0..31:31 prefill chunk 7/31 (22.6%) chunk=9.95 t/s avg=6.10 t/s 1.148s
0925 01:30:50 ds4-server: chat ctx=0..31:31 prefill chunk 8/31 (25.8%) chunk=8.46 t/s avg=6.32 t/s 1.267s
0925 01:30:50 ds4-server: chat ctx=0..31:31 prefill chunk 9/31 (29.0%) chunk=7.04 t/s avg=6.39 t/s 1.409s
0925 01:30:50 ds4-server: chat ctx=0..31:31 prefill chunk 10/31 (32.3%) chunk=9.41 t/s avg=6.60 t/s 1.515s
0925 01:30:50 ds4-server: chat ctx=0..31:31 prefill chunk 11/31 (35.5%) chunk=10.51 t/s avg=6.83 t/s 1.610s
0925 01:30:50 ds4-server: chat ctx=0..31:31 prefill chunk 12/31 (38.7%) chunk=14.50 t/s avg=7.15 t/s 1.679s
0925 01:30:50 ds4-server: chat ctx=0..31:31 prefill chunk 13/31 (41.9%) chunk=13.99 t/s avg=7.43 t/s 1.750s
0925 01:30:50 ds4-server: chat ctx=0..31:31 prefill chunk 14/31 (45.2%) chunk=12.47 t/s avg=7.65 t/s 1.831s
0925 01:30:50 ds4-server: chat ctx=0..31:31 prefill chunk 15/31 (48.4%) chunk=12.54 t/s avg=7.85 t/s 1.910s
0925 01:30:50 ds4-server: chat ctx=0..31:31 prefill chunk 16/31 (51.6%) chunk=8.04 t/s avg=7.86 t/s 2.035s
0925 01:30:50 ds4-server: chat ctx=0..31:31 prefill chunk 17/31 (54.8%) chunk=10.32 t/s avg=7.97 t/s 2.132s
0925 01:30:51 ds4-server: chat ctx=0..31:31 prefill chunk 18/31 (58.1%) chunk=11.72 t/s avg=8.12 t/s 2.217s
0925 01:30:51 ds4-server: chat ctx=0..31:31 prefill chunk 19/31 (61.3%) chunk=12.31 t/s avg=8.27 t/s 2.298s
0925 01:30:51 ds4-server: chat ctx=0..31:31 prefill chunk 20/31 (64.5%) chunk=12.04 t/s avg=8.40 t/s 2.381s
0925 01:30:51 ds4-server: chat ctx=0..31:31 prefill chunk 21/31 (67.7%) chunk=11.68 t/s avg=8.51 t/s 2.467s
0925 01:30:51 ds4-server: chat ctx=0..31:31 prefill chunk 22/31 (71.0%) chunk=11.14 t/s avg=8.60 t/s 2.557s
0925 01:30:51 ds4-server: chat ctx=0..31:31 prefill chunk 23/31 (74.2%) chunk=9.79 t/s avg=8.65 t/s 2.659s
0925 01:30:51 ds4-server: chat ctx=0..31:31 prefill chunk 24/31 (77.4%) chunk=7.81 t/s avg=8.61 t/s 2.787s
0925 01:30:51 ds4-server: chat ctx=0..31:31 prefill chunk 25/31 (80.6%) chunk=13.31 t/s avg=8.73 t/s 2.862s
0925 01:30:51 ds4-server: chat ctx=0..31:31 prefill chunk 26/31 (83.9%) chunk=14.43 t/s avg=8.87 t/s 2.931s
0925 01:30:51 ds4-server: chat ctx=0..31:31 prefill chunk 27/31 (87.1%) chunk=9.51 t/s avg=8.89 t/s 3.037s
0925 01:30:51 ds4-server: chat ctx=0..31:31 prefill chunk 28/31 (90.3%) chunk=9.01 t/s avg=8.90 t/s 3.148s
0925 01:30:52 ds4-server: chat ctx=0..31:31 prefill chunk 29/31 (93.5%) chunk=9.93 t/s avg=8.93 t/s 3.248s
0925 01:30:52 ds4-server: chat ctx=0..31:31 prefill chunk 30/31 (96.8%) chunk=9.71 t/s avg=8.95 t/s 3.351s
0925 01:30:52 ds4-server: chat ctx=0..31:31 prefill chunk 31/31 (100.0%) chunk=12.32 t/s avg=9.03 t/s 3.432s
0925 01:30:52 ds4-server: chat ctx=0..31:31 prompt done 3.434s
ds4: gate over tokens 1-64: 34.33 command buffers, 30.23 aborts, 240.0 expert ids accounted, 656.74 MiB loaded a token; 0 the gate failed to switch off, 0 it could not gate
ds4:   one token, exclusive, same window: entry 0.00 + encode 4.11 + commit-to-done 63.28 + repair-load 31.75 + accounting 0.02 + tail 1.03 = 100.18 of a 104.27 ms wall, residual 4.08
ds4:   of the commit-to-done: GPU running 58.63 ms, GPU not running 4.64 ms
ds4:   2038.6 gated dispatches a token, 69.6 of them behind an abort; 2808.7 sent plain ahead of a buffer's first validate
ds4:   encode-ahead: 2.09 segments used, 27.23 dropped, 3.86 ms a token spent encoding under the GPU
ds4:   concurrent sections: 350.53 attempted, 350.53 opened a token
ds4:   speculation: 0.00 layers a token, 0.00 lanes computed, 0.00 matched, 0.00 GEMVs actually saved, 0.00 left to compute; compared 0.00 lanes, 0.00 floats differ, 0.00 by more than an ulp
ds4:   expert cache over the last 64 tokens: 240.00 hits, 69.19 misses, 0.00 evictions a token; 4428 of 7930 entries live (55.8%)
ds4:   of the address-table holes repaired a token: 0.00 already resident, 69.19 genuinely absent
ds4:   residency a token: 69.19 adds, 0.00 removes, 69.19 commits
ds4: V4.1 block-local KV delta, 8 rows over 31 prefix keys
ds4: V4.1 batch attn_output_b hoisted out of the per-row loop (8 rows)
ds4: V4.1 block attention by level, 8 rows, concurrent section open
ds4: V4.1 batch step rows=8 pre 0.0 ms, per-row attention 0.0 ms, moe 0.0 ms, head 0.0 ms, setup 0.0 ms, publish 0.0 ms
ds4: V4.1 batch step rows=8 pre 0.0 ms, per-row attention 0.0 ms, moe 0.0 ms, head 0.0 ms, setup 0.0 ms, publish 0.0 ms
ds4: V4.1 batch step rows=8 pre 0.0 ms, per-row attention 0.0 ms, moe 0.0 ms, head 0.0 ms, setup 0.0 ms, publish 0.0 ms
ds4: V4.1 batch step rows=8 pre 0.0 ms, per-row attention 0.0 ms, moe 0.0 ms, head 0.0 ms, setup 0.0 ms, publish 0.0 ms
ds4: V4.1 batch step rows=8 pre 0.0 ms, per-row attention 0.0 ms, moe 0.0 ms, head 0.0 ms, setup 0.0 ms, publish 0.0 ms
ds4: V4.1 batch step rows=8 pre 0.0 ms, per-row attention 0.0 ms, moe 0.0 ms, head 0.0 ms, setup 0.0 ms, publish 0.0 ms
ds4: V4.1 batch step rows=8 pre 0.0 ms, per-row attention 0.0 ms, moe 0.0 ms, head 0.0 ms, setup 0.0 ms, publish 0.0 ms
ds4: V4.1 batch step rows=8 pre 0.0 ms, per-row attention 0.0 ms, moe 0.0 ms, head 0.0 ms, setup 0.0 ms, publish 0.0 ms
ds4: gate over tokens 65-128: 22.31 command buffers, 12.45 aborts, 240.0 expert ids accounted, 193.40 MiB loaded a token; 0 the gate failed to switch off, 0 it could not gate
ds4:   one token, exclusive, same window: entry 0.00 + encode 2.31 + commit-to-done 49.48 + repair-load 35.90 + accounting 0.02 + tail 1.86 = 89.57 of a 92.60 ms wall, residual 3.03
ds4:   of the commit-to-done: GPU running 71.66 ms, GPU not running -22.18 ms
ds4:   1681.7 gated dispatches a token, 27.5 of them behind an abort; 1516.1 sent plain ahead of a buffer's first validate
ds4:   encode-ahead: 7.86 segments used, 11.23 dropped, 2.88 ms a token spent encoding under the GPU
ds4:   concurrent sections: 195.50 attempted, 195.50 opened a token
ds4:   speculation: 0.00 layers a token, 0.00 lanes computed, 0.00 matched, 0.00 GEMVs actually saved, 0.00 left to compute; compared 0.00 lanes, 0.00 floats differ, 0.00 by more than an ulp
ds4:   expert cache over the last 64 tokens: 480.00 hits, 20.38 misses, 0.00 evictions a token; 5732 of 7930 entries live (72.3%)
ds4:   of the address-table holes repaired a token: 0.00 already resident, 20.38 genuinely absent
ds4:   residency a token: 20.38 adds, 0.00 removes, 20.38 commits
ds4: V4.1 batch step rows=8 pre 0.0 ms, per-row attention 0.0 ms, moe 0.0 ms, head 0.0 ms, setup 0.0 ms, publish 0.0 ms
ds4: V4.1 batch step rows=8 pre 0.0 ms, per-row attention 0.0 ms, moe 0.0 ms, head 0.0 ms, setup 0.0 ms, publish 0.0 ms
ds4: V4.1 batch step rows=8 pre 0.0 ms, per-row attention 0.0 ms, moe 0.0 ms, head 0.0 ms, setup 0.0 ms, publish 0.0 ms
ds4: V4.1 batch step rows=8 pre 0.0 ms, per-row attention 0.0 ms, moe 0.0 ms, head 0.0 ms, setup 0.0 ms, publish 0.0 ms
ds4: V4.1 batch step rows=8 pre 0.0 ms, per-row attention 0.0 ms, moe 0.0 ms, head 0.0 ms, setup 0.0 ms, publish 0.0 ms
ds4: V4.1 batch step rows=8 pre 0.0 ms, per-row attention 0.0 ms, moe 0.0 ms, head 0.0 ms, setup 0.0 ms, publish 0.0 ms
ds4: V4.1 batch step rows=8 pre 0.0 ms, per-row attention 0.0 ms, moe 0.0 ms, head 0.0 ms, setup 0.0 ms, publish 0.0 ms
ds4: V4.1 batch step rows=8 pre 0.0 ms, per-row attention 0.0 ms, moe 0.0 ms, head 0.0 ms, setup 0.0 ms, publish 0.0 ms
ds4: V4.1 verify selftest k=8, 64 positions from 31 (odd start, pair carry restored), 1 alternating rounds
  round 0: single 35.46 ms/token, batch 181.61 ms/step
ds4: gate over tokens 129-192: 14.00 command buffers, 0.00 aborts, 240.0 expert ids accounted, 0.00 MiB loaded a token; 0 the gate failed to switch off, 0 it could not gate
ds4:   one token, exclusive, same window: entry 0.00 + encode 0.45 + commit-to-done 30.67 + repair-load 0.00 + accounting 0.03 + tail 1.43 = 32.58 of a 34.62 ms wall, residual 2.04
ds4:   of the commit-to-done: GPU running 45.30 ms, GPU not running -14.62 ms
ds4:   1429.8 gated dispatches a token, 0.0 of them behind an abort; 610.3 sent plain ahead of a buffer's first validate
ds4:   encode-ahead: 12.00 segments used, 0.00 dropped, 1.95 ms a token spent encoding under the GPU
ds4:   concurrent sections: 84.75 attempted, 84.75 opened a token
ds4:   speculation: 0.00 layers a token, 0.00 lanes computed, 0.00 matched, 0.00 GEMVs actually saved, 0.00 left to compute; compared 0.00 lanes, 0.00 floats differ, 0.00 by more than an ulp
ds4:   expert cache over the last 64 tokens: 480.00 hits, 0.00 misses, 0.00 evictions a token; 5732 of 7930 entries live (72.3%)
ds4:   of the address-table holes repaired a token: 0.00 already resident, 0.00 genuinely absent
ds4:   residency a token: 0.00 adds, 0.00 removes, 0.00 commits
ds4: selftest control: a second single pass differs from the reference in 0 of 8273920 logits
  median single    : 35.46 ms/token
  median 8-row step: 181.61 ms = 5.12x one single step
  perfect-draft ceiling: 44.05 tok/s (100 tok/s requires <= 80.00 ms/step)
  block width      : 1.56x of 8 (needs 3.55x for 100 tok/s)
  concurrent       : 42850 sections opened of 42850 asked
  marginal row cost: 20.88 ms = 59% of a standalone token
  rollback         : reproduces its own output
  batch vs single  : identical argmax (64 rows checked)
  batch logits     : identical to the single pass
  break-even       : accept 64% of drafted tokens to beat single
  rolled-back passes agree with each other: yes
0925 01:31:08 ds4-server: chat ctx=31..35:4 gen=4 THINKING decoding chunk=0.24 t/s avg=0.24 t/s 16.516s
ds4-server: thinking not closed, ignoring incomplete DSML in reasoning
0925 01:31:08 ds4-server: chat ctx=0..31:31 gen=4 THINKING finish=length 19.950s
0925 01:31:10 ds4-server: shutdown requested, draining requests
