ds4: abort gate on for the first 40 layers
ds4: Metal device Apple M5 Max, 128.00 GiB RAM
ds4: Metal 4 tensor API enabled for Tensor kernels
ds4: drift-patch flags hc_stable=on norm_unify=on kv_raw_f32=off rope_exp2_log2=off math_safe=off tensor_matmul=on
ds4: Metal SSD streaming mode enabled; full model residency and warmup are skipped
ds4: SSD streaming auto cache budget
ds4:   metal recommends 107.52 GiB working set
ds4:   using 84% total for model + cached experts: 90.00 GiB
ds4:   non-routed weights: 9.37 GiB
ds4:   routed expert size: 9.49 MiB
ds4:   expert budget before prefill reserve: 8698 (80.63 GiB)
ds4: metal SSD streaming cache target 80.63 GiB; effective 80.63 GiB = 7.12 GiB prefill headroom + 73.51 GiB dynamic cache (7930 experts, 9.49 MiB each)
ds4: Metal SSD static weights locked 9.37 GiB; pageable 0.00 GiB
ds4: SSD streaming initial metal model map (569 spans, 9.37 GiB tensor span)
ds4: metal backend initialized for graph diagnostics
ds4: memory: KV 0.06 GiB (raw 0.01 + compressed 0.05) + buffers 3.27 GiB + resident model 9.37 GiB + expert cache 73.51 GiB + prefill expert reserve 7.12 GiB = 93.33 GiB planned
ds4: memory detail: ctx=8192 prefill_cap=4096 raw_kv_rows=128 compressed_kv_rows=8193 backend=metal
0924 23:50:26 ds4-server: context buffers 3411.39 MiB (ctx=8192, backend=metal, prefill_chunk=4096, raw_kv_rows=128, compressed_kv_rows=8193)
ds4: V4.1 static context buffers 3411.39 MiB (ctx=8192), Engram disk-only
0924 23:50:26 ds4-server: listening on http://127.0.0.1:8016
0924 23:50:28 ds4-server: chat ctx=0..31:31 prompt start
ds4: shared/routed FFN overlap ran, mode 1
ds4: expert residency set on the queue
0924 23:50:29 ds4-server: chat ctx=0..31:31 prefill chunk 1/31 (3.2%) chunk=0.00 t/s avg=4.13 t/s 0.242s
0924 23:50:29 ds4-server: chat ctx=0..31:31 prefill chunk 2/31 (6.5%) chunk=4.35 t/s avg=4.24 t/s 0.472s
0924 23:50:29 ds4-server: chat ctx=0..31:31 prefill chunk 3/31 (9.7%) chunk=4.81 t/s avg=4.41 t/s 0.680s
0924 23:50:29 ds4-server: chat ctx=0..31:31 prefill chunk 4/31 (12.9%) chunk=5.43 t/s avg=4.63 t/s 0.864s
0924 23:50:29 ds4-server: chat ctx=0..31:31 prefill chunk 5/31 (16.1%) chunk=5.34 t/s avg=4.76 t/s 1.051s
0924 23:50:30 ds4-server: chat ctx=0..31:31 prefill chunk 6/31 (19.4%) chunk=4.26 t/s avg=4.67 t/s 1.286s
0924 23:50:30 ds4-server: chat ctx=0..31:31 prefill chunk 7/31 (22.6%) chunk=5.57 t/s avg=4.78 t/s 1.466s
0924 23:50:30 ds4-server: chat ctx=0..31:31 prefill chunk 8/31 (25.8%) chunk=6.05 t/s avg=4.90 t/s 1.631s
0924 23:50:30 ds4-server: chat ctx=0..31:31 prefill chunk 9/31 (29.0%) chunk=5.63 t/s avg=4.98 t/s 1.809s
0924 23:50:30 ds4-server: chat ctx=0..31:31 prefill chunk 10/31 (32.3%) chunk=6.21 t/s avg=5.08 t/s 1.970s
0924 23:50:31 ds4-server: chat ctx=0..31:31 prefill chunk 11/31 (35.5%) chunk=5.61 t/s avg=5.12 t/s 2.148s
0924 23:50:31 ds4-server: chat ctx=0..31:31 prefill chunk 12/31 (38.7%) chunk=7.15 t/s avg=5.25 t/s 2.288s
0924 23:50:31 ds4-server: chat ctx=0..31:31 prefill chunk 13/31 (41.9%) chunk=9.80 t/s avg=5.44 t/s 2.390s
0924 23:50:31 ds4-server: chat ctx=0..31:31 prefill chunk 14/31 (45.2%) chunk=9.75 t/s avg=5.62 t/s 2.492s
0924 23:50:31 ds4-server: chat ctx=0..31:31 prefill chunk 15/31 (48.4%) chunk=9.60 t/s avg=5.78 t/s 2.596s
0924 23:50:31 ds4-server: chat ctx=0..31:31 prefill chunk 16/31 (51.6%) chunk=5.46 t/s avg=5.76 t/s 2.780s
0924 23:50:31 ds4-server: chat ctx=0..31:31 prefill chunk 17/31 (54.8%) chunk=8.25 t/s avg=5.86 t/s 2.901s
0924 23:50:31 ds4-server: chat ctx=0..31:31 prefill chunk 18/31 (58.1%) chunk=8.37 t/s avg=5.96 t/s 3.020s
0924 23:50:32 ds4-server: chat ctx=0..31:31 prefill chunk 19/31 (61.3%) chunk=7.34 t/s avg=6.02 t/s 3.156s
0924 23:50:32 ds4-server: chat ctx=0..31:31 prefill chunk 20/31 (64.5%) chunk=8.77 t/s avg=6.12 t/s 3.270s
0924 23:50:32 ds4-server: chat ctx=0..31:31 prefill chunk 21/31 (67.7%) chunk=9.65 t/s avg=6.22 t/s 3.374s
0924 23:50:32 ds4-server: chat ctx=0..31:31 prefill chunk 22/31 (71.0%) chunk=7.09 t/s avg=6.26 t/s 3.515s
0924 23:50:32 ds4-server: chat ctx=0..31:31 prefill chunk 23/31 (74.2%) chunk=8.71 t/s avg=6.34 t/s 3.630s
0924 23:50:32 ds4-server: chat ctx=0..31:31 prefill chunk 24/31 (77.4%) chunk=9.33 t/s avg=6.42 t/s 3.737s
0924 23:50:32 ds4-server: chat ctx=0..31:31 prefill chunk 25/31 (80.6%) chunk=14.58 t/s avg=6.57 t/s 3.806s
0924 23:50:32 ds4-server: chat ctx=0..31:31 prefill chunk 26/31 (83.9%) chunk=12.92 t/s avg=6.70 t/s 3.883s
0924 23:50:32 ds4-server: chat ctx=0..31:31 prefill chunk 27/31 (87.1%) chunk=11.53 t/s avg=6.80 t/s 3.970s
0924 23:50:33 ds4-server: chat ctx=0..31:31 prefill chunk 28/31 (90.3%) chunk=9.82 t/s avg=6.88 t/s 4.072s
0924 23:50:33 ds4-server: chat ctx=0..31:31 prefill chunk 29/31 (93.5%) chunk=9.17 t/s avg=6.94 t/s 4.181s
0924 23:50:33 ds4-server: chat ctx=0..31:31 prefill chunk 30/31 (96.8%) chunk=8.60 t/s avg=6.98 t/s 4.297s
0924 23:50:33 ds4-server: chat ctx=0..31:31 prefill chunk 31/31 (100.0%) chunk=10.76 t/s avg=7.06 t/s 4.390s
0924 23:50:33 ds4-server: chat ctx=0..31:31 prompt done 4.392s
ds4: gate over tokens 1-64: 34.33 command buffers, 30.23 aborts, 240.0 expert ids accounted, 656.74 MiB loaded a token; 0 the gate failed to switch off, 0 it could not gate
ds4:   one token, exclusive, same window: entry 0.00 + encode 3.85 + commit-to-done 74.49 + repair-load 40.14 + accounting 0.04 + tail 1.06 = 119.58 of a 123.75 ms wall, residual 4.18
ds4:   of the commit-to-done: GPU running 66.15 ms, GPU not running 8.34 ms
ds4:   2038.6 gated dispatches a token, 69.6 of them behind an abort; 2808.7 sent plain ahead of a buffer's first validate
ds4:   encode-ahead: 2.09 segments used, 27.23 dropped, 3.85 ms a token spent encoding under the GPU
ds4:   concurrent sections: 350.53 attempted, 350.53 opened a token
ds4:   speculation: 0.00 layers a token, 0.00 lanes computed, 0.00 matched, 0.00 GEMVs actually saved, 0.00 left to compute; compared 0.00 lanes, 0.00 floats differ, 0.00 by more than an ulp
ds4:   expert cache over the last 64 tokens: 240.00 hits, 69.19 misses, 0.00 evictions a token; 4428 of 7930 entries live (55.8%)
ds4:   of the address-table holes repaired a token: 0.00 already resident, 69.19 genuinely absent
ds4:   residency a token: 69.19 adds, 0.00 removes, 69.19 commits
ds4: V4.1 block-local KV delta, 8 rows over 31 prefix keys
ds4: V4.1 batch attn_output_b hoisted out of the per-row loop (8 rows)
ds4: V4.1 block attention by level, 8 rows, concurrent section open
ds4: gate over tokens 65-128: 22.31 command buffers, 12.45 aborts, 240.0 expert ids accounted, 193.40 MiB loaded a token; 0 the gate failed to switch off, 0 it could not gate
ds4:   one token, exclusive, same window: entry 0.00 + encode 1.47 + commit-to-done 56.49 + repair-load 17.34 + accounting 0.03 + tail 1.78 = 77.12 of a 79.87 ms wall, residual 2.75
ds4:   of the commit-to-done: GPU running 87.00 ms, GPU not running -30.51 ms
ds4:   1681.7 gated dispatches a token, 27.5 of them behind an abort; 1516.1 sent plain ahead of a buffer's first validate
ds4:   encode-ahead: 7.86 segments used, 11.23 dropped, 2.56 ms a token spent encoding under the GPU
ds4:   concurrent sections: 195.50 attempted, 195.50 opened a token
ds4:   speculation: 0.00 layers a token, 0.00 lanes computed, 0.00 matched, 0.00 GEMVs actually saved, 0.00 left to compute; compared 0.00 lanes, 0.00 floats differ, 0.00 by more than an ulp
ds4:   expert cache over the last 64 tokens: 480.00 hits, 20.38 misses, 0.00 evictions a token; 5732 of 7930 entries live (72.3%)
ds4:   of the address-table holes repaired a token: 0.00 already resident, 20.38 genuinely absent
ds4:   residency a token: 20.38 adds, 0.00 removes, 20.38 commits
ds4: gate over tokens 129-192: 14.00 command buffers, 0.00 aborts, 240.0 expert ids accounted, 0.00 MiB loaded a token; 0 the gate failed to switch off, 0 it could not gate
ds4:   one token, exclusive, same window: entry 0.00 + encode 0.35 + commit-to-done 56.99 + repair-load 0.00 + accounting 0.03 + tail 1.95 = 59.33 of a 61.30 ms wall, residual 1.98
ds4:   of the commit-to-done: GPU running 90.03 ms, GPU not running -33.05 ms
ds4:   1429.8 gated dispatches a token, 0.0 of them behind an abort; 610.3 sent plain ahead of a buffer's first validate
ds4:   encode-ahead: 12.00 segments used, 0.00 dropped, 1.93 ms a token spent encoding under the GPU
ds4:   concurrent sections: 84.75 attempted, 84.75 opened a token
ds4:   speculation: 0.00 layers a token, 0.00 lanes computed, 0.00 matched, 0.00 GEMVs actually saved, 0.00 left to compute; compared 0.00 lanes, 0.00 floats differ, 0.00 by more than an ulp
ds4:   expert cache over the last 64 tokens: 480.00 hits, 0.00 misses, 0.00 evictions a token; 5732 of 7930 entries live (72.3%)
ds4:   of the address-table holes repaired a token: 0.00 already resident, 0.00 genuinely absent
ds4:   residency a token: 0.00 adds, 0.00 removes, 0.00 commits
ds4: gate over tokens 193-256: 14.00 command buffers, 0.00 aborts, 240.0 expert ids accounted, 0.00 MiB loaded a token; 0 the gate failed to switch off, 0 it could not gate
ds4:   one token, exclusive, same window: entry 0.00 + encode 0.37 + commit-to-done 58.68 + repair-load 0.00 + accounting 0.03 + tail 2.01 = 61.08 of a 63.14 ms wall, residual 2.05
ds4:   of the commit-to-done: GPU running 91.76 ms, GPU not running -33.08 ms
ds4:   1429.8 gated dispatches a token, 0.0 of them behind an abort; 610.3 sent plain ahead of a buffer's first validate
ds4:   encode-ahead: 12.00 segments used, 0.00 dropped, 2.00 ms a token spent encoding under the GPU
ds4:   concurrent sections: 84.75 attempted, 84.75 opened a token
ds4:   speculation: 0.00 layers a token, 0.00 lanes computed, 0.00 matched, 0.00 GEMVs actually saved, 0.00 left to compute; compared 0.00 lanes, 0.00 floats differ, 0.00 by more than an ulp
ds4:   expert cache over the last 64 tokens: 480.00 hits, 0.00 misses, 0.00 evictions a token; 5732 of 7930 entries live (72.3%)
ds4:   of the address-table holes repaired a token: 0.00 already resident, 0.00 genuinely absent
ds4:   residency a token: 0.00 adds, 0.00 removes, 0.00 commits
ds4: V4.1 verify selftest k=8, 64 positions from 31 (odd start, pair carry restored), 3 alternating rounds
  round 0: single 63.96 ms/token, batch 339.95 ms/step
  round 1: single 63.32 ms/token, batch 333.91 ms/step
  round 2: single 63.83 ms/token, batch 340.92 ms/step
ds4: gate over tokens 257-320: 14.00 command buffers, 0.00 aborts, 240.0 expert ids accounted, 0.00 MiB loaded a token; 0 the gate failed to switch off, 0 it could not gate
ds4:   one token, exclusive, same window: entry 0.00 + encode 0.36 + commit-to-done 60.32 + repair-load 0.00 + accounting 0.03 + tail 2.03 = 62.74 of a 64.69 ms wall, residual 1.95
ds4:   of the commit-to-done: GPU running 94.82 ms, GPU not running -34.50 ms
ds4:   1429.8 gated dispatches a token, 0.0 of them behind an abort; 610.3 sent plain ahead of a buffer's first validate
ds4:   encode-ahead: 12.00 segments used, 0.00 dropped, 1.89 ms a token spent encoding under the GPU
ds4:   concurrent sections: 84.75 attempted, 84.75 opened a token
ds4:   speculation: 0.00 layers a token, 0.00 lanes computed, 0.00 matched, 0.00 GEMVs actually saved, 0.00 left to compute; compared 0.00 lanes, 0.00 floats differ, 0.00 by more than an ulp
ds4:   expert cache over the last 64 tokens: 480.00 hits, 0.00 misses, 0.00 evictions a token; 5732 of 7930 entries live (72.3%)
ds4:   of the address-table holes repaired a token: 0.00 already resident, 0.00 genuinely absent
ds4:   residency a token: 0.00 adds, 0.00 removes, 0.00 commits
ds4: selftest control: a second single pass differs from the reference in 0 of 8273920 logits
  median single    : 63.83 ms/token
  median 8-row step: 339.95 ms = 5.33x one single step
  perfect-draft ceiling: 23.53 tok/s (100 tok/s requires <= 80.00 ms/step)
  block width      : 1.50x of 8 (needs 6.38x for 100 tok/s)
  concurrent       : 53698 sections opened of 53698 asked
  marginal row cost: 39.45 ms = 62% of a standalone token
  rollback         : reproduces its own output
  batch vs single  : identical argmax (192 rows checked)
  batch logits     : identical to the single pass
  break-even       : accept 67% of drafted tokens to beat single
  rolled-back passes agree with each other: yes
0924 23:51:07 ds4-server: chat ctx=31..35:4 gen=4 THINKING decoding chunk=0.12 t/s avg=0.12 t/s 34.551s
ds4-server: thinking not closed, ignoring incomplete DSML in reasoning
0924 23:51:07 ds4-server: chat ctx=0..31:31 gen=4 THINKING finish=length 38.943s
0924 23:51:09 ds4-server: shutdown requested, draining requests
