ds4: abort gate on for the first 40 layers
ds4: Metal device Apple M5 Max, 128.00 GiB RAM
ds4: Metal 4 tensor API enabled for Tensor kernels
ds4: drift-patch flags hc_stable=on norm_unify=on kv_raw_f32=off rope_exp2_log2=off math_safe=off tensor_matmul=on
ds4: Metal SSD streaming mode enabled; full model residency and warmup are skipped
ds4: SSD streaming auto cache budget
ds4:   metal recommends 107.52 GiB working set
ds4:   using 84% total for model + cached experts: 90.00 GiB
ds4:   non-routed weights: 9.37 GiB
ds4:   routed expert size: 9.49 MiB
ds4:   expert budget before prefill reserve: 8698 (80.63 GiB)
ds4: metal SSD streaming cache target 80.63 GiB; effective 80.63 GiB = 7.12 GiB prefill headroom + 73.51 GiB dynamic cache (7930 experts, 9.49 MiB each)
ds4: Metal SSD static weights locked 9.37 GiB; pageable 0.00 GiB
ds4: SSD streaming initial metal model map (569 spans, 9.37 GiB tensor span)
ds4: metal backend initialized for graph diagnostics
ds4: memory: KV 0.06 GiB (raw 0.01 + compressed 0.05) + buffers 3.27 GiB + resident model 9.37 GiB + expert cache 73.51 GiB + prefill expert reserve 7.12 GiB = 93.33 GiB planned
ds4: memory detail: ctx=8192 prefill_cap=4096 raw_kv_rows=128 compressed_kv_rows=8193 backend=metal
0925 01:27:22 ds4-server: context buffers 3411.39 MiB (ctx=8192, backend=metal, prefill_chunk=4096, raw_kv_rows=128, compressed_kv_rows=8193)
ds4: V4.1 static context buffers 3411.39 MiB (ctx=8192), Engram disk-only
0925 01:27:22 ds4-server: listening on http://127.0.0.1:8016
0925 01:27:24 ds4-server: chat ctx=0..31:31 prompt start
ds4: shared/routed FFN overlap ran, mode 1
ds4: expert residency set on the queue
0925 01:27:25 ds4-server: chat ctx=0..31:31 prefill chunk 1/31 (3.2%) chunk=0.00 t/s avg=4.16 t/s 0.240s
0925 01:27:25 ds4-server: chat ctx=0..31:31 prefill chunk 2/31 (6.5%) chunk=5.18 t/s avg=4.62 t/s 0.433s
0925 01:27:25 ds4-server: chat ctx=0..31:31 prefill chunk 3/31 (9.7%) chunk=5.36 t/s avg=4.84 t/s 0.620s
0925 01:27:25 ds4-server: chat ctx=0..31:31 prefill chunk 4/31 (12.9%) chunk=5.62 t/s avg=5.01 t/s 0.798s
0925 01:27:25 ds4-server: chat ctx=0..31:31 prefill chunk 5/31 (16.1%) chunk=6.00 t/s avg=5.18 t/s 0.965s
0925 01:27:25 ds4-server: chat ctx=0..31:31 prefill chunk 6/31 (19.4%) chunk=7.25 t/s avg=5.44 t/s 1.102s
0925 01:27:26 ds4-server: chat ctx=0..31:31 prefill chunk 7/31 (22.6%) chunk=8.09 t/s avg=5.71 t/s 1.226s
0925 01:27:26 ds4-server: chat ctx=0..31:31 prefill chunk 8/31 (25.8%) chunk=7.32 t/s avg=5.87 t/s 1.363s
0925 01:27:26 ds4-server: chat ctx=0..31:31 prefill chunk 9/31 (29.0%) chunk=6.12 t/s avg=5.90 t/s 1.526s
0925 01:27:26 ds4-server: chat ctx=0..31:31 prefill chunk 10/31 (32.3%) chunk=6.15 t/s avg=5.92 t/s 1.689s
0925 01:27:26 ds4-server: chat ctx=0..31:31 prefill chunk 11/31 (35.5%) chunk=6.42 t/s avg=5.96 t/s 1.844s
0925 01:27:26 ds4-server: chat ctx=0..31:31 prefill chunk 12/31 (38.7%) chunk=6.88 t/s avg=6.03 t/s 1.990s
0925 01:27:27 ds4-server: chat ctx=0..31:31 prefill chunk 13/31 (41.9%) chunk=5.69 t/s avg=6.00 t/s 2.165s
0925 01:27:27 ds4-server: chat ctx=0..31:31 prefill chunk 14/31 (45.2%) chunk=6.05 t/s avg=6.01 t/s 2.331s
0925 01:27:27 ds4-server: chat ctx=0..31:31 prefill chunk 15/31 (48.4%) chunk=9.51 t/s avg=6.16 t/s 2.436s
0925 01:27:27 ds4-server: chat ctx=0..31:31 prefill chunk 16/31 (51.6%) chunk=9.91 t/s avg=6.31 t/s 2.537s
0925 01:27:27 ds4-server: chat ctx=0..31:31 prefill chunk 17/31 (54.8%) chunk=9.41 t/s avg=6.43 t/s 2.643s
0925 01:27:27 ds4-server: chat ctx=0..31:31 prefill chunk 18/31 (58.1%) chunk=6.20 t/s avg=6.42 t/s 2.804s
0925 01:27:27 ds4-server: chat ctx=0..31:31 prefill chunk 19/31 (61.3%) chunk=8.77 t/s avg=6.51 t/s 2.918s
0925 01:27:27 ds4-server: chat ctx=0..31:31 prefill chunk 20/31 (64.5%) chunk=8.96 t/s avg=6.60 t/s 3.030s
0925 01:27:27 ds4-server: chat ctx=0..31:31 prefill chunk 21/31 (67.7%) chunk=10.73 t/s avg=6.72 t/s 3.123s
0925 01:27:28 ds4-server: chat ctx=0..31:31 prefill chunk 22/31 (71.0%) chunk=10.48 t/s avg=6.84 t/s 3.219s
0925 01:27:28 ds4-server: chat ctx=0..31:31 prefill chunk 23/31 (74.2%) chunk=6.18 t/s avg=6.80 t/s 3.380s
0925 01:27:28 ds4-server: chat ctx=0..31:31 prefill chunk 24/31 (77.4%) chunk=5.01 t/s avg=6.70 t/s 3.580s
0925 01:27:28 ds4-server: chat ctx=0..31:31 prefill chunk 25/31 (80.6%) chunk=5.29 t/s avg=6.63 t/s 3.769s
0925 01:27:28 ds4-server: chat ctx=0..31:31 prefill chunk 26/31 (83.9%) chunk=6.27 t/s avg=6.62 t/s 3.928s
0925 01:27:28 ds4-server: chat ctx=0..31:31 prefill chunk 27/31 (87.1%) chunk=10.42 t/s avg=6.71 t/s 4.024s
0925 01:27:28 ds4-server: chat ctx=0..31:31 prefill chunk 28/31 (90.3%) chunk=9.26 t/s avg=6.78 t/s 4.132s
0925 01:27:29 ds4-server: chat ctx=0..31:31 prefill chunk 29/31 (93.5%) chunk=9.01 t/s avg=6.83 t/s 4.243s
0925 01:27:29 ds4-server: chat ctx=0..31:31 prefill chunk 30/31 (96.8%) chunk=5.79 t/s avg=6.79 t/s 4.416s
0925 01:27:29 ds4-server: chat ctx=0..31:31 prefill chunk 31/31 (100.0%) chunk=6.43 t/s avg=6.78 t/s 4.572s
0925 01:27:29 ds4-server: chat ctx=0..31:31 prompt done 4.573s
ds4: gate over tokens 1-64: 34.59 command buffers, 30.12 aborts, 240.0 expert ids accounted, 860.38 MiB loaded a token; 0 the gate failed to switch off, 0 it could not gate
ds4:   one token, exclusive, same window: entry 0.00 + encode 4.18 + commit-to-done 62.86 + repair-load 35.25 + accounting 0.05 + tail 0.83 = 103.17 of a 107.46 ms wall, residual 4.29
ds4:   of the commit-to-done: GPU running 57.43 ms, GPU not running 5.43 ms
ds4:   2067.2 gated dispatches a token, 72.6 of them behind an abort; 2822.1 sent plain ahead of a buffer's first validate
ds4:   encode-ahead: 2.47 segments used, 27.17 dropped, 4.04 ms a token spent encoding under the GPU
ds4:   concurrent sections: 351.25 attempted, 351.25 opened a token
ds4:   speculation: 0.00 layers a token, 0.00 lanes computed, 0.00 matched, 0.00 GEMVs actually saved, 0.00 left to compute; compared 0.00 lanes, 0.00 floats differ, 0.00 by more than an ulp
ds4:   expert cache over the last 64 tokens: 240.00 hits, 90.64 misses, 0.00 evictions a token; 5801 of 7930 entries live (73.2%)
ds4:   of the address-table holes repaired a token: 0.00 already resident, 90.64 genuinely absent
ds4:   residency a token: 90.64 adds, 0.00 removes, 90.64 commits
ds4: V4.1 block-local KV delta, 8 rows over 31 prefix keys
ds4: V4.1 batch attn_output_b hoisted out of the per-row loop (8 rows)
ds4: V4.1 block attention by level, 8 rows, concurrent section open
ds4: V4.1 batch step rows=8 pre 0.0 ms, per-row attention 0.0 ms, moe 0.0 ms, head 0.0 ms, setup 0.0 ms, publish 0.0 ms
ds4: V4.1 batch step rows=8 pre 0.0 ms, per-row attention 0.0 ms, moe 0.0 ms, head 0.0 ms, setup 0.0 ms, publish 0.0 ms
ds4: V4.1 batch step rows=8 pre 0.0 ms, per-row attention 0.0 ms, moe 0.0 ms, head 0.0 ms, setup 0.0 ms, publish 0.0 ms
ds4: V4.1 batch step rows=8 pre 0.0 ms, per-row attention 0.0 ms, moe 0.0 ms, head 0.0 ms, setup 0.0 ms, publish 0.0 ms
ds4: V4.1 batch step rows=8 pre 0.0 ms, per-row attention 0.0 ms, moe 0.0 ms, head 0.0 ms, setup 0.0 ms, publish 0.0 ms
ds4: V4.1 batch step rows=8 pre 0.0 ms, per-row attention 0.0 ms, moe 0.0 ms, head 0.0 ms, setup 0.0 ms, publish 0.0 ms
ds4: V4.1 batch step rows=8 pre 0.0 ms, per-row attention 0.0 ms, moe 0.0 ms, head 0.0 ms, setup 0.0 ms, publish 0.0 ms
ds4: V4.1 batch step rows=8 pre 0.0 ms, per-row attention 0.0 ms, moe 0.0 ms, head 0.0 ms, setup 0.0 ms, publish 0.0 ms
ds4: gate over tokens 65-128: 18.36 command buffers, 6.61 aborts, 240.0 expert ids accounted, 76.68 MiB loaded a token; 0 the gate failed to switch off, 0 it could not gate
ds4:   one token, exclusive, same window: entry 0.00 + encode 0.94 + commit-to-done 32.63 + repair-load 6.89 + accounting 0.03 + tail 1.40 = 41.89 of a 44.23 ms wall, residual 2.34
ds4:   of the commit-to-done: GPU running 48.52 ms, GPU not running -15.89 ms
ds4:   1552.2 gated dispatches a token, 19.1 of them behind an abort; 1093.4 sent plain ahead of a buffer's first validate
ds4:   encode-ahead: 9.75 segments used, 5.98 dropped, 2.25 ms a token spent encoding under the GPU
ds4:   concurrent sections: 143.84 attempted, 143.84 opened a token
ds4:   speculation: 0.00 layers a token, 0.00 lanes computed, 0.00 matched, 0.00 GEMVs actually saved, 0.00 left to compute; compared 0.00 lanes, 0.00 floats differ, 0.00 by more than an ulp
ds4:   expert cache over the last 64 tokens: 473.81 hits, 14.27 misses, 0.00 evictions a token; 6714 of 7930 entries live (84.7%)
ds4:   of the address-table holes repaired a token: 0.00 already resident, 8.08 genuinely absent
ds4:   residency a token: 8.08 adds, 0.00 removes, 8.08 commits
ds4: V4.1 batch step rows=8 pre 0.0 ms, per-row attention 0.0 ms, moe 0.0 ms, head 0.0 ms, setup 0.0 ms, publish 0.0 ms
ds4: V4.1 batch step rows=8 pre 0.0 ms, per-row attention 0.0 ms, moe 0.0 ms, head 0.0 ms, setup 0.0 ms, publish 0.0 ms
ds4: V4.1 batch step rows=8 pre 0.0 ms, per-row attention 0.0 ms, moe 0.0 ms, head 0.0 ms, setup 0.0 ms, publish 0.0 ms
ds4: V4.1 batch step rows=8 pre 0.0 ms, per-row attention 0.0 ms, moe 0.0 ms, head 0.0 ms, setup 0.0 ms, publish 0.0 ms
ds4: V4.1 batch step rows=8 pre 0.0 ms, per-row attention 0.0 ms, moe 0.0 ms, head 0.0 ms, setup 0.0 ms, publish 0.0 ms
ds4: V4.1 batch step rows=8 pre 0.0 ms, per-row attention 0.0 ms, moe 0.0 ms, head 0.0 ms, setup 0.0 ms, publish 0.0 ms
ds4: V4.1 batch step rows=8 pre 0.0 ms, per-row attention 0.0 ms, moe 0.0 ms, head 0.0 ms, setup 0.0 ms, publish 0.0 ms
ds4: V4.1 batch step rows=8 pre 0.0 ms, per-row attention 0.0 ms, moe 0.0 ms, head 0.0 ms, setup 0.0 ms, publish 0.0 ms
ds4: V4.1 verify selftest k=8, 64 positions from 31 (odd start, pair carry restored), 1 alternating rounds
  round 0: single 43.56 ms/token, batch 251.19 ms/step
ds4: gate over tokens 129-192: 15.31 command buffers, 1.88 aborts, 240.0 expert ids accounted, 18.54 MiB loaded a token; 0 the gate failed to switch off, 0 it could not gate
ds4:   one token, exclusive, same window: entry 0.00 + encode 0.53 + commit-to-done 31.75 + repair-load 3.80 + accounting 0.03 + tail 1.41 = 37.51 of a 39.53 ms wall, residual 2.02
ds4:   of the commit-to-done: GPU running 46.03 ms, GPU not running -14.29 ms
ds4:   1466.7 gated dispatches a token, 3.8 of them behind an abort; 749.8 sent plain ahead of a buffer's first validate
ds4:   encode-ahead: 11.44 segments used, 1.69 dropped, 1.96 ms a token spent encoding under the GPU
ds4:   concurrent sections: 101.88 attempted, 101.88 opened a token
ds4:   speculation: 0.00 layers a token, 0.00 lanes computed, 0.00 matched, 0.00 GEMVs actually saved, 0.00 left to compute; compared 0.00 lanes, 0.00 floats differ, 0.00 by more than an ulp
ds4:   expert cache over the last 64 tokens: 477.09 hits, 4.86 misses, 0.00 evictions a token; 7025 of 7930 entries live (88.6%)
ds4:   of the address-table holes repaired a token: 0.00 already resident, 1.95 genuinely absent
ds4:   residency a token: 1.95 adds, 0.00 removes, 1.95 commits
ds4: selftest control: a second single pass differs from the reference in 8273920 of 8273920 logits
  median single    : 43.56 ms/token
  median 8-row step: 251.19 ms = 5.77x one single step
  perfect-draft ceiling: 31.85 tok/s (100 tok/s requires <= 80.00 ms/step)
  block width      : 1.39x of 8 (needs 4.36x for 100 tok/s)
  concurrent       : 40922 sections opened of 40922 asked
  marginal row cost: 29.66 ms = 68% of a standalone token
  rollback         : DIVERGED
  batch vs single  : DIVERGED (64 rows checked)
  batch logits     : DIVERGED from the single pass
  break-even       : accept 72% of drafted tokens to beat single
  batch logits first differ at offset 0, vocab 0: single 1.152421, batch 0.571672916 (8273917 elements over 64 rows)
  rollback first diverged at offset 0, where the reference led second place by 1.91457
  rolled-back passes agree with each other: yes
  batch first diverged at offset 0, where the reference led second place by 1.91457
0925 01:27:43 ds4-server: chat ctx=31..35:4 gen=4 THINKING decoding chunk=0.28 t/s avg=0.28 t/s 14.268s
ds4-server: thinking not closed, ignoring incomplete DSML in reasoning
0925 01:27:43 ds4-server: chat ctx=0..31:31 gen=4 THINKING finish=length 18.842s
0925 01:27:45 ds4-server: shutdown requested, draining requests
