ds4: abort gate on for the first 40 layers
ds4: Metal device Apple M5 Max, 128.00 GiB RAM
ds4: Metal 4 tensor API enabled for Tensor kernels
ds4: drift-patch flags hc_stable=on norm_unify=on kv_raw_f32=off rope_exp2_log2=off math_safe=off tensor_matmul=on
ds4: Metal SSD streaming mode enabled; full model residency and warmup are skipped
ds4: SSD streaming auto cache budget
ds4:   metal recommends 107.52 GiB working set
ds4:   using 84% total for model + cached experts: 90.00 GiB
ds4:   non-routed weights: 9.37 GiB
ds4:   routed expert size: 9.49 MiB
ds4:   expert budget before prefill reserve: 8698 (80.63 GiB)
ds4: metal SSD streaming cache target 80.63 GiB; effective 80.63 GiB = 7.12 GiB prefill headroom + 73.51 GiB dynamic cache (7930 experts, 9.49 MiB each)
ds4: Metal SSD static weights locked 9.37 GiB; pageable 0.00 GiB
ds4: SSD streaming initial metal model map (569 spans, 9.37 GiB tensor span)
ds4: metal backend initialized for graph diagnostics
ds4: memory: KV 0.06 GiB (raw 0.01 + compressed 0.05) + buffers 3.27 GiB + resident model 9.37 GiB + expert cache 73.51 GiB + prefill expert reserve 7.12 GiB = 93.33 GiB planned
ds4: memory detail: ctx=8192 prefill_cap=4096 raw_kv_rows=128 compressed_kv_rows=8193 backend=metal
0924 22:04:41 ds4-server: context buffers 3411.39 MiB (ctx=8192, backend=metal, prefill_chunk=4096, raw_kv_rows=128, compressed_kv_rows=8193)
ds4: V4.1 static context buffers 3411.39 MiB (ctx=8192), Engram disk-only
0924 22:04:41 ds4-server: listening on http://127.0.0.1:8016
0924 22:04:44 ds4-server: chat ctx=0..31:31 prompt start
ds4: shared/routed FFN overlap ran, mode 1
ds4: expert residency set on the queue
0924 22:04:44 ds4-server: chat ctx=0..31:31 prefill chunk 1/31 (3.2%) chunk=0.00 t/s avg=5.76 t/s 0.174s
0924 22:04:45 ds4-server: chat ctx=0..31:31 prefill chunk 2/31 (6.5%) chunk=11.40 t/s avg=7.65 t/s 0.261s
0924 22:04:45 ds4-server: chat ctx=0..31:31 prefill chunk 3/31 (9.7%) chunk=11.73 t/s avg=8.65 t/s 0.347s
0924 22:04:45 ds4-server: chat ctx=0..31:31 prefill chunk 4/31 (12.9%) chunk=12.59 t/s avg=9.39 t/s 0.426s
0924 22:04:45 ds4-server: chat ctx=0..31:31 prefill chunk 5/31 (16.1%) chunk=13.32 t/s avg=9.97 t/s 0.501s
0924 22:04:45 ds4-server: chat ctx=0..31:31 prefill chunk 6/31 (19.4%) chunk=15.88 t/s avg=10.63 t/s 0.564s
0924 22:04:45 ds4-server: chat ctx=0..31:31 prefill chunk 7/31 (22.6%) chunk=15.29 t/s avg=11.12 t/s 0.630s
0924 22:04:45 ds4-server: chat ctx=0..31:31 prefill chunk 8/31 (25.8%) chunk=14.56 t/s avg=11.46 t/s 0.698s
0924 22:04:45 ds4-server: chat ctx=0..31:31 prefill chunk 9/31 (29.0%) chunk=14.35 t/s avg=11.72 t/s 0.768s
0924 22:04:45 ds4-server: chat ctx=0..31:31 prefill chunk 10/31 (32.3%) chunk=15.61 t/s avg=12.02 t/s 0.832s
0924 22:04:45 ds4-server: chat ctx=0..31:31 prefill chunk 11/31 (35.5%) chunk=14.57 t/s avg=12.21 t/s 0.901s
0924 22:04:45 ds4-server: chat ctx=0..31:31 prefill chunk 12/31 (38.7%) chunk=17.06 t/s avg=12.51 t/s 0.959s
0924 22:04:45 ds4-server: chat ctx=0..31:31 prefill chunk 13/31 (41.9%) chunk=16.14 t/s avg=12.73 t/s 1.021s
0924 22:04:45 ds4-server: chat ctx=0..31:31 prefill chunk 14/31 (45.2%) chunk=17.02 t/s avg=12.96 t/s 1.080s
0924 22:04:45 ds4-server: chat ctx=0..31:31 prefill chunk 15/31 (48.4%) chunk=17.97 t/s avg=13.21 t/s 1.136s
0924 22:04:46 ds4-server: chat ctx=0..31:31 prefill chunk 16/31 (51.6%) chunk=14.04 t/s avg=13.26 t/s 1.207s
0924 22:04:46 ds4-server: chat ctx=0..31:31 prefill chunk 17/31 (54.8%) chunk=15.56 t/s avg=13.37 t/s 1.271s
0924 22:04:46 ds4-server: chat ctx=0..31:31 prefill chunk 18/31 (58.1%) chunk=13.50 t/s avg=13.38 t/s 1.345s
0924 22:04:46 ds4-server: chat ctx=0..31:31 prefill chunk 19/31 (61.3%) chunk=15.12 t/s avg=13.46 t/s 1.411s
0924 22:04:46 ds4-server: chat ctx=0..31:31 prefill chunk 20/31 (64.5%) chunk=16.17 t/s avg=13.58 t/s 1.473s
0924 22:04:46 ds4-server: chat ctx=0..31:31 prefill chunk 21/31 (67.7%) chunk=16.59 t/s avg=13.69 t/s 1.533s
0924 22:04:46 ds4-server: chat ctx=0..31:31 prefill chunk 22/31 (71.0%) chunk=15.80 t/s avg=13.78 t/s 1.597s
0924 22:04:46 ds4-server: chat ctx=0..31:31 prefill chunk 23/31 (74.2%) chunk=16.16 t/s avg=13.87 t/s 1.659s
0924 22:04:46 ds4-server: chat ctx=0..31:31 prefill chunk 24/31 (77.4%) chunk=11.71 t/s avg=13.76 t/s 1.744s
0924 22:04:46 ds4-server: chat ctx=0..31:31 prefill chunk 25/31 (80.6%) chunk=11.83 t/s avg=13.67 t/s 1.829s
0924 22:04:46 ds4-server: chat ctx=0..31:31 prefill chunk 26/31 (83.9%) chunk=8.81 t/s avg=13.39 t/s 1.942s
0924 22:04:46 ds4-server: chat ctx=0..31:31 prefill chunk 27/31 (87.1%) chunk=9.88 t/s avg=13.21 t/s 2.043s
0924 22:04:46 ds4-server: chat ctx=0..31:31 prefill chunk 28/31 (90.3%) chunk=9.13 t/s avg=13.01 t/s 2.153s
0924 22:04:47 ds4-server: chat ctx=0..31:31 prefill chunk 29/31 (93.5%) chunk=13.47 t/s avg=13.02 t/s 2.227s
0924 22:04:47 ds4-server: chat ctx=0..31:31 prefill chunk 30/31 (96.8%) chunk=15.70 t/s avg=13.10 t/s 2.291s
0924 22:04:47 ds4-server: chat ctx=0..31:31 prefill chunk 31/31 (100.0%) chunk=17.17 t/s avg=13.20 t/s 2.349s
0924 22:04:47 ds4-server: chat ctx=0..31:31 prompt done 2.351s
ds4: gate over tokens 1-64: 34.33 command buffers, 30.23 aborts, 240.0 expert ids accounted, 656.74 MiB loaded a token; 0 the gate failed to switch off, 0 it could not gate
ds4:   one token, exclusive, same window: entry 0.00 + encode 3.52 + commit-to-done 43.67 + repair-load 14.57 + accounting 0.03 + tail 0.83 = 62.61 of a 66.95 ms wall, residual 4.34
ds4:   of the commit-to-done: GPU running 40.45 ms, GPU not running 3.22 ms
ds4:   2038.6 gated dispatches a token, 69.6 of them behind an abort; 2808.7 sent plain ahead of a buffer's first validate
ds4:   encode-ahead: 2.09 segments used, 27.23 dropped, 4.07 ms a token spent encoding under the GPU
ds4:   concurrent sections: 350.53 attempted, 350.53 opened a token
ds4:   speculation: 0.00 layers a token, 0.00 lanes computed, 0.00 matched, 0.00 GEMVs actually saved, 0.00 left to compute; compared 0.00 lanes, 0.00 floats differ, 0.00 by more than an ulp
ds4:   expert cache over the last 64 tokens: 240.00 hits, 69.19 misses, 0.00 evictions a token; 4428 of 7930 entries live (55.8%)
ds4:   of the address-table holes repaired a token: 0.00 already resident, 69.19 genuinely absent
ds4:   residency a token: 69.19 adds, 0.00 removes, 69.19 commits
ds4: V4.1 block-local KV delta, 8 rows over 31 prefix keys
ds4: V4.1 batch attn_output_b hoisted out of the per-row loop (8 rows)
ds4: V4.1 block attention by level, 8 rows, concurrent section open
ds4: gate over tokens 65-128: 22.31 command buffers, 12.45 aborts, 240.0 expert ids accounted, 193.40 MiB loaded a token; 0 the gate failed to switch off, 0 it could not gate
ds4:   one token, exclusive, same window: entry 0.00 + encode 1.38 + commit-to-done 45.03 + repair-load 4.39 + accounting 0.03 + tail 1.63 = 52.46 of a 55.13 ms wall, residual 2.67
ds4:   of the commit-to-done: GPU running 70.52 ms, GPU not running -25.49 ms
ds4:   1681.7 gated dispatches a token, 27.5 of them behind an abort; 1516.1 sent plain ahead of a buffer's first validate
ds4:   encode-ahead: 7.86 segments used, 11.23 dropped, 2.53 ms a token spent encoding under the GPU
ds4:   concurrent sections: 195.50 attempted, 195.50 opened a token
ds4:   speculation: 0.00 layers a token, 0.00 lanes computed, 0.00 matched, 0.00 GEMVs actually saved, 0.00 left to compute; compared 0.00 lanes, 0.00 floats differ, 0.00 by more than an ulp
ds4:   expert cache over the last 64 tokens: 480.00 hits, 20.38 misses, 0.00 evictions a token; 5732 of 7930 entries live (72.3%)
ds4:   of the address-table holes repaired a token: 0.00 already resident, 20.38 genuinely absent
ds4:   residency a token: 20.38 adds, 0.00 removes, 20.38 commits
ds4: gate over tokens 129-192: 14.00 command buffers, 0.00 aborts, 240.0 expert ids accounted, 0.00 MiB loaded a token; 0 the gate failed to switch off, 0 it could not gate
ds4:   one token, exclusive, same window: entry 0.00 + encode 0.36 + commit-to-done 45.40 + repair-load 0.00 + accounting 0.04 + tail 1.70 = 47.50 of a 49.49 ms wall, residual 1.99
ds4:   of the commit-to-done: GPU running 99.53 ms, GPU not running -54.13 ms
ds4:   1429.8 gated dispatches a token, 0.0 of them behind an abort; 610.3 sent plain ahead of a buffer's first validate
ds4:   encode-ahead: 12.00 segments used, 0.00 dropped, 1.94 ms a token spent encoding under the GPU
ds4:   concurrent sections: 89.50 attempted, 89.50 opened a token
ds4:   speculation: 0.00 layers a token, 0.00 lanes computed, 0.00 matched, 0.00 GEMVs actually saved, 0.00 left to compute; compared 0.00 lanes, 0.00 floats differ, 0.00 by more than an ulp
ds4:   expert cache over the last 64 tokens: 720.00 hits, 0.00 misses, 0.00 evictions a token; 5732 of 7930 entries live (72.3%)
ds4:   of the address-table holes repaired a token: 0.00 already resident, 0.00 genuinely absent
ds4:   residency a token: 0.00 adds, 0.00 removes, 0.00 commits
ds4: gate over tokens 193-256: 14.00 command buffers, 0.00 aborts, 240.0 expert ids accounted, 0.00 MiB loaded a token; 0 the gate failed to switch off, 0 it could not gate
ds4:   one token, exclusive, same window: entry 0.00 + encode 0.35 + commit-to-done 46.57 + repair-load 0.00 + accounting 0.04 + tail 1.72 = 48.67 of a 50.61 ms wall, residual 1.94
ds4:   of the commit-to-done: GPU running 100.40 ms, GPU not running -53.83 ms
ds4:   1429.8 gated dispatches a token, 0.0 of them behind an abort; 610.3 sent plain ahead of a buffer's first validate
ds4:   encode-ahead: 12.00 segments used, 0.00 dropped, 1.89 ms a token spent encoding under the GPU
ds4:   concurrent sections: 89.50 attempted, 89.50 opened a token
ds4:   speculation: 0.00 layers a token, 0.00 lanes computed, 0.00 matched, 0.00 GEMVs actually saved, 0.00 left to compute; compared 0.00 lanes, 0.00 floats differ, 0.00 by more than an ulp
ds4:   expert cache over the last 64 tokens: 720.00 hits, 0.00 misses, 0.00 evictions a token; 5732 of 7930 entries live (72.3%)
ds4:   of the address-table holes repaired a token: 0.00 already resident, 0.00 genuinely absent
ds4:   residency a token: 0.00 adds, 0.00 removes, 0.00 commits
ds4: gate over tokens 257-320: 14.00 command buffers, 0.00 aborts, 240.0 expert ids accounted, 0.00 MiB loaded a token; 0 the gate failed to switch off, 0 it could not gate
ds4:   one token, exclusive, same window: entry 0.00 + encode 0.53 + commit-to-done 45.45 + repair-load 0.00 + accounting 0.03 + tail 1.73 = 47.74 of a 50.55 ms wall, residual 2.81
ds4:   of the commit-to-done: GPU running 99.19 ms, GPU not running -53.74 ms
ds4:   1429.8 gated dispatches a token, 0.0 of them behind an abort; 610.3 sent plain ahead of a buffer's first validate
ds4:   encode-ahead: 12.00 segments used, 0.00 dropped, 2.75 ms a token spent encoding under the GPU
ds4:   concurrent sections: 89.50 attempted, 89.50 opened a token
ds4:   speculation: 0.00 layers a token, 0.00 lanes computed, 0.00 matched, 0.00 GEMVs actually saved, 0.00 left to compute; compared 0.00 lanes, 0.00 floats differ, 0.00 by more than an ulp
ds4:   expert cache over the last 64 tokens: 720.00 hits, 0.00 misses, 0.00 evictions a token; 5732 of 7930 entries live (72.3%)
ds4:   of the address-table holes repaired a token: 0.00 already resident, 0.00 genuinely absent
ds4:   residency a token: 0.00 adds, 0.00 removes, 0.00 commits
ds4: gate over tokens 321-384: 14.00 command buffers, 0.00 aborts, 240.0 expert ids accounted, 0.00 MiB loaded a token; 0 the gate failed to switch off, 0 it could not gate
ds4:   one token, exclusive, same window: entry 0.00 + encode 0.35 + commit-to-done 48.06 + repair-load 0.00 + accounting 0.04 + tail 1.80 = 50.24 of a 52.19 ms wall, residual 1.95
ds4:   of the commit-to-done: GPU running 101.52 ms, GPU not running -53.47 ms
ds4:   1429.8 gated dispatches a token, 0.0 of them behind an abort; 610.3 sent plain ahead of a buffer's first validate
ds4:   encode-ahead: 12.00 segments used, 0.00 dropped, 1.90 ms a token spent encoding under the GPU
ds4:   concurrent sections: 89.50 attempted, 89.50 opened a token
ds4:   speculation: 0.00 layers a token, 0.00 lanes computed, 0.00 matched, 0.00 GEMVs actually saved, 0.00 left to compute; compared 0.00 lanes, 0.00 floats differ, 0.00 by more than an ulp
ds4:   expert cache over the last 64 tokens: 720.00 hits, 0.00 misses, 0.00 evictions a token; 5732 of 7930 entries live (72.3%)
ds4:   of the address-table holes repaired a token: 0.00 already resident, 0.00 genuinely absent
ds4:   residency a token: 0.00 adds, 0.00 removes, 0.00 commits
ds4: gate over tokens 385-448: 14.00 command buffers, 0.00 aborts, 240.0 expert ids accounted, 0.00 MiB loaded a token; 0 the gate failed to switch off, 0 it could not gate
ds4:   one token, exclusive, same window: entry 0.00 + encode 0.54 + commit-to-done 46.87 + repair-load 0.00 + accounting 0.04 + tail 1.79 = 49.24 of a 52.02 ms wall, residual 2.78
ds4:   of the commit-to-done: GPU running 101.93 ms, GPU not running -55.06 ms
ds4:   1429.8 gated dispatches a token, 0.0 of them behind an abort; 610.3 sent plain ahead of a buffer's first validate
ds4:   encode-ahead: 12.00 segments used, 0.00 dropped, 2.72 ms a token spent encoding under the GPU
ds4:   concurrent sections: 89.50 attempted, 89.50 opened a token
ds4:   speculation: 0.00 layers a token, 0.00 lanes computed, 0.00 matched, 0.00 GEMVs actually saved, 0.00 left to compute; compared 0.00 lanes, 0.00 floats differ, 0.00 by more than an ulp
ds4:   expert cache over the last 64 tokens: 720.00 hits, 0.00 misses, 0.00 evictions a token; 5732 of 7930 entries live (72.3%)
ds4:   of the address-table holes repaired a token: 0.00 already resident, 0.00 genuinely absent
ds4:   residency a token: 0.00 adds, 0.00 removes, 0.00 commits
ds4: V4.1 verify selftest k=8, 64 positions from 31 (odd start, pair carry restored), 6 alternating rounds
  round 0 (unset first): DS4_METAL_V41_DENSE_ROW_TILE=0 unset 284.46 ms/step, set 287.53 ms/step (+1.1%)
  round 1 (set first): DS4_METAL_V41_DENSE_ROW_TILE=0 unset 254.60 ms/step, set 313.60 ms/step (+23.2%)
  round 2 (unset first): DS4_METAL_V41_DENSE_ROW_TILE=0 unset 277.20 ms/step, set 287.83 ms/step (+3.8%)
  round 3 (set first): DS4_METAL_V41_DENSE_ROW_TILE=0 unset 250.42 ms/step, set 316.96 ms/step (+26.6%)
  round 4 (unset first): DS4_METAL_V41_DENSE_ROW_TILE=0 unset 277.17 ms/step, set 294.83 ms/step (+6.4%)
  round 5 (set first): DS4_METAL_V41_DENSE_ROW_TILE=0 unset 259.61 ms/step, set 325.84 ms/step (+25.5%)
  unset-first rounds (3): median +3.8%
  set-first rounds   (3): median +25.5%
  DS4_METAL_V41_DENSE_ROW_TILE=0: slower in BOTH orders
  median single    : 52.60 ms/token
  median 8-row step: 277.17 ms = 5.27x one single step
  perfect-draft ceiling: 28.86 tok/s (100 tok/s requires <= 80.00 ms/step)
  block width      : 1.52x of 8 (needs 5.26x for 100 tok/s)
  concurrent       : 66674 sections opened of 66674 asked
  marginal row cost: 32.08 ms = 61% of a standalone token
  rollback         : reproduces its own output
  batch vs single  : identical argmax (768 rows checked)
  break-even       : accept 66% of drafted tokens to beat single
  rolled-back passes agree with each other: yes
0924 22:05:41 ds4-server: chat ctx=31..35:4 gen=4 THINKING decoding chunk=0.07 t/s avg=0.07 t/s 54.455s
ds4-server: thinking not closed, ignoring incomplete DSML in reasoning
0924 22:05:41 ds4-server: chat ctx=0..31:31 gen=4 THINKING finish=length 56.806s
0924 22:05:43 ds4-server: shutdown requested, draining requests
