ds4: abort gate on for the first 40 layers
ds4: Metal device Apple M5 Max, 128.00 GiB RAM
ds4: Metal 4 tensor API enabled for Tensor kernels
ds4: drift-patch flags hc_stable=on norm_unify=on kv_raw_f32=off rope_exp2_log2=off math_safe=off tensor_matmul=on
ds4: Metal SSD streaming mode enabled; full model residency and warmup are skipped
ds4: SSD streaming auto cache budget
ds4:   metal recommends 107.52 GiB working set
ds4:   using 84% total for model + cached experts: 90.00 GiB
ds4:   non-routed weights: 9.37 GiB
ds4:   routed expert size: 9.49 MiB
ds4:   expert budget before prefill reserve: 8698 (80.63 GiB)
ds4: metal SSD streaming cache target 80.63 GiB; effective 80.63 GiB = 7.12 GiB prefill headroom + 73.51 GiB dynamic cache (7930 experts, 9.49 MiB each)
ds4: Metal SSD static weights locked 9.37 GiB; pageable 0.00 GiB
ds4: SSD streaming initial metal model map (569 spans, 9.37 GiB tensor span)
ds4: metal backend initialized for graph diagnostics
ds4: memory: KV 0.06 GiB (raw 0.01 + compressed 0.05) + buffers 3.27 GiB + resident model 9.37 GiB + expert cache 73.51 GiB + prefill expert reserve 7.12 GiB = 93.33 GiB planned
ds4: memory detail: ctx=8192 prefill_cap=4096 raw_kv_rows=128 compressed_kv_rows=8193 backend=metal
0925 01:31:26 ds4-server: context buffers 3411.39 MiB (ctx=8192, backend=metal, prefill_chunk=4096, raw_kv_rows=128, compressed_kv_rows=8193)
ds4: V4.1 static context buffers 3411.39 MiB (ctx=8192), Engram disk-only
0925 01:31:26 ds4-server: listening on http://127.0.0.1:8016
0925 01:31:29 ds4-server: chat ctx=0..31:31 prompt start
ds4: shared/routed FFN overlap ran, mode 1
ds4: expert residency set on the queue
0925 01:31:29 ds4-server: chat ctx=0..31:31 prefill chunk 1/31 (3.2%) chunk=0.00 t/s avg=4.47 t/s 0.223s
0925 01:31:29 ds4-server: chat ctx=0..31:31 prefill chunk 2/31 (6.5%) chunk=7.64 t/s avg=5.64 t/s 0.354s
0925 01:31:29 ds4-server: chat ctx=0..31:31 prefill chunk 3/31 (9.7%) chunk=9.00 t/s avg=6.45 t/s 0.465s
0925 01:31:29 ds4-server: chat ctx=0..31:31 prefill chunk 4/31 (12.9%) chunk=12.89 t/s avg=7.37 t/s 0.543s
0925 01:31:30 ds4-server: chat ctx=0..31:31 prefill chunk 5/31 (16.1%) chunk=13.69 t/s avg=8.12 t/s 0.616s
0925 01:31:30 ds4-server: chat ctx=0..31:31 prefill chunk 6/31 (19.4%) chunk=13.93 t/s avg=8.72 t/s 0.688s
0925 01:31:30 ds4-server: chat ctx=0..31:31 prefill chunk 7/31 (22.6%) chunk=10.80 t/s avg=8.97 t/s 0.780s
0925 01:31:30 ds4-server: chat ctx=0..31:31 prefill chunk 8/31 (25.8%) chunk=12.17 t/s avg=9.27 t/s 0.863s
0925 01:31:30 ds4-server: chat ctx=0..31:31 prefill chunk 9/31 (29.0%) chunk=14.49 t/s avg=9.66 t/s 0.932s
0925 01:31:30 ds4-server: chat ctx=0..31:31 prefill chunk 10/31 (32.3%) chunk=16.13 t/s avg=10.06 t/s 0.994s
0925 01:31:30 ds4-server: chat ctx=0..31:31 prefill chunk 11/31 (35.5%) chunk=15.13 t/s avg=10.38 t/s 1.060s
0925 01:31:30 ds4-server: chat ctx=0..31:31 prefill chunk 12/31 (38.7%) chunk=17.28 t/s avg=10.74 t/s 1.118s
0925 01:31:30 ds4-server: chat ctx=0..31:31 prefill chunk 13/31 (41.9%) chunk=14.26 t/s avg=10.95 t/s 1.188s
0925 01:31:30 ds4-server: chat ctx=0..31:31 prefill chunk 14/31 (45.2%) chunk=16.98 t/s avg=11.23 t/s 1.247s
0925 01:31:30 ds4-server: chat ctx=0..31:31 prefill chunk 15/31 (48.4%) chunk=18.88 t/s avg=11.54 t/s 1.299s
0925 01:31:30 ds4-server: chat ctx=0..31:31 prefill chunk 16/31 (51.6%) chunk=16.47 t/s avg=11.76 t/s 1.360s
0925 01:31:30 ds4-server: chat ctx=0..31:31 prefill chunk 17/31 (54.8%) chunk=17.10 t/s avg=11.98 t/s 1.419s
0925 01:31:30 ds4-server: chat ctx=0..31:31 prefill chunk 18/31 (58.1%) chunk=14.89 t/s avg=12.11 t/s 1.486s
0925 01:31:30 ds4-server: chat ctx=0..31:31 prefill chunk 19/31 (61.3%) chunk=16.91 t/s avg=12.30 t/s 1.545s
0925 01:31:31 ds4-server: chat ctx=0..31:31 prefill chunk 20/31 (64.5%) chunk=17.97 t/s avg=12.49 t/s 1.601s
0925 01:31:31 ds4-server: chat ctx=0..31:31 prefill chunk 21/31 (67.7%) chunk=18.39 t/s avg=12.69 t/s 1.655s
0925 01:31:31 ds4-server: chat ctx=0..31:31 prefill chunk 22/31 (71.0%) chunk=19.26 t/s avg=12.89 t/s 1.707s
0925 01:31:31 ds4-server: chat ctx=0..31:31 prefill chunk 23/31 (74.2%) chunk=19.90 t/s avg=13.09 t/s 1.757s
0925 01:31:31 ds4-server: chat ctx=0..31:31 prefill chunk 24/31 (77.4%) chunk=17.03 t/s avg=13.22 t/s 1.816s
0925 01:31:31 ds4-server: chat ctx=0..31:31 prefill chunk 25/31 (80.6%) chunk=19.50 t/s avg=13.39 t/s 1.867s
0925 01:31:31 ds4-server: chat ctx=0..31:31 prefill chunk 26/31 (83.9%) chunk=20.59 t/s avg=13.57 t/s 1.916s
0925 01:31:31 ds4-server: chat ctx=0..31:31 prefill chunk 27/31 (87.1%) chunk=18.42 t/s avg=13.71 t/s 1.970s
0925 01:31:31 ds4-server: chat ctx=0..31:31 prefill chunk 28/31 (90.3%) chunk=17.88 t/s avg=13.82 t/s 2.026s
0925 01:31:31 ds4-server: chat ctx=0..31:31 prefill chunk 29/31 (93.5%) chunk=16.20 t/s avg=13.89 t/s 2.088s
0925 01:31:31 ds4-server: chat ctx=0..31:31 prefill chunk 30/31 (96.8%) chunk=16.71 t/s avg=13.97 t/s 2.148s
0925 01:31:31 ds4-server: chat ctx=0..31:31 prefill chunk 31/31 (100.0%) chunk=18.26 t/s avg=14.08 t/s 2.202s
0925 01:31:31 ds4-server: chat ctx=0..31:31 prompt done 2.204s
ds4: gate over tokens 1-64: 34.33 command buffers, 30.23 aborts, 240.0 expert ids accounted, 656.74 MiB loaded a token; 0 the gate failed to switch off, 0 it could not gate
ds4:   one token, exclusive, same window: entry 0.00 + encode 3.07 + commit-to-done 37.14 + repair-load 13.11 + accounting 0.03 + tail 0.72 = 54.07 of a 58.02 ms wall, residual 3.96
ds4:   of the commit-to-done: GPU running 34.14 ms, GPU not running 3.00 ms
ds4:   2038.6 gated dispatches a token, 69.6 of them behind an abort; 2808.7 sent plain ahead of a buffer's first validate
ds4:   encode-ahead: 2.09 segments used, 27.23 dropped, 3.71 ms a token spent encoding under the GPU
ds4:   concurrent sections: 350.53 attempted, 350.53 opened a token
ds4:   speculation: 0.00 layers a token, 0.00 lanes computed, 0.00 matched, 0.00 GEMVs actually saved, 0.00 left to compute; compared 0.00 lanes, 0.00 floats differ, 0.00 by more than an ulp
ds4:   expert cache over the last 64 tokens: 240.00 hits, 69.19 misses, 0.00 evictions a token; 4428 of 7930 entries live (55.8%)
ds4:   of the address-table holes repaired a token: 0.00 already resident, 69.19 genuinely absent
ds4:   residency a token: 69.19 adds, 0.00 removes, 69.19 commits
ds4: V4.1 block-local KV delta, 8 rows over 31 prefix keys
ds4: V4.1 batch attn_output_b hoisted out of the per-row loop (8 rows)
ds4: V4.1 block attention by level, 8 rows, concurrent section open
ds4: V4.1 batch step rows=8 pre 0.0 ms, per-row attention 0.0 ms, moe 0.0 ms, head 0.0 ms, setup 0.0 ms, publish 0.0 ms
ds4: V4.1 batch step rows=8 pre 0.0 ms, per-row attention 0.0 ms, moe 0.0 ms, head 0.0 ms, setup 0.0 ms, publish 0.0 ms
ds4: V4.1 batch step rows=8 pre 0.0 ms, per-row attention 0.0 ms, moe 0.0 ms, head 0.0 ms, setup 0.0 ms, publish 0.0 ms
ds4: V4.1 batch step rows=8 pre 0.0 ms, per-row attention 0.0 ms, moe 0.0 ms, head 0.0 ms, setup 0.0 ms, publish 0.0 ms
ds4: V4.1 batch step rows=8 pre 0.0 ms, per-row attention 0.0 ms, moe 0.0 ms, head 0.0 ms, setup 0.0 ms, publish 0.0 ms
ds4: V4.1 batch step rows=8 pre 0.0 ms, per-row attention 0.0 ms, moe 0.0 ms, head 0.0 ms, setup 0.0 ms, publish 0.0 ms
ds4: V4.1 batch step rows=8 pre 0.0 ms, per-row attention 0.0 ms, moe 0.0 ms, head 0.0 ms, setup 0.0 ms, publish 0.0 ms
ds4: V4.1 batch step rows=8 pre 0.0 ms, per-row attention 0.0 ms, moe 0.0 ms, head 0.0 ms, setup 0.0 ms, publish 0.0 ms
ds4: gate over tokens 65-128: 22.31 command buffers, 12.45 aborts, 240.0 expert ids accounted, 193.40 MiB loaded a token; 0 the gate failed to switch off, 0 it could not gate
ds4:   one token, exclusive, same window: entry 0.00 + encode 1.36 + commit-to-done 31.94 + repair-load 4.26 + accounting 0.03 + tail 1.40 = 38.99 of a 41.62 ms wall, residual 2.63
ds4:   of the commit-to-done: GPU running 48.55 ms, GPU not running -16.61 ms
ds4:   1681.7 gated dispatches a token, 27.5 of them behind an abort; 1516.1 sent plain ahead of a buffer's first validate
ds4:   encode-ahead: 7.86 segments used, 11.23 dropped, 2.49 ms a token spent encoding under the GPU
ds4:   concurrent sections: 195.50 attempted, 195.50 opened a token
ds4:   speculation: 0.00 layers a token, 0.00 lanes computed, 0.00 matched, 0.00 GEMVs actually saved, 0.00 left to compute; compared 0.00 lanes, 0.00 floats differ, 0.00 by more than an ulp
ds4:   expert cache over the last 64 tokens: 480.00 hits, 20.38 misses, 0.00 evictions a token; 5732 of 7930 entries live (72.3%)
ds4:   of the address-table holes repaired a token: 0.00 already resident, 20.38 genuinely absent
ds4:   residency a token: 20.38 adds, 0.00 removes, 20.38 commits
ds4: V4.1 batch step rows=8 pre 0.0 ms, per-row attention 0.0 ms, moe 0.0 ms, head 0.0 ms, setup 0.0 ms, publish 0.0 ms
ds4: V4.1 batch step rows=8 pre 0.0 ms, per-row attention 0.0 ms, moe 0.0 ms, head 0.0 ms, setup 0.0 ms, publish 0.0 ms
ds4: V4.1 batch step rows=8 pre 0.0 ms, per-row attention 0.0 ms, moe 0.0 ms, head 0.0 ms, setup 0.0 ms, publish 0.0 ms
ds4: V4.1 batch step rows=8 pre 0.0 ms, per-row attention 0.0 ms, moe 0.0 ms, head 0.0 ms, setup 0.0 ms, publish 0.0 ms
ds4: V4.1 batch step rows=8 pre 0.0 ms, per-row attention 0.0 ms, moe 0.0 ms, head 0.0 ms, setup 0.0 ms, publish 0.0 ms
ds4: V4.1 batch step rows=8 pre 0.0 ms, per-row attention 0.0 ms, moe 0.0 ms, head 0.0 ms, setup 0.0 ms, publish 0.0 ms
ds4: V4.1 batch step rows=8 pre 0.0 ms, per-row attention 0.0 ms, moe 0.0 ms, head 0.0 ms, setup 0.0 ms, publish 0.0 ms
ds4: V4.1 batch step rows=8 pre 0.0 ms, per-row attention 0.0 ms, moe 0.0 ms, head 0.0 ms, setup 0.0 ms, publish 0.0 ms
ds4: V4.1 batch step rows=8 pre 0.0 ms, per-row attention 0.0 ms, moe 0.0 ms, head 0.0 ms, setup 0.0 ms, publish 0.0 ms
ds4: V4.1 batch step rows=8 pre 0.0 ms, per-row attention 0.0 ms, moe 0.0 ms, head 0.0 ms, setup 0.0 ms, publish 0.0 ms
ds4: V4.1 batch step rows=8 pre 0.0 ms, per-row attention 0.0 ms, moe 0.0 ms, head 0.0 ms, setup 0.0 ms, publish 0.0 ms
ds4: V4.1 batch step rows=8 pre 0.0 ms, per-row attention 0.0 ms, moe 0.0 ms, head 0.0 ms, setup 0.0 ms, publish 0.0 ms
ds4: V4.1 batch step rows=8 pre 0.0 ms, per-row attention 0.0 ms, moe 0.0 ms, head 0.0 ms, setup 0.0 ms, publish 0.0 ms
ds4: V4.1 batch step rows=8 pre 0.0 ms, per-row attention 0.0 ms, moe 0.0 ms, head 0.0 ms, setup 0.0 ms, publish 0.0 ms
ds4: V4.1 batch step rows=8 pre 0.0 ms, per-row attention 0.0 ms, moe 0.0 ms, head 0.0 ms, setup 0.0 ms, publish 0.0 ms
ds4: V4.1 batch step rows=8 pre 0.0 ms, per-row attention 0.0 ms, moe 0.0 ms, head 0.0 ms, setup 0.0 ms, publish 0.0 ms
ds4: gate over tokens 129-192: 14.00 command buffers, 0.00 aborts, 240.0 expert ids accounted, 0.00 MiB loaded a token; 0 the gate failed to switch off, 0 it could not gate
ds4:   one token, exclusive, same window: entry 0.00 + encode 0.33 + commit-to-done 38.71 + repair-load 0.00 + accounting 0.03 + tail 1.58 = 40.65 of a 42.50 ms wall, residual 1.85
ds4:   of the commit-to-done: GPU running 78.63 ms, GPU not running -39.92 ms
ds4:   1429.8 gated dispatches a token, 0.0 of them behind an abort; 610.3 sent plain ahead of a buffer's first validate
ds4:   encode-ahead: 12.00 segments used, 0.00 dropped, 1.81 ms a token spent encoding under the GPU
ds4:   concurrent sections: 89.50 attempted, 89.50 opened a token
ds4:   speculation: 0.00 layers a token, 0.00 lanes computed, 0.00 matched, 0.00 GEMVs actually saved, 0.00 left to compute; compared 0.00 lanes, 0.00 floats differ, 0.00 by more than an ulp
ds4:   expert cache over the last 64 tokens: 720.00 hits, 0.00 misses, 0.00 evictions a token; 5732 of 7930 entries live (72.3%)
ds4:   of the address-table holes repaired a token: 0.00 already resident, 0.00 genuinely absent
ds4:   residency a token: 0.00 adds, 0.00 removes, 0.00 commits
ds4: V4.1 batch step rows=8 pre 0.0 ms, per-row attention 0.0 ms, moe 0.0 ms, head 0.0 ms, setup 0.0 ms, publish 0.0 ms
ds4: V4.1 batch step rows=8 pre 0.0 ms, per-row attention 0.0 ms, moe 0.0 ms, head 0.0 ms, setup 0.0 ms, publish 0.0 ms
ds4: V4.1 batch step rows=8 pre 0.0 ms, per-row attention 0.0 ms, moe 0.0 ms, head 0.0 ms, setup 0.0 ms, publish 0.0 ms
ds4: V4.1 batch step rows=8 pre 0.0 ms, per-row attention 0.0 ms, moe 0.0 ms, head 0.0 ms, setup 0.0 ms, publish 0.0 ms
ds4: V4.1 batch step rows=8 pre 0.0 ms, per-row attention 0.0 ms, moe 0.0 ms, head 0.0 ms, setup 0.0 ms, publish 0.0 ms
ds4: V4.1 batch step rows=8 pre 0.0 ms, per-row attention 0.0 ms, moe 0.0 ms, head 0.0 ms, setup 0.0 ms, publish 0.0 ms
ds4: V4.1 batch step rows=8 pre 0.0 ms, per-row attention 0.0 ms, moe 0.0 ms, head 0.0 ms, setup 0.0 ms, publish 0.0 ms
ds4: V4.1 batch step rows=8 pre 0.0 ms, per-row attention 0.0 ms, moe 0.0 ms, head 0.0 ms, setup 0.0 ms, publish 0.0 ms
ds4: V4.1 batch step rows=8 pre 0.0 ms, per-row attention 0.0 ms, moe 0.0 ms, head 0.0 ms, setup 0.0 ms, publish 0.0 ms
ds4: V4.1 batch step rows=8 pre 0.0 ms, per-row attention 0.0 ms, moe 0.0 ms, head 0.0 ms, setup 0.0 ms, publish 0.0 ms
ds4: V4.1 batch step rows=8 pre 0.0 ms, per-row attention 0.0 ms, moe 0.0 ms, head 0.0 ms, setup 0.0 ms, publish 0.0 ms
ds4: V4.1 batch step rows=8 pre 0.0 ms, per-row attention 0.0 ms, moe 0.0 ms, head 0.0 ms, setup 0.0 ms, publish 0.0 ms
ds4: V4.1 batch step rows=8 pre 0.0 ms, per-row attention 0.0 ms, moe 0.0 ms, head 0.0 ms, setup 0.0 ms, publish 0.0 ms
ds4: V4.1 batch step rows=8 pre 0.0 ms, per-row attention 0.0 ms, moe 0.0 ms, head 0.0 ms, setup 0.0 ms, publish 0.0 ms
ds4: V4.1 batch step rows=8 pre 0.0 ms, per-row attention 0.0 ms, moe 0.0 ms, head 0.0 ms, setup 0.0 ms, publish 0.0 ms
ds4: V4.1 batch step rows=8 pre 0.0 ms, per-row attention 0.0 ms, moe 0.0 ms, head 0.0 ms, setup 0.0 ms, publish 0.0 ms
ds4: gate over tokens 193-256: 14.00 command buffers, 0.00 aborts, 240.0 expert ids accounted, 0.00 MiB loaded a token; 0 the gate failed to switch off, 0 it could not gate
ds4:   one token, exclusive, same window: entry 0.00 + encode 0.37 + commit-to-done 50.74 + repair-load 0.00 + accounting 0.04 + tail 1.81 = 52.95 of a 54.84 ms wall, residual 1.89
ds4:   of the commit-to-done: GPU running 106.05 ms, GPU not running -55.31 ms
ds4:   1429.8 gated dispatches a token, 0.0 of them behind an abort; 610.3 sent plain ahead of a buffer's first validate
ds4:   encode-ahead: 12.00 segments used, 0.00 dropped, 1.84 ms a token spent encoding under the GPU
ds4:   concurrent sections: 89.50 attempted, 89.50 opened a token
ds4:   speculation: 0.00 layers a token, 0.00 lanes computed, 0.00 matched, 0.00 GEMVs actually saved, 0.00 left to compute; compared 0.00 lanes, 0.00 floats differ, 0.00 by more than an ulp
ds4:   expert cache over the last 64 tokens: 720.00 hits, 0.00 misses, 0.00 evictions a token; 5732 of 7930 entries live (72.3%)
ds4:   of the address-table holes repaired a token: 0.00 already resident, 0.00 genuinely absent
ds4:   residency a token: 0.00 adds, 0.00 removes, 0.00 commits
ds4: V4.1 batch step rows=8 pre 0.0 ms, per-row attention 0.0 ms, moe 0.0 ms, head 0.0 ms, setup 0.0 ms, publish 0.0 ms
ds4: V4.1 batch step rows=8 pre 0.0 ms, per-row attention 0.0 ms, moe 0.0 ms, head 0.0 ms, setup 0.0 ms, publish 0.0 ms
ds4: V4.1 batch step rows=8 pre 0.0 ms, per-row attention 0.0 ms, moe 0.0 ms, head 0.0 ms, setup 0.0 ms, publish 0.0 ms
ds4: V4.1 batch step rows=8 pre 0.0 ms, per-row attention 0.0 ms, moe 0.0 ms, head 0.0 ms, setup 0.0 ms, publish 0.0 ms
ds4: V4.1 batch step rows=8 pre 0.0 ms, per-row attention 0.0 ms, moe 0.0 ms, head 0.0 ms, setup 0.0 ms, publish 0.0 ms
ds4: V4.1 batch step rows=8 pre 0.0 ms, per-row attention 0.0 ms, moe 0.0 ms, head 0.0 ms, setup 0.0 ms, publish 0.0 ms
ds4: V4.1 batch step rows=8 pre 0.0 ms, per-row attention 0.0 ms, moe 0.0 ms, head 0.0 ms, setup 0.0 ms, publish 0.0 ms
ds4: V4.1 batch step rows=8 pre 0.0 ms, per-row attention 0.0 ms, moe 0.0 ms, head 0.0 ms, setup 0.0 ms, publish 0.0 ms
ds4: V4.1 batch step rows=8 pre 0.0 ms, per-row attention 0.0 ms, moe 0.0 ms, head 0.0 ms, setup 0.0 ms, publish 0.0 ms
ds4: V4.1 batch step rows=8 pre 0.0 ms, per-row attention 0.0 ms, moe 0.0 ms, head 0.0 ms, setup 0.0 ms, publish 0.0 ms
ds4: V4.1 batch step rows=8 pre 0.0 ms, per-row attention 0.0 ms, moe 0.0 ms, head 0.0 ms, setup 0.0 ms, publish 0.0 ms
ds4: V4.1 batch step rows=8 pre 0.0 ms, per-row attention 0.0 ms, moe 0.0 ms, head 0.0 ms, setup 0.0 ms, publish 0.0 ms
ds4: V4.1 batch step rows=8 pre 0.0 ms, per-row attention 0.0 ms, moe 0.0 ms, head 0.0 ms, setup 0.0 ms, publish 0.0 ms
ds4: V4.1 batch step rows=8 pre 0.0 ms, per-row attention 0.0 ms, moe 0.0 ms, head 0.0 ms, setup 0.0 ms, publish 0.0 ms
ds4: V4.1 batch step rows=8 pre 0.0 ms, per-row attention 0.0 ms, moe 0.0 ms, head 0.0 ms, setup 0.0 ms, publish 0.0 ms
ds4: V4.1 batch step rows=8 pre 0.0 ms, per-row attention 0.0 ms, moe 0.0 ms, head 0.0 ms, setup 0.0 ms, publish 0.0 ms
ds4: gate over tokens 257-320: 14.00 command buffers, 0.00 aborts, 240.0 expert ids accounted, 0.00 MiB loaded a token; 0 the gate failed to switch off, 0 it could not gate
ds4:   one token, exclusive, same window: entry 0.00 + encode 0.35 + commit-to-done 49.63 + repair-load 0.00 + accounting 0.03 + tail 1.78 = 51.79 of a 53.67 ms wall, residual 1.88
ds4:   of the commit-to-done: GPU running 104.66 ms, GPU not running -55.03 ms
ds4:   1429.8 gated dispatches a token, 0.0 of them behind an abort; 610.4 sent plain ahead of a buffer's first validate
ds4:   encode-ahead: 12.00 segments used, 0.00 dropped, 1.83 ms a token spent encoding under the GPU
ds4:   concurrent sections: 89.50 attempted, 89.50 opened a token
ds4:   speculation: 0.00 layers a token, 0.00 lanes computed, 0.00 matched, 0.00 GEMVs actually saved, 0.00 left to compute; compared 0.00 lanes, 0.00 floats differ, 0.00 by more than an ulp
ds4:   expert cache over the last 64 tokens: 720.00 hits, 0.00 misses, 0.00 evictions a token; 5732 of 7930 entries live (72.3%)
ds4:   of the address-table holes repaired a token: 0.00 already resident, 0.00 genuinely absent
ds4:   residency a token: 0.00 adds, 0.00 removes, 0.00 commits
ds4: V4.1 batch step rows=8 pre 0.0 ms, per-row attention 0.0 ms, moe 0.0 ms, head 0.0 ms, setup 0.0 ms, publish 0.0 ms
ds4: V4.1 batch step rows=8 pre 0.0 ms, per-row attention 0.0 ms, moe 0.0 ms, head 0.0 ms, setup 0.0 ms, publish 0.0 ms
ds4: V4.1 batch step rows=8 pre 0.0 ms, per-row attention 0.0 ms, moe 0.0 ms, head 0.0 ms, setup 0.0 ms, publish 0.0 ms
ds4: V4.1 batch step rows=8 pre 0.0 ms, per-row attention 0.0 ms, moe 0.0 ms, head 0.0 ms, setup 0.0 ms, publish 0.0 ms
ds4: V4.1 batch step rows=8 pre 0.0 ms, per-row attention 0.0 ms, moe 0.0 ms, head 0.0 ms, setup 0.0 ms, publish 0.0 ms
ds4: V4.1 batch step rows=8 pre 0.0 ms, per-row attention 0.0 ms, moe 0.0 ms, head 0.0 ms, setup 0.0 ms, publish 0.0 ms
ds4: V4.1 batch step rows=8 pre 0.0 ms, per-row attention 0.0 ms, moe 0.0 ms, head 0.0 ms, setup 0.0 ms, publish 0.0 ms
ds4: V4.1 batch step rows=8 pre 0.0 ms, per-row attention 0.0 ms, moe 0.0 ms, head 0.0 ms, setup 0.0 ms, publish 0.0 ms
ds4: V4.1 batch step rows=8 pre 0.0 ms, per-row attention 0.0 ms, moe 0.0 ms, head 0.0 ms, setup 0.0 ms, publish 0.0 ms
ds4: V4.1 batch step rows=8 pre 0.0 ms, per-row attention 0.0 ms, moe 0.0 ms, head 0.0 ms, setup 0.0 ms, publish 0.0 ms
ds4: V4.1 batch step rows=8 pre 0.0 ms, per-row attention 0.0 ms, moe 0.0 ms, head 0.0 ms, setup 0.0 ms, publish 0.0 ms
ds4: V4.1 batch step rows=8 pre 0.0 ms, per-row attention 0.0 ms, moe 0.0 ms, head 0.0 ms, setup 0.0 ms, publish 0.0 ms
ds4: V4.1 batch step rows=8 pre 0.0 ms, per-row attention 0.0 ms, moe 0.0 ms, head 0.0 ms, setup 0.0 ms, publish 0.0 ms
ds4: V4.1 batch step rows=8 pre 0.0 ms, per-row attention 0.0 ms, moe 0.0 ms, head 0.0 ms, setup 0.0 ms, publish 0.0 ms
ds4: V4.1 batch step rows=8 pre 0.0 ms, per-row attention 0.0 ms, moe 0.0 ms, head 0.0 ms, setup 0.0 ms, publish 0.0 ms
ds4: V4.1 batch step rows=8 pre 0.0 ms, per-row attention 0.0 ms, moe 0.0 ms, head 0.0 ms, setup 0.0 ms, publish 0.0 ms
ds4: gate over tokens 321-384: 14.00 command buffers, 0.00 aborts, 240.0 expert ids accounted, 0.00 MiB loaded a token; 0 the gate failed to switch off, 0 it could not gate
ds4:   one token, exclusive, same window: entry 0.00 + encode 0.35 + commit-to-done 53.37 + repair-load 0.00 + accounting 0.03 + tail 1.87 = 55.62 of a 57.49 ms wall, residual 1.87
ds4:   of the commit-to-done: GPU running 106.26 ms, GPU not running -52.89 ms
ds4:   1429.8 gated dispatches a token, 0.0 of them behind an abort; 610.3 sent plain ahead of a buffer's first validate
ds4:   encode-ahead: 12.00 segments used, 0.00 dropped, 1.83 ms a token spent encoding under the GPU
ds4:   concurrent sections: 89.50 attempted, 89.50 opened a token
ds4:   speculation: 0.00 layers a token, 0.00 lanes computed, 0.00 matched, 0.00 GEMVs actually saved, 0.00 left to compute; compared 0.00 lanes, 0.00 floats differ, 0.00 by more than an ulp
ds4:   expert cache over the last 64 tokens: 720.00 hits, 0.00 misses, 0.00 evictions a token; 5732 of 7930 entries live (72.3%)
ds4:   of the address-table holes repaired a token: 0.00 already resident, 0.00 genuinely absent
ds4:   residency a token: 0.00 adds, 0.00 removes, 0.00 commits
ds4: V4.1 batch step rows=8 pre 0.0 ms, per-row attention 0.0 ms, moe 0.0 ms, head 0.0 ms, setup 0.0 ms, publish 0.0 ms
ds4: V4.1 batch step rows=8 pre 0.0 ms, per-row attention 0.0 ms, moe 0.0 ms, head 0.0 ms, setup 0.0 ms, publish 0.0 ms
ds4: V4.1 batch step rows=8 pre 0.0 ms, per-row attention 0.0 ms, moe 0.0 ms, head 0.0 ms, setup 0.0 ms, publish 0.0 ms
ds4: V4.1 batch step rows=8 pre 0.0 ms, per-row attention 0.0 ms, moe 0.0 ms, head 0.0 ms, setup 0.0 ms, publish 0.0 ms
ds4: V4.1 batch step rows=8 pre 0.0 ms, per-row attention 0.0 ms, moe 0.0 ms, head 0.0 ms, setup 0.0 ms, publish 0.0 ms
ds4: V4.1 batch step rows=8 pre 0.0 ms, per-row attention 0.0 ms, moe 0.0 ms, head 0.0 ms, setup 0.0 ms, publish 0.0 ms
ds4: V4.1 batch step rows=8 pre 0.0 ms, per-row attention 0.0 ms, moe 0.0 ms, head 0.0 ms, setup 0.0 ms, publish 0.0 ms
ds4: V4.1 batch step rows=8 pre 0.0 ms, per-row attention 0.0 ms, moe 0.0 ms, head 0.0 ms, setup 0.0 ms, publish 0.0 ms
ds4: V4.1 batch step rows=8 pre 0.0 ms, per-row attention 0.0 ms, moe 0.0 ms, head 0.0 ms, setup 0.0 ms, publish 0.0 ms
ds4: V4.1 batch step rows=8 pre 0.0 ms, per-row attention 0.0 ms, moe 0.0 ms, head 0.0 ms, setup 0.0 ms, publish 0.0 ms
ds4: V4.1 batch step rows=8 pre 0.0 ms, per-row attention 0.0 ms, moe 0.0 ms, head 0.0 ms, setup 0.0 ms, publish 0.0 ms
ds4: V4.1 batch step rows=8 pre 0.0 ms, per-row attention 0.0 ms, moe 0.0 ms, head 0.0 ms, setup 0.0 ms, publish 0.0 ms
ds4: V4.1 batch step rows=8 pre 0.0 ms, per-row attention 0.0 ms, moe 0.0 ms, head 0.0 ms, setup 0.0 ms, publish 0.0 ms
ds4: V4.1 batch step rows=8 pre 0.0 ms, per-row attention 0.0 ms, moe 0.0 ms, head 0.0 ms, setup 0.0 ms, publish 0.0 ms
ds4: V4.1 batch step rows=8 pre 0.0 ms, per-row attention 0.0 ms, moe 0.0 ms, head 0.0 ms, setup 0.0 ms, publish 0.0 ms
ds4: V4.1 batch step rows=8 pre 0.0 ms, per-row attention 0.0 ms, moe 0.0 ms, head 0.0 ms, setup 0.0 ms, publish 0.0 ms
ds4: V4.1 verify selftest k=8, 64 positions from 31 (odd start, pair carry restored), 5 alternating rounds
  round 0 (unset first): DS4_METAL_V41_FIT_SPLITS unset 196.14 ms/step, set 259.05 ms/step (+32.1%)
  round 1 (set first): DS4_METAL_V41_FIT_SPLITS unset 282.54 ms/step, set 291.39 ms/step (+3.1%)
  round 2 (unset first): DS4_METAL_V41_FIT_SPLITS unset 311.04 ms/step, set 264.78 ms/step (-14.9%)
  round 3 (set first): DS4_METAL_V41_FIT_SPLITS unset 265.50 ms/step, set 297.53 ms/step (+12.1%)
  round 4 (unset first): DS4_METAL_V41_FIT_SPLITS unset 308.30 ms/step, set 257.43 ms/step (-16.5%)
  unset-first rounds (3): median -14.9%
  set-first rounds   (2): median +12.1%
  DS4_METAL_V41_FIT_SPLITS: the two orders DISAGREE - this is the cache, not the change
ds4: gate over tokens 385-448: 14.00 command buffers, 0.00 aborts, 240.0 expert ids accounted, 0.00 MiB loaded a token; 0 the gate failed to switch off, 0 it could not gate
ds4:   one token, exclusive, same window: entry 0.00 + encode 0.52 + commit-to-done 53.38 + repair-load 0.00 + accounting 0.04 + tail 1.91 = 55.85 of a 58.55 ms wall, residual 2.70
ds4:   of the commit-to-done: GPU running 106.06 ms, GPU not running -52.69 ms
ds4:   1429.8 gated dispatches a token, 0.0 of them behind an abort; 610.3 sent plain ahead of a buffer's first validate
ds4:   encode-ahead: 12.00 segments used, 0.00 dropped, 2.64 ms a token spent encoding under the GPU
ds4:   concurrent sections: 89.50 attempted, 89.50 opened a token
ds4:   speculation: 0.00 layers a token, 0.00 lanes computed, 0.00 matched, 0.00 GEMVs actually saved, 0.00 left to compute; compared 0.00 lanes, 0.00 floats differ, 0.00 by more than an ulp
ds4:   expert cache over the last 64 tokens: 720.00 hits, 0.00 misses, 0.00 evictions a token; 5732 of 7930 entries live (72.3%)
ds4:   of the address-table holes repaired a token: 0.00 already resident, 0.00 genuinely absent
ds4:   residency a token: 0.00 adds, 0.00 removes, 0.00 commits
ds4: selftest control: a second single pass differs from the reference in 0 of 8273920 logits
  median single    : 57.96 ms/token
  median 8-row step: 282.54 ms = 4.87x one single step
  perfect-draft ceiling: 28.31 tok/s (100 tok/s requires <= 80.00 ms/step)
  block width      : 1.64x of 8 (needs 5.80x for 100 tok/s)
  concurrent       : 66066 sections opened of 66066 asked
  marginal row cost: 32.08 ms = 55% of a standalone token
  rollback         : reproduces its own output
  batch vs single  : identical argmax (640 rows checked)
  batch logits     : identical to the single pass
  break-even       : accept 61% of drafted tokens to beat single
  rolled-back passes agree with each other: yes
0925 01:32:19 ds4-server: chat ctx=31..35:4 gen=4 THINKING decoding chunk=0.08 t/s avg=0.08 t/s 48.038s
ds4-server: thinking not closed, ignoring incomplete DSML in reasoning
0925 01:32:19 ds4-server: chat ctx=0..31:31 gen=4 THINKING finish=length 50.242s
0925 01:32:21 ds4-server: shutdown requested, draining requests
