ds4: abort gate on for the first 40 layers
ds4: Metal device Apple M5 Max, 128.00 GiB RAM
ds4: Metal 4 tensor API enabled for Tensor kernels
ds4: drift-patch flags hc_stable=on norm_unify=on kv_raw_f32=off rope_exp2_log2=off math_safe=off tensor_matmul=on
ds4: Metal SSD streaming mode enabled; full model residency and warmup are skipped
ds4: SSD streaming auto cache budget
ds4:   metal recommends 107.52 GiB working set
ds4:   using 84% total for model + cached experts: 90.00 GiB
ds4:   non-routed weights: 9.37 GiB
ds4:   routed expert size: 9.49 MiB
ds4:   expert budget before prefill reserve: 8698 (80.63 GiB)
ds4: metal SSD streaming cache target 80.63 GiB; effective 80.63 GiB = 7.12 GiB prefill headroom + 73.51 GiB dynamic cache (7930 experts, 9.49 MiB each)
ds4: Metal SSD static weights locked 9.37 GiB; pageable 0.00 GiB
ds4: SSD streaming initial metal model map (569 spans, 9.37 GiB tensor span)
ds4: metal backend initialized for graph diagnostics
ds4: memory: KV 0.06 GiB (raw 0.01 + compressed 0.05) + buffers 3.27 GiB + resident model 9.37 GiB + expert cache 73.51 GiB + prefill expert reserve 7.12 GiB = 93.33 GiB planned
ds4: memory detail: ctx=8192 prefill_cap=4096 raw_kv_rows=128 compressed_kv_rows=8193 backend=metal
0924 23:51:24 ds4-server: context buffers 3411.39 MiB (ctx=8192, backend=metal, prefill_chunk=4096, raw_kv_rows=128, compressed_kv_rows=8193)
ds4: V4.1 static context buffers 3411.39 MiB (ctx=8192), Engram disk-only
0924 23:51:24 ds4-server: listening on http://127.0.0.1:8016
0924 23:51:27 ds4-server: chat ctx=0..31:31 prompt start
ds4: shared/routed FFN overlap ran, mode 1
ds4: expert residency set on the queue
0924 23:51:27 ds4-server: chat ctx=0..31:31 prefill chunk 1/31 (3.2%) chunk=0.00 t/s avg=4.11 t/s 0.243s
0924 23:51:28 ds4-server: chat ctx=0..31:31 prefill chunk 2/31 (6.5%) chunk=5.18 t/s avg=4.58 t/s 0.436s
0924 23:51:28 ds4-server: chat ctx=0..31:31 prefill chunk 3/31 (9.7%) chunk=11.70 t/s avg=5.75 t/s 0.522s
0924 23:51:28 ds4-server: chat ctx=0..31:31 prefill chunk 4/31 (12.9%) chunk=13.03 t/s avg=6.68 t/s 0.598s
0924 23:51:28 ds4-server: chat ctx=0..31:31 prefill chunk 5/31 (16.1%) chunk=12.77 t/s avg=7.39 t/s 0.677s
0924 23:51:28 ds4-server: chat ctx=0..31:31 prefill chunk 6/31 (19.4%) chunk=15.49 t/s avg=8.09 t/s 0.741s
0924 23:51:28 ds4-server: chat ctx=0..31:31 prefill chunk 7/31 (22.6%) chunk=14.67 t/s avg=8.65 t/s 0.809s
0924 23:51:28 ds4-server: chat ctx=0..31:31 prefill chunk 8/31 (25.8%) chunk=14.88 t/s avg=9.13 t/s 0.877s
0924 23:51:28 ds4-server: chat ctx=0..31:31 prefill chunk 9/31 (29.0%) chunk=13.93 t/s avg=9.49 t/s 0.948s
0924 23:51:28 ds4-server: chat ctx=0..31:31 prefill chunk 10/31 (32.3%) chunk=14.96 t/s avg=9.85 t/s 1.015s
0924 23:51:28 ds4-server: chat ctx=0..31:31 prefill chunk 11/31 (35.5%) chunk=13.52 t/s avg=10.10 t/s 1.089s
0924 23:51:28 ds4-server: chat ctx=0..31:31 prefill chunk 12/31 (38.7%) chunk=16.22 t/s avg=10.43 t/s 1.151s
0924 23:51:28 ds4-server: chat ctx=0..31:31 prefill chunk 13/31 (41.9%) chunk=15.35 t/s avg=10.69 t/s 1.216s
0924 23:51:28 ds4-server: chat ctx=0..31:31 prefill chunk 14/31 (45.2%) chunk=16.02 t/s avg=10.95 t/s 1.278s
0924 23:51:29 ds4-server: chat ctx=0..31:31 prefill chunk 15/31 (48.4%) chunk=16.10 t/s avg=11.19 t/s 1.341s
0924 23:51:29 ds4-server: chat ctx=0..31:31 prefill chunk 16/31 (51.6%) chunk=13.14 t/s avg=11.29 t/s 1.417s
0924 23:51:29 ds4-server: chat ctx=0..31:31 prefill chunk 17/31 (54.8%) chunk=13.86 t/s avg=11.42 t/s 1.489s
0924 23:51:29 ds4-server: chat ctx=0..31:31 prefill chunk 18/31 (58.1%) chunk=12.27 t/s avg=11.46 t/s 1.570s
0924 23:51:29 ds4-server: chat ctx=0..31:31 prefill chunk 19/31 (61.3%) chunk=13.13 t/s avg=11.54 t/s 1.646s
0924 23:51:29 ds4-server: chat ctx=0..31:31 prefill chunk 20/31 (64.5%) chunk=13.90 t/s avg=11.64 t/s 1.718s
0924 23:51:29 ds4-server: chat ctx=0..31:31 prefill chunk 21/31 (67.7%) chunk=15.35 t/s avg=11.77 t/s 1.783s
0924 23:51:29 ds4-server: chat ctx=0..31:31 prefill chunk 22/31 (71.0%) chunk=12.81 t/s avg=11.82 t/s 1.862s
0924 23:51:29 ds4-server: chat ctx=0..31:31 prefill chunk 23/31 (74.2%) chunk=12.45 t/s avg=11.84 t/s 1.942s
0924 23:51:29 ds4-server: chat ctx=0..31:31 prefill chunk 24/31 (77.4%) chunk=10.88 t/s avg=11.80 t/s 2.034s
0924 23:51:29 ds4-server: chat ctx=0..31:31 prefill chunk 25/31 (80.6%) chunk=12.71 t/s avg=11.83 t/s 2.112s
0924 23:51:29 ds4-server: chat ctx=0..31:31 prefill chunk 26/31 (83.9%) chunk=11.89 t/s avg=11.84 t/s 2.197s
0924 23:51:29 ds4-server: chat ctx=0..31:31 prefill chunk 27/31 (87.1%) chunk=10.30 t/s avg=11.77 t/s 2.294s
0924 23:51:30 ds4-server: chat ctx=0..31:31 prefill chunk 28/31 (90.3%) chunk=10.07 t/s avg=11.70 t/s 2.393s
0924 23:51:30 ds4-server: chat ctx=0..31:31 prefill chunk 29/31 (93.5%) chunk=10.01 t/s avg=11.63 t/s 2.493s
0924 23:51:30 ds4-server: chat ctx=0..31:31 prefill chunk 30/31 (96.8%) chunk=10.47 t/s avg=11.59 t/s 2.588s
0924 23:51:30 ds4-server: chat ctx=0..31:31 prefill chunk 31/31 (100.0%) chunk=11.00 t/s avg=11.57 t/s 2.679s
0924 23:51:30 ds4-server: chat ctx=0..31:31 prompt done 2.682s
ds4: gate over tokens 1-64: 34.33 command buffers, 30.23 aborts, 240.0 expert ids accounted, 656.74 MiB loaded a token; 0 the gate failed to switch off, 0 it could not gate
ds4:   one token, exclusive, same window: entry 0.00 + encode 3.22 + commit-to-done 55.86 + repair-load 16.18 + accounting 0.03 + tail 0.97 = 76.25 of a 80.23 ms wall, residual 3.98
ds4:   of the commit-to-done: GPU running 51.52 ms, GPU not running 4.33 ms
ds4:   2038.6 gated dispatches a token, 69.6 of them behind an abort; 2808.7 sent plain ahead of a buffer's first validate
ds4:   encode-ahead: 2.09 segments used, 27.23 dropped, 3.69 ms a token spent encoding under the GPU
ds4:   concurrent sections: 350.53 attempted, 350.53 opened a token
ds4:   speculation: 0.00 layers a token, 0.00 lanes computed, 0.00 matched, 0.00 GEMVs actually saved, 0.00 left to compute; compared 0.00 lanes, 0.00 floats differ, 0.00 by more than an ulp
ds4:   expert cache over the last 64 tokens: 240.00 hits, 69.19 misses, 0.00 evictions a token; 4428 of 7930 entries live (55.8%)
ds4:   of the address-table holes repaired a token: 0.00 already resident, 69.19 genuinely absent
ds4:   residency a token: 69.19 adds, 0.00 removes, 69.19 commits
ds4: V4.1 block-local KV delta, 8 rows over 31 prefix keys
ds4: V4.1 batch attn_output_b hoisted out of the per-row loop (8 rows)
ds4: V4.1 block attention by level, 8 rows, concurrent section open
ds4: gate over tokens 65-128: 22.31 command buffers, 12.45 aborts, 240.0 expert ids accounted, 193.40 MiB loaded a token; 0 the gate failed to switch off, 0 it could not gate
ds4:   one token, exclusive, same window: entry 0.00 + encode 1.53 + commit-to-done 53.52 + repair-load 5.02 + accounting 0.04 + tail 1.82 = 61.93 of a 64.71 ms wall, residual 2.78
ds4:   of the commit-to-done: GPU running 83.99 ms, GPU not running -30.47 ms
ds4:   1681.7 gated dispatches a token, 27.5 of them behind an abort; 1516.1 sent plain ahead of a buffer's first validate
ds4:   encode-ahead: 7.86 segments used, 11.23 dropped, 2.63 ms a token spent encoding under the GPU
ds4:   concurrent sections: 195.50 attempted, 195.50 opened a token
ds4:   speculation: 0.00 layers a token, 0.00 lanes computed, 0.00 matched, 0.00 GEMVs actually saved, 0.00 left to compute; compared 0.00 lanes, 0.00 floats differ, 0.00 by more than an ulp
ds4:   expert cache over the last 64 tokens: 480.00 hits, 20.38 misses, 0.00 evictions a token; 5732 of 7930 entries live (72.3%)
ds4:   of the address-table holes repaired a token: 0.00 already resident, 20.38 genuinely absent
ds4:   residency a token: 20.38 adds, 0.00 removes, 20.38 commits
ds4: gate over tokens 129-192: 14.00 command buffers, 0.00 aborts, 240.0 expert ids accounted, 0.00 MiB loaded a token; 0 the gate failed to switch off, 0 it could not gate
ds4:   one token, exclusive, same window: entry 0.00 + encode 0.36 + commit-to-done 55.65 + repair-load 0.00 + accounting 0.03 + tail 1.90 = 57.94 of a 59.89 ms wall, residual 1.95
ds4:   of the commit-to-done: GPU running 85.95 ms, GPU not running -30.30 ms
ds4:   1429.8 gated dispatches a token, 0.0 of them behind an abort; 610.3 sent plain ahead of a buffer's first validate
ds4:   encode-ahead: 12.00 segments used, 0.00 dropped, 1.90 ms a token spent encoding under the GPU
ds4:   concurrent sections: 84.75 attempted, 84.75 opened a token
ds4:   speculation: 0.00 layers a token, 0.00 lanes computed, 0.00 matched, 0.00 GEMVs actually saved, 0.00 left to compute; compared 0.00 lanes, 0.00 floats differ, 0.00 by more than an ulp
ds4:   expert cache over the last 64 tokens: 480.00 hits, 0.00 misses, 0.00 evictions a token; 5732 of 7930 entries live (72.3%)
ds4:   of the address-table holes repaired a token: 0.00 already resident, 0.00 genuinely absent
ds4:   residency a token: 0.00 adds, 0.00 removes, 0.00 commits
ds4: gate over tokens 193-256: 14.00 command buffers, 0.00 aborts, 240.0 expert ids accounted, 0.00 MiB loaded a token; 0 the gate failed to switch off, 0 it could not gate
ds4:   one token, exclusive, same window: entry 0.00 + encode 0.35 + commit-to-done 55.67 + repair-load 0.00 + accounting 0.03 + tail 1.91 = 57.97 of a 59.93 ms wall, residual 1.96
ds4:   of the commit-to-done: GPU running 86.02 ms, GPU not running -30.34 ms
ds4:   1429.8 gated dispatches a token, 0.0 of them behind an abort; 610.3 sent plain ahead of a buffer's first validate
ds4:   encode-ahead: 12.00 segments used, 0.00 dropped, 1.91 ms a token spent encoding under the GPU
ds4:   concurrent sections: 84.75 attempted, 84.75 opened a token
ds4:   speculation: 0.00 layers a token, 0.00 lanes computed, 0.00 matched, 0.00 GEMVs actually saved, 0.00 left to compute; compared 0.00 lanes, 0.00 floats differ, 0.00 by more than an ulp
ds4:   expert cache over the last 64 tokens: 480.00 hits, 0.00 misses, 0.00 evictions a token; 5732 of 7930 entries live (72.3%)
ds4:   of the address-table holes repaired a token: 0.00 already resident, 0.00 genuinely absent
ds4:   residency a token: 0.00 adds, 0.00 removes, 0.00 commits
ds4: gate over tokens 257-320: 14.00 command buffers, 0.00 aborts, 240.0 expert ids accounted, 0.00 MiB loaded a token; 0 the gate failed to switch off, 0 it could not gate
ds4:   one token, exclusive, same window: entry 0.00 + encode 0.35 + commit-to-done 54.65 + repair-load 0.00 + accounting 0.03 + tail 1.89 = 56.93 of a 58.89 ms wall, residual 1.96
ds4:   of the commit-to-done: GPU running 85.38 ms, GPU not running -30.73 ms
ds4:   1429.8 gated dispatches a token, 0.0 of them behind an abort; 610.3 sent plain ahead of a buffer's first validate
ds4:   encode-ahead: 12.00 segments used, 0.00 dropped, 1.91 ms a token spent encoding under the GPU
ds4:   concurrent sections: 84.75 attempted, 84.75 opened a token
ds4:   speculation: 0.00 layers a token, 0.00 lanes computed, 0.00 matched, 0.00 GEMVs actually saved, 0.00 left to compute; compared 0.00 lanes, 0.00 floats differ, 0.00 by more than an ulp
ds4:   expert cache over the last 64 tokens: 480.00 hits, 0.00 misses, 0.00 evictions a token; 5732 of 7930 entries live (72.3%)
ds4:   of the address-table holes repaired a token: 0.00 already resident, 0.00 genuinely absent
ds4:   residency a token: 0.00 adds, 0.00 removes, 0.00 commits
ds4: gate over tokens 321-384: 14.00 command buffers, 0.00 aborts, 240.0 expert ids accounted, 0.00 MiB loaded a token; 0 the gate failed to switch off, 0 it could not gate
ds4:   one token, exclusive, same window: entry 0.00 + encode 0.37 + commit-to-done 54.15 + repair-load 0.00 + accounting 0.03 + tail 1.89 = 56.44 of a 58.49 ms wall, residual 2.05
ds4:   of the commit-to-done: GPU running 83.98 ms, GPU not running -29.83 ms
ds4:   1429.8 gated dispatches a token, 0.0 of them behind an abort; 610.3 sent plain ahead of a buffer's first validate
ds4:   encode-ahead: 12.00 segments used, 0.00 dropped, 2.00 ms a token spent encoding under the GPU
ds4:   concurrent sections: 84.75 attempted, 84.75 opened a token
ds4:   speculation: 0.00 layers a token, 0.00 lanes computed, 0.00 matched, 0.00 GEMVs actually saved, 0.00 left to compute; compared 0.00 lanes, 0.00 floats differ, 0.00 by more than an ulp
ds4:   expert cache over the last 64 tokens: 480.00 hits, 0.00 misses, 0.00 evictions a token; 5732 of 7930 entries live (72.3%)
ds4:   of the address-table holes repaired a token: 0.00 already resident, 0.00 genuinely absent
ds4:   residency a token: 0.00 adds, 0.00 removes, 0.00 commits
ds4: V4.1 verify selftest k=8, 64 positions from 31 (odd start, pair carry restored), 5 alternating rounds
  round 0: single 62.72 ms/token, batch 321.97 ms/step
  round 1: single 62.92 ms/token, batch 320.38 ms/step
  round 2: single 61.77 ms/token, batch 324.01 ms/step
  round 3: single 61.60 ms/token, batch 320.19 ms/step
  round 4: single 60.64 ms/token, batch 315.37 ms/step
ds4: gate over tokens 385-448: 14.00 command buffers, 0.00 aborts, 240.0 expert ids accounted, 0.00 MiB loaded a token; 0 the gate failed to switch off, 0 it could not gate
ds4:   one token, exclusive, same window: entry -0.00 + encode 0.36 + commit-to-done 53.67 + repair-load 0.00 + accounting 0.03 + tail 1.84 = 55.91 of a 57.93 ms wall, residual 2.02
ds4:   of the commit-to-done: GPU running 83.04 ms, GPU not running -29.37 ms
ds4:   1429.8 gated dispatches a token, 0.0 of them behind an abort; 610.4 sent plain ahead of a buffer's first validate
ds4:   encode-ahead: 12.00 segments used, 0.00 dropped, 1.97 ms a token spent encoding under the GPU
ds4:   concurrent sections: 84.75 attempted, 84.75 opened a token
ds4:   speculation: 0.00 layers a token, 0.00 lanes computed, 0.00 matched, 0.00 GEMVs actually saved, 0.00 left to compute; compared 0.00 lanes, 0.00 floats differ, 0.00 by more than an ulp
ds4:   expert cache over the last 64 tokens: 480.00 hits, 0.00 misses, 0.00 evictions a token; 5732 of 7930 entries live (72.3%)
ds4:   of the address-table holes repaired a token: 0.00 already resident, 0.00 genuinely absent
ds4:   residency a token: 0.00 adds, 0.00 removes, 0.00 commits
ds4: selftest control: a second single pass differs from the reference in 0 of 8273920 logits
  median single    : 61.77 ms/token
  median 8-row step: 320.38 ms = 5.19x one single step
  perfect-draft ceiling: 24.97 tok/s (100 tok/s requires <= 80.00 ms/step)
  block width      : 1.54x of 8 (needs 6.18x for 100 tok/s)
  concurrent       : 64546 sections opened of 64546 asked
  marginal row cost: 36.94 ms = 60% of a standalone token
  rollback         : reproduces its own output
  batch vs single  : identical argmax (320 rows checked)
  batch logits     : identical to the single pass
  break-even       : accept 65% of drafted tokens to beat single
  rolled-back passes agree with each other: yes
0924 23:52:14 ds4-server: chat ctx=31..35:4 gen=4 THINKING decoding chunk=0.09 t/s avg=0.09 t/s 44.561s
ds4-server: thinking not closed, ignoring incomplete DSML in reasoning
0924 23:52:14 ds4-server: chat ctx=0..31:31 gen=4 THINKING finish=length 47.243s
0924 23:52:16 ds4-server: shutdown requested, draining requests
