ds4: abort gate on for the first 40 layers
ds4: Metal device Apple M5 Max, 128.00 GiB RAM
ds4: Metal 4 tensor API enabled for Tensor kernels
ds4: drift-patch flags hc_stable=on norm_unify=on kv_raw_f32=off rope_exp2_log2=off math_safe=off tensor_matmul=on
ds4: Metal SSD streaming mode enabled; full model residency and warmup are skipped
ds4: SSD streaming auto cache budget
ds4:   metal recommends 107.52 GiB working set
ds4:   using 84% total for model + cached experts: 90.00 GiB
ds4:   non-routed weights: 9.37 GiB
ds4:   routed expert size: 9.49 MiB
ds4:   expert budget before prefill reserve: 8698 (80.63 GiB)
ds4: metal SSD streaming cache target 80.63 GiB; effective 80.63 GiB = 7.12 GiB prefill headroom + 73.51 GiB dynamic cache (7930 experts, 9.49 MiB each)
ds4: Metal SSD static weights locked 9.37 GiB; pageable 0.00 GiB
ds4: SSD streaming initial metal model map (569 spans, 9.37 GiB tensor span)
ds4: metal backend initialized for graph diagnostics
ds4: memory: KV 0.06 GiB (raw 0.01 + compressed 0.05) + buffers 3.27 GiB + resident model 9.37 GiB + expert cache 73.51 GiB + prefill expert reserve 7.12 GiB = 93.33 GiB planned
ds4: memory detail: ctx=8192 prefill_cap=4096 raw_kv_rows=128 compressed_kv_rows=8193 backend=metal
0924 22:32:42 ds4-server: context buffers 3411.39 MiB (ctx=8192, backend=metal, prefill_chunk=4096, raw_kv_rows=128, compressed_kv_rows=8193)
ds4: V4.1 static context buffers 3411.39 MiB (ctx=8192), Engram disk-only
0924 22:32:42 ds4-server: listening on http://127.0.0.1:8016
0924 22:32:45 ds4-server: chat ctx=0..31:31 prompt start
ds4: shared/routed FFN overlap ran, mode 1
ds4: expert residency set on the queue
0924 22:32:45 ds4-server: chat ctx=0..31:31 prefill chunk 1/31 (3.2%) chunk=0.00 t/s avg=5.71 t/s 0.175s
0924 22:32:45 ds4-server: chat ctx=0..31:31 prefill chunk 2/31 (6.5%) chunk=6.11 t/s avg=5.90 t/s 0.339s
0924 22:32:45 ds4-server: chat ctx=0..31:31 prefill chunk 3/31 (9.7%) chunk=6.31 t/s avg=6.03 t/s 0.497s
0924 22:32:45 ds4-server: chat ctx=0..31:31 prefill chunk 4/31 (12.9%) chunk=6.67 t/s avg=6.18 t/s 0.647s
0924 22:32:45 ds4-server: chat ctx=0..31:31 prefill chunk 5/31 (16.1%) chunk=6.48 t/s avg=6.24 t/s 0.802s
0924 22:32:45 ds4-server: chat ctx=0..31:31 prefill chunk 6/31 (19.4%) chunk=10.94 t/s avg=6.72 t/s 0.893s
0924 22:32:46 ds4-server: chat ctx=0..31:31 prefill chunk 7/31 (22.6%) chunk=13.57 t/s avg=7.24 t/s 0.967s
0924 22:32:46 ds4-server: chat ctx=0..31:31 prefill chunk 8/31 (25.8%) chunk=14.20 t/s avg=7.71 t/s 1.037s
0924 22:32:46 ds4-server: chat ctx=0..31:31 prefill chunk 9/31 (29.0%) chunk=11.39 t/s avg=8.00 t/s 1.125s
0924 22:32:46 ds4-server: chat ctx=0..31:31 prefill chunk 10/31 (32.3%) chunk=12.78 t/s avg=8.31 t/s 1.203s
0924 22:32:46 ds4-server: chat ctx=0..31:31 prefill chunk 11/31 (35.5%) chunk=10.75 t/s avg=8.49 t/s 1.296s
0924 22:32:46 ds4-server: chat ctx=0..31:31 prefill chunk 12/31 (38.7%) chunk=9.76 t/s avg=8.58 t/s 1.398s
0924 22:32:46 ds4-server: chat ctx=0..31:31 prefill chunk 13/31 (41.9%) chunk=12.99 t/s avg=8.81 t/s 1.475s
0924 22:32:46 ds4-server: chat ctx=0..31:31 prefill chunk 14/31 (45.2%) chunk=15.13 t/s avg=9.08 t/s 1.542s
0924 22:32:46 ds4-server: chat ctx=0..31:31 prefill chunk 15/31 (48.4%) chunk=15.86 t/s avg=9.35 t/s 1.605s
0924 22:32:46 ds4-server: chat ctx=0..31:31 prefill chunk 16/31 (51.6%) chunk=13.05 t/s avg=9.52 t/s 1.681s
0924 22:32:46 ds4-server: chat ctx=0..31:31 prefill chunk 17/31 (54.8%) chunk=12.83 t/s avg=9.66 t/s 1.759s
0924 22:32:46 ds4-server: chat ctx=0..31:31 prefill chunk 18/31 (58.1%) chunk=10.15 t/s avg=9.69 t/s 1.858s
0924 22:32:47 ds4-server: chat ctx=0..31:31 prefill chunk 19/31 (61.3%) chunk=9.29 t/s avg=9.67 t/s 1.965s
0924 22:32:47 ds4-server: chat ctx=0..31:31 prefill chunk 20/31 (64.5%) chunk=14.14 t/s avg=9.82 t/s 2.036s
0924 22:32:47 ds4-server: chat ctx=0..31:31 prefill chunk 21/31 (67.7%) chunk=15.77 t/s avg=10.00 t/s 2.100s
0924 22:32:47 ds4-server: chat ctx=0..31:31 prefill chunk 22/31 (71.0%) chunk=13.18 t/s avg=10.11 t/s 2.175s
0924 22:32:47 ds4-server: chat ctx=0..31:31 prefill chunk 23/31 (74.2%) chunk=15.24 t/s avg=10.26 t/s 2.241s
0924 22:32:47 ds4-server: chat ctx=0..31:31 prefill chunk 24/31 (77.4%) chunk=12.93 t/s avg=10.35 t/s 2.318s
0924 22:32:47 ds4-server: chat ctx=0..31:31 prefill chunk 25/31 (80.6%) chunk=13.90 t/s avg=10.46 t/s 2.390s
0924 22:32:47 ds4-server: chat ctx=0..31:31 prefill chunk 26/31 (83.9%) chunk=11.65 t/s avg=10.50 t/s 2.476s
0924 22:32:47 ds4-server: chat ctx=0..31:31 prefill chunk 27/31 (87.1%) chunk=8.39 t/s avg=10.40 t/s 2.595s
0924 22:32:47 ds4-server: chat ctx=0..31:31 prefill chunk 28/31 (90.3%) chunk=16.09 t/s avg=10.54 t/s 2.657s
0924 22:32:47 ds4-server: chat ctx=0..31:31 prefill chunk 29/31 (93.5%) chunk=15.40 t/s avg=10.65 t/s 2.722s
0924 22:32:47 ds4-server: chat ctx=0..31:31 prefill chunk 30/31 (96.8%) chunk=15.86 t/s avg=10.77 t/s 2.785s
0924 22:32:47 ds4-server: chat ctx=0..31:31 prefill chunk 31/31 (100.0%) chunk=17.62 t/s avg=10.91 t/s 2.842s
0924 22:32:47 ds4-server: chat ctx=0..31:31 prompt done 2.844s
ds4: grouped low projection, single rows against the batch:
ds4:   rows=2: identical after BF16
ds4:   rows=4: identical after BF16
ds4:   rows=8: identical after BF16
0924 22:32:48 ds4-server: chat ctx=31..35:4 gen=4 THINKING decoding chunk=13.91 t/s avg=13.91 t/s 0.288s
ds4-server: thinking not closed, ignoring incomplete DSML in reasoning
0924 22:32:48 ds4-server: chat ctx=0..31:31 gen=4 THINKING finish=length 3.132s
0924 22:32:50 ds4-server: shutdown requested, draining requests
