ds4: abort gate on for the first 40 layers
ds4: Metal device Apple M5 Max, 128.00 GiB RAM
ds4: Metal 4 tensor API enabled for Tensor kernels
ds4: drift-patch flags hc_stable=on norm_unify=on kv_raw_f32=off rope_exp2_log2=off math_safe=off tensor_matmul=on
ds4: Metal SSD streaming mode enabled; full model residency and warmup are skipped
ds4: SSD streaming auto cache budget
ds4:   metal recommends 107.52 GiB working set
ds4:   using 84% total for model + cached experts: 90.00 GiB
ds4:   non-routed weights: 9.37 GiB
ds4:   routed expert size: 9.49 MiB
ds4:   expert budget before prefill reserve: 8698 (80.63 GiB)
ds4: metal SSD streaming cache target 80.63 GiB; effective 80.63 GiB = 7.12 GiB prefill headroom + 73.51 GiB dynamic cache (7930 experts, 9.49 MiB each)
ds4: Metal SSD static weights locked 9.37 GiB; pageable 0.00 GiB
ds4: SSD streaming initial metal model map (569 spans, 9.37 GiB tensor span)
ds4: metal backend initialized for graph diagnostics
ds4: memory: KV 0.06 GiB (raw 0.01 + compressed 0.05) + buffers 3.27 GiB + resident model 9.37 GiB + expert cache 73.51 GiB + prefill expert reserve 7.12 GiB = 93.33 GiB planned
ds4: memory detail: ctx=8192 prefill_cap=4096 raw_kv_rows=128 compressed_kv_rows=8193 backend=metal
0924 22:04:08 ds4-server: context buffers 3411.39 MiB (ctx=8192, backend=metal, prefill_chunk=4096, raw_kv_rows=128, compressed_kv_rows=8193)
ds4: V4.1 static context buffers 3411.39 MiB (ctx=8192), Engram disk-only
0924 22:04:08 ds4-server: listening on http://127.0.0.1:8016
0924 22:04:10 ds4-server: chat ctx=0..31:31 prompt start
ds4: shared/routed FFN overlap ran, mode 1
ds4: expert residency set on the queue
0924 22:04:10 ds4-server: chat ctx=0..31:31 prefill chunk 1/31 (3.2%) chunk=0.00 t/s avg=5.74 t/s 0.174s
0924 22:04:10 ds4-server: chat ctx=0..31:31 prefill chunk 2/31 (6.5%) chunk=6.44 t/s avg=6.07 t/s 0.329s
0924 22:04:11 ds4-server: chat ctx=0..31:31 prefill chunk 3/31 (9.7%) chunk=6.24 t/s avg=6.13 t/s 0.490s
0924 22:04:11 ds4-server: chat ctx=0..31:31 prefill chunk 4/31 (12.9%) chunk=6.77 t/s avg=6.28 t/s 0.637s
0924 22:04:11 ds4-server: chat ctx=0..31:31 prefill chunk 5/31 (16.1%) chunk=10.86 t/s avg=6.86 t/s 0.729s
0924 22:04:11 ds4-server: chat ctx=0..31:31 prefill chunk 6/31 (19.4%) chunk=15.77 t/s avg=7.57 t/s 0.793s
0924 22:04:11 ds4-server: chat ctx=0..31:31 prefill chunk 7/31 (22.6%) chunk=12.68 t/s avg=8.03 t/s 0.872s
0924 22:04:11 ds4-server: chat ctx=0..31:31 prefill chunk 8/31 (25.8%) chunk=15.15 t/s avg=8.53 t/s 0.938s
0924 22:04:11 ds4-server: chat ctx=0..31:31 prefill chunk 9/31 (29.0%) chunk=13.40 t/s avg=8.89 t/s 1.012s
0924 22:04:11 ds4-server: chat ctx=0..31:31 prefill chunk 10/31 (32.3%) chunk=14.67 t/s avg=9.26 t/s 1.080s
0924 22:04:11 ds4-server: chat ctx=0..31:31 prefill chunk 11/31 (35.5%) chunk=12.52 t/s avg=9.48 t/s 1.160s
0924 22:04:11 ds4-server: chat ctx=0..31:31 prefill chunk 12/31 (38.7%) chunk=11.62 t/s avg=9.63 t/s 1.246s
0924 22:04:11 ds4-server: chat ctx=0..31:31 prefill chunk 13/31 (41.9%) chunk=10.29 t/s avg=9.68 t/s 1.343s
0924 22:04:12 ds4-server: chat ctx=0..31:31 prefill chunk 14/31 (45.2%) chunk=13.36 t/s avg=9.87 t/s 1.418s
0924 22:04:12 ds4-server: chat ctx=0..31:31 prefill chunk 15/31 (48.4%) chunk=14.41 t/s avg=10.08 t/s 1.488s
0924 22:04:12 ds4-server: chat ctx=0..31:31 prefill chunk 16/31 (51.6%) chunk=11.58 t/s avg=10.16 t/s 1.574s
0924 22:04:12 ds4-server: chat ctx=0..31:31 prefill chunk 17/31 (54.8%) chunk=11.17 t/s avg=10.22 t/s 1.664s
0924 22:04:12 ds4-server: chat ctx=0..31:31 prefill chunk 18/31 (58.1%) chunk=9.45 t/s avg=10.17 t/s 1.769s
0924 22:04:12 ds4-server: chat ctx=0..31:31 prefill chunk 19/31 (61.3%) chunk=9.28 t/s avg=10.12 t/s 1.877s
0924 22:04:12 ds4-server: chat ctx=0..31:31 prefill chunk 20/31 (64.5%) chunk=13.26 t/s avg=10.24 t/s 1.953s
0924 22:04:12 ds4-server: chat ctx=0..31:31 prefill chunk 21/31 (67.7%) chunk=14.94 t/s avg=10.40 t/s 2.019s
0924 22:04:12 ds4-server: chat ctx=0..31:31 prefill chunk 22/31 (71.0%) chunk=15.12 t/s avg=10.55 t/s 2.086s
0924 22:04:12 ds4-server: chat ctx=0..31:31 prefill chunk 23/31 (74.2%) chunk=16.13 t/s avg=10.71 t/s 2.148s
0924 22:04:12 ds4-server: chat ctx=0..31:31 prefill chunk 24/31 (77.4%) chunk=13.36 t/s avg=10.80 t/s 2.222s
0924 22:04:12 ds4-server: chat ctx=0..31:31 prefill chunk 25/31 (80.6%) chunk=13.02 t/s avg=10.87 t/s 2.299s
0924 22:04:12 ds4-server: chat ctx=0..31:31 prefill chunk 26/31 (83.9%) chunk=11.39 t/s avg=10.89 t/s 2.387s
0924 22:04:13 ds4-server: chat ctx=0..31:31 prefill chunk 27/31 (87.1%) chunk=10.95 t/s avg=10.89 t/s 2.478s
0924 22:04:13 ds4-server: chat ctx=0..31:31 prefill chunk 28/31 (90.3%) chunk=14.44 t/s avg=10.99 t/s 2.548s
0924 22:04:13 ds4-server: chat ctx=0..31:31 prefill chunk 29/31 (93.5%) chunk=11.84 t/s avg=11.02 t/s 2.632s
0924 22:04:13 ds4-server: chat ctx=0..31:31 prefill chunk 30/31 (96.8%) chunk=14.13 t/s avg=11.10 t/s 2.703s
0924 22:04:13 ds4-server: chat ctx=0..31:31 prefill chunk 31/31 (100.0%) chunk=14.89 t/s avg=11.19 t/s 2.770s
0924 22:04:13 ds4-server: chat ctx=0..31:31 prompt done 2.772s
ds4: gate over tokens 1-64: 34.33 command buffers, 30.23 aborts, 240.0 expert ids accounted, 656.74 MiB loaded a token; 0 the gate failed to switch off, 0 it could not gate
ds4:   one token, exclusive, same window: entry 0.00 + encode 3.87 + commit-to-done 50.09 + repair-load 15.39 + accounting 0.02 + tail 0.94 = 70.32 of a 74.59 ms wall, residual 4.27
ds4:   of the commit-to-done: GPU running 47.64 ms, GPU not running 2.45 ms
ds4:   2038.6 gated dispatches a token, 69.6 of them behind an abort; 2808.7 sent plain ahead of a buffer's first validate
ds4:   encode-ahead: 2.09 segments used, 27.23 dropped, 3.96 ms a token spent encoding under the GPU
ds4:   concurrent sections: 350.53 attempted, 350.53 opened a token
ds4:   speculation: 0.00 layers a token, 0.00 lanes computed, 0.00 matched, 0.00 GEMVs actually saved, 0.00 left to compute; compared 0.00 lanes, 0.00 floats differ, 0.00 by more than an ulp
ds4:   expert cache over the last 64 tokens: 240.00 hits, 69.19 misses, 0.00 evictions a token; 4428 of 7930 entries live (55.8%)
ds4:   of the address-table holes repaired a token: 0.00 already resident, 69.19 genuinely absent
ds4:   residency a token: 69.19 adds, 0.00 removes, 69.19 commits
ds4: V4.1 block-local KV delta, 8 rows over 31 prefix keys
ds4: V4.1 batch attn_output_b hoisted out of the per-row loop (8 rows)
ds4: V4.1 block attention by level, 8 rows, concurrent section open
ds4: gate over tokens 65-128: 22.31 command buffers, 12.45 aborts, 240.0 expert ids accounted, 193.40 MiB loaded a token; 0 the gate failed to switch off, 0 it could not gate
ds4:   one token, exclusive, same window: entry -0.00 + encode 1.42 + commit-to-done 44.92 + repair-load 4.35 + accounting 0.03 + tail 1.80 = 52.52 of a 55.21 ms wall, residual 2.69
ds4:   of the commit-to-done: GPU running 77.18 ms, GPU not running -32.26 ms
ds4:   1681.7 gated dispatches a token, 27.5 of them behind an abort; 1516.1 sent plain ahead of a buffer's first validate
ds4:   encode-ahead: 7.86 segments used, 11.23 dropped, 2.54 ms a token spent encoding under the GPU
ds4:   concurrent sections: 195.50 attempted, 195.50 opened a token
ds4:   speculation: 0.00 layers a token, 0.00 lanes computed, 0.00 matched, 0.00 GEMVs actually saved, 0.00 left to compute; compared 0.00 lanes, 0.00 floats differ, 0.00 by more than an ulp
ds4:   expert cache over the last 64 tokens: 480.00 hits, 20.38 misses, 0.00 evictions a token; 5732 of 7930 entries live (72.3%)
ds4:   of the address-table holes repaired a token: 0.00 already resident, 20.38 genuinely absent
ds4:   residency a token: 20.38 adds, 0.00 removes, 20.38 commits
ds4: V4.1 verify selftest k=8, 64 positions from 31 (odd start, pair carry restored), 1 alternating rounds
  round 0: single 52.26 ms/token, batch 325.37 ms/step
  median single    : 52.26 ms/token
  median 8-row step: 325.37 ms = 6.23x one single step
  perfect-draft ceiling: 24.59 tok/s (100 tok/s requires <= 80.00 ms/step)
  block width      : 1.29x of 8 (needs 5.23x for 100 tok/s)
  concurrent       : 37730 sections opened of 37730 asked
  marginal row cost: 39.01 ms = 75% of a standalone token
  rollback         : reproduces its own output
  batch vs single  : identical argmax (64 rows checked)
  break-even       : accept 78% of drafted tokens to beat single
  rolled-back passes agree with each other: yes
0924 22:04:26 ds4-server: chat ctx=31..35:4 gen=4 THINKING decoding chunk=0.31 t/s avg=0.31 t/s 13.045s
ds4-server: thinking not closed, ignoring incomplete DSML in reasoning
0924 22:04:26 ds4-server: chat ctx=0..31:31 gen=4 THINKING finish=length 15.817s
0924 22:04:28 ds4-server: shutdown requested, draining requests
