ds4: abort gate on for the first 40 layers
ds4: Metal device Apple M5 Max, 128.00 GiB RAM
ds4: Metal 4 tensor API enabled for Tensor kernels
ds4: drift-patch flags hc_stable=on norm_unify=on kv_raw_f32=off rope_exp2_log2=off math_safe=off tensor_matmul=on
ds4: Metal SSD streaming mode enabled; full model residency and warmup are skipped
ds4: SSD streaming auto cache budget
ds4:   metal recommends 107.52 GiB working set
ds4:   using 84% total for model + cached experts: 90.00 GiB
ds4:   non-routed weights: 9.37 GiB
ds4:   routed expert size: 9.49 MiB
ds4:   expert budget before prefill reserve: 8698 (80.63 GiB)
ds4: metal SSD streaming cache target 80.63 GiB; effective 80.63 GiB = 7.12 GiB prefill headroom + 73.51 GiB dynamic cache (7930 experts, 9.49 MiB each)
ds4: Metal SSD static weights locked 9.37 GiB; pageable 0.00 GiB
ds4: SSD streaming initial metal model map (569 spans, 9.37 GiB tensor span)
ds4: metal backend initialized for graph diagnostics
ds4: memory: KV 0.06 GiB (raw 0.01 + compressed 0.05) + buffers 3.27 GiB + resident model 9.37 GiB + expert cache 73.51 GiB + prefill expert reserve 7.12 GiB = 93.33 GiB planned
ds4: memory detail: ctx=8192 prefill_cap=4096 raw_kv_rows=128 compressed_kv_rows=8193 backend=metal
0925 00:47:51 ds4-server: context buffers 3411.39 MiB (ctx=8192, backend=metal, prefill_chunk=4096, raw_kv_rows=128, compressed_kv_rows=8193)
ds4: V4.1 static context buffers 3411.39 MiB (ctx=8192), Engram disk-only
0925 00:47:51 ds4-server: listening on http://127.0.0.1:8016
0925 00:47:53 ds4-server: chat ctx=0..31:31 prompt start
ds4: shared/routed FFN overlap ran, mode 1
ds4: expert residency set on the queue
0925 00:47:54 ds4-server: chat ctx=0..31:31 prefill chunk 1/31 (3.2%) chunk=0.00 t/s avg=5.20 t/s 0.192s
0925 00:47:54 ds4-server: chat ctx=0..31:31 prefill chunk 2/31 (6.5%) chunk=6.32 t/s avg=5.71 t/s 0.351s
0925 00:47:54 ds4-server: chat ctx=0..31:31 prefill chunk 3/31 (9.7%) chunk=6.68 t/s avg=6.00 t/s 0.500s
0925 00:47:54 ds4-server: chat ctx=0..31:31 prefill chunk 4/31 (12.9%) chunk=7.06 t/s avg=6.23 t/s 0.642s
0925 00:47:54 ds4-server: chat ctx=0..31:31 prefill chunk 5/31 (16.1%) chunk=7.04 t/s avg=6.38 t/s 0.784s
0925 00:47:54 ds4-server: chat ctx=0..31:31 prefill chunk 6/31 (19.4%) chunk=7.32 t/s avg=6.52 t/s 0.921s
0925 00:47:54 ds4-server: chat ctx=0..31:31 prefill chunk 7/31 (22.6%) chunk=10.16 t/s avg=6.87 t/s 1.019s
0925 00:47:54 ds4-server: chat ctx=0..31:31 prefill chunk 8/31 (25.8%) chunk=13.45 t/s avg=7.32 t/s 1.093s
0925 00:47:55 ds4-server: chat ctx=0..31:31 prefill chunk 9/31 (29.0%) chunk=11.36 t/s avg=7.62 t/s 1.181s
0925 00:47:55 ds4-server: chat ctx=0..31:31 prefill chunk 10/31 (32.3%) chunk=13.30 t/s avg=7.96 t/s 1.257s
0925 00:47:55 ds4-server: chat ctx=0..31:31 prefill chunk 11/31 (35.5%) chunk=11.95 t/s avg=8.21 t/s 1.340s
0925 00:47:55 ds4-server: chat ctx=0..31:31 prefill chunk 12/31 (38.7%) chunk=12.64 t/s avg=8.45 t/s 1.419s
0925 00:47:55 ds4-server: chat ctx=0..31:31 prefill chunk 13/31 (41.9%) chunk=9.27 t/s avg=8.51 t/s 1.527s
0925 00:47:55 ds4-server: chat ctx=0..31:31 prefill chunk 14/31 (45.2%) chunk=12.42 t/s avg=8.71 t/s 1.608s
0925 00:47:55 ds4-server: chat ctx=0..31:31 prefill chunk 15/31 (48.4%) chunk=14.56 t/s avg=8.95 t/s 1.677s
0925 00:47:55 ds4-server: chat ctx=0..31:31 prefill chunk 16/31 (51.6%) chunk=11.82 t/s avg=9.08 t/s 1.761s
0925 00:47:55 ds4-server: chat ctx=0..31:31 prefill chunk 17/31 (54.8%) chunk=11.73 t/s avg=9.21 t/s 1.846s
0925 00:47:55 ds4-server: chat ctx=0..31:31 prefill chunk 18/31 (58.1%) chunk=8.43 t/s avg=9.16 t/s 1.965s
0925 00:47:55 ds4-server: chat ctx=0..31:31 prefill chunk 19/31 (61.3%) chunk=12.27 t/s avg=9.28 t/s 2.046s
0925 00:47:55 ds4-server: chat ctx=0..31:31 prefill chunk 20/31 (64.5%) chunk=17.14 t/s avg=9.50 t/s 2.105s
0925 00:47:56 ds4-server: chat ctx=0..31:31 prefill chunk 21/31 (67.7%) chunk=19.21 t/s avg=9.74 t/s 2.157s
0925 00:47:56 ds4-server: chat ctx=0..31:31 prefill chunk 22/31 (71.0%) chunk=14.38 t/s avg=9.88 t/s 2.226s
0925 00:47:56 ds4-server: chat ctx=0..31:31 prefill chunk 23/31 (74.2%) chunk=17.53 t/s avg=10.07 t/s 2.283s
0925 00:47:56 ds4-server: chat ctx=0..31:31 prefill chunk 24/31 (77.4%) chunk=15.33 t/s avg=10.22 t/s 2.349s
0925 00:47:56 ds4-server: chat ctx=0..31:31 prefill chunk 25/31 (80.6%) chunk=18.26 t/s avg=10.40 t/s 2.403s
0925 00:47:56 ds4-server: chat ctx=0..31:31 prefill chunk 26/31 (83.9%) chunk=16.80 t/s avg=10.56 t/s 2.463s
0925 00:47:56 ds4-server: chat ctx=0..31:31 prefill chunk 27/31 (87.1%) chunk=14.55 t/s avg=10.66 t/s 2.532s
0925 00:47:56 ds4-server: chat ctx=0..31:31 prefill chunk 28/31 (90.3%) chunk=11.12 t/s avg=10.68 t/s 2.622s
0925 00:47:56 ds4-server: chat ctx=0..31:31 prefill chunk 29/31 (93.5%) chunk=10.00 t/s avg=10.66 t/s 2.722s
0925 00:47:56 ds4-server: chat ctx=0..31:31 prefill chunk 30/31 (96.8%) chunk=12.89 t/s avg=10.72 t/s 2.799s
0925 00:47:56 ds4-server: chat ctx=0..31:31 prefill chunk 31/31 (100.0%) chunk=14.01 t/s avg=10.80 t/s 2.871s
0925 00:47:56 ds4-server: chat ctx=0..31:31 prompt done 2.872s
ds4: iq2 gate/up pair 5120x2304, 8 activation rows:
ds4:   BR=1:  0.330 ms
ds4:   BR=2:  0.390 ms (0.85x BR=1), gate identical to BR=1
ds4:   BR=4:  0.876 ms (0.38x BR=1), gate identical to BR=1
0925 00:47:57 ds4-server: chat ctx=31..35:4 gen=4 THINKING decoding chunk=6.76 t/s avg=6.76 t/s 0.592s
ds4-server: thinking not closed, ignoring incomplete DSML in reasoning
0925 00:47:57 ds4-server: chat ctx=0..31:31 gen=4 THINKING finish=length 3.464s
0925 00:47:59 ds4-server: shutdown requested, draining requests
