ds4: abort gate on for the first 40 layers
ds4: Metal device Apple M5 Max, 128.00 GiB RAM
ds4: Metal 4 tensor API enabled for Tensor kernels
ds4: drift-patch flags hc_stable=on norm_unify=on kv_raw_f32=off rope_exp2_log2=off math_safe=off tensor_matmul=on
ds4: Metal SSD streaming mode enabled; full model residency and warmup are skipped
ds4: SSD streaming auto cache budget
ds4:   metal recommends 107.52 GiB working set
ds4:   using 84% total for model + cached experts: 90.00 GiB
ds4:   non-routed weights: 9.37 GiB
ds4:   routed expert size: 9.49 MiB
ds4:   expert budget before prefill reserve: 8698 (80.63 GiB)
ds4: metal SSD streaming cache target 80.63 GiB; effective 80.63 GiB = 7.12 GiB prefill headroom + 73.51 GiB dynamic cache (7930 experts, 9.49 MiB each)
ds4: Metal SSD static weights locked 9.37 GiB; pageable 0.00 GiB
ds4: SSD streaming initial metal model map (569 spans, 9.37 GiB tensor span)
ds4: metal backend initialized for graph diagnostics
ds4: memory: KV 0.06 GiB (raw 0.01 + compressed 0.05) + buffers 3.27 GiB + resident model 9.37 GiB + expert cache 73.51 GiB + prefill expert reserve 7.12 GiB = 93.33 GiB planned
ds4: memory detail: ctx=8192 prefill_cap=4096 raw_kv_rows=128 compressed_kv_rows=8193 backend=metal
0925 00:46:42 ds4-server: context buffers 3411.39 MiB (ctx=8192, backend=metal, prefill_chunk=4096, raw_kv_rows=128, compressed_kv_rows=8193)
ds4: V4.1 static context buffers 3411.39 MiB (ctx=8192), Engram disk-only
0925 00:46:42 ds4-server: listening on http://127.0.0.1:8016
0925 00:46:45 ds4-server: chat ctx=0..31:31 prompt start
ds4: shared/routed FFN overlap ran, mode 1
ds4: expert residency set on the queue
0925 00:46:45 ds4-server: chat ctx=0..31:31 prefill chunk 1/31 (3.2%) chunk=0.00 t/s avg=5.23 t/s 0.191s
0925 00:46:45 ds4-server: chat ctx=0..31:31 prefill chunk 2/31 (6.5%) chunk=10.26 t/s avg=6.93 t/s 0.289s
0925 00:46:46 ds4-server: chat ctx=0..31:31 prefill chunk 3/31 (9.7%) chunk=10.64 t/s avg=7.84 t/s 0.383s
0925 00:46:46 ds4-server: chat ctx=0..31:31 prefill chunk 4/31 (12.9%) chunk=12.90 t/s avg=8.69 t/s 0.460s
0925 00:46:46 ds4-server: chat ctx=0..31:31 prefill chunk 5/31 (16.1%) chunk=11.97 t/s avg=9.20 t/s 0.544s
0925 00:46:46 ds4-server: chat ctx=0..31:31 prefill chunk 6/31 (19.4%) chunk=12.41 t/s avg=9.61 t/s 0.624s
0925 00:46:46 ds4-server: chat ctx=0..31:31 prefill chunk 7/31 (22.6%) chunk=10.07 t/s avg=9.68 t/s 0.723s
0925 00:46:46 ds4-server: chat ctx=0..31:31 prefill chunk 8/31 (25.8%) chunk=13.02 t/s avg=10.00 t/s 0.800s
0925 00:46:46 ds4-server: chat ctx=0..31:31 prefill chunk 9/31 (29.0%) chunk=14.23 t/s avg=10.34 t/s 0.871s
0925 00:46:46 ds4-server: chat ctx=0..31:31 prefill chunk 10/31 (32.3%) chunk=15.62 t/s avg=10.70 t/s 0.935s
0925 00:46:46 ds4-server: chat ctx=0..31:31 prefill chunk 11/31 (35.5%) chunk=14.44 t/s avg=10.96 t/s 1.004s
0925 00:46:46 ds4-server: chat ctx=0..31:31 prefill chunk 12/31 (38.7%) chunk=17.29 t/s avg=11.30 t/s 1.062s
0925 00:46:46 ds4-server: chat ctx=0..31:31 prefill chunk 13/31 (41.9%) chunk=15.72 t/s avg=11.55 t/s 1.125s
0925 00:46:46 ds4-server: chat ctx=0..31:31 prefill chunk 14/31 (45.2%) chunk=16.67 t/s avg=11.81 t/s 1.185s
0925 00:46:46 ds4-server: chat ctx=0..31:31 prefill chunk 15/31 (48.4%) chunk=18.14 t/s avg=12.09 t/s 1.240s
0925 00:46:46 ds4-server: chat ctx=0..31:31 prefill chunk 16/31 (51.6%) chunk=14.75 t/s avg=12.23 t/s 1.308s
0925 00:46:46 ds4-server: chat ctx=0..31:31 prefill chunk 17/31 (54.8%) chunk=16.01 t/s avg=12.40 t/s 1.371s
0925 00:46:47 ds4-server: chat ctx=0..31:31 prefill chunk 18/31 (58.1%) chunk=14.45 t/s avg=12.50 t/s 1.440s
0925 00:46:47 ds4-server: chat ctx=0..31:31 prefill chunk 19/31 (61.3%) chunk=16.14 t/s avg=12.65 t/s 1.502s
0925 00:46:47 ds4-server: chat ctx=0..31:31 prefill chunk 20/31 (64.5%) chunk=14.90 t/s avg=12.75 t/s 1.569s
0925 00:46:47 ds4-server: chat ctx=0..31:31 prefill chunk 21/31 (67.7%) chunk=15.40 t/s avg=12.85 t/s 1.634s
0925 00:46:47 ds4-server: chat ctx=0..31:31 prefill chunk 22/31 (71.0%) chunk=17.00 t/s avg=13.00 t/s 1.693s
0925 00:46:47 ds4-server: chat ctx=0..31:31 prefill chunk 23/31 (74.2%) chunk=17.46 t/s avg=13.14 t/s 1.750s
0925 00:46:47 ds4-server: chat ctx=0..31:31 prefill chunk 24/31 (77.4%) chunk=15.01 t/s avg=13.21 t/s 1.817s
0925 00:46:47 ds4-server: chat ctx=0..31:31 prefill chunk 25/31 (80.6%) chunk=18.10 t/s avg=13.36 t/s 1.872s
0925 00:46:47 ds4-server: chat ctx=0..31:31 prefill chunk 26/31 (83.9%) chunk=17.42 t/s avg=13.48 t/s 1.929s
0925 00:46:47 ds4-server: chat ctx=0..31:31 prefill chunk 27/31 (87.1%) chunk=16.31 t/s avg=13.56 t/s 1.991s
0925 00:46:47 ds4-server: chat ctx=0..31:31 prefill chunk 28/31 (90.3%) chunk=14.31 t/s avg=13.59 t/s 2.060s
0925 00:46:47 ds4-server: chat ctx=0..31:31 prefill chunk 29/31 (93.5%) chunk=15.11 t/s avg=13.64 t/s 2.127s
0925 00:46:47 ds4-server: chat ctx=0..31:31 prefill chunk 30/31 (96.8%) chunk=17.20 t/s avg=13.73 t/s 2.185s
0925 00:46:47 ds4-server: chat ctx=0..31:31 prefill chunk 31/31 (100.0%) chunk=18.93 t/s avg=13.85 t/s 2.238s
0925 00:46:47 ds4-server: chat ctx=0..31:31 prompt done 2.239s
ds4: iq2 gate/up pair 5120x2304, 8 activation rows:
ds4: Metal model range 5.77..5.77 GiB is not covered by mapped model views
ds4: Metal model range 6.87..6.87 GiB is not covered by mapped model views
ds4:   BR=1 refused
ds4: Metal model range 5.77..5.77 GiB is not covered by mapped model views
ds4: Metal model range 6.87..6.87 GiB is not covered by mapped model views
ds4:   BR=2 refused
ds4: Metal model range 5.77..5.77 GiB is not covered by mapped model views
ds4: Metal model range 6.87..6.87 GiB is not covered by mapped model views
ds4:   BR=4 refused
0925 00:46:48 ds4-server: chat ctx=31..35:4 gen=4 THINKING decoding chunk=15.94 t/s avg=15.94 t/s 0.251s
ds4-server: thinking not closed, ignoring incomplete DSML in reasoning
0925 00:46:48 ds4-server: chat ctx=0..31:31 gen=4 THINKING finish=length 2.490s
0925 00:46:50 ds4-server: shutdown requested, draining requests
