ds4: abort gate on for the first 40 layers
ds4: Metal device Apple M5 Max, 128.00 GiB RAM
ds4: Metal 4 tensor API enabled for Tensor kernels
ds4: drift-patch flags hc_stable=on norm_unify=on kv_raw_f32=off rope_exp2_log2=off math_safe=off tensor_matmul=on
ds4: Metal SSD streaming mode enabled; full model residency and warmup are skipped
ds4: SSD streaming auto cache budget
ds4:   metal recommends 107.52 GiB working set
ds4:   using 84% total for model + cached experts: 90.00 GiB
ds4:   non-routed weights: 9.37 GiB
ds4:   routed expert size: 9.49 MiB
ds4:   expert budget before prefill reserve: 8698 (80.63 GiB)
ds4: metal SSD streaming cache target 80.63 GiB; effective 80.63 GiB = 7.12 GiB prefill headroom + 73.51 GiB dynamic cache (7930 experts, 9.49 MiB each)
ds4: Metal SSD static weights locked 9.37 GiB; pageable 0.00 GiB
ds4: SSD streaming initial metal model map (569 spans, 9.37 GiB tensor span)
ds4: metal backend initialized for graph diagnostics
ds4: memory: KV 0.06 GiB (raw 0.01 + compressed 0.05) + buffers 3.27 GiB + resident model 9.37 GiB + expert cache 73.51 GiB + prefill expert reserve 7.12 GiB = 93.33 GiB planned
ds4: memory detail: ctx=8192 prefill_cap=4096 raw_kv_rows=128 compressed_kv_rows=8193 backend=metal
0926 02:00:19 ds4-server: context buffers 3411.39 MiB (ctx=8192, backend=metal, prefill_chunk=4096, raw_kv_rows=128, compressed_kv_rows=8193)
ds4: V4.1 static context buffers 3411.39 MiB (ctx=8192), Engram disk-only
0926 02:00:19 ds4-server: listening on http://127.0.0.1:8016
0926 02:00:22 ds4-server: chat ctx=0..31:31 prompt start
ds4: shared/routed FFN overlap ran, mode 1
ds4: expert residency set on the queue
0926 02:00:22 ds4-server: chat ctx=0..31:31 prefill chunk 1/31 (3.2%) chunk=0.00 t/s avg=5.40 t/s 0.185s
0926 02:00:22 ds4-server: chat ctx=0..31:31 prefill chunk 2/31 (6.5%) chunk=10.12 t/s avg=7.04 t/s 0.284s
0926 02:00:22 ds4-server: chat ctx=0..31:31 prefill chunk 3/31 (9.7%) chunk=10.74 t/s avg=7.96 t/s 0.377s
0926 02:00:22 ds4-server: chat ctx=0..31:31 prefill chunk 4/31 (12.9%) chunk=10.78 t/s avg=8.52 t/s 0.470s
0926 02:00:22 ds4-server: chat ctx=0..31:31 prefill chunk 5/31 (16.1%) chunk=9.31 t/s avg=8.66 t/s 0.577s
0926 02:00:22 ds4-server: chat ctx=0..31:31 prefill chunk 6/31 (19.4%) chunk=14.66 t/s avg=9.30 t/s 0.645s
0926 02:00:22 ds4-server: chat ctx=0..31:31 prefill chunk 7/31 (22.6%) chunk=17.35 t/s avg=9.96 t/s 0.703s
0926 02:00:22 ds4-server: chat ctx=0..31:31 prefill chunk 8/31 (25.8%) chunk=18.22 t/s avg=10.56 t/s 0.758s
0926 02:00:22 ds4-server: chat ctx=0..31:31 prefill chunk 9/31 (29.0%) chunk=17.06 t/s avg=11.02 t/s 0.816s
0926 02:00:22 ds4-server: chat ctx=0..31:31 prefill chunk 10/31 (32.3%) chunk=18.35 t/s avg=11.48 t/s 0.871s
0926 02:00:22 ds4-server: chat ctx=0..31:31 prefill chunk 11/31 (35.5%) chunk=18.79 t/s avg=11.90 t/s 0.924s
0926 02:00:22 ds4-server: chat ctx=0..31:31 prefill chunk 12/31 (38.7%) chunk=19.29 t/s avg=12.30 t/s 0.976s
0926 02:00:23 ds4-server: chat ctx=0..31:31 prefill chunk 13/31 (41.9%) chunk=20.16 t/s avg=12.68 t/s 1.026s
0926 02:00:23 ds4-server: chat ctx=0..31:31 prefill chunk 14/31 (45.2%) chunk=20.81 t/s avg=13.04 t/s 1.074s
0926 02:00:23 ds4-server: chat ctx=0..31:31 prefill chunk 15/31 (48.4%) chunk=21.55 t/s avg=13.39 t/s 1.120s
0926 02:00:23 ds4-server: chat ctx=0..31:31 prefill chunk 16/31 (51.6%) chunk=19.49 t/s avg=13.66 t/s 1.171s
0926 02:00:23 ds4-server: chat ctx=0..31:31 prefill chunk 17/31 (54.8%) chunk=20.10 t/s avg=13.92 t/s 1.221s
0926 02:00:23 ds4-server: chat ctx=0..31:31 prefill chunk 18/31 (58.1%) chunk=18.99 t/s avg=14.13 t/s 1.274s
0926 02:00:23 ds4-server: chat ctx=0..31:31 prefill chunk 19/31 (61.3%) chunk=19.95 t/s avg=14.35 t/s 1.324s
0926 02:00:23 ds4-server: chat ctx=0..31:31 prefill chunk 20/31 (64.5%) chunk=21.41 t/s avg=14.59 t/s 1.371s
0926 02:00:23 ds4-server: chat ctx=0..31:31 prefill chunk 21/31 (67.7%) chunk=22.20 t/s avg=14.83 t/s 1.416s
0926 02:00:23 ds4-server: chat ctx=0..31:31 prefill chunk 22/31 (71.0%) chunk=21.59 t/s avg=15.05 t/s 1.462s
0926 02:00:23 ds4-server: chat ctx=0..31:31 prefill chunk 23/31 (74.2%) chunk=21.85 t/s avg=15.25 t/s 1.508s
0926 02:00:23 ds4-server: chat ctx=0..31:31 prefill chunk 24/31 (77.4%) chunk=20.19 t/s avg=15.41 t/s 1.557s
0926 02:00:23 ds4-server: chat ctx=0..31:31 prefill chunk 25/31 (80.6%) chunk=22.71 t/s avg=15.61 t/s 1.601s
0926 02:00:23 ds4-server: chat ctx=0..31:31 prefill chunk 26/31 (83.9%) chunk=23.07 t/s avg=15.81 t/s 1.645s
0926 02:00:23 ds4-server: chat ctx=0..31:31 prefill chunk 27/31 (87.1%) chunk=20.67 t/s avg=15.95 t/s 1.693s
0926 02:00:23 ds4-server: chat ctx=0..31:31 prefill chunk 28/31 (90.3%) chunk=17.02 t/s avg=15.98 t/s 1.752s
0926 02:00:23 ds4-server: chat ctx=0..31:31 prefill chunk 29/31 (93.5%) chunk=9.22 t/s avg=15.59 t/s 1.860s
0926 02:00:23 ds4-server: chat ctx=0..31:31 prefill chunk 30/31 (96.8%) chunk=13.18 t/s avg=15.49 t/s 1.936s
0926 02:00:23 ds4-server: chat ctx=0..31:31 prefill chunk 31/31 (100.0%) chunk=20.85 t/s avg=15.62 t/s 1.984s
0926 02:00:23 ds4-server: chat ctx=0..31:31 prompt done 1.986s
ds4: routed experts by K, layer 20, 6 used of 384, ff 2304
ds4: Metal model range 77.29..78.37 GiB is not covered by mapped model views
ds4: Metal model range 78.38..79.47 GiB is not covered by mapped model views
ds4: Metal model range 79.48..80.87 GiB is not covered by mapped model views
ds4:   distinct K=1 refused
ds4:   distinct K=2:  0.660 ms
ds4:   distinct K=4:  0.780 ms
ds4:   distinct K=8:  1.346 ms
ds4:   distinct fit over K=2..8: marginal row 0.114 ms, fixed 0.431 ms (32% of K=8); K=1 extrapolated 0.545 ms
ds4: Metal model range 77.29..78.37 GiB is not covered by mapped model views
ds4: Metal model range 78.38..79.47 GiB is not covered by mapped model views
ds4: Metal model range 79.48..80.87 GiB is not covered by mapped model views
ds4:   shared  K=1 refused
ds4:   shared  K=2:  0.513 ms
ds4:   shared  K=4:  0.776 ms
ds4:   K=8: 35840 of 40960 outputs differ between the two selections, so the experts are being read
ds4:   shared  K=8:  1.256 ms
ds4:   shared  fit over K=2..8: marginal row 0.124 ms, fixed 0.265 ms (21% of K=8); K=1 extrapolated 0.389 ms
0926 02:00:24 ds4-server: chat ctx=31..35:4 gen=4 THINKING decoding chunk=7.86 t/s avg=7.86 t/s 0.509s
ds4-server: thinking not closed, ignoring incomplete DSML in reasoning
0926 02:00:24 ds4-server: chat ctx=0..31:31 gen=4 THINKING finish=length 2.495s
0926 02:00:26 ds4-server: shutdown requested, draining requests
