ds4: abort gate on for the first 40 layers
ds4: Metal device Apple M5 Max, 128.00 GiB RAM
ds4: Metal 4 tensor API enabled for Tensor kernels
ds4: drift-patch flags hc_stable=on norm_unify=on kv_raw_f32=off rope_exp2_log2=off math_safe=off tensor_matmul=on
ds4: Metal SSD streaming mode enabled; full model residency and warmup are skipped
ds4: SSD streaming auto cache budget
ds4:   metal recommends 107.52 GiB working set
ds4:   using 84% total for model + cached experts: 90.00 GiB
ds4:   non-routed weights: 9.37 GiB
ds4:   routed expert size: 9.49 MiB
ds4:   expert budget before prefill reserve: 8698 (80.63 GiB)
ds4: metal SSD streaming cache target 80.63 GiB; effective 80.63 GiB = 7.12 GiB prefill headroom + 73.51 GiB dynamic cache (7930 experts, 9.49 MiB each)
ds4: Metal SSD static weights locked 9.37 GiB; pageable 0.00 GiB
ds4: SSD streaming initial metal model map (569 spans, 9.37 GiB tensor span)
ds4: metal backend initialized for graph diagnostics
ds4: memory: KV 0.06 GiB (raw 0.01 + compressed 0.05) + buffers 3.27 GiB + resident model 9.37 GiB + expert cache 73.51 GiB + prefill expert reserve 7.12 GiB = 93.33 GiB planned
ds4: memory detail: ctx=8192 prefill_cap=4096 raw_kv_rows=128 compressed_kv_rows=8193 backend=metal
0926 01:57:46 ds4-server: context buffers 3411.39 MiB (ctx=8192, backend=metal, prefill_chunk=4096, raw_kv_rows=128, compressed_kv_rows=8193)
ds4: V4.1 static context buffers 3411.39 MiB (ctx=8192), Engram disk-only
0926 01:57:46 ds4-server: listening on http://127.0.0.1:8016
0926 01:57:49 ds4-server: chat ctx=0..31:31 prompt start
ds4: shared/routed FFN overlap ran, mode 1
ds4: expert residency set on the queue
0926 01:57:49 ds4-server: chat ctx=0..31:31 prefill chunk 1/31 (3.2%) chunk=0.00 t/s avg=5.19 t/s 0.193s
0926 01:57:49 ds4-server: chat ctx=0..31:31 prefill chunk 2/31 (6.5%) chunk=11.58 t/s avg=7.17 t/s 0.279s
0926 01:57:49 ds4-server: chat ctx=0..31:31 prefill chunk 3/31 (9.7%) chunk=13.88 t/s avg=8.55 t/s 0.351s
0926 01:57:49 ds4-server: chat ctx=0..31:31 prefill chunk 4/31 (12.9%) chunk=14.71 t/s avg=9.55 t/s 0.419s
0926 01:57:49 ds4-server: chat ctx=0..31:31 prefill chunk 5/31 (16.1%) chunk=14.95 t/s avg=10.29 t/s 0.486s
0926 01:57:49 ds4-server: chat ctx=0..31:31 prefill chunk 6/31 (19.4%) chunk=18.16 t/s avg=11.09 t/s 0.541s
0926 01:57:49 ds4-server: chat ctx=0..31:31 prefill chunk 7/31 (22.6%) chunk=16.87 t/s avg=11.66 t/s 0.600s
0926 01:57:49 ds4-server: chat ctx=0..31:31 prefill chunk 8/31 (25.8%) chunk=17.86 t/s avg=12.19 t/s 0.656s
0926 01:57:49 ds4-server: chat ctx=0..31:31 prefill chunk 9/31 (29.0%) chunk=17.26 t/s avg=12.60 t/s 0.714s
0926 01:57:49 ds4-server: chat ctx=0..31:31 prefill chunk 10/31 (32.3%) chunk=18.43 t/s avg=13.01 t/s 0.768s
0926 01:57:49 ds4-server: chat ctx=0..31:31 prefill chunk 11/31 (35.5%) chunk=17.04 t/s avg=13.30 t/s 0.827s
0926 01:57:50 ds4-server: chat ctx=0..31:31 prefill chunk 12/31 (38.7%) chunk=19.43 t/s avg=13.66 t/s 0.879s
0926 01:57:50 ds4-server: chat ctx=0..31:31 prefill chunk 13/31 (41.9%) chunk=20.21 t/s avg=14.01 t/s 0.928s
0926 01:57:50 ds4-server: chat ctx=0..31:31 prefill chunk 14/31 (45.2%) chunk=20.64 t/s avg=14.34 t/s 0.976s
0926 01:57:50 ds4-server: chat ctx=0..31:31 prefill chunk 15/31 (48.4%) chunk=22.10 t/s avg=14.68 t/s 1.022s
0926 01:57:50 ds4-server: chat ctx=0..31:31 prefill chunk 16/31 (51.6%) chunk=19.37 t/s avg=14.91 t/s 1.073s
0926 01:57:50 ds4-server: chat ctx=0..31:31 prefill chunk 17/31 (54.8%) chunk=17.99 t/s avg=15.06 t/s 1.129s
0926 01:57:50 ds4-server: chat ctx=0..31:31 prefill chunk 18/31 (58.1%) chunk=18.90 t/s avg=15.23 t/s 1.182s
0926 01:57:50 ds4-server: chat ctx=0..31:31 prefill chunk 19/31 (61.3%) chunk=19.96 t/s avg=15.42 t/s 1.232s
0926 01:57:50 ds4-server: chat ctx=0..31:31 prefill chunk 20/31 (64.5%) chunk=21.22 t/s avg=15.64 t/s 1.279s
0926 01:57:50 ds4-server: chat ctx=0..31:31 prefill chunk 21/31 (67.7%) chunk=22.18 t/s avg=15.86 t/s 1.324s
0926 01:57:50 ds4-server: chat ctx=0..31:31 prefill chunk 22/31 (71.0%) chunk=21.33 t/s avg=16.05 t/s 1.371s
0926 01:57:50 ds4-server: chat ctx=0..31:31 prefill chunk 23/31 (74.2%) chunk=21.89 t/s avg=16.23 t/s 1.417s
0926 01:57:50 ds4-server: chat ctx=0..31:31 prefill chunk 24/31 (77.4%) chunk=19.91 t/s avg=16.36 t/s 1.467s
0926 01:57:50 ds4-server: chat ctx=0..31:31 prefill chunk 25/31 (80.6%) chunk=22.71 t/s avg=16.55 t/s 1.511s
0926 01:57:50 ds4-server: chat ctx=0..31:31 prefill chunk 26/31 (83.9%) chunk=23.13 t/s avg=16.73 t/s 1.554s
0926 01:57:50 ds4-server: chat ctx=0..31:31 prefill chunk 27/31 (87.1%) chunk=20.70 t/s avg=16.85 t/s 1.603s
0926 01:57:50 ds4-server: chat ctx=0..31:31 prefill chunk 28/31 (90.3%) chunk=20.32 t/s avg=16.95 t/s 1.652s
0926 01:57:50 ds4-server: chat ctx=0..31:31 prefill chunk 29/31 (93.5%) chunk=20.06 t/s avg=17.04 t/s 1.702s
0926 01:57:50 ds4-server: chat ctx=0..31:31 prefill chunk 30/31 (96.8%) chunk=20.49 t/s avg=17.14 t/s 1.750s
0926 01:57:50 ds4-server: chat ctx=0..31:31 prefill chunk 31/31 (100.0%) chunk=21.68 t/s avg=17.26 t/s 1.797s
0926 01:57:50 ds4-server: chat ctx=0..31:31 prompt done 1.798s
ds4: routed experts by K, layer 20, 6 used of 384, ff 2304
ds4: Metal model range 77.29..78.37 GiB is not covered by mapped model views
ds4: Metal model range 78.38..79.47 GiB is not covered by mapped model views
ds4: Metal model range 79.48..80.87 GiB is not covered by mapped model views
ds4:   distinct K=1 refused
ds4:   distinct K=2:  0.003 ms
ds4:   distinct K=4:  0.005 ms
ds4:   distinct K=8:  0.002 ms
ds4:   distinct fit over K=2..8: marginal row -0.000 ms, fixed 0.004 ms (196% of K=8); K=1 extrapolated 0.003 ms
ds4: Metal model range 77.29..78.37 GiB is not covered by mapped model views
ds4: Metal model range 78.38..79.47 GiB is not covered by mapped model views
ds4: Metal model range 79.48..80.87 GiB is not covered by mapped model views
ds4:   shared  K=1 refused
ds4:   shared  K=2:  0.002 ms
ds4:   shared  K=4:  0.005 ms
ds4:   K=8: 35840 of 40960 outputs differ between the two selections, so the experts are being read
ds4:   shared  K=8:  0.004 ms
ds4:   shared  fit over K=2..8: marginal row 0.000 ms, fixed 0.001 ms (14% of K=8); K=1 extrapolated 0.001 ms
0926 01:57:51 ds4-server: chat ctx=31..35:4 gen=4 THINKING decoding chunk=8.60 t/s avg=8.60 t/s 0.465s
ds4-server: thinking not closed, ignoring incomplete DSML in reasoning
0926 01:57:51 ds4-server: chat ctx=0..31:31 gen=4 THINKING finish=length 2.263s
0926 01:57:53 ds4-server: shutdown requested, draining requests
