ds4: abort gate on for the first 40 layers
ds4: Metal device Apple M5 Max, 128.00 GiB RAM
ds4: Metal 4 tensor API enabled for Tensor kernels
ds4: drift-patch flags hc_stable=on norm_unify=on kv_raw_f32=off rope_exp2_log2=off math_safe=off tensor_matmul=on
ds4: Metal SSD streaming mode enabled; full model residency and warmup are skipped
ds4: SSD streaming auto cache budget
ds4:   metal recommends 107.52 GiB working set
ds4:   using 84% total for model + cached experts: 90.00 GiB
ds4:   non-routed weights: 9.37 GiB
ds4:   routed expert size: 9.49 MiB
ds4:   expert budget before prefill reserve: 8698 (80.63 GiB)
ds4: metal SSD streaming cache target 80.63 GiB; effective 80.63 GiB = 7.12 GiB prefill headroom + 73.51 GiB dynamic cache (7930 experts, 9.49 MiB each)
ds4: Metal SSD static weights locked 9.37 GiB; pageable 0.00 GiB
ds4: SSD streaming initial metal model map (569 spans, 9.37 GiB tensor span)
ds4: metal backend initialized for graph diagnostics
ds4: memory: KV 0.06 GiB (raw 0.01 + compressed 0.05) + buffers 3.27 GiB + resident model 9.37 GiB + expert cache 73.51 GiB + prefill expert reserve 7.12 GiB = 93.33 GiB planned
ds4: memory detail: ctx=8192 prefill_cap=4096 raw_kv_rows=128 compressed_kv_rows=8193 backend=metal
0926 01:35:35 ds4-server: context buffers 3411.39 MiB (ctx=8192, backend=metal, prefill_chunk=4096, raw_kv_rows=128, compressed_kv_rows=8193)
ds4: V4.1 static context buffers 3411.39 MiB (ctx=8192), Engram disk-only
0926 01:35:35 ds4-server: listening on http://127.0.0.1:8016
0926 01:35:38 ds4-server: chat ctx=0..31:31 prompt start
ds4: shared/routed FFN overlap ran, mode 1
ds4: expert residency set on the queue
0926 01:35:38 ds4-server: chat ctx=0..31:31 prefill chunk 1/31 (3.2%) chunk=0.00 t/s avg=5.61 t/s 0.178s
0926 01:35:38 ds4-server: chat ctx=0..31:31 prefill chunk 2/31 (6.5%) chunk=6.67 t/s avg=6.09 t/s 0.328s
0926 01:35:38 ds4-server: chat ctx=0..31:31 prefill chunk 3/31 (9.7%) chunk=10.43 t/s avg=7.07 t/s 0.424s
0926 01:35:38 ds4-server: chat ctx=0..31:31 prefill chunk 4/31 (12.9%) chunk=16.32 t/s avg=8.24 t/s 0.485s
0926 01:35:38 ds4-server: chat ctx=0..31:31 prefill chunk 5/31 (16.1%) chunk=16.18 t/s avg=9.14 t/s 0.547s
0926 01:35:38 ds4-server: chat ctx=0..31:31 prefill chunk 6/31 (19.4%) chunk=19.36 t/s avg=10.02 t/s 0.599s
0926 01:35:38 ds4-server: chat ctx=0..31:31 prefill chunk 7/31 (22.6%) chunk=18.52 t/s avg=10.72 t/s 0.653s
0926 01:35:39 ds4-server: chat ctx=0..31:31 prefill chunk 8/31 (25.8%) chunk=17.97 t/s avg=11.29 t/s 0.709s
0926 01:35:39 ds4-server: chat ctx=0..31:31 prefill chunk 9/31 (29.0%) chunk=17.49 t/s avg=11.75 t/s 0.766s
0926 01:35:39 ds4-server: chat ctx=0..31:31 prefill chunk 10/31 (32.3%) chunk=19.32 t/s avg=12.23 t/s 0.817s
0926 01:35:39 ds4-server: chat ctx=0..31:31 prefill chunk 11/31 (35.5%) chunk=18.73 t/s avg=12.63 t/s 0.871s
0926 01:35:39 ds4-server: chat ctx=0..31:31 prefill chunk 12/31 (38.7%) chunk=20.80 t/s avg=13.06 t/s 0.919s
0926 01:35:39 ds4-server: chat ctx=0..31:31 prefill chunk 13/31 (41.9%) chunk=19.95 t/s avg=13.41 t/s 0.969s
0926 01:35:39 ds4-server: chat ctx=0..31:31 prefill chunk 14/31 (45.2%) chunk=20.43 t/s avg=13.75 t/s 1.018s
0926 01:35:39 ds4-server: chat ctx=0..31:31 prefill chunk 15/31 (48.4%) chunk=21.57 t/s avg=14.09 t/s 1.064s
0926 01:35:39 ds4-server: chat ctx=0..31:31 prefill chunk 16/31 (51.6%) chunk=18.08 t/s avg=14.29 t/s 1.120s
0926 01:35:39 ds4-server: chat ctx=0..31:31 prefill chunk 17/31 (54.8%) chunk=13.37 t/s avg=14.23 t/s 1.194s
0926 01:35:39 ds4-server: chat ctx=0..31:31 prefill chunk 18/31 (58.1%) chunk=11.72 t/s avg=14.06 t/s 1.280s
0926 01:35:39 ds4-server: chat ctx=0..31:31 prefill chunk 19/31 (61.3%) chunk=12.03 t/s avg=13.94 t/s 1.363s
0926 01:35:39 ds4-server: chat ctx=0..31:31 prefill chunk 20/31 (64.5%) chunk=12.32 t/s avg=13.85 t/s 1.444s
0926 01:35:39 ds4-server: chat ctx=0..31:31 prefill chunk 21/31 (67.7%) chunk=11.68 t/s avg=13.73 t/s 1.530s
0926 01:35:39 ds4-server: chat ctx=0..31:31 prefill chunk 22/31 (71.0%) chunk=11.59 t/s avg=13.61 t/s 1.616s
0926 01:35:40 ds4-server: chat ctx=0..31:31 prefill chunk 23/31 (74.2%) chunk=10.03 t/s avg=13.41 t/s 1.716s
0926 01:35:40 ds4-server: chat ctx=0..31:31 prefill chunk 24/31 (77.4%) chunk=14.28 t/s avg=13.44 t/s 1.786s
0926 01:35:40 ds4-server: chat ctx=0..31:31 prefill chunk 25/31 (80.6%) chunk=18.90 t/s avg=13.60 t/s 1.839s
0926 01:35:40 ds4-server: chat ctx=0..31:31 prefill chunk 26/31 (83.9%) chunk=19.15 t/s avg=13.75 t/s 1.891s
0926 01:35:40 ds4-server: chat ctx=0..31:31 prefill chunk 27/31 (87.1%) chunk=16.43 t/s avg=13.83 t/s 1.952s
0926 01:35:40 ds4-server: chat ctx=0..31:31 prefill chunk 28/31 (90.3%) chunk=15.65 t/s avg=13.89 t/s 2.016s
0926 01:35:40 ds4-server: chat ctx=0..31:31 prefill chunk 29/31 (93.5%) chunk=13.77 t/s avg=13.89 t/s 2.088s
0926 01:35:40 ds4-server: chat ctx=0..31:31 prefill chunk 30/31 (96.8%) chunk=12.68 t/s avg=13.84 t/s 2.167s
0926 01:35:40 ds4-server: chat ctx=0..31:31 prefill chunk 31/31 (100.0%) chunk=11.52 t/s avg=13.75 t/s 2.254s
0926 01:35:40 ds4-server: chat ctx=0..31:31 prompt done 2.256s
ds4: routed experts by K, layer 20, 6 used of 384, ff 2304
ds4: Metal model range 77.29..78.37 GiB is not covered by mapped model views
ds4: Metal model range 78.38..79.47 GiB is not covered by mapped model views
ds4: Metal model range 79.48..80.87 GiB is not covered by mapped model views
ds4:   K=1 refused (gate_row=1320 down_row=756 in=5120 mid=2304 out=5120 used=6)
ds4: Metal model range 77.29..78.37 GiB is not covered by mapped model views
ds4: Metal model range 78.38..79.47 GiB is not covered by mapped model views
ds4: Metal model range 79.48..80.87 GiB is not covered by mapped model views
ds4:   K=1 refused (gate_row=1320 down_row=756 in=5120 mid=2304 out=5120 used=6)
0926 01:35:40 ds4-server: chat ctx=31..35:4 gen=4 THINKING decoding chunk=11.52 t/s avg=11.52 t/s 0.347s
ds4-server: thinking not closed, ignoring incomplete DSML in reasoning
0926 01:35:40 ds4-server: chat ctx=0..31:31 gen=4 THINKING finish=length 2.604s
0926 01:35:42 ds4-server: shutdown requested, draining requests
