ds4: abort gate on for the first 40 layers
ds4: Metal device Apple M5 Max, 128.00 GiB RAM
ds4: Metal 4 tensor API enabled for Tensor kernels
ds4: drift-patch flags hc_stable=on norm_unify=on kv_raw_f32=off rope_exp2_log2=off math_safe=off tensor_matmul=on
ds4: Metal SSD streaming mode enabled; full model residency and warmup are skipped
ds4: SSD streaming auto cache budget
ds4:   metal recommends 107.52 GiB working set
ds4:   using 84% total for model + cached experts: 90.00 GiB
ds4:   non-routed weights: 9.37 GiB
ds4:   routed expert size: 9.49 MiB
ds4:   expert budget before prefill reserve: 8698 (80.63 GiB)
ds4: metal SSD streaming cache target 80.63 GiB; effective 80.63 GiB = 7.12 GiB prefill headroom + 73.51 GiB dynamic cache (7930 experts, 9.49 MiB each)
ds4: Metal SSD static weights locked 9.37 GiB; pageable 0.00 GiB
ds4: SSD streaming initial metal model map (569 spans, 9.37 GiB tensor span)
ds4: metal backend initialized for graph diagnostics
ds4: memory: KV 0.06 GiB (raw 0.01 + compressed 0.05) + buffers 3.27 GiB + resident model 9.37 GiB + expert cache 73.51 GiB + prefill expert reserve 7.12 GiB = 93.33 GiB planned
ds4: memory detail: ctx=8192 prefill_cap=4096 raw_kv_rows=128 compressed_kv_rows=8193 backend=metal
0926 01:34:39 ds4-server: context buffers 3411.39 MiB (ctx=8192, backend=metal, prefill_chunk=4096, raw_kv_rows=128, compressed_kv_rows=8193)
ds4: V4.1 static context buffers 3411.39 MiB (ctx=8192), Engram disk-only
0926 01:34:39 ds4-server: listening on http://127.0.0.1:8016
0926 01:34:42 ds4-server: chat ctx=0..31:31 prompt start
ds4: shared/routed FFN overlap ran, mode 1
ds4: expert residency set on the queue
0926 01:34:42 ds4-server: chat ctx=0..31:31 prefill chunk 1/31 (3.2%) chunk=0.00 t/s avg=5.45 t/s 0.183s
0926 01:34:42 ds4-server: chat ctx=0..31:31 prefill chunk 2/31 (6.5%) chunk=10.30 t/s avg=7.13 t/s 0.281s
0926 01:34:42 ds4-server: chat ctx=0..31:31 prefill chunk 3/31 (9.7%) chunk=13.91 t/s avg=8.51 t/s 0.352s
0926 01:34:42 ds4-server: chat ctx=0..31:31 prefill chunk 4/31 (12.9%) chunk=15.59 t/s avg=9.60 t/s 0.417s
0926 01:34:42 ds4-server: chat ctx=0..31:31 prefill chunk 5/31 (16.1%) chunk=15.38 t/s avg=10.38 t/s 0.482s
0926 01:34:42 ds4-server: chat ctx=0..31:31 prefill chunk 6/31 (19.4%) chunk=17.70 t/s avg=11.15 t/s 0.538s
0926 01:34:42 ds4-server: chat ctx=0..31:31 prefill chunk 7/31 (22.6%) chunk=16.34 t/s avg=11.68 t/s 0.599s
0926 01:34:42 ds4-server: chat ctx=0..31:31 prefill chunk 8/31 (25.8%) chunk=17.29 t/s avg=12.17 t/s 0.657s
0926 01:34:42 ds4-server: chat ctx=0..31:31 prefill chunk 9/31 (29.0%) chunk=16.11 t/s avg=12.51 t/s 0.719s
0926 01:34:42 ds4-server: chat ctx=0..31:31 prefill chunk 10/31 (32.3%) chunk=17.54 t/s avg=12.88 t/s 0.776s
0926 01:34:42 ds4-server: chat ctx=0..31:31 prefill chunk 11/31 (35.5%) chunk=15.98 t/s avg=13.11 t/s 0.839s
0926 01:34:43 ds4-server: chat ctx=0..31:31 prefill chunk 12/31 (38.7%) chunk=18.02 t/s avg=13.42 t/s 0.894s
0926 01:34:43 ds4-server: chat ctx=0..31:31 prefill chunk 13/31 (41.9%) chunk=15.85 t/s avg=13.58 t/s 0.957s
0926 01:34:43 ds4-server: chat ctx=0..31:31 prefill chunk 14/31 (45.2%) chunk=15.41 t/s avg=13.70 t/s 1.022s
0926 01:34:43 ds4-server: chat ctx=0..31:31 prefill chunk 15/31 (48.4%) chunk=14.79 t/s avg=13.76 t/s 1.090s
0926 01:34:43 ds4-server: chat ctx=0..31:31 prefill chunk 16/31 (51.6%) chunk=11.32 t/s avg=13.58 t/s 1.178s
0926 01:34:43 ds4-server: chat ctx=0..31:31 prefill chunk 17/31 (54.8%) chunk=11.13 t/s avg=13.41 t/s 1.268s
0926 01:34:43 ds4-server: chat ctx=0..31:31 prefill chunk 18/31 (58.1%) chunk=16.68 t/s avg=13.55 t/s 1.328s
0926 01:34:43 ds4-server: chat ctx=0..31:31 prefill chunk 19/31 (61.3%) chunk=17.58 t/s avg=13.72 t/s 1.385s
0926 01:34:43 ds4-server: chat ctx=0..31:31 prefill chunk 20/31 (64.5%) chunk=19.29 t/s avg=13.92 t/s 1.437s
0926 01:34:43 ds4-server: chat ctx=0..31:31 prefill chunk 21/31 (67.7%) chunk=19.84 t/s avg=14.12 t/s 1.487s
0926 01:34:43 ds4-server: chat ctx=0..31:31 prefill chunk 22/31 (71.0%) chunk=19.36 t/s avg=14.30 t/s 1.539s
0926 01:34:43 ds4-server: chat ctx=0..31:31 prefill chunk 23/31 (74.2%) chunk=19.65 t/s avg=14.47 t/s 1.590s
0926 01:34:43 ds4-server: chat ctx=0..31:31 prefill chunk 24/31 (77.4%) chunk=17.23 t/s avg=14.57 t/s 1.648s
0926 01:34:43 ds4-server: chat ctx=0..31:31 prefill chunk 25/31 (80.6%) chunk=20.44 t/s avg=14.74 t/s 1.697s
0926 01:34:43 ds4-server: chat ctx=0..31:31 prefill chunk 26/31 (83.9%) chunk=20.49 t/s avg=14.90 t/s 1.745s
0926 01:34:43 ds4-server: chat ctx=0..31:31 prefill chunk 27/31 (87.1%) chunk=18.32 t/s avg=15.00 t/s 1.800s
0926 01:34:43 ds4-server: chat ctx=0..31:31 prefill chunk 28/31 (90.3%) chunk=18.11 t/s avg=15.09 t/s 1.855s
0926 01:34:44 ds4-server: chat ctx=0..31:31 prefill chunk 29/31 (93.5%) chunk=17.44 t/s avg=15.16 t/s 1.913s
0926 01:34:44 ds4-server: chat ctx=0..31:31 prefill chunk 30/31 (96.8%) chunk=17.67 t/s avg=15.24 t/s 1.969s
0926 01:34:44 ds4-server: chat ctx=0..31:31 prefill chunk 31/31 (100.0%) chunk=18.83 t/s avg=15.33 t/s 2.022s
0926 01:34:44 ds4-server: chat ctx=0..31:31 prompt done 2.024s
ds4: routed experts by K, layer 20, 6 used of 384, ff 2304
ds4: Metal model range 77.29..78.37 GiB is not covered by mapped model views
ds4: Metal model range 78.38..79.47 GiB is not covered by mapped model views
ds4: Metal model range 79.48..80.87 GiB is not covered by mapped model views
ds4:   K=1 refused
ds4: Metal model range 77.29..78.37 GiB is not covered by mapped model views
ds4: Metal model range 78.38..79.47 GiB is not covered by mapped model views
ds4: Metal model range 79.48..80.87 GiB is not covered by mapped model views
ds4:   K=1 refused
0926 01:34:44 ds4-server: chat ctx=31..35:4 gen=4 THINKING decoding chunk=13.02 t/s avg=13.02 t/s 0.307s
ds4-server: thinking not closed, ignoring incomplete DSML in reasoning
0926 01:34:44 ds4-server: chat ctx=0..31:31 gen=4 THINKING finish=length 2.331s
0926 01:34:46 ds4-server: shutdown requested, draining requests
