ds4: abort gate on for the first 40 layers
ds4: Metal device Apple M5 Max, 128.00 GiB RAM
ds4: Metal 4 tensor API enabled for Tensor kernels
ds4: drift-patch flags hc_stable=on norm_unify=on kv_raw_f32=off rope_exp2_log2=off math_safe=off tensor_matmul=on
ds4: Metal SSD streaming mode enabled; full model residency and warmup are skipped
ds4: SSD streaming auto cache budget
ds4:   metal recommends 107.52 GiB working set
ds4:   using 84% total for model + cached experts: 90.00 GiB
ds4:   non-routed weights: 9.37 GiB
ds4:   routed expert size: 9.49 MiB
ds4:   expert budget before prefill reserve: 8698 (80.63 GiB)
ds4: metal SSD streaming cache target 80.63 GiB; effective 80.63 GiB = 7.12 GiB prefill headroom + 73.51 GiB dynamic cache (7930 experts, 9.49 MiB each)
ds4: Metal SSD static weights locked 9.37 GiB; pageable 0.00 GiB
ds4: SSD streaming initial metal model map (569 spans, 9.37 GiB tensor span)
ds4: metal backend initialized for graph diagnostics
ds4: memory: KV 0.06 GiB (raw 0.01 + compressed 0.05) + buffers 3.27 GiB + resident model 9.37 GiB + expert cache 73.51 GiB + prefill expert reserve 7.12 GiB = 93.33 GiB planned
ds4: memory detail: ctx=8192 prefill_cap=4096 raw_kv_rows=128 compressed_kv_rows=8193 backend=metal
0924 23:15:53 ds4-server: context buffers 3411.39 MiB (ctx=8192, backend=metal, prefill_chunk=4096, raw_kv_rows=128, compressed_kv_rows=8193)
ds4: V4.1 static context buffers 3411.39 MiB (ctx=8192), Engram disk-only
0924 23:15:53 ds4-server: listening on http://127.0.0.1:8016
0924 23:15:55 ds4-server: chat ctx=0..31:31 prompt start
ds4: shared/routed FFN overlap ran, mode 1
ds4: expert residency set on the queue
0924 23:15:55 ds4-server: chat ctx=0..31:31 prefill chunk 1/31 (3.2%) chunk=0.00 t/s avg=4.52 t/s 0.221s
0924 23:15:56 ds4-server: chat ctx=0..31:31 prefill chunk 2/31 (6.5%) chunk=5.21 t/s avg=4.84 t/s 0.413s
0924 23:15:56 ds4-server: chat ctx=0..31:31 prefill chunk 3/31 (9.7%) chunk=12.48 t/s avg=6.08 t/s 0.493s
0924 23:15:56 ds4-server: chat ctx=0..31:31 prefill chunk 4/31 (12.9%) chunk=13.30 t/s avg=7.04 t/s 0.568s
0924 23:15:56 ds4-server: chat ctx=0..31:31 prefill chunk 5/31 (16.1%) chunk=13.13 t/s avg=7.76 t/s 0.644s
0924 23:15:56 ds4-server: chat ctx=0..31:31 prefill chunk 6/31 (19.4%) chunk=15.70 t/s avg=8.47 t/s 0.708s
0924 23:15:56 ds4-server: chat ctx=0..31:31 prefill chunk 7/31 (22.6%) chunk=14.87 t/s avg=9.03 t/s 0.775s
0924 23:15:56 ds4-server: chat ctx=0..31:31 prefill chunk 8/31 (25.8%) chunk=15.01 t/s avg=9.50 t/s 0.842s
0924 23:15:56 ds4-server: chat ctx=0..31:31 prefill chunk 9/31 (29.0%) chunk=14.19 t/s avg=9.86 t/s 0.913s
0924 23:15:56 ds4-server: chat ctx=0..31:31 prefill chunk 10/31 (32.3%) chunk=15.28 t/s avg=10.23 t/s 0.978s
0924 23:15:56 ds4-server: chat ctx=0..31:31 prefill chunk 11/31 (35.5%) chunk=14.30 t/s avg=10.50 t/s 1.048s
0924 23:15:56 ds4-server: chat ctx=0..31:31 prefill chunk 12/31 (38.7%) chunk=17.01 t/s avg=10.84 t/s 1.107s
0924 23:15:56 ds4-server: chat ctx=0..31:31 prefill chunk 13/31 (41.9%) chunk=15.86 t/s avg=11.11 t/s 1.170s
0924 23:15:56 ds4-server: chat ctx=0..31:31 prefill chunk 14/31 (45.2%) chunk=16.71 t/s avg=11.39 t/s 1.230s
0924 23:15:57 ds4-server: chat ctx=0..31:31 prefill chunk 15/31 (48.4%) chunk=17.84 t/s avg=11.67 t/s 1.286s
0924 23:15:57 ds4-server: chat ctx=0..31:31 prefill chunk 16/31 (51.6%) chunk=14.69 t/s avg=11.82 t/s 1.354s
0924 23:15:57 ds4-server: chat ctx=0..31:31 prefill chunk 17/31 (54.8%) chunk=15.64 t/s avg=11.99 t/s 1.418s
0924 23:15:57 ds4-server: chat ctx=0..31:31 prefill chunk 18/31 (58.1%) chunk=15.25 t/s avg=12.14 t/s 1.483s
0924 23:15:57 ds4-server: chat ctx=0..31:31 prefill chunk 19/31 (61.3%) chunk=16.17 t/s avg=12.30 t/s 1.545s
0924 23:15:57 ds4-server: chat ctx=0..31:31 prefill chunk 20/31 (64.5%) chunk=18.64 t/s avg=12.51 t/s 1.599s
0924 23:15:57 ds4-server: chat ctx=0..31:31 prefill chunk 21/31 (67.7%) chunk=17.98 t/s avg=12.69 t/s 1.654s
0924 23:15:57 ds4-server: chat ctx=0..31:31 prefill chunk 22/31 (71.0%) chunk=16.71 t/s avg=12.83 t/s 1.714s
0924 23:15:57 ds4-server: chat ctx=0..31:31 prefill chunk 23/31 (74.2%) chunk=18.00 t/s avg=13.00 t/s 1.770s
0924 23:15:57 ds4-server: chat ctx=0..31:31 prefill chunk 24/31 (77.4%) chunk=16.87 t/s avg=13.12 t/s 1.829s
0924 23:15:57 ds4-server: chat ctx=0..31:31 prefill chunk 25/31 (80.6%) chunk=19.17 t/s avg=13.29 t/s 1.881s
0924 23:15:57 ds4-server: chat ctx=0..31:31 prefill chunk 26/31 (83.9%) chunk=19.77 t/s avg=13.46 t/s 1.932s
0924 23:15:57 ds4-server: chat ctx=0..31:31 prefill chunk 27/31 (87.1%) chunk=17.80 t/s avg=13.58 t/s 1.988s
0924 23:15:57 ds4-server: chat ctx=0..31:31 prefill chunk 28/31 (90.3%) chunk=16.22 t/s avg=13.66 t/s 2.050s
0924 23:15:57 ds4-server: chat ctx=0..31:31 prefill chunk 29/31 (93.5%) chunk=16.02 t/s avg=13.73 t/s 2.112s
0924 23:15:57 ds4-server: chat ctx=0..31:31 prefill chunk 30/31 (96.8%) chunk=16.15 t/s avg=13.80 t/s 2.174s
0924 23:15:57 ds4-server: chat ctx=0..31:31 prefill chunk 31/31 (100.0%) chunk=17.93 t/s avg=13.90 t/s 2.230s
0924 23:15:57 ds4-server: chat ctx=0..31:31 prompt done 2.231s
ds4: gate over tokens 1-64: 34.33 command buffers, 30.23 aborts, 240.0 expert ids accounted, 656.74 MiB loaded a token; 0 the gate failed to switch off, 0 it could not gate
ds4:   one token, exclusive, same window: entry 0.00 + encode 3.12 + commit-to-done 36.94 + repair-load 14.46 + accounting 0.02 + tail 0.72 = 55.27 of a 59.11 ms wall, residual 3.84
ds4:   of the commit-to-done: GPU running 33.53 ms, GPU not running 3.41 ms
ds4:   2038.6 gated dispatches a token, 69.6 of them behind an abort; 2808.7 sent plain ahead of a buffer's first validate
ds4:   encode-ahead: 2.09 segments used, 27.23 dropped, 3.59 ms a token spent encoding under the GPU
ds4:   concurrent sections: 350.53 attempted, 350.53 opened a token
ds4:   speculation: 0.00 layers a token, 0.00 lanes computed, 0.00 matched, 0.00 GEMVs actually saved, 0.00 left to compute; compared 0.00 lanes, 0.00 floats differ, 0.00 by more than an ulp
ds4:   expert cache over the last 64 tokens: 240.00 hits, 69.19 misses, 0.00 evictions a token; 4428 of 7930 entries live (55.8%)
ds4:   of the address-table holes repaired a token: 0.00 already resident, 69.19 genuinely absent
ds4:   residency a token: 69.19 adds, 0.00 removes, 69.19 commits
ds4: V4.1 block-local KV delta, 8 rows over 31 prefix keys
ds4: V4.1 batch attn_output_b hoisted out of the per-row loop (8 rows)
ds4: V4.1 block attention by level, 8 rows, concurrent section open
ds4: gate over tokens 65-128: 22.31 command buffers, 12.45 aborts, 240.0 expert ids accounted, 193.40 MiB loaded a token; 0 the gate failed to switch off, 0 it could not gate
ds4:   one token, exclusive, same window: entry 0.00 + encode 1.44 + commit-to-done 31.85 + repair-load 4.32 + accounting 0.03 + tail 1.39 = 39.02 of a 41.57 ms wall, residual 2.55
ds4:   of the commit-to-done: GPU running 50.37 ms, GPU not running -18.52 ms
ds4:   1681.7 gated dispatches a token, 27.5 of them behind an abort; 1516.1 sent plain ahead of a buffer's first validate
ds4:   encode-ahead: 7.86 segments used, 11.23 dropped, 2.42 ms a token spent encoding under the GPU
ds4:   concurrent sections: 195.50 attempted, 195.50 opened a token
ds4:   speculation: 0.00 layers a token, 0.00 lanes computed, 0.00 matched, 0.00 GEMVs actually saved, 0.00 left to compute; compared 0.00 lanes, 0.00 floats differ, 0.00 by more than an ulp
ds4:   expert cache over the last 64 tokens: 480.00 hits, 20.38 misses, 0.00 evictions a token; 5732 of 7930 entries live (72.3%)
ds4:   of the address-table holes repaired a token: 0.00 already resident, 20.38 genuinely absent
ds4:   residency a token: 20.38 adds, 0.00 removes, 20.38 commits
ds4: V4.1 verify selftest k=8, 64 positions from 31 (odd start, pair carry restored), 1 alternating rounds
  round 0: single 34.80 ms/token, batch 208.13 ms/step
  median single    : 34.80 ms/token
  median 8-row step: 208.13 ms = 5.98x one single step
  perfect-draft ceiling: 38.44 tok/s (100 tok/s requires <= 80.00 ms/step)
  block width      : 1.34x of 8 (needs 3.48x for 100 tok/s)
  concurrent       : 37730 sections opened of 37730 asked
  marginal row cost: 24.76 ms = 71% of a standalone token
  rollback         : reproduces its own output
  batch vs single  : identical argmax (64 rows checked)
  batch logits     : DIVERGED from the single pass
  break-even       : accept 75% of drafted tokens to beat single
  rolled-back passes agree with each other: yes
0924 23:16:07 ds4-server: chat ctx=31..35:4 gen=4 THINKING decoding chunk=0.44 t/s avg=0.44 t/s 9.079s
ds4-server: thinking not closed, ignoring incomplete DSML in reasoning
0924 23:16:07 ds4-server: chat ctx=0..31:31 gen=4 THINKING finish=length 11.311s
0924 23:16:09 ds4-server: shutdown requested, draining requests
