ds4: abort gate on for the first 40 layers
ds4: Metal device Apple M5 Max, 128.00 GiB RAM
ds4: Metal 4 tensor API enabled for Tensor kernels
ds4: drift-patch flags hc_stable=on norm_unify=on kv_raw_f32=off rope_exp2_log2=off math_safe=off tensor_matmul=on
ds4: Metal SSD streaming mode enabled; full model residency and warmup are skipped
ds4: SSD streaming auto cache budget
ds4:   metal recommends 107.52 GiB working set
ds4:   using 84% total for model + cached experts: 90.00 GiB
ds4:   non-routed weights: 9.37 GiB
ds4:   routed expert size: 9.49 MiB
ds4:   expert budget before prefill reserve: 8698 (80.63 GiB)
ds4: metal SSD streaming cache target 80.63 GiB; effective 80.63 GiB = 7.12 GiB prefill headroom + 73.51 GiB dynamic cache (7930 experts, 9.49 MiB each)
ds4: Metal SSD static weights locked 9.37 GiB; pageable 0.00 GiB
ds4: SSD streaming initial metal model map (569 spans, 9.37 GiB tensor span)
ds4: metal backend initialized for graph diagnostics
ds4: memory: KV 0.06 GiB (raw 0.01 + compressed 0.05) + buffers 3.27 GiB + resident model 9.37 GiB + expert cache 73.51 GiB + prefill expert reserve 7.12 GiB = 93.33 GiB planned
ds4: memory detail: ctx=8192 prefill_cap=4096 raw_kv_rows=128 compressed_kv_rows=8193 backend=metal
0925 09:33:19 ds4-server: context buffers 3411.39 MiB (ctx=8192, backend=metal, prefill_chunk=4096, raw_kv_rows=128, compressed_kv_rows=8193)
ds4: V4.1 static context buffers 3411.39 MiB (ctx=8192), Engram disk-only
0925 09:33:19 ds4-server: listening on http://127.0.0.1:8016
0925 09:33:22 ds4-server: chat ctx=0..31:31 prompt start
ds4: shared/routed FFN overlap ran, mode 1
ds4: expert residency set on the queue
0925 09:33:22 ds4-server: chat ctx=0..31:31 prefill chunk 1/31 (3.2%) chunk=0.00 t/s avg=4.73 t/s 0.212s
0925 09:33:22 ds4-server: chat ctx=0..31:31 prefill chunk 2/31 (6.5%) chunk=9.99 t/s avg=6.41 t/s 0.312s
0925 09:33:22 ds4-server: chat ctx=0..31:31 prefill chunk 3/31 (9.7%) chunk=11.72 t/s avg=7.55 t/s 0.397s
0925 09:33:22 ds4-server: chat ctx=0..31:31 prefill chunk 4/31 (12.9%) chunk=13.01 t/s avg=8.44 t/s 0.474s
0925 09:33:22 ds4-server: chat ctx=0..31:31 prefill chunk 5/31 (16.1%) chunk=13.64 t/s avg=9.14 t/s 0.547s
0925 09:33:22 ds4-server: chat ctx=0..31:31 prefill chunk 6/31 (19.4%) chunk=16.13 t/s avg=9.85 t/s 0.609s
0925 09:33:22 ds4-server: chat ctx=0..31:31 prefill chunk 7/31 (22.6%) chunk=14.31 t/s avg=10.31 t/s 0.679s
0925 09:33:23 ds4-server: chat ctx=0..31:31 prefill chunk 8/31 (25.8%) chunk=15.18 t/s avg=10.74 t/s 0.745s
0925 09:33:23 ds4-server: chat ctx=0..31:31 prefill chunk 9/31 (29.0%) chunk=14.52 t/s avg=11.06 t/s 0.814s
0925 09:33:23 ds4-server: chat ctx=0..31:31 prefill chunk 10/31 (32.3%) chunk=16.12 t/s avg=11.42 t/s 0.876s
0925 09:33:23 ds4-server: chat ctx=0..31:31 prefill chunk 11/31 (35.5%) chunk=15.23 t/s avg=11.68 t/s 0.942s
0925 09:33:23 ds4-server: chat ctx=0..31:31 prefill chunk 12/31 (38.7%) chunk=17.91 t/s avg=12.03 t/s 0.997s
0925 09:33:23 ds4-server: chat ctx=0..31:31 prefill chunk 13/31 (41.9%) chunk=16.46 t/s avg=12.28 t/s 1.058s
0925 09:33:23 ds4-server: chat ctx=0..31:31 prefill chunk 14/31 (45.2%) chunk=16.99 t/s avg=12.53 t/s 1.117s
0925 09:33:23 ds4-server: chat ctx=0..31:31 prefill chunk 15/31 (48.4%) chunk=16.63 t/s avg=12.74 t/s 1.177s
0925 09:33:23 ds4-server: chat ctx=0..31:31 prefill chunk 16/31 (51.6%) chunk=12.16 t/s avg=12.70 t/s 1.259s
0925 09:33:23 ds4-server: chat ctx=0..31:31 prefill chunk 17/31 (54.8%) chunk=10.05 t/s avg=12.51 t/s 1.359s
0925 09:33:23 ds4-server: chat ctx=0..31:31 prefill chunk 18/31 (58.1%) chunk=6.84 t/s avg=11.96 t/s 1.505s
0925 09:33:23 ds4-server: chat ctx=0..31:31 prefill chunk 19/31 (61.3%) chunk=14.51 t/s avg=12.07 t/s 1.574s
0925 09:33:23 ds4-server: chat ctx=0..31:31 prefill chunk 20/31 (64.5%) chunk=18.05 t/s avg=12.27 t/s 1.630s
0925 09:33:23 ds4-server: chat ctx=0..31:31 prefill chunk 21/31 (67.7%) chunk=18.41 t/s avg=12.47 t/s 1.684s
0925 09:33:24 ds4-server: chat ctx=0..31:31 prefill chunk 22/31 (71.0%) chunk=19.08 t/s avg=12.67 t/s 1.736s
0925 09:33:24 ds4-server: chat ctx=0..31:31 prefill chunk 23/31 (74.2%) chunk=19.94 t/s avg=12.87 t/s 1.786s
0925 09:33:24 ds4-server: chat ctx=0..31:31 prefill chunk 24/31 (77.4%) chunk=17.64 t/s avg=13.02 t/s 1.843s
0925 09:33:24 ds4-server: chat ctx=0..31:31 prefill chunk 25/31 (80.6%) chunk=19.56 t/s avg=13.20 t/s 1.894s
0925 09:33:24 ds4-server: chat ctx=0..31:31 prefill chunk 26/31 (83.9%) chunk=20.75 t/s avg=13.38 t/s 1.942s
0925 09:33:24 ds4-server: chat ctx=0..31:31 prefill chunk 27/31 (87.1%) chunk=18.48 t/s avg=13.52 t/s 1.997s
0925 09:33:24 ds4-server: chat ctx=0..31:31 prefill chunk 28/31 (90.3%) chunk=17.94 t/s avg=13.64 t/s 2.052s
0925 09:33:24 ds4-server: chat ctx=0..31:31 prefill chunk 29/31 (93.5%) chunk=17.15 t/s avg=13.74 t/s 2.111s
0925 09:33:24 ds4-server: chat ctx=0..31:31 prefill chunk 30/31 (96.8%) chunk=16.86 t/s avg=13.83 t/s 2.170s
0925 09:33:24 ds4-server: chat ctx=0..31:31 prefill chunk 31/31 (100.0%) chunk=18.09 t/s avg=13.93 t/s 2.225s
0925 09:33:24 ds4-server: chat ctx=0..31:31 prompt done 2.227s
