ds4: abort gate on for the first 40 layers
ds4: Metal device Apple M5 Max, 128.00 GiB RAM
ds4: Metal 4 tensor API enabled for Tensor kernels
ds4: drift-patch flags hc_stable=on norm_unify=on kv_raw_f32=off rope_exp2_log2=off math_safe=off tensor_matmul=on
ds4: Metal SSD streaming mode enabled; full model residency and warmup are skipped
ds4: SSD streaming auto cache budget
ds4:   metal recommends 107.52 GiB working set
ds4:   using 84% total for model + cached experts: 90.00 GiB
ds4:   non-routed weights: 9.37 GiB
ds4:   routed expert size: 9.49 MiB
ds4:   expert budget before prefill reserve: 8698 (80.63 GiB)
ds4: metal SSD streaming cache target 80.63 GiB; effective 80.63 GiB = 7.12 GiB prefill headroom + 73.51 GiB dynamic cache (7930 experts, 9.49 MiB each)
ds4: Metal SSD static weights locked 9.37 GiB; pageable 0.00 GiB
ds4: SSD streaming initial metal model map (569 spans, 9.37 GiB tensor span)
ds4: metal backend initialized for graph diagnostics
ds4: memory: KV 0.06 GiB (raw 0.01 + compressed 0.05) + buffers 3.27 GiB + resident model 9.37 GiB + expert cache 73.51 GiB + prefill expert reserve 7.12 GiB = 93.33 GiB planned
ds4: memory detail: ctx=8192 prefill_cap=4096 raw_kv_rows=128 compressed_kv_rows=8193 backend=metal
0924 23:18:51 ds4-server: context buffers 3411.39 MiB (ctx=8192, backend=metal, prefill_chunk=4096, raw_kv_rows=128, compressed_kv_rows=8193)
ds4: V4.1 static context buffers 3411.39 MiB (ctx=8192), Engram disk-only
0924 23:18:51 ds4-server: listening on http://127.0.0.1:8016
0924 23:18:54 ds4-server: chat ctx=0..31:31 prompt start
ds4: shared/routed FFN overlap ran, mode 1
ds4: expert residency set on the queue
0924 23:18:54 ds4-server: chat ctx=0..31:31 prefill chunk 1/31 (3.2%) chunk=0.00 t/s avg=4.60 t/s 0.217s
0924 23:18:55 ds4-server: chat ctx=0..31:31 prefill chunk 2/31 (6.5%) chunk=6.67 t/s avg=5.45 t/s 0.367s
0924 23:18:55 ds4-server: chat ctx=0..31:31 prefill chunk 3/31 (9.7%) chunk=10.11 t/s avg=6.44 t/s 0.466s
0924 23:18:55 ds4-server: chat ctx=0..31:31 prefill chunk 4/31 (12.9%) chunk=13.27 t/s avg=7.39 t/s 0.541s
0924 23:18:55 ds4-server: chat ctx=0..31:31 prefill chunk 5/31 (16.1%) chunk=13.74 t/s avg=8.14 t/s 0.614s
0924 23:18:55 ds4-server: chat ctx=0..31:31 prefill chunk 6/31 (19.4%) chunk=15.48 t/s avg=8.84 t/s 0.679s
0924 23:18:55 ds4-server: chat ctx=0..31:31 prefill chunk 7/31 (22.6%) chunk=15.40 t/s avg=9.41 t/s 0.744s
0924 23:18:55 ds4-server: chat ctx=0..31:31 prefill chunk 8/31 (25.8%) chunk=14.79 t/s avg=9.86 t/s 0.811s
0924 23:18:55 ds4-server: chat ctx=0..31:31 prefill chunk 9/31 (29.0%) chunk=13.96 t/s avg=10.19 t/s 0.883s
0924 23:18:55 ds4-server: chat ctx=0..31:31 prefill chunk 10/31 (32.3%) chunk=16.11 t/s avg=10.58 t/s 0.945s
0924 23:18:55 ds4-server: chat ctx=0..31:31 prefill chunk 11/31 (35.5%) chunk=14.19 t/s avg=10.83 t/s 1.015s
0924 23:18:55 ds4-server: chat ctx=0..31:31 prefill chunk 12/31 (38.7%) chunk=17.06 t/s avg=11.17 t/s 1.074s
0924 23:18:55 ds4-server: chat ctx=0..31:31 prefill chunk 13/31 (41.9%) chunk=15.62 t/s avg=11.42 t/s 1.138s
0924 23:18:55 ds4-server: chat ctx=0..31:31 prefill chunk 14/31 (45.2%) chunk=16.73 t/s avg=11.69 t/s 1.198s
0924 23:18:55 ds4-server: chat ctx=0..31:31 prefill chunk 15/31 (48.4%) chunk=18.04 t/s avg=11.97 t/s 1.253s
0924 23:18:55 ds4-server: chat ctx=0..31:31 prefill chunk 16/31 (51.6%) chunk=14.26 t/s avg=12.09 t/s 1.323s
0924 23:18:56 ds4-server: chat ctx=0..31:31 prefill chunk 17/31 (54.8%) chunk=15.60 t/s avg=12.25 t/s 1.387s
0924 23:18:56 ds4-server: chat ctx=0..31:31 prefill chunk 18/31 (58.1%) chunk=14.51 t/s avg=12.36 t/s 1.456s
0924 23:18:56 ds4-server: chat ctx=0..31:31 prefill chunk 19/31 (61.3%) chunk=14.75 t/s avg=12.47 t/s 1.524s
0924 23:18:56 ds4-server: chat ctx=0..31:31 prefill chunk 20/31 (64.5%) chunk=12.97 t/s avg=12.49 t/s 1.601s
0924 23:18:56 ds4-server: chat ctx=0..31:31 prefill chunk 21/31 (67.7%) chunk=11.83 t/s avg=12.46 t/s 1.686s
0924 23:18:56 ds4-server: chat ctx=0..31:31 prefill chunk 22/31 (71.0%) chunk=8.81 t/s avg=12.23 t/s 1.799s
0924 23:18:56 ds4-server: chat ctx=0..31:31 prefill chunk 23/31 (74.2%) chunk=13.96 t/s avg=12.29 t/s 1.871s
0924 23:18:56 ds4-server: chat ctx=0..31:31 prefill chunk 24/31 (77.4%) chunk=15.70 t/s avg=12.41 t/s 1.935s
0924 23:18:56 ds4-server: chat ctx=0..31:31 prefill chunk 25/31 (80.6%) chunk=19.16 t/s avg=12.58 t/s 1.987s
0924 23:18:56 ds4-server: chat ctx=0..31:31 prefill chunk 26/31 (83.9%) chunk=20.11 t/s avg=12.77 t/s 2.037s
0924 23:18:56 ds4-server: chat ctx=0..31:31 prefill chunk 27/31 (87.1%) chunk=17.74 t/s avg=12.90 t/s 2.093s
0924 23:18:56 ds4-server: chat ctx=0..31:31 prefill chunk 28/31 (90.3%) chunk=16.24 t/s avg=13.00 t/s 2.154s
0924 23:18:56 ds4-server: chat ctx=0..31:31 prefill chunk 29/31 (93.5%) chunk=15.60 t/s avg=13.07 t/s 2.219s
0924 23:18:56 ds4-server: chat ctx=0..31:31 prefill chunk 30/31 (96.8%) chunk=16.09 t/s avg=13.15 t/s 2.281s
0924 23:18:56 ds4-server: chat ctx=0..31:31 prefill chunk 31/31 (100.0%) chunk=17.71 t/s avg=13.26 t/s 2.337s
0924 23:18:56 ds4-server: chat ctx=0..31:31 prompt done 2.339s
ds4: gate over tokens 1-64: 34.33 command buffers, 30.23 aborts, 240.0 expert ids accounted, 656.74 MiB loaded a token; 0 the gate failed to switch off, 0 it could not gate
ds4:   one token, exclusive, same window: entry 0.00 + encode 3.23 + commit-to-done 38.28 + repair-load 14.59 + accounting 0.03 + tail 0.72 = 56.84 of a 60.80 ms wall, residual 3.96
ds4:   of the commit-to-done: GPU running 35.08 ms, GPU not running 3.20 ms
ds4:   2038.6 gated dispatches a token, 69.6 of them behind an abort; 2808.7 sent plain ahead of a buffer's first validate
ds4:   encode-ahead: 2.09 segments used, 27.23 dropped, 3.70 ms a token spent encoding under the GPU
ds4:   concurrent sections: 350.53 attempted, 350.53 opened a token
ds4:   speculation: 0.00 layers a token, 0.00 lanes computed, 0.00 matched, 0.00 GEMVs actually saved, 0.00 left to compute; compared 0.00 lanes, 0.00 floats differ, 0.00 by more than an ulp
ds4:   expert cache over the last 64 tokens: 240.00 hits, 69.19 misses, 0.00 evictions a token; 4428 of 7930 entries live (55.8%)
ds4:   of the address-table holes repaired a token: 0.00 already resident, 69.19 genuinely absent
ds4:   residency a token: 69.19 adds, 0.00 removes, 69.19 commits
ds4: V4.1 batch attn_output_b hoisted out of the per-row loop (8 rows)
ds4: gate over tokens 65-128: 22.31 command buffers, 12.45 aborts, 240.0 expert ids accounted, 193.40 MiB loaded a token; 0 the gate failed to switch off, 0 it could not gate
ds4:   one token, exclusive, same window: entry 0.00 + encode 1.41 + commit-to-done 33.18 + repair-load 4.29 + accounting 0.02 + tail 1.40 = 40.30 of a 42.87 ms wall, residual 2.56
ds4:   of the commit-to-done: GPU running 52.90 ms, GPU not running -19.72 ms
ds4:   1681.7 gated dispatches a token, 27.5 of them behind an abort; 1516.1 sent plain ahead of a buffer's first validate
ds4:   encode-ahead: 7.86 segments used, 11.23 dropped, 2.45 ms a token spent encoding under the GPU
ds4:   concurrent sections: 190.75 attempted, 190.75 opened a token
ds4:   speculation: 0.00 layers a token, 0.00 lanes computed, 0.00 matched, 0.00 GEMVs actually saved, 0.00 left to compute; compared 0.00 lanes, 0.00 floats differ, 0.00 by more than an ulp
ds4:   expert cache over the last 64 tokens: 480.00 hits, 20.38 misses, 0.00 evictions a token; 5732 of 7930 entries live (72.3%)
ds4:   of the address-table holes repaired a token: 0.00 already resident, 20.38 genuinely absent
ds4:   residency a token: 20.38 adds, 0.00 removes, 20.38 commits
ds4: V4.1 verify selftest k=8, 64 positions from 31 (odd start, pair carry restored), 1 alternating rounds
  round 0: single 41.94 ms/token, batch 305.02 ms/step
  median single    : 41.94 ms/token
  median 8-row step: 305.02 ms = 7.27x one single step
  perfect-draft ceiling: 26.23 tok/s (100 tok/s requires <= 80.00 ms/step)
  block width      : 1.10x of 8 (needs 4.19x for 100 tok/s)
  concurrent       : 37122 sections opened of 37122 asked
  marginal row cost: 37.58 ms = 90% of a standalone token
  rollback         : reproduces its own output
  batch vs single  : identical argmax (64 rows checked)
  batch logits     : DIVERGED from the single pass
  break-even       : accept 91% of drafted tokens to beat single
  batch logits first differ at offset 0, vocab 0: single 1.92410481, batch 1.92410421 (6936439 elements over 64 rows)
  rolled-back passes agree with each other: yes
0924 23:19:07 ds4-server: chat ctx=31..35:4 gen=4 THINKING decoding chunk=0.38 t/s avg=0.38 t/s 10.430s
ds4-server: thinking not closed, ignoring incomplete DSML in reasoning
0924 23:19:07 ds4-server: chat ctx=0..31:31 gen=4 THINKING finish=length 12.769s
0924 23:19:09 ds4-server: shutdown requested, draining requests
