ds4: abort gate on for the first 40 layers
ds4: Metal device Apple M5 Max, 128.00 GiB RAM
ds4: Metal 4 tensor API enabled for Tensor kernels
ds4: drift-patch flags hc_stable=on norm_unify=on kv_raw_f32=off rope_exp2_log2=off math_safe=off tensor_matmul=on
ds4: Metal SSD streaming mode enabled; full model residency and warmup are skipped
ds4: SSD streaming auto cache budget
ds4:   metal recommends 107.52 GiB working set
ds4:   using 84% total for model + cached experts: 90.00 GiB
ds4:   non-routed weights: 9.37 GiB
ds4:   routed expert size: 9.49 MiB
ds4:   expert budget before prefill reserve: 8698 (80.63 GiB)
ds4: metal SSD streaming cache target 80.63 GiB; effective 80.63 GiB = 7.12 GiB prefill headroom + 73.51 GiB dynamic cache (7930 experts, 9.49 MiB each)
ds4: Metal SSD static weights locked 9.37 GiB; pageable 0.00 GiB
ds4: SSD streaming initial metal model map (569 spans, 9.37 GiB tensor span)
ds4: metal backend initialized for graph diagnostics
ds4: memory: KV 0.06 GiB (raw 0.01 + compressed 0.05) + buffers 3.27 GiB + resident model 9.37 GiB + expert cache 73.51 GiB + prefill expert reserve 7.12 GiB = 93.33 GiB planned
ds4: memory detail: ctx=8192 prefill_cap=4096 raw_kv_rows=128 compressed_kv_rows=8193 backend=metal
0925 09:31:16 ds4-server: context buffers 3411.39 MiB (ctx=8192, backend=metal, prefill_chunk=4096, raw_kv_rows=128, compressed_kv_rows=8193)
ds4: V4.1 static context buffers 3411.39 MiB (ctx=8192), Engram disk-only
0925 09:31:16 ds4-server: listening on http://127.0.0.1:8016
0925 09:31:19 ds4-server: chat ctx=0..31:31 prompt start
ds4: shared/routed FFN overlap ran, mode 1
ds4: expert residency set on the queue
0925 09:31:19 ds4-server: chat ctx=0..31:31 prefill chunk 1/31 (3.2%) chunk=0.00 t/s avg=5.32 t/s 0.188s
0925 09:31:19 ds4-server: chat ctx=0..31:31 prefill chunk 2/31 (6.5%) chunk=8.10 t/s avg=6.42 t/s 0.312s
0925 09:31:19 ds4-server: chat ctx=0..31:31 prefill chunk 3/31 (9.7%) chunk=10.01 t/s avg=7.29 t/s 0.411s
0925 09:31:19 ds4-server: chat ctx=0..31:31 prefill chunk 4/31 (12.9%) chunk=13.59 t/s avg=8.25 t/s 0.485s
0925 09:31:19 ds4-server: chat ctx=0..31:31 prefill chunk 5/31 (16.1%) chunk=13.60 t/s avg=8.95 t/s 0.559s
0925 09:31:19 ds4-server: chat ctx=0..31:31 prefill chunk 6/31 (19.4%) chunk=15.69 t/s avg=9.64 t/s 0.622s
0925 09:31:19 ds4-server: chat ctx=0..31:31 prefill chunk 7/31 (22.6%) chunk=11.90 t/s avg=9.91 t/s 0.706s
0925 09:31:19 ds4-server: chat ctx=0..31:31 prefill chunk 8/31 (25.8%) chunk=15.33 t/s avg=10.37 t/s 0.772s
0925 09:31:20 ds4-server: chat ctx=0..31:31 prefill chunk 9/31 (29.0%) chunk=14.81 t/s avg=10.73 t/s 0.839s
0925 09:31:20 ds4-server: chat ctx=0..31:31 prefill chunk 10/31 (32.3%) chunk=16.14 t/s avg=11.10 t/s 0.901s
0925 09:31:20 ds4-server: chat ctx=0..31:31 prefill chunk 11/31 (35.5%) chunk=15.27 t/s avg=11.38 t/s 0.967s
0925 09:31:20 ds4-server: chat ctx=0..31:31 prefill chunk 12/31 (38.7%) chunk=17.40 t/s avg=11.72 t/s 1.024s
0925 09:31:20 ds4-server: chat ctx=0..31:31 prefill chunk 13/31 (41.9%) chunk=15.05 t/s avg=11.92 t/s 1.090s
0925 09:31:20 ds4-server: chat ctx=0..31:31 prefill chunk 14/31 (45.2%) chunk=14.38 t/s avg=12.07 t/s 1.160s
0925 09:31:20 ds4-server: chat ctx=0..31:31 prefill chunk 15/31 (48.4%) chunk=11.19 t/s avg=12.01 t/s 1.249s
0925 09:31:20 ds4-server: chat ctx=0..31:31 prefill chunk 16/31 (51.6%) chunk=10.78 t/s avg=11.92 t/s 1.342s
0925 09:31:20 ds4-server: chat ctx=0..31:31 prefill chunk 17/31 (54.8%) chunk=15.52 t/s avg=12.09 t/s 1.407s
0925 09:31:20 ds4-server: chat ctx=0..31:31 prefill chunk 18/31 (58.1%) chunk=15.18 t/s avg=12.22 t/s 1.472s
0925 09:31:20 ds4-server: chat ctx=0..31:31 prefill chunk 19/31 (61.3%) chunk=16.65 t/s avg=12.40 t/s 1.532s
0925 09:31:20 ds4-server: chat ctx=0..31:31 prefill chunk 20/31 (64.5%) chunk=18.95 t/s avg=12.62 t/s 1.585s
0925 09:31:20 ds4-server: chat ctx=0..31:31 prefill chunk 21/31 (67.7%) chunk=19.83 t/s avg=12.84 t/s 1.636s
0925 09:31:20 ds4-server: chat ctx=0..31:31 prefill chunk 22/31 (71.0%) chunk=19.00 t/s avg=13.03 t/s 1.688s
0925 09:31:20 ds4-server: chat ctx=0..31:31 prefill chunk 23/31 (74.2%) chunk=18.16 t/s avg=13.19 t/s 1.743s
0925 09:31:20 ds4-server: chat ctx=0..31:31 prefill chunk 24/31 (77.4%) chunk=14.42 t/s avg=13.24 t/s 1.813s
0925 09:31:21 ds4-server: chat ctx=0..31:31 prefill chunk 25/31 (80.6%) chunk=17.50 t/s avg=13.37 t/s 1.870s
0925 09:31:21 ds4-server: chat ctx=0..31:31 prefill chunk 26/31 (83.9%) chunk=17.34 t/s avg=13.49 t/s 1.928s
0925 09:31:21 ds4-server: chat ctx=0..31:31 prefill chunk 27/31 (87.1%) chunk=15.88 t/s avg=13.56 t/s 1.990s
0925 09:31:21 ds4-server: chat ctx=0..31:31 prefill chunk 28/31 (90.3%) chunk=14.93 t/s avg=13.61 t/s 2.057s
0925 09:31:21 ds4-server: chat ctx=0..31:31 prefill chunk 29/31 (93.5%) chunk=14.98 t/s avg=13.65 t/s 2.124s
0925 09:31:21 ds4-server: chat ctx=0..31:31 prefill chunk 30/31 (96.8%) chunk=15.51 t/s avg=13.71 t/s 2.189s
0925 09:31:21 ds4-server: chat ctx=0..31:31 prefill chunk 31/31 (100.0%) chunk=16.59 t/s avg=13.78 t/s 2.249s
0925 09:31:21 ds4-server: chat ctx=0..31:31 prompt done 2.251s
ds4: gate over tokens 1-64: 34.33 command buffers, 30.23 aborts, 240.0 expert ids accounted, 656.74 MiB loaded a token; 0 the gate failed to switch off, 0 it could not gate
ds4:   one token, exclusive, same window: entry 0.00 + encode 3.49 + commit-to-done 42.39 + repair-load 13.45 + accounting 0.03 + tail 0.78 = 60.14 of a 64.47 ms wall, residual 4.32
ds4:   of the commit-to-done: GPU running 39.14 ms, GPU not running 3.24 ms
ds4:   2038.6 gated dispatches a token, 69.6 of them behind an abort; 2808.7 sent plain ahead of a buffer's first validate
ds4:   encode-ahead: 2.09 segments used, 27.23 dropped, 4.05 ms a token spent encoding under the GPU
ds4:   concurrent sections: 350.53 attempted, 350.53 opened a token
ds4:   speculation: 0.00 layers a token, 0.00 lanes computed, 0.00 matched, 0.00 GEMVs actually saved, 0.00 left to compute; compared 0.00 lanes, 0.00 floats differ, 0.00 by more than an ulp
ds4:   expert cache over the last 64 tokens: 240.00 hits, 69.19 misses, 0.00 evictions a token; 4428 of 7930 entries live (55.8%)
ds4:   of the address-table holes repaired a token: 0.00 already resident, 69.19 genuinely absent
ds4:   residency a token: 69.19 adds, 0.00 removes, 69.19 commits
ds4: V4.1 attn_output_a batched out of the per-row loop (8 rows)
ds4: V4.1 batch attn_output_b hoisted out of the per-row loop (8 rows)
ds4: V4.1 batch step rows=8 pre 0.0 ms, per-row attention 0.0 ms, moe 0.0 ms, head 0.0 ms, setup 0.0 ms, publish 0.0 ms
ds4: V4.1 batch step rows=8 pre 0.0 ms, per-row attention 0.0 ms, moe 0.0 ms, head 0.0 ms, setup 0.0 ms, publish 0.0 ms
ds4: V4.1 batch step rows=8 pre 0.0 ms, per-row attention 0.0 ms, moe 0.0 ms, head 0.0 ms, setup 0.0 ms, publish 0.0 ms
ds4: V4.1 batch step rows=8 pre 0.0 ms, per-row attention 0.0 ms, moe 0.0 ms, head 0.0 ms, setup 0.0 ms, publish 0.0 ms
ds4: V4.1 batch step rows=8 pre 0.0 ms, per-row attention 0.0 ms, moe 0.0 ms, head 0.0 ms, setup 0.0 ms, publish 0.0 ms
ds4: V4.1 batch step rows=8 pre 0.0 ms, per-row attention 0.0 ms, moe 0.0 ms, head 0.0 ms, setup 0.0 ms, publish 0.0 ms
ds4: V4.1 batch step rows=8 pre 0.0 ms, per-row attention 0.0 ms, moe 0.0 ms, head 0.0 ms, setup 0.0 ms, publish 0.0 ms
ds4: V4.1 batch step rows=8 pre 0.0 ms, per-row attention 0.0 ms, moe 0.0 ms, head 0.0 ms, setup 0.0 ms, publish 0.0 ms
ds4: gate over tokens 65-128: 22.31 command buffers, 12.45 aborts, 240.0 expert ids accounted, 193.40 MiB loaded a token; 0 the gate failed to switch off, 0 it could not gate
ds4:   one token, exclusive, same window: entry 0.00 + encode 1.45 + commit-to-done 42.76 + repair-load 4.26 + accounting 0.03 + tail 1.53 = 50.03 of a 52.68 ms wall, residual 2.66
ds4:   of the commit-to-done: GPU running 65.90 ms, GPU not running -23.14 ms
ds4:   1681.7 gated dispatches a token, 27.5 of them behind an abort; 1516.1 sent plain ahead of a buffer's first validate
ds4:   encode-ahead: 7.86 segments used, 11.23 dropped, 2.52 ms a token spent encoding under the GPU
ds4:   concurrent sections: 190.75 attempted, 190.75 opened a token
ds4:   speculation: 0.00 layers a token, 0.00 lanes computed, 0.00 matched, 0.00 GEMVs actually saved, 0.00 left to compute; compared 0.00 lanes, 0.00 floats differ, 0.00 by more than an ulp
ds4:   expert cache over the last 64 tokens: 480.00 hits, 20.38 misses, 0.00 evictions a token; 5732 of 7930 entries live (72.3%)
ds4:   of the address-table holes repaired a token: 0.00 already resident, 20.38 genuinely absent
ds4:   residency a token: 20.38 adds, 0.00 removes, 20.38 commits
ds4: V4.1 batch step rows=8 pre 0.0 ms, per-row attention 0.0 ms, moe 0.0 ms, head 0.0 ms, setup 0.0 ms, publish 0.0 ms
ds4: V4.1 batch step rows=8 pre 0.0 ms, per-row attention 0.0 ms, moe 0.0 ms, head 0.0 ms, setup 0.0 ms, publish 0.0 ms
ds4: V4.1 batch step rows=8 pre 0.0 ms, per-row attention 0.0 ms, moe 0.0 ms, head 0.0 ms, setup 0.0 ms, publish 0.0 ms
ds4: V4.1 batch step rows=8 pre 0.0 ms, per-row attention 0.0 ms, moe 0.0 ms, head 0.0 ms, setup 0.0 ms, publish 0.0 ms
ds4: V4.1 batch step rows=8 pre 0.0 ms, per-row attention 0.0 ms, moe 0.0 ms, head 0.0 ms, setup 0.0 ms, publish 0.0 ms
ds4: V4.1 batch step rows=8 pre 0.0 ms, per-row attention 0.0 ms, moe 0.0 ms, head 0.0 ms, setup 0.0 ms, publish 0.0 ms
ds4: V4.1 batch step rows=8 pre 0.0 ms, per-row attention 0.0 ms, moe 0.0 ms, head 0.0 ms, setup 0.0 ms, publish 0.0 ms
ds4: V4.1 batch step rows=8 pre 0.0 ms, per-row attention 0.0 ms, moe 0.0 ms, head 0.0 ms, setup 0.0 ms, publish 0.0 ms
ds4: V4.1 verify selftest k=8, 64 positions from 31 (odd start, pair carry restored), 1 alternating rounds
  round 0: single 47.77 ms/token, batch 257.02 ms/step
ds4: gate over tokens 129-192: 14.00 command buffers, 0.00 aborts, 240.0 expert ids accounted, 0.00 MiB loaded a token; 0 the gate failed to switch off, 0 it could not gate
ds4:   one token, exclusive, same window: entry 0.00 + encode 0.32 + commit-to-done 42.96 + repair-load 0.00 + accounting 0.03 + tail 1.59 = 44.92 of a 46.78 ms wall, residual 1.86
ds4:   of the commit-to-done: GPU running 66.21 ms, GPU not running -23.25 ms
ds4:   1429.8 gated dispatches a token, 0.0 of them behind an abort; 610.3 sent plain ahead of a buffer's first validate
ds4:   encode-ahead: 12.00 segments used, 0.00 dropped, 1.82 ms a token spent encoding under the GPU
ds4:   concurrent sections: 80.00 attempted, 80.00 opened a token
ds4:   speculation: 0.00 layers a token, 0.00 lanes computed, 0.00 matched, 0.00 GEMVs actually saved, 0.00 left to compute; compared 0.00 lanes, 0.00 floats differ, 0.00 by more than an ulp
ds4:   expert cache over the last 64 tokens: 480.00 hits, 0.00 misses, 0.00 evictions a token; 5732 of 7930 entries live (72.3%)
ds4:   of the address-table holes repaired a token: 0.00 already resident, 0.00 genuinely absent
ds4:   residency a token: 0.00 adds, 0.00 removes, 0.00 commits
ds4: selftest control: a second single pass differs from the reference in 0 of 8273920 logits
  median single    : 47.77 ms/token
  median 8-row step: 257.02 ms = 5.38x one single step
  perfect-draft ceiling: 31.13 tok/s (100 tok/s requires <= 80.00 ms/step)
  block width      : 1.49x of 8 (needs 4.78x for 100 tok/s)
  concurrent       : 42242 sections opened of 42242 asked
  marginal row cost: 29.89 ms = 63% of a standalone token
  rollback         : reproduces its own output
  batch vs single  : identical argmax (64 rows checked)
  batch logits     : identical to the single pass
  break-even       : accept 67% of drafted tokens to beat single
  rolled-back passes agree with each other: yes
0925 09:31:35 ds4-server: chat ctx=31..35:4 gen=4 THINKING decoding chunk=0.27 t/s avg=0.27 t/s 14.568s
ds4-server: thinking not closed, ignoring incomplete DSML in reasoning
0925 09:31:35 ds4-server: chat ctx=0..31:31 gen=4 THINKING finish=length 16.819s
0925 09:31:38 ds4-server: shutdown requested, draining requests
