ds4: abort gate on for the first 40 layers
ds4: Metal device Apple M5 Max, 128.00 GiB RAM
ds4: Metal 4 tensor API enabled for Tensor kernels
ds4: drift-patch flags hc_stable=on norm_unify=on kv_raw_f32=off rope_exp2_log2=off math_safe=off tensor_matmul=on
ds4: Metal SSD streaming mode enabled; full model residency and warmup are skipped
ds4: SSD streaming auto cache budget
ds4:   metal recommends 107.52 GiB working set
ds4:   using 84% total for model + cached experts: 90.00 GiB
ds4:   non-routed weights: 9.37 GiB
ds4:   routed expert size: 9.49 MiB
ds4:   expert budget before prefill reserve: 8698 (80.63 GiB)
ds4: metal SSD streaming cache target 80.63 GiB; effective 80.63 GiB = 7.12 GiB prefill headroom + 73.51 GiB dynamic cache (7930 experts, 9.49 MiB each)
ds4: Metal SSD static weights locked 9.37 GiB; pageable 0.00 GiB
ds4: SSD streaming initial metal model map (569 spans, 9.37 GiB tensor span)
ds4: metal backend initialized for graph diagnostics
ds4: memory: KV 0.06 GiB (raw 0.01 + compressed 0.05) + buffers 3.27 GiB + resident model 9.37 GiB + expert cache 73.51 GiB + prefill expert reserve 7.12 GiB = 93.33 GiB planned
ds4: memory detail: ctx=8192 prefill_cap=4096 raw_kv_rows=128 compressed_kv_rows=8193 backend=metal
0924 22:35:09 ds4-server: context buffers 3411.39 MiB (ctx=8192, backend=metal, prefill_chunk=4096, raw_kv_rows=128, compressed_kv_rows=8193)
ds4: V4.1 static context buffers 3411.39 MiB (ctx=8192), Engram disk-only
0924 22:35:09 ds4-server: listening on http://127.0.0.1:8016
0924 22:35:11 ds4-server: chat ctx=0..31:31 prompt start
ds4: shared/routed FFN overlap ran, mode 1
ds4: expert residency set on the queue
0924 22:35:12 ds4-server: chat ctx=0..31:31 prefill chunk 1/31 (3.2%) chunk=0.00 t/s avg=4.45 t/s 0.224s
0924 22:35:12 ds4-server: chat ctx=0..31:31 prefill chunk 2/31 (6.5%) chunk=6.94 t/s avg=5.43 t/s 0.369s
0924 22:35:12 ds4-server: chat ctx=0..31:31 prefill chunk 3/31 (9.7%) chunk=10.16 t/s avg=6.42 t/s 0.467s
0924 22:35:12 ds4-server: chat ctx=0..31:31 prefill chunk 4/31 (12.9%) chunk=13.39 t/s avg=7.38 t/s 0.542s
0924 22:35:12 ds4-server: chat ctx=0..31:31 prefill chunk 5/31 (16.1%) chunk=13.22 t/s avg=8.10 t/s 0.617s
0924 22:35:12 ds4-server: chat ctx=0..31:31 prefill chunk 6/31 (19.4%) chunk=15.72 t/s avg=8.81 t/s 0.681s
0924 22:35:12 ds4-server: chat ctx=0..31:31 prefill chunk 7/31 (22.6%) chunk=15.00 t/s avg=9.36 t/s 0.748s
0924 22:35:12 ds4-server: chat ctx=0..31:31 prefill chunk 8/31 (25.8%) chunk=15.16 t/s avg=9.83 t/s 0.814s
0924 22:35:12 ds4-server: chat ctx=0..31:31 prefill chunk 9/31 (29.0%) chunk=14.26 t/s avg=10.19 t/s 0.884s
0924 22:35:12 ds4-server: chat ctx=0..31:31 prefill chunk 10/31 (32.3%) chunk=15.30 t/s avg=10.54 t/s 0.949s
0924 22:35:12 ds4-server: chat ctx=0..31:31 prefill chunk 11/31 (35.5%) chunk=13.42 t/s avg=10.75 t/s 1.024s
0924 22:35:13 ds4-server: chat ctx=0..31:31 prefill chunk 12/31 (38.7%) chunk=13.31 t/s avg=10.92 t/s 1.099s
0924 22:35:13 ds4-server: chat ctx=0..31:31 prefill chunk 13/31 (41.9%) chunk=11.72 t/s avg=10.98 t/s 1.184s
0924 22:35:13 ds4-server: chat ctx=0..31:31 prefill chunk 14/31 (45.2%) chunk=10.42 t/s avg=10.94 t/s 1.280s
0924 22:35:13 ds4-server: chat ctx=0..31:31 prefill chunk 15/31 (48.4%) chunk=13.93 t/s avg=11.10 t/s 1.352s
0924 22:35:13 ds4-server: chat ctx=0..31:31 prefill chunk 16/31 (51.6%) chunk=14.83 t/s avg=11.27 t/s 1.419s
0924 22:35:13 ds4-server: chat ctx=0..31:31 prefill chunk 17/31 (54.8%) chunk=16.00 t/s avg=11.47 t/s 1.482s
0924 22:35:13 ds4-server: chat ctx=0..31:31 prefill chunk 18/31 (58.1%) chunk=14.52 t/s avg=11.61 t/s 1.551s
0924 22:35:13 ds4-server: chat ctx=0..31:31 prefill chunk 19/31 (61.3%) chunk=16.19 t/s avg=11.78 t/s 1.612s
0924 22:35:13 ds4-server: chat ctx=0..31:31 prefill chunk 20/31 (64.5%) chunk=17.32 t/s avg=11.98 t/s 1.670s
0924 22:35:13 ds4-server: chat ctx=0..31:31 prefill chunk 21/31 (67.7%) chunk=18.41 t/s avg=12.18 t/s 1.724s
0924 22:35:13 ds4-server: chat ctx=0..31:31 prefill chunk 22/31 (71.0%) chunk=16.91 t/s avg=12.34 t/s 1.783s
0924 22:35:13 ds4-server: chat ctx=0..31:31 prefill chunk 23/31 (74.2%) chunk=18.34 t/s avg=12.51 t/s 1.838s
0924 22:35:13 ds4-server: chat ctx=0..31:31 prefill chunk 24/31 (77.4%) chunk=15.69 t/s avg=12.62 t/s 1.902s
0924 22:35:13 ds4-server: chat ctx=0..31:31 prefill chunk 25/31 (80.6%) chunk=20.61 t/s avg=12.82 t/s 1.950s
0924 22:35:13 ds4-server: chat ctx=0..31:31 prefill chunk 26/31 (83.9%) chunk=20.21 t/s avg=13.00 t/s 2.000s
0924 22:35:14 ds4-server: chat ctx=0..31:31 prefill chunk 27/31 (87.1%) chunk=17.81 t/s avg=13.13 t/s 2.056s
0924 22:35:14 ds4-server: chat ctx=0..31:31 prefill chunk 28/31 (90.3%) chunk=16.44 t/s avg=13.23 t/s 2.117s
0924 22:35:14 ds4-server: chat ctx=0..31:31 prefill chunk 29/31 (93.5%) chunk=15.96 t/s avg=13.31 t/s 2.179s
0924 22:35:14 ds4-server: chat ctx=0..31:31 prefill chunk 30/31 (96.8%) chunk=17.04 t/s avg=13.40 t/s 2.238s
0924 22:35:14 ds4-server: chat ctx=0..31:31 prefill chunk 31/31 (100.0%) chunk=18.00 t/s avg=13.52 t/s 2.294s
0924 22:35:14 ds4-server: chat ctx=0..31:31 prompt done 2.295s
ds4: gate over tokens 1-64: 34.33 command buffers, 30.23 aborts, 240.0 expert ids accounted, 656.74 MiB loaded a token; 0 the gate failed to switch off, 0 it could not gate
ds4:   one token, exclusive, same window: entry 0.00 + encode 3.22 + commit-to-done 37.64 + repair-load 14.45 + accounting 0.02 + tail 0.73 = 56.07 of a 60.15 ms wall, residual 4.08
ds4:   of the commit-to-done: GPU running 34.45 ms, GPU not running 3.19 ms
ds4:   2038.6 gated dispatches a token, 69.6 of them behind an abort; 2808.7 sent plain ahead of a buffer's first validate
ds4:   encode-ahead: 2.09 segments used, 27.23 dropped, 3.82 ms a token spent encoding under the GPU
ds4:   concurrent sections: 350.53 attempted, 350.53 opened a token
ds4:   speculation: 0.00 layers a token, 0.00 lanes computed, 0.00 matched, 0.00 GEMVs actually saved, 0.00 left to compute; compared 0.00 lanes, 0.00 floats differ, 0.00 by more than an ulp
ds4:   expert cache over the last 64 tokens: 240.00 hits, 69.19 misses, 0.00 evictions a token; 4428 of 7930 entries live (55.8%)
ds4:   of the address-table holes repaired a token: 0.00 already resident, 69.19 genuinely absent
ds4:   residency a token: 69.19 adds, 0.00 removes, 69.19 commits
ds4: V4.1 block-local KV delta, 8 rows over 31 prefix keys
ds4: V4.1 batch attn_output_b hoisted out of the per-row loop (8 rows)
ds4: V4.1 block attention by level, 8 rows, concurrent section open
ds4: gate over tokens 65-128: 22.31 command buffers, 12.45 aborts, 240.0 expert ids accounted, 193.40 MiB loaded a token; 0 the gate failed to switch off, 0 it could not gate
ds4:   one token, exclusive, same window: entry 0.00 + encode 1.39 + commit-to-done 34.34 + repair-load 4.33 + accounting 0.03 + tail 1.41 = 41.49 of a 44.10 ms wall, residual 2.61
ds4:   of the commit-to-done: GPU running 56.32 ms, GPU not running -21.97 ms
ds4:   1681.8 gated dispatches a token, 27.5 of them behind an abort; 1516.1 sent plain ahead of a buffer's first validate
ds4:   encode-ahead: 7.86 segments used, 11.23 dropped, 2.48 ms a token spent encoding under the GPU
ds4:   concurrent sections: 195.50 attempted, 195.50 opened a token
ds4:   speculation: 0.00 layers a token, 0.00 lanes computed, 0.00 matched, 0.00 GEMVs actually saved, 0.00 left to compute; compared 0.00 lanes, 0.00 floats differ, 0.00 by more than an ulp
ds4:   expert cache over the last 64 tokens: 480.00 hits, 20.38 misses, 0.00 evictions a token; 5732 of 7930 entries live (72.3%)
ds4:   of the address-table holes repaired a token: 0.00 already resident, 20.38 genuinely absent
ds4:   residency a token: 20.38 adds, 0.00 removes, 20.38 commits
ds4: gate over tokens 129-192: 14.00 command buffers, 0.00 aborts, 240.0 expert ids accounted, 0.00 MiB loaded a token; 0 the gate failed to switch off, 0 it could not gate
ds4:   one token, exclusive, same window: entry 0.00 + encode 0.33 + commit-to-done 33.93 + repair-load 0.00 + accounting 0.03 + tail 1.43 = 35.72 of a 37.64 ms wall, residual 1.92
ds4:   of the commit-to-done: GPU running 78.54 ms, GPU not running -44.61 ms
ds4:   1429.8 gated dispatches a token, 0.0 of them behind an abort; 610.3 sent plain ahead of a buffer's first validate
ds4:   encode-ahead: 12.00 segments used, 0.00 dropped, 1.88 ms a token spent encoding under the GPU
ds4:   concurrent sections: 89.50 attempted, 89.50 opened a token
ds4:   speculation: 0.00 layers a token, 0.00 lanes computed, 0.00 matched, 0.00 GEMVs actually saved, 0.00 left to compute; compared 0.00 lanes, 0.00 floats differ, 0.00 by more than an ulp
ds4:   expert cache over the last 64 tokens: 720.00 hits, 0.00 misses, 0.00 evictions a token; 5732 of 7930 entries live (72.3%)
ds4:   of the address-table holes repaired a token: 0.00 already resident, 0.00 genuinely absent
ds4:   residency a token: 0.00 adds, 0.00 removes, 0.00 commits
ds4: gate over tokens 193-256: 14.00 command buffers, 0.00 aborts, 240.0 expert ids accounted, 0.00 MiB loaded a token; 0 the gate failed to switch off, 0 it could not gate
ds4:   one token, exclusive, same window: entry 0.00 + encode 0.33 + commit-to-done 34.37 + repair-load 0.00 + accounting 0.03 + tail 1.43 = 36.16 of a 38.11 ms wall, residual 1.95
ds4:   of the commit-to-done: GPU running 79.23 ms, GPU not running -44.86 ms
ds4:   1429.8 gated dispatches a token, 0.0 of them behind an abort; 610.3 sent plain ahead of a buffer's first validate
ds4:   encode-ahead: 12.00 segments used, 0.00 dropped, 1.90 ms a token spent encoding under the GPU
ds4:   concurrent sections: 89.50 attempted, 89.50 opened a token
ds4:   speculation: 0.00 layers a token, 0.00 lanes computed, 0.00 matched, 0.00 GEMVs actually saved, 0.00 left to compute; compared 0.00 lanes, 0.00 floats differ, 0.00 by more than an ulp
ds4:   expert cache over the last 64 tokens: 720.00 hits, 0.00 misses, 0.00 evictions a token; 5732 of 7930 entries live (72.3%)
ds4:   of the address-table holes repaired a token: 0.00 already resident, 0.00 genuinely absent
ds4:   residency a token: 0.00 adds, 0.00 removes, 0.00 commits
ds4: gate over tokens 257-320: 14.00 command buffers, 0.00 aborts, 240.0 expert ids accounted, 0.00 MiB loaded a token; 0 the gate failed to switch off, 0 it could not gate
ds4:   one token, exclusive, same window: entry 0.00 + encode 0.33 + commit-to-done 34.17 + repair-load 0.00 + accounting 0.03 + tail 1.43 = 35.97 of a 37.88 ms wall, residual 1.92
ds4:   of the commit-to-done: GPU running 79.43 ms, GPU not running -45.26 ms
ds4:   1429.8 gated dispatches a token, 0.0 of them behind an abort; 610.3 sent plain ahead of a buffer's first validate
ds4:   encode-ahead: 12.00 segments used, 0.00 dropped, 1.87 ms a token spent encoding under the GPU
ds4:   concurrent sections: 89.50 attempted, 89.50 opened a token
ds4:   speculation: 0.00 layers a token, 0.00 lanes computed, 0.00 matched, 0.00 GEMVs actually saved, 0.00 left to compute; compared 0.00 lanes, 0.00 floats differ, 0.00 by more than an ulp
ds4:   expert cache over the last 64 tokens: 720.00 hits, 0.00 misses, 0.00 evictions a token; 5732 of 7930 entries live (72.3%)
ds4:   of the address-table holes repaired a token: 0.00 already resident, 0.00 genuinely absent
ds4:   residency a token: 0.00 adds, 0.00 removes, 0.00 commits
ds4: gate over tokens 321-384: 14.00 command buffers, 0.00 aborts, 240.0 expert ids accounted, 0.00 MiB loaded a token; 0 the gate failed to switch off, 0 it could not gate
ds4:   one token, exclusive, same window: entry 0.00 + encode 0.33 + commit-to-done 34.48 + repair-load 0.00 + accounting 0.03 + tail 1.43 = 36.27 of a 38.11 ms wall, residual 1.84
ds4:   of the commit-to-done: GPU running 79.71 ms, GPU not running -45.24 ms
ds4:   1429.8 gated dispatches a token, 0.0 of them behind an abort; 610.3 sent plain ahead of a buffer's first validate
ds4:   encode-ahead: 12.00 segments used, 0.00 dropped, 1.80 ms a token spent encoding under the GPU
ds4:   concurrent sections: 89.50 attempted, 89.50 opened a token
ds4:   speculation: 0.00 layers a token, 0.00 lanes computed, 0.00 matched, 0.00 GEMVs actually saved, 0.00 left to compute; compared 0.00 lanes, 0.00 floats differ, 0.00 by more than an ulp
ds4:   expert cache over the last 64 tokens: 720.00 hits, 0.00 misses, 0.00 evictions a token; 5732 of 7930 entries live (72.3%)
ds4:   of the address-table holes repaired a token: 0.00 already resident, 0.00 genuinely absent
ds4:   residency a token: 0.00 adds, 0.00 removes, 0.00 commits
ds4: gate over tokens 385-448: 14.00 command buffers, 0.00 aborts, 240.0 expert ids accounted, 0.00 MiB loaded a token; 0 the gate failed to switch off, 0 it could not gate
ds4:   one token, exclusive, same window: entry 0.00 + encode 0.31 + commit-to-done 34.40 + repair-load 0.00 + accounting 0.03 + tail 1.42 = 36.16 of a 37.87 ms wall, residual 1.71
ds4:   of the commit-to-done: GPU running 80.54 ms, GPU not running -46.14 ms
ds4:   1429.8 gated dispatches a token, 0.0 of them behind an abort; 610.3 sent plain ahead of a buffer's first validate
ds4:   encode-ahead: 12.00 segments used, 0.00 dropped, 1.68 ms a token spent encoding under the GPU
ds4:   concurrent sections: 89.50 attempted, 89.50 opened a token
ds4:   speculation: 0.00 layers a token, 0.00 lanes computed, 0.00 matched, 0.00 GEMVs actually saved, 0.00 left to compute; compared 0.00 lanes, 0.00 floats differ, 0.00 by more than an ulp
ds4:   expert cache over the last 64 tokens: 720.00 hits, 0.00 misses, 0.00 evictions a token; 5732 of 7930 entries live (72.3%)
ds4:   of the address-table holes repaired a token: 0.00 already resident, 0.00 genuinely absent
ds4:   residency a token: 0.00 adds, 0.00 removes, 0.00 commits
ds4: V4.1 verify selftest k=8, 64 positions from 31 (odd start, pair carry restored), 6 alternating rounds
  round 0 (unset first): DS4_METAL_V41_BLOCK_LOW_BATCH=1 unset 248.90 ms/step, set 236.82 ms/step (-4.9%)
  round 1 (set first): DS4_METAL_V41_BLOCK_LOW_BATCH=1 unset 238.33 ms/step, set 249.53 ms/step (+4.7%)
  round 2 (unset first): DS4_METAL_V41_BLOCK_LOW_BATCH=1 unset 253.48 ms/step, set 238.49 ms/step (-5.9%)
  round 3 (set first): DS4_METAL_V41_BLOCK_LOW_BATCH=1 unset 235.09 ms/step, set 251.77 ms/step (+7.1%)
  round 4 (unset first): DS4_METAL_V41_BLOCK_LOW_BATCH=1 unset 256.55 ms/step, set 240.57 ms/step (-6.2%)
  round 5 (set first): DS4_METAL_V41_BLOCK_LOW_BATCH=1 unset 241.20 ms/step, set 251.14 ms/step (+4.1%)
  unset-first rounds (3): median -5.9%
  set-first rounds   (3): median +4.7%
  DS4_METAL_V41_BLOCK_LOW_BATCH=1: the two orders DISAGREE - this is the cache, not the change
  median single    : 38.76 ms/token
  median 8-row step: 248.90 ms = 6.42x one single step
  perfect-draft ceiling: 32.14 tok/s (100 tok/s requires <= 80.00 ms/step)
  block width      : 1.25x of 8 (needs 3.88x for 100 tok/s)
  concurrent       : 66674 sections opened of 66674 asked
  marginal row cost: 30.02 ms = 77% of a standalone token
  rollback         : reproduces its own output
  batch vs single  : identical argmax (768 rows checked)
  break-even       : accept 80% of drafted tokens to beat single
  rolled-back passes agree with each other: yes
0924 22:35:58 ds4-server: chat ctx=31..35:4 gen=4 THINKING decoding chunk=0.09 t/s avg=0.09 t/s 43.891s
ds4-server: thinking not closed, ignoring incomplete DSML in reasoning
0924 22:35:58 ds4-server: chat ctx=0..31:31 gen=4 THINKING finish=length 46.186s
0924 22:36:00 ds4-server: shutdown requested, draining requests
