ds4: abort gate on for the first 40 layers
ds4: Metal device Apple M5 Max, 128.00 GiB RAM
ds4: Metal 4 tensor API enabled for Tensor kernels
ds4: drift-patch flags hc_stable=on norm_unify=on kv_raw_f32=off rope_exp2_log2=off math_safe=off tensor_matmul=on
ds4: Metal SSD streaming mode enabled; full model residency and warmup are skipped
ds4: SSD streaming auto cache budget
ds4:   metal recommends 107.52 GiB working set
ds4:   using 84% total for model + cached experts: 90.00 GiB
ds4:   non-routed weights: 9.37 GiB
ds4:   routed expert size: 9.49 MiB
ds4:   expert budget before prefill reserve: 8698 (80.63 GiB)
ds4: metal SSD streaming cache target 80.63 GiB; effective 80.63 GiB = 7.12 GiB prefill headroom + 73.51 GiB dynamic cache (7930 experts, 9.49 MiB each)
ds4: Metal SSD static weights locked 9.37 GiB; pageable 0.00 GiB
ds4: SSD streaming initial metal model map (569 spans, 9.37 GiB tensor span)
ds4: metal backend initialized for graph diagnostics
ds4: memory: KV 0.06 GiB (raw 0.01 + compressed 0.05) + buffers 3.27 GiB + resident model 9.37 GiB + expert cache 73.51 GiB + prefill expert reserve 7.12 GiB = 93.33 GiB planned
ds4: memory detail: ctx=8192 prefill_cap=4096 raw_kv_rows=128 compressed_kv_rows=8193 backend=metal
0924 22:00:44 ds4-server: context buffers 3411.39 MiB (ctx=8192, backend=metal, prefill_chunk=4096, raw_kv_rows=128, compressed_kv_rows=8193)
ds4: V4.1 static context buffers 3411.39 MiB (ctx=8192), Engram disk-only
0924 22:00:44 ds4-server: listening on http://127.0.0.1:8016
0924 22:00:47 ds4-server: chat ctx=0..31:31 prompt start
ds4: shared/routed FFN overlap ran, mode 1
ds4: expert residency set on the queue
0924 22:00:47 ds4-server: chat ctx=0..31:31 prefill chunk 1/31 (3.2%) chunk=0.00 t/s avg=4.88 t/s 0.205s
0924 22:00:48 ds4-server: chat ctx=0..31:31 prefill chunk 2/31 (6.5%) chunk=5.71 t/s avg=5.26 t/s 0.380s
0924 22:00:48 ds4-server: chat ctx=0..31:31 prefill chunk 3/31 (9.7%) chunk=11.96 t/s avg=6.47 t/s 0.464s
0924 22:00:48 ds4-server: chat ctx=0..31:31 prefill chunk 4/31 (12.9%) chunk=13.43 t/s avg=7.44 t/s 0.538s
0924 22:00:48 ds4-server: chat ctx=0..31:31 prefill chunk 5/31 (16.1%) chunk=13.24 t/s avg=8.15 t/s 0.614s
0924 22:00:48 ds4-server: chat ctx=0..31:31 prefill chunk 6/31 (19.4%) chunk=14.01 t/s avg=8.76 t/s 0.685s
0924 22:00:48 ds4-server: chat ctx=0..31:31 prefill chunk 7/31 (22.6%) chunk=10.75 t/s avg=9.00 t/s 0.778s
0924 22:00:48 ds4-server: chat ctx=0..31:31 prefill chunk 8/31 (25.8%) chunk=12.17 t/s avg=9.30 t/s 0.860s
0924 22:00:48 ds4-server: chat ctx=0..31:31 prefill chunk 9/31 (29.0%) chunk=12.51 t/s avg=9.57 t/s 0.940s
0924 22:00:48 ds4-server: chat ctx=0..31:31 prefill chunk 10/31 (32.3%) chunk=15.70 t/s avg=9.96 t/s 1.004s
0924 22:00:48 ds4-server: chat ctx=0..31:31 prefill chunk 11/31 (35.5%) chunk=14.63 t/s avg=10.26 t/s 1.072s
0924 22:00:48 ds4-server: chat ctx=0..31:31 prefill chunk 12/31 (38.7%) chunk=16.15 t/s avg=10.58 t/s 1.134s
0924 22:00:48 ds4-server: chat ctx=0..31:31 prefill chunk 13/31 (41.9%) chunk=12.84 t/s avg=10.73 t/s 1.212s
0924 22:00:49 ds4-server: chat ctx=0..31:31 prefill chunk 14/31 (45.2%) chunk=12.82 t/s avg=10.85 t/s 1.290s
0924 22:00:49 ds4-server: chat ctx=0..31:31 prefill chunk 15/31 (48.4%) chunk=12.78 t/s avg=10.96 t/s 1.368s
0924 22:00:49 ds4-server: chat ctx=0..31:31 prefill chunk 16/31 (51.6%) chunk=13.19 t/s avg=11.08 t/s 1.444s
0924 22:00:49 ds4-server: chat ctx=0..31:31 prefill chunk 17/31 (54.8%) chunk=16.09 t/s avg=11.29 t/s 1.506s
0924 22:00:49 ds4-server: chat ctx=0..31:31 prefill chunk 18/31 (58.1%) chunk=14.74 t/s avg=11.44 t/s 1.574s
0924 22:00:49 ds4-server: chat ctx=0..31:31 prefill chunk 19/31 (61.3%) chunk=16.44 t/s avg=11.62 t/s 1.635s
0924 22:00:49 ds4-server: chat ctx=0..31:31 prefill chunk 20/31 (64.5%) chunk=17.59 t/s avg=11.82 t/s 1.692s
0924 22:00:49 ds4-server: chat ctx=0..31:31 prefill chunk 21/31 (67.7%) chunk=18.52 t/s avg=12.03 t/s 1.746s
0924 22:00:49 ds4-server: chat ctx=0..31:31 prefill chunk 22/31 (71.0%) chunk=18.64 t/s avg=12.23 t/s 1.799s
0924 22:00:49 ds4-server: chat ctx=0..31:31 prefill chunk 23/31 (74.2%) chunk=17.80 t/s avg=12.40 t/s 1.856s
0924 22:00:49 ds4-server: chat ctx=0..31:31 prefill chunk 24/31 (77.4%) chunk=16.20 t/s avg=12.52 t/s 1.917s
0924 22:00:49 ds4-server: chat ctx=0..31:31 prefill chunk 25/31 (80.6%) chunk=18.10 t/s avg=12.67 t/s 1.973s
0924 22:00:49 ds4-server: chat ctx=0..31:31 prefill chunk 26/31 (83.9%) chunk=17.36 t/s avg=12.81 t/s 2.030s
0924 22:00:49 ds4-server: chat ctx=0..31:31 prefill chunk 27/31 (87.1%) chunk=15.83 t/s avg=12.90 t/s 2.093s
0924 22:00:49 ds4-server: chat ctx=0..31:31 prefill chunk 28/31 (90.3%) chunk=15.36 t/s avg=12.97 t/s 2.158s
0924 22:00:49 ds4-server: chat ctx=0..31:31 prefill chunk 29/31 (93.5%) chunk=14.87 t/s avg=13.03 t/s 2.226s
0924 22:00:50 ds4-server: chat ctx=0..31:31 prefill chunk 30/31 (96.8%) chunk=15.05 t/s avg=13.09 t/s 2.292s
0924 22:00:50 ds4-server: chat ctx=0..31:31 prefill chunk 31/31 (100.0%) chunk=16.36 t/s avg=13.17 t/s 2.353s
0924 22:00:50 ds4-server: chat ctx=0..31:31 prompt done 2.355s
ds4: gate over tokens 1-64: 34.33 command buffers, 30.23 aborts, 240.0 expert ids accounted, 656.74 MiB loaded a token; 0 the gate failed to switch off, 0 it could not gate
ds4:   one token, exclusive, same window: entry 0.00 + encode 4.41 + commit-to-done 44.09 + repair-load 15.97 + accounting 0.03 + tail 0.85 = 65.35 of a 70.74 ms wall, residual 5.39
ds4:   of the commit-to-done: GPU running 41.91 ms, GPU not running 2.17 ms
ds4:   2038.6 gated dispatches a token, 69.6 of them behind an abort; 2808.7 sent plain ahead of a buffer's first validate
ds4:   encode-ahead: 2.09 segments used, 27.23 dropped, 5.10 ms a token spent encoding under the GPU
ds4:   concurrent sections: 350.53 attempted, 350.53 opened a token
ds4:   speculation: 0.00 layers a token, 0.00 lanes computed, 0.00 matched, 0.00 GEMVs actually saved, 0.00 left to compute; compared 0.00 lanes, 0.00 floats differ, 0.00 by more than an ulp
ds4:   expert cache over the last 64 tokens: 240.00 hits, 69.19 misses, 0.00 evictions a token; 4428 of 7930 entries live (55.8%)
ds4:   of the address-table holes repaired a token: 0.00 already resident, 69.19 genuinely absent
ds4:   residency a token: 69.19 adds, 0.00 removes, 69.19 commits
ds4: V4.1 block-local KV delta, 8 rows over 31 prefix keys
ds4: V4.1 batch attn_output_b hoisted out of the per-row loop (8 rows)
ds4: V4.1 block attention by level, 8 rows, concurrent section open
ds4: gate over tokens 65-128: 22.31 command buffers, 12.45 aborts, 240.0 expert ids accounted, 193.40 MiB loaded a token; 0 the gate failed to switch off, 0 it could not gate
ds4:   one token, exclusive, same window: entry 0.00 + encode 1.91 + commit-to-done 42.50 + repair-load 5.04 + accounting 0.03 + tail 1.61 = 51.09 of a 54.31 ms wall, residual 3.22
ds4:   of the commit-to-done: GPU running 74.29 ms, GPU not running -31.79 ms
ds4:   1681.7 gated dispatches a token, 27.5 of them behind an abort; 1516.1 sent plain ahead of a buffer's first validate
ds4:   encode-ahead: 7.86 segments used, 11.23 dropped, 3.08 ms a token spent encoding under the GPU
ds4:   concurrent sections: 195.50 attempted, 195.50 opened a token
ds4:   speculation: 0.00 layers a token, 0.00 lanes computed, 0.00 matched, 0.00 GEMVs actually saved, 0.00 left to compute; compared 0.00 lanes, 0.00 floats differ, 0.00 by more than an ulp
ds4:   expert cache over the last 64 tokens: 480.00 hits, 20.38 misses, 0.00 evictions a token; 5732 of 7930 entries live (72.3%)
ds4:   of the address-table holes repaired a token: 0.00 already resident, 20.38 genuinely absent
ds4:   residency a token: 20.38 adds, 0.00 removes, 20.38 commits
ds4: gate over tokens 129-192: 14.00 command buffers, 0.00 aborts, 240.0 expert ids accounted, 0.00 MiB loaded a token; 0 the gate failed to switch off, 0 it could not gate
ds4:   one token, exclusive, same window: entry 0.00 + encode 0.40 + commit-to-done 45.26 + repair-load 0.00 + accounting 0.03 + tail 1.70 = 47.39 of a 49.50 ms wall, residual 2.11
ds4:   of the commit-to-done: GPU running 101.98 ms, GPU not running -56.72 ms
ds4:   1429.8 gated dispatches a token, 0.0 of them behind an abort; 610.3 sent plain ahead of a buffer's first validate
ds4:   encode-ahead: 12.00 segments used, 0.00 dropped, 2.06 ms a token spent encoding under the GPU
ds4:   concurrent sections: 89.50 attempted, 89.50 opened a token
ds4:   speculation: 0.00 layers a token, 0.00 lanes computed, 0.00 matched, 0.00 GEMVs actually saved, 0.00 left to compute; compared 0.00 lanes, 0.00 floats differ, 0.00 by more than an ulp
ds4:   expert cache over the last 64 tokens: 720.00 hits, 0.00 misses, 0.00 evictions a token; 5732 of 7930 entries live (72.3%)
ds4:   of the address-table holes repaired a token: 0.00 already resident, 0.00 genuinely absent
ds4:   residency a token: 0.00 adds, 0.00 removes, 0.00 commits
ds4: gate over tokens 193-256: 14.00 command buffers, 0.00 aborts, 240.0 expert ids accounted, 0.00 MiB loaded a token; 0 the gate failed to switch off, 0 it could not gate
ds4:   one token, exclusive, same window: entry 0.00 + encode 0.39 + commit-to-done 48.83 + repair-load 0.00 + accounting 0.03 + tail 1.78 = 51.04 of a 53.07 ms wall, residual 2.04
ds4:   of the commit-to-done: GPU running 104.87 ms, GPU not running -56.03 ms
ds4:   1429.8 gated dispatches a token, 0.0 of them behind an abort; 610.3 sent plain ahead of a buffer's first validate
ds4:   encode-ahead: 12.00 segments used, 0.00 dropped, 1.99 ms a token spent encoding under the GPU
ds4:   concurrent sections: 89.50 attempted, 89.50 opened a token
ds4:   speculation: 0.00 layers a token, 0.00 lanes computed, 0.00 matched, 0.00 GEMVs actually saved, 0.00 left to compute; compared 0.00 lanes, 0.00 floats differ, 0.00 by more than an ulp
ds4:   expert cache over the last 64 tokens: 720.00 hits, 0.00 misses, 0.00 evictions a token; 5732 of 7930 entries live (72.3%)
ds4:   of the address-table holes repaired a token: 0.00 already resident, 0.00 genuinely absent
ds4:   residency a token: 0.00 adds, 0.00 removes, 0.00 commits
ds4: gate over tokens 257-320: 14.00 command buffers, 0.00 aborts, 240.0 expert ids accounted, 0.00 MiB loaded a token; 0 the gate failed to switch off, 0 it could not gate
ds4:   one token, exclusive, same window: entry 0.00 + encode 0.34 + commit-to-done 47.49 + repair-load 0.00 + accounting 0.03 + tail 1.76 = 49.62 of a 51.51 ms wall, residual 1.89
ds4:   of the commit-to-done: GPU running 105.53 ms, GPU not running -58.04 ms
ds4:   1429.8 gated dispatches a token, 0.0 of them behind an abort; 610.3 sent plain ahead of a buffer's first validate
ds4:   encode-ahead: 12.00 segments used, 0.00 dropped, 1.84 ms a token spent encoding under the GPU
ds4:   concurrent sections: 89.50 attempted, 89.50 opened a token
ds4:   speculation: 0.00 layers a token, 0.00 lanes computed, 0.00 matched, 0.00 GEMVs actually saved, 0.00 left to compute; compared 0.00 lanes, 0.00 floats differ, 0.00 by more than an ulp
ds4:   expert cache over the last 64 tokens: 720.00 hits, 0.00 misses, 0.00 evictions a token; 5732 of 7930 entries live (72.3%)
ds4:   of the address-table holes repaired a token: 0.00 already resident, 0.00 genuinely absent
ds4:   residency a token: 0.00 adds, 0.00 removes, 0.00 commits
ds4: gate over tokens 321-384: 14.00 command buffers, 0.00 aborts, 240.0 expert ids accounted, 0.00 MiB loaded a token; 0 the gate failed to switch off, 0 it could not gate
ds4:   one token, exclusive, same window: entry 0.00 + encode 0.36 + commit-to-done 49.94 + repair-load 0.00 + accounting 0.04 + tail 1.80 = 52.13 of a 54.07 ms wall, residual 1.95
ds4:   of the commit-to-done: GPU running 108.24 ms, GPU not running -58.31 ms
ds4:   1429.8 gated dispatches a token, 0.0 of them behind an abort; 610.3 sent plain ahead of a buffer's first validate
ds4:   encode-ahead: 12.00 segments used, 0.00 dropped, 1.90 ms a token spent encoding under the GPU
ds4:   concurrent sections: 89.50 attempted, 89.50 opened a token
ds4:   speculation: 0.00 layers a token, 0.00 lanes computed, 0.00 matched, 0.00 GEMVs actually saved, 0.00 left to compute; compared 0.00 lanes, 0.00 floats differ, 0.00 by more than an ulp
ds4:   expert cache over the last 64 tokens: 720.00 hits, 0.00 misses, 0.00 evictions a token; 5732 of 7930 entries live (72.3%)
ds4:   of the address-table holes repaired a token: 0.00 already resident, 0.00 genuinely absent
ds4:   residency a token: 0.00 adds, 0.00 removes, 0.00 commits
ds4: gate over tokens 385-448: 14.00 command buffers, 0.00 aborts, 240.0 expert ids accounted, 0.00 MiB loaded a token; 0 the gate failed to switch off, 0 it could not gate
ds4:   one token, exclusive, same window: entry 0.00 + encode 0.74 + commit-to-done 48.15 + repair-load 0.00 + accounting 0.04 + tail 1.84 = 50.77 of a 54.43 ms wall, residual 3.67
ds4:   of the commit-to-done: GPU running 108.83 ms, GPU not running -60.68 ms
ds4:   1429.8 gated dispatches a token, 0.0 of them behind an abort; 610.3 sent plain ahead of a buffer's first validate
ds4:   encode-ahead: 12.00 segments used, 0.00 dropped, 3.59 ms a token spent encoding under the GPU
ds4:   concurrent sections: 89.50 attempted, 89.50 opened a token
ds4:   speculation: 0.00 layers a token, 0.00 lanes computed, 0.00 matched, 0.00 GEMVs actually saved, 0.00 left to compute; compared 0.00 lanes, 0.00 floats differ, 0.00 by more than an ulp
ds4:   expert cache over the last 64 tokens: 720.00 hits, 0.00 misses, 0.00 evictions a token; 5732 of 7930 entries live (72.3%)
ds4:   of the address-table holes repaired a token: 0.00 already resident, 0.00 genuinely absent
ds4:   residency a token: 0.00 adds, 0.00 removes, 0.00 commits
ds4: V4.1 verify selftest k=8, 64 positions from 31 (odd start, pair carry restored), 6 alternating rounds
  round 0 (unset first): DS4_METAL_V41_BATCH_STREAM_EXPERTS=1 unset 317.09 ms/step, set 265.50 ms/step (-16.3%)
  round 1 (set first): DS4_METAL_V41_BATCH_STREAM_EXPERTS=1 unset 294.67 ms/step, set 282.74 ms/step (-4.0%)
  round 2 (unset first): DS4_METAL_V41_BATCH_STREAM_EXPERTS=1 unset 326.11 ms/step, set 268.58 ms/step (-17.6%)
  round 3 (set first): DS4_METAL_V41_BATCH_STREAM_EXPERTS=1 unset 305.24 ms/step, set 293.51 ms/step (-3.8%)
  round 4 (unset first): DS4_METAL_V41_BATCH_STREAM_EXPERTS=1 unset 322.62 ms/step, set 283.17 ms/step (-12.2%)
  round 5 (set first): DS4_METAL_V41_BATCH_STREAM_EXPERTS=1 unset 315.47 ms/step, set 306.78 ms/step (-2.8%)
  unset-first rounds (3): median -16.3%
  set-first rounds   (3): median -3.8%
  DS4_METAL_V41_BATCH_STREAM_EXPERTS=1: faster in BOTH orders
  median single    : 54.32 ms/token
  median 8-row step: 317.09 ms = 5.84x one single step
  perfect-draft ceiling: 25.23 tok/s (100 tok/s requires <= 80.00 ms/step)
  block width      : 1.37x of 8 (needs 5.43x for 100 tok/s)
  concurrent       : 66674 sections opened of 66674 asked
  marginal row cost: 37.54 ms = 69% of a standalone token
  rollback         : reproduces its own output
  batch vs single  : identical argmax (768 rows checked)
  break-even       : accept 73% of drafted tokens to beat single
  rolled-back passes agree with each other: yes
0924 22:01:46 ds4-server: chat ctx=31..35:4 gen=4 THINKING decoding chunk=0.07 t/s avg=0.07 t/s 56.900s
ds4-server: thinking not closed, ignoring incomplete DSML in reasoning
0924 22:01:46 ds4-server: chat ctx=0..31:31 gen=4 THINKING finish=length 59.255s
0924 22:01:48 ds4-server: shutdown requested, draining requests
