ds4: abort gate on for the first 40 layers
ds4: Metal device Apple M5 Max, 128.00 GiB RAM
ds4: Metal 4 tensor API enabled for Tensor kernels
ds4: drift-patch flags hc_stable=on norm_unify=on kv_raw_f32=off rope_exp2_log2=off math_safe=off tensor_matmul=on
ds4: Metal SSD streaming mode enabled; full model residency and warmup are skipped
ds4: SSD streaming auto cache budget
ds4:   metal recommends 107.52 GiB working set
ds4:   using 84% total for model + cached experts: 90.00 GiB
ds4:   non-routed weights: 9.37 GiB
ds4:   routed expert size: 9.49 MiB
ds4:   expert budget before prefill reserve: 8698 (80.63 GiB)
ds4: metal SSD streaming cache target 80.63 GiB; effective 80.63 GiB = 7.12 GiB prefill headroom + 73.51 GiB dynamic cache (7930 experts, 9.49 MiB each)
ds4: Metal SSD static weights locked 9.37 GiB; pageable 0.00 GiB
ds4: SSD streaming initial metal model map (569 spans, 9.37 GiB tensor span)
ds4: metal backend initialized for graph diagnostics
ds4: memory: KV 0.06 GiB (raw 0.01 + compressed 0.05) + buffers 3.27 GiB + resident model 9.37 GiB + expert cache 73.51 GiB + prefill expert reserve 7.12 GiB = 93.33 GiB planned
ds4: memory detail: ctx=8192 prefill_cap=4096 raw_kv_rows=128 compressed_kv_rows=8193 backend=metal
0924 21:58:55 ds4-server: context buffers 3411.39 MiB (ctx=8192, backend=metal, prefill_chunk=4096, raw_kv_rows=128, compressed_kv_rows=8193)
ds4: V4.1 static context buffers 3411.39 MiB (ctx=8192), Engram disk-only
0924 21:58:55 ds4-server: listening on http://127.0.0.1:8016
0924 21:58:57 ds4-server: chat ctx=0..31:31 prompt start
ds4: shared/routed FFN overlap ran, mode 1
ds4: expert residency set on the queue
0924 21:58:58 ds4-server: chat ctx=0..31:31 prefill chunk 1/31 (3.2%) chunk=0.00 t/s avg=5.56 t/s 0.180s
0924 21:58:58 ds4-server: chat ctx=0..31:31 prefill chunk 2/31 (6.5%) chunk=9.79 t/s avg=7.09 t/s 0.282s
0924 21:58:58 ds4-server: chat ctx=0..31:31 prefill chunk 3/31 (9.7%) chunk=12.37 t/s avg=8.27 t/s 0.363s
0924 21:58:58 ds4-server: chat ctx=0..31:31 prefill chunk 4/31 (12.9%) chunk=13.15 t/s avg=9.11 t/s 0.439s
0924 21:58:58 ds4-server: chat ctx=0..31:31 prefill chunk 5/31 (16.1%) chunk=12.93 t/s avg=9.69 t/s 0.516s
0924 21:58:58 ds4-server: chat ctx=0..31:31 prefill chunk 6/31 (19.4%) chunk=13.01 t/s avg=10.12 t/s 0.593s
0924 21:58:58 ds4-server: chat ctx=0..31:31 prefill chunk 7/31 (22.6%) chunk=12.90 t/s avg=10.44 t/s 0.671s
0924 21:58:58 ds4-server: chat ctx=0..31:31 prefill chunk 8/31 (25.8%) chunk=11.65 t/s avg=10.58 t/s 0.756s
0924 21:58:58 ds4-server: chat ctx=0..31:31 prefill chunk 9/31 (29.0%) chunk=7.61 t/s avg=10.14 t/s 0.888s
0924 21:58:58 ds4-server: chat ctx=0..31:31 prefill chunk 10/31 (32.3%) chunk=11.01 t/s avg=10.22 t/s 0.979s
0924 21:58:59 ds4-server: chat ctx=0..31:31 prefill chunk 11/31 (35.5%) chunk=11.76 t/s avg=10.34 t/s 1.064s
0924 21:58:59 ds4-server: chat ctx=0..31:31 prefill chunk 12/31 (38.7%) chunk=13.41 t/s avg=10.54 t/s 1.138s
0924 21:58:59 ds4-server: chat ctx=0..31:31 prefill chunk 13/31 (41.9%) chunk=12.30 t/s avg=10.66 t/s 1.220s
0924 21:58:59 ds4-server: chat ctx=0..31:31 prefill chunk 14/31 (45.2%) chunk=11.05 t/s avg=10.69 t/s 1.310s
0924 21:58:59 ds4-server: chat ctx=0..31:31 prefill chunk 15/31 (48.4%) chunk=10.74 t/s avg=10.69 t/s 1.403s
0924 21:58:59 ds4-server: chat ctx=0..31:31 prefill chunk 16/31 (51.6%) chunk=11.06 t/s avg=10.71 t/s 1.493s
0924 21:58:59 ds4-server: chat ctx=0..31:31 prefill chunk 17/31 (54.8%) chunk=15.28 t/s avg=10.90 t/s 1.559s
0924 21:58:59 ds4-server: chat ctx=0..31:31 prefill chunk 18/31 (58.1%) chunk=11.97 t/s avg=10.96 t/s 1.642s
0924 21:58:59 ds4-server: chat ctx=0..31:31 prefill chunk 19/31 (61.3%) chunk=16.07 t/s avg=11.15 t/s 1.705s
0924 21:58:59 ds4-server: chat ctx=0..31:31 prefill chunk 20/31 (64.5%) chunk=16.99 t/s avg=11.34 t/s 1.764s
0924 21:58:59 ds4-server: chat ctx=0..31:31 prefill chunk 21/31 (67.7%) chunk=17.79 t/s avg=11.54 t/s 1.820s
0924 21:58:59 ds4-server: chat ctx=0..31:31 prefill chunk 22/31 (71.0%) chunk=16.52 t/s avg=11.70 t/s 1.880s
0924 21:58:59 ds4-server: chat ctx=0..31:31 prefill chunk 23/31 (74.2%) chunk=16.43 t/s avg=11.85 t/s 1.941s
0924 21:58:59 ds4-server: chat ctx=0..31:31 prefill chunk 24/31 (77.4%) chunk=12.08 t/s avg=11.86 t/s 2.024s
0924 21:59:00 ds4-server: chat ctx=0..31:31 prefill chunk 25/31 (80.6%) chunk=13.54 t/s avg=11.92 t/s 2.098s
0924 21:59:00 ds4-server: chat ctx=0..31:31 prefill chunk 26/31 (83.9%) chunk=11.21 t/s avg=11.89 t/s 2.187s
0924 21:59:00 ds4-server: chat ctx=0..31:31 prefill chunk 27/31 (87.1%) chunk=16.80 t/s avg=12.02 t/s 2.246s
0924 21:59:00 ds4-server: chat ctx=0..31:31 prefill chunk 28/31 (90.3%) chunk=15.36 t/s avg=12.11 t/s 2.312s
0924 21:59:00 ds4-server: chat ctx=0..31:31 prefill chunk 29/31 (93.5%) chunk=14.61 t/s avg=12.18 t/s 2.380s
0924 21:59:00 ds4-server: chat ctx=0..31:31 prefill chunk 30/31 (96.8%) chunk=16.84 t/s avg=12.30 t/s 2.439s
0924 21:59:00 ds4-server: chat ctx=0..31:31 prefill chunk 31/31 (100.0%) chunk=17.62 t/s avg=12.42 t/s 2.496s
0924 21:59:00 ds4-server: chat ctx=0..31:31 prompt done 2.498s
ds4: gate over tokens 1-64: 34.33 command buffers, 30.23 aborts, 240.0 expert ids accounted, 656.74 MiB loaded a token; 0 the gate failed to switch off, 0 it could not gate
ds4:   one token, exclusive, same window: entry 0.00 + encode 3.85 + commit-to-done 43.38 + repair-load 15.60 + accounting 0.02 + tail 0.78 = 63.64 of a 67.82 ms wall, residual 4.19
ds4:   of the commit-to-done: GPU running 41.07 ms, GPU not running 2.30 ms
ds4:   2038.6 gated dispatches a token, 69.6 of them behind an abort; 2808.7 sent plain ahead of a buffer's first validate
ds4:   encode-ahead: 2.09 segments used, 27.23 dropped, 3.95 ms a token spent encoding under the GPU
ds4:   concurrent sections: 350.53 attempted, 350.53 opened a token
ds4:   speculation: 0.00 layers a token, 0.00 lanes computed, 0.00 matched, 0.00 GEMVs actually saved, 0.00 left to compute; compared 0.00 lanes, 0.00 floats differ, 0.00 by more than an ulp
ds4:   expert cache over the last 64 tokens: 240.00 hits, 69.19 misses, 0.00 evictions a token; 4428 of 7930 entries live (55.8%)
ds4:   of the address-table holes repaired a token: 0.00 already resident, 69.19 genuinely absent
ds4:   residency a token: 69.19 adds, 0.00 removes, 69.19 commits
ds4: V4.1 block-local KV delta, 8 rows over 31 prefix keys
ds4: V4.1 batch attn_output_b hoisted out of the per-row loop (8 rows)
ds4: V4.1 block attention by level, 8 rows, concurrent section open
ds4: gate over tokens 65-128: 22.31 command buffers, 12.45 aborts, 240.0 expert ids accounted, 193.40 MiB loaded a token; 0 the gate failed to switch off, 0 it could not gate
ds4:   one token, exclusive, same window: entry 0.00 + encode 1.63 + commit-to-done 34.22 + repair-load 4.51 + accounting 0.03 + tail 1.45 = 41.84 of a 44.62 ms wall, residual 2.79
ds4:   of the commit-to-done: GPU running 54.39 ms, GPU not running -20.17 ms
ds4:   1681.7 gated dispatches a token, 27.5 of them behind an abort; 1516.1 sent plain ahead of a buffer's first validate
ds4:   encode-ahead: 7.86 segments used, 11.23 dropped, 2.65 ms a token spent encoding under the GPU
ds4:   concurrent sections: 195.50 attempted, 195.50 opened a token
ds4:   speculation: 0.00 layers a token, 0.00 lanes computed, 0.00 matched, 0.00 GEMVs actually saved, 0.00 left to compute; compared 0.00 lanes, 0.00 floats differ, 0.00 by more than an ulp
ds4:   expert cache over the last 64 tokens: 480.00 hits, 20.38 misses, 0.00 evictions a token; 5732 of 7930 entries live (72.3%)
ds4:   of the address-table holes repaired a token: 0.00 already resident, 20.38 genuinely absent
ds4:   residency a token: 20.38 adds, 0.00 removes, 20.38 commits
ds4: V4.1 MoE forced to one row's experts - measurement only, the output is wrong
ds4: gate over tokens 129-192: 14.00 command buffers, 0.00 aborts, 240.0 expert ids accounted, 0.00 MiB loaded a token; 0 the gate failed to switch off, 0 it could not gate
ds4:   one token, exclusive, same window: entry 0.00 + encode 0.39 + commit-to-done 30.49 + repair-load 0.00 + accounting 0.03 + tail 1.40 = 32.31 of a 34.71 ms wall, residual 2.40
ds4:   of the commit-to-done: GPU running 68.22 ms, GPU not running -37.73 ms
ds4:   1429.8 gated dispatches a token, 0.0 of them behind an abort; 610.3 sent plain ahead of a buffer's first validate
ds4:   encode-ahead: 12.00 segments used, 0.00 dropped, 2.36 ms a token spent encoding under the GPU
ds4:   concurrent sections: 89.50 attempted, 89.50 opened a token
ds4:   speculation: 0.00 layers a token, 0.00 lanes computed, 0.00 matched, 0.00 GEMVs actually saved, 0.00 left to compute; compared 0.00 lanes, 0.00 floats differ, 0.00 by more than an ulp
ds4:   expert cache over the last 64 tokens: 719.08 hits, 1.84 misses, 0.00 evictions a token; 5791 of 7930 entries live (73.0%)
ds4:   of the address-table holes repaired a token: 0.00 already resident, 0.00 genuinely absent
ds4:   residency a token: 1.84 adds, 0.92 removes, 2.77 commits
ds4: gate over tokens 193-256: 14.00 command buffers, 0.00 aborts, 240.0 expert ids accounted, 0.00 MiB loaded a token; 0 the gate failed to switch off, 0 it could not gate
ds4:   one token, exclusive, same window: entry 0.00 + encode 0.33 + commit-to-done 31.20 + repair-load 0.00 + accounting 0.03 + tail 1.40 = 32.96 of a 34.76 ms wall, residual 1.79
ds4:   of the commit-to-done: GPU running 70.36 ms, GPU not running -39.17 ms
ds4:   1429.8 gated dispatches a token, 0.0 of them behind an abort; 610.3 sent plain ahead of a buffer's first validate
ds4:   encode-ahead: 12.00 segments used, 0.00 dropped, 1.76 ms a token spent encoding under the GPU
ds4:   concurrent sections: 89.50 attempted, 89.50 opened a token
ds4:   speculation: 0.00 layers a token, 0.00 lanes computed, 0.00 matched, 0.00 GEMVs actually saved, 0.00 left to compute; compared 0.00 lanes, 0.00 floats differ, 0.00 by more than an ulp
ds4:   expert cache over the last 64 tokens: 720.00 hits, 0.00 misses, 0.00 evictions a token; 5791 of 7930 entries live (73.0%)
ds4:   of the address-table holes repaired a token: 0.00 already resident, 0.00 genuinely absent
ds4:   residency a token: 0.00 adds, 0.00 removes, 0.00 commits
ds4: gate over tokens 257-320: 14.00 command buffers, 0.00 aborts, 240.0 expert ids accounted, 0.00 MiB loaded a token; 0 the gate failed to switch off, 0 it could not gate
ds4:   one token, exclusive, same window: entry 0.00 + encode 0.46 + commit-to-done 31.31 + repair-load 0.00 + accounting 0.03 + tail 1.42 = 33.22 of a 35.57 ms wall, residual 2.35
ds4:   of the commit-to-done: GPU running 72.62 ms, GPU not running -41.31 ms
ds4:   1429.8 gated dispatches a token, 0.0 of them behind an abort; 610.3 sent plain ahead of a buffer's first validate
ds4:   encode-ahead: 12.00 segments used, 0.00 dropped, 2.30 ms a token spent encoding under the GPU
ds4:   concurrent sections: 89.50 attempted, 89.50 opened a token
ds4:   speculation: 0.00 layers a token, 0.00 lanes computed, 0.00 matched, 0.00 GEMVs actually saved, 0.00 left to compute; compared 0.00 lanes, 0.00 floats differ, 0.00 by more than an ulp
ds4:   expert cache over the last 64 tokens: 720.00 hits, 0.00 misses, 0.00 evictions a token; 5791 of 7930 entries live (73.0%)
ds4:   of the address-table holes repaired a token: 0.00 already resident, 0.00 genuinely absent
ds4:   residency a token: 0.00 adds, 0.00 removes, 0.00 commits
ds4: gate over tokens 321-384: 14.00 command buffers, 0.00 aborts, 240.0 expert ids accounted, 0.00 MiB loaded a token; 0 the gate failed to switch off, 0 it could not gate
ds4:   one token, exclusive, same window: entry 0.00 + encode 0.80 + commit-to-done 33.14 + repair-load 0.00 + accounting 0.04 + tail 1.46 = 35.44 of a 39.42 ms wall, residual 3.98
ds4:   of the commit-to-done: GPU running 82.63 ms, GPU not running -49.49 ms
ds4:   1429.8 gated dispatches a token, 0.0 of them behind an abort; 610.4 sent plain ahead of a buffer's first validate
ds4:   encode-ahead: 12.00 segments used, 0.00 dropped, 3.91 ms a token spent encoding under the GPU
ds4:   concurrent sections: 89.50 attempted, 89.50 opened a token
ds4:   speculation: 0.00 layers a token, 0.00 lanes computed, 0.00 matched, 0.00 GEMVs actually saved, 0.00 left to compute; compared 0.00 lanes, 0.00 floats differ, 0.00 by more than an ulp
ds4:   expert cache over the last 64 tokens: 720.00 hits, 0.00 misses, 0.00 evictions a token; 5791 of 7930 entries live (73.0%)
ds4:   of the address-table holes repaired a token: 0.00 already resident, 0.00 genuinely absent
ds4:   residency a token: 0.00 adds, 0.00 removes, 0.00 commits
ds4: gate over tokens 385-448: 14.00 command buffers, 0.00 aborts, 240.0 expert ids accounted, 0.00 MiB loaded a token; 0 the gate failed to switch off, 0 it could not gate
ds4:   one token, exclusive, same window: entry 0.00 + encode 0.33 + commit-to-done 38.63 + repair-load 0.00 + accounting 0.03 + tail 1.49 = 40.48 of a 42.20 ms wall, residual 1.71
ds4:   of the commit-to-done: GPU running 87.80 ms, GPU not running -49.18 ms
ds4:   1429.8 gated dispatches a token, 0.0 of them behind an abort; 610.3 sent plain ahead of a buffer's first validate
ds4:   encode-ahead: 12.00 segments used, 0.00 dropped, 1.68 ms a token spent encoding under the GPU
ds4:   concurrent sections: 89.50 attempted, 89.50 opened a token
ds4:   speculation: 0.00 layers a token, 0.00 lanes computed, 0.00 matched, 0.00 GEMVs actually saved, 0.00 left to compute; compared 0.00 lanes, 0.00 floats differ, 0.00 by more than an ulp
ds4:   expert cache over the last 64 tokens: 720.00 hits, 0.00 misses, 0.00 evictions a token; 5791 of 7930 entries live (73.0%)
ds4:   of the address-table holes repaired a token: 0.00 already resident, 0.00 genuinely absent
ds4:   residency a token: 0.00 adds, 0.00 removes, 0.00 commits
ds4: V4.1 verify selftest k=8, 64 positions from 31 (odd start, pair carry restored), 6 alternating rounds
  round 0 (unset first): DS4_METAL_V41_MOE_SAME_EXPERTS=1 unset 210.51 ms/step, set 209.79 ms/step (-0.3%)
  round 1 (set first): DS4_METAL_V41_MOE_SAME_EXPERTS=1 unset 211.18 ms/step, set 218.58 ms/step (+3.5%)
  round 2 (unset first): DS4_METAL_V41_MOE_SAME_EXPERTS=1 unset 224.86 ms/step, set 217.44 ms/step (-3.3%)
  round 3 (set first): DS4_METAL_V41_MOE_SAME_EXPERTS=1 unset 249.05 ms/step, set 253.61 ms/step (+1.8%)
  round 4 (unset first): DS4_METAL_V41_MOE_SAME_EXPERTS=1 unset 262.29 ms/step, set 251.55 ms/step (-4.1%)
  round 5 (set first): DS4_METAL_V41_MOE_SAME_EXPERTS=1 unset 258.29 ms/step, set 269.17 ms/step (+4.2%)
  unset-first rounds (3): median -3.3%
  set-first rounds   (3): median +3.5%
  DS4_METAL_V41_MOE_SAME_EXPERTS=1: the two orders DISAGREE - this is the cache, not the change
  median single    : 37.51 ms/token
  median 8-row step: 249.05 ms = 6.64x one single step
  perfect-draft ceiling: 32.12 tok/s (100 tok/s requires <= 80.00 ms/step)
  block width      : 1.20x of 8 (needs 3.75x for 100 tok/s)
  concurrent       : 66674 sections opened of 66674 asked
  marginal row cost: 30.22 ms = 81% of a standalone token
  rollback         : reproduces its own output
  batch vs single  : DIVERGED (768 rows checked)
  break-even       : accept 83% of drafted tokens to beat single
  rolled-back passes agree with each other: yes
  batch first diverged at offset 1, where the reference led second place by 2.91437
0924 21:59:45 ds4-server: chat ctx=31..35:4 gen=4 THINKING decoding chunk=0.09 t/s avg=0.09 t/s 43.207s
ds4-server: thinking not closed, ignoring incomplete DSML in reasoning
0924 21:59:45 ds4-server: chat ctx=0..31:31 gen=4 THINKING finish=length 45.704s
0924 21:59:47 ds4-server: shutdown requested, draining requests
