ds4: abort gate on for the first 40 layers
ds4: Metal device Apple M5 Max, 128.00 GiB RAM
ds4: Metal 4 tensor API enabled for Tensor kernels
ds4: drift-patch flags hc_stable=on norm_unify=on kv_raw_f32=off rope_exp2_log2=off math_safe=off tensor_matmul=on
ds4: Metal SSD streaming mode enabled; full model residency and warmup are skipped
ds4: SSD streaming auto cache budget
ds4:   metal recommends 107.52 GiB working set
ds4:   using 84% total for model + cached experts: 90.00 GiB
ds4:   non-routed weights: 9.37 GiB
ds4:   routed expert size: 9.49 MiB
ds4:   expert budget before prefill reserve: 8698 (80.63 GiB)
ds4: metal SSD streaming cache target 80.63 GiB; effective 80.63 GiB = 7.12 GiB prefill headroom + 73.51 GiB dynamic cache (7930 experts, 9.49 MiB each)
ds4: Metal SSD static weights locked 9.37 GiB; pageable 0.00 GiB
ds4: SSD streaming initial metal model map (569 spans, 9.37 GiB tensor span)
ds4: metal backend initialized for graph diagnostics
ds4: memory: KV 0.06 GiB (raw 0.01 + compressed 0.05) + buffers 3.27 GiB + resident model 9.37 GiB + expert cache 73.51 GiB + prefill expert reserve 7.12 GiB = 93.33 GiB planned
ds4: memory detail: ctx=8192 prefill_cap=4096 raw_kv_rows=128 compressed_kv_rows=8193 backend=metal
0926 02:09:25 ds4-server: context buffers 3411.39 MiB (ctx=8192, backend=metal, prefill_chunk=4096, raw_kv_rows=128, compressed_kv_rows=8193)
ds4: V4.1 static context buffers 3411.39 MiB (ctx=8192), Engram disk-only
0926 02:09:25 ds4-server: listening on http://127.0.0.1:8016
0926 02:09:28 ds4-server: chat ctx=0..31:31 prompt start
ds4: shared/routed FFN overlap ran, mode 1
ds4: expert residency set on the queue
0926 02:09:28 ds4-server: chat ctx=0..31:31 prefill chunk 1/31 (3.2%) chunk=0.00 t/s avg=5.14 t/s 0.194s
0926 02:09:29 ds4-server: chat ctx=0..31:31 prefill chunk 2/31 (6.5%) chunk=11.43 t/s avg=7.10 t/s 0.282s
0926 02:09:29 ds4-server: chat ctx=0..31:31 prefill chunk 3/31 (9.7%) chunk=13.57 t/s avg=8.44 t/s 0.356s
0926 02:09:29 ds4-server: chat ctx=0..31:31 prefill chunk 4/31 (12.9%) chunk=15.02 t/s avg=9.48 t/s 0.422s
0926 02:09:29 ds4-server: chat ctx=0..31:31 prefill chunk 5/31 (16.1%) chunk=15.98 t/s avg=10.32 t/s 0.485s
0926 02:09:29 ds4-server: chat ctx=0..31:31 prefill chunk 6/31 (19.4%) chunk=18.08 t/s avg=11.11 t/s 0.540s
0926 02:09:29 ds4-server: chat ctx=0..31:31 prefill chunk 7/31 (22.6%) chunk=17.29 t/s avg=11.71 t/s 0.598s
0926 02:09:29 ds4-server: chat ctx=0..31:31 prefill chunk 8/31 (25.8%) chunk=17.93 t/s avg=12.24 t/s 0.654s
0926 02:09:29 ds4-server: chat ctx=0..31:31 prefill chunk 9/31 (29.0%) chunk=17.34 t/s avg=12.65 t/s 0.711s
0926 02:09:29 ds4-server: chat ctx=0..31:31 prefill chunk 10/31 (32.3%) chunk=18.57 t/s avg=13.07 t/s 0.765s
0926 02:09:29 ds4-server: chat ctx=0..31:31 prefill chunk 11/31 (35.5%) chunk=18.68 t/s avg=13.44 t/s 0.819s
0926 02:09:29 ds4-server: chat ctx=0..31:31 prefill chunk 12/31 (38.7%) chunk=19.26 t/s avg=13.78 t/s 0.871s
0926 02:09:29 ds4-server: chat ctx=0..31:31 prefill chunk 13/31 (41.9%) chunk=20.16 t/s avg=14.13 t/s 0.920s
0926 02:09:29 ds4-server: chat ctx=0..31:31 prefill chunk 14/31 (45.2%) chunk=20.73 t/s avg=14.46 t/s 0.968s
0926 02:09:29 ds4-server: chat ctx=0..31:31 prefill chunk 15/31 (48.4%) chunk=21.82 t/s avg=14.79 t/s 1.014s
0926 02:09:29 ds4-server: chat ctx=0..31:31 prefill chunk 16/31 (51.6%) chunk=19.45 t/s avg=15.01 t/s 1.066s
0926 02:09:29 ds4-server: chat ctx=0..31:31 prefill chunk 17/31 (54.8%) chunk=19.88 t/s avg=15.23 t/s 1.116s
0926 02:09:29 ds4-server: chat ctx=0..31:31 prefill chunk 18/31 (58.1%) chunk=18.57 t/s avg=15.39 t/s 1.170s
0926 02:09:30 ds4-server: chat ctx=0..31:31 prefill chunk 19/31 (61.3%) chunk=19.87 t/s avg=15.57 t/s 1.220s
0926 02:09:30 ds4-server: chat ctx=0..31:31 prefill chunk 20/31 (64.5%) chunk=21.27 t/s avg=15.78 t/s 1.267s
0926 02:09:30 ds4-server: chat ctx=0..31:31 prefill chunk 21/31 (67.7%) chunk=22.10 t/s avg=16.00 t/s 1.312s
0926 02:09:30 ds4-server: chat ctx=0..31:31 prefill chunk 22/31 (71.0%) chunk=21.41 t/s avg=16.19 t/s 1.359s
0926 02:09:30 ds4-server: chat ctx=0..31:31 prefill chunk 23/31 (74.2%) chunk=21.90 t/s avg=16.37 t/s 1.405s
0926 02:09:30 ds4-server: chat ctx=0..31:31 prefill chunk 24/31 (77.4%) chunk=19.74 t/s avg=16.49 t/s 1.455s
0926 02:09:30 ds4-server: chat ctx=0..31:31 prefill chunk 25/31 (80.6%) chunk=22.84 t/s avg=16.68 t/s 1.499s
0926 02:09:30 ds4-server: chat ctx=0..31:31 prefill chunk 26/31 (83.9%) chunk=22.93 t/s avg=16.85 t/s 1.543s
0926 02:09:30 ds4-server: chat ctx=0..31:31 prefill chunk 27/31 (87.1%) chunk=20.71 t/s avg=16.97 t/s 1.591s
0926 02:09:30 ds4-server: chat ctx=0..31:31 prefill chunk 28/31 (90.3%) chunk=20.45 t/s avg=17.07 t/s 1.640s
0926 02:09:30 ds4-server: chat ctx=0..31:31 prefill chunk 29/31 (93.5%) chunk=19.96 t/s avg=17.16 t/s 1.690s
0926 02:09:30 ds4-server: chat ctx=0..31:31 prefill chunk 30/31 (96.8%) chunk=20.39 t/s avg=17.25 t/s 1.739s
0926 02:09:30 ds4-server: chat ctx=0..31:31 prefill chunk 31/31 (100.0%) chunk=21.69 t/s avg=17.36 t/s 1.785s
0926 02:09:30 ds4-server: chat ctx=0..31:31 prompt done 1.787s
ds4:   decode path so far: 64 single-row steps (53.7 ms each inside the graph over the last 64), 0 K-row verification steps over 0 positions, 0 batch-fusion sites taken; candidate K none
ds4: gate over tokens 1-64: 34.33 command buffers, 30.23 aborts, 240.0 expert ids accounted, 656.74 MiB loaded a token; 0 the gate failed to switch off, 0 it could not gate
ds4:   one token, exclusive, same window: entry 0.00 + encode 3.51 + commit-to-done 37.13 + repair-load 7.67 + accounting 0.02 + tail 0.79 = 49.13 of a 53.59 ms wall, residual 4.46
ds4:   of the commit-to-done: GPU running 34.83 ms, GPU not running 2.30 ms
ds4:   2038.6 gated dispatches a token, 69.6 of them behind an abort; 2808.7 sent plain ahead of a buffer's first validate
ds4:   encode-ahead: 2.09 segments used, 27.23 dropped, 4.19 ms a token spent encoding under the GPU
ds4:   concurrent sections: 350.53 attempted, 350.53 opened a token
ds4:   speculation: 0.00 layers a token, 0.00 lanes computed, 0.00 matched, 0.00 GEMVs actually saved, 0.00 left to compute; compared 0.00 lanes, 0.00 floats differ, 0.00 by more than an ulp
ds4:   expert cache over the last 64 tokens: 240.00 hits, 69.19 misses, 0.00 evictions a token; 4428 of 7930 entries live (55.8%)
ds4:   of the address-table holes repaired a token: 0.00 already resident, 69.19 genuinely absent
ds4:   residency a token: 69.19 adds, 0.00 removes, 69.19 commits
ds4: captured 0 selected-id sets over 64 tokens
ds4:   decode path so far: 128 single-row steps (59.8 ms each inside the graph over the last 64), 0 K-row verification steps over 0 positions, 0 batch-fusion sites taken; candidate K none
ds4: gate over tokens 65-128: 22.31 command buffers, 12.45 aborts, 240.0 expert ids accounted, 193.40 MiB loaded a token; 0 the gate failed to switch off, 0 it could not gate
ds4:   one token, exclusive, same window: entry 0.00 + encode 3.36 + commit-to-done 42.09 + repair-load 4.99 + accounting 0.03 + tail 1.64 = 52.11 of a 57.02 ms wall, residual 4.90
ds4:   of the commit-to-done: GPU running 43.20 ms, GPU not running -1.12 ms
ds4:   1681.7 gated dispatches a token, 27.5 of them behind an abort; 1516.1 sent plain ahead of a buffer's first validate
ds4:   encode-ahead: 7.86 segments used, 11.23 dropped, 4.73 ms a token spent encoding under the GPU
ds4:   concurrent sections: 190.75 attempted, 190.75 opened a token
ds4:   speculation: 0.00 layers a token, 0.00 lanes computed, 0.00 matched, 0.00 GEMVs actually saved, 0.00 left to compute; compared 0.00 lanes, 0.00 floats differ, 0.00 by more than an ulp
ds4:   expert cache over the last 64 tokens: 240.00 hits, 20.38 misses, 0.00 evictions a token; 5732 of 7930 entries live (72.3%)
ds4:   of the address-table holes repaired a token: 0.00 already resident, 20.38 genuinely absent
ds4:   residency a token: 20.38 adds, 0.00 removes, 20.38 commits
ds4:   decode path so far: 192 single-row steps (36.3 ms each inside the graph over the last 64), 0 K-row verification steps over 0 positions, 0 batch-fusion sites taken; candidate K none
ds4: gate over tokens 129-192: 14.00 command buffers, 0.00 aborts, 240.0 expert ids accounted, 0.00 MiB loaded a token; 0 the gate failed to switch off, 0 it could not gate
ds4:   one token, exclusive, same window: entry 0.00 + encode 0.79 + commit-to-done 28.90 + repair-load 0.00 + accounting 0.03 + tail 1.63 = 31.36 of a 35.49 ms wall, residual 4.13
ds4:   of the commit-to-done: GPU running 30.99 ms, GPU not running -2.09 ms
ds4:   1429.8 gated dispatches a token, 0.0 of them behind an abort; 610.3 sent plain ahead of a buffer's first validate
ds4:   encode-ahead: 12.00 segments used, 0.00 dropped, 4.06 ms a token spent encoding under the GPU
ds4:   concurrent sections: 80.00 attempted, 80.00 opened a token
ds4:   speculation: 0.00 layers a token, 0.00 lanes computed, 0.00 matched, 0.00 GEMVs actually saved, 0.00 left to compute; compared 0.00 lanes, 0.00 floats differ, 0.00 by more than an ulp
ds4:   expert cache over the last 64 tokens: 240.00 hits, 0.00 misses, 0.00 evictions a token; 5732 of 7930 entries live (72.3%)
ds4:   of the address-table holes repaired a token: 0.00 already resident, 0.00 genuinely absent
ds4:   residency a token: 0.00 adds, 0.00 removes, 0.00 commits
ds4:   decode path so far: 256 single-row steps (36.0 ms each inside the graph over the last 64), 0 K-row verification steps over 0 positions, 0 batch-fusion sites taken; candidate K none
ds4: gate over tokens 193-256: 14.00 command buffers, 0.00 aborts, 240.0 expert ids accounted, 0.00 MiB loaded a token; 0 the gate failed to switch off, 0 it could not gate
ds4:   one token, exclusive, same window: entry 0.00 + encode 0.80 + commit-to-done 28.71 + repair-load 0.00 + accounting 0.04 + tail 1.42 = 30.98 of a 35.08 ms wall, residual 4.10
ds4:   of the commit-to-done: GPU running 30.89 ms, GPU not running -2.17 ms
ds4:   1429.8 gated dispatches a token, 0.0 of them behind an abort; 610.3 sent plain ahead of a buffer's first validate
ds4:   encode-ahead: 12.00 segments used, 0.00 dropped, 4.03 ms a token spent encoding under the GPU
ds4:   concurrent sections: 80.00 attempted, 80.00 opened a token
ds4:   speculation: 0.00 layers a token, 0.00 lanes computed, 0.00 matched, 0.00 GEMVs actually saved, 0.00 left to compute; compared 0.00 lanes, 0.00 floats differ, 0.00 by more than an ulp
ds4:   expert cache over the last 64 tokens: 240.00 hits, 0.00 misses, 0.00 evictions a token; 5732 of 7930 entries live (72.3%)
ds4:   of the address-table holes repaired a token: 0.00 already resident, 0.00 genuinely absent
ds4:   residency a token: 0.00 adds, 0.00 removes, 0.00 commits
ds4:   decode path so far: 320 single-row steps (36.6 ms each inside the graph over the last 64), 0 K-row verification steps over 0 positions, 0 batch-fusion sites taken; candidate K none
ds4: gate over tokens 257-320: 14.00 command buffers, 0.00 aborts, 240.0 expert ids accounted, 0.00 MiB loaded a token; 0 the gate failed to switch off, 0 it could not gate
ds4:   one token, exclusive, same window: entry 0.00 + encode 1.06 + commit-to-done 27.94 + repair-load 0.00 + accounting 0.04 + tail 1.44 = 30.48 of a 35.66 ms wall, residual 5.18
ds4:   of the commit-to-done: GPU running 31.08 ms, GPU not running -3.14 ms
ds4:   1429.8 gated dispatches a token, 0.0 of them behind an abort; 610.3 sent plain ahead of a buffer's first validate
ds4:   encode-ahead: 12.00 segments used, 0.00 dropped, 5.10 ms a token spent encoding under the GPU
ds4:   concurrent sections: 80.00 attempted, 80.00 opened a token
ds4:   speculation: 0.00 layers a token, 0.00 lanes computed, 0.00 matched, 0.00 GEMVs actually saved, 0.00 left to compute; compared 0.00 lanes, 0.00 floats differ, 0.00 by more than an ulp
ds4:   expert cache over the last 64 tokens: 240.00 hits, 0.00 misses, 0.00 evictions a token; 5732 of 7930 entries live (72.3%)
ds4:   of the address-table holes repaired a token: 0.00 already resident, 0.00 genuinely absent
ds4:   residency a token: 0.00 adds, 0.00 removes, 0.00 commits
ds4:   decode path so far: 384 single-row steps (36.8 ms each inside the graph over the last 64), 0 K-row verification steps over 0 positions, 0 batch-fusion sites taken; candidate K none
ds4: gate over tokens 321-384: 14.00 command buffers, 0.00 aborts, 240.0 expert ids accounted, 0.00 MiB loaded a token; 0 the gate failed to switch off, 0 it could not gate
ds4:   one token, exclusive, same window: entry 0.00 + encode 1.07 + commit-to-done 27.83 + repair-load 0.00 + accounting 0.04 + tail 1.44 = 30.38 of a 35.86 ms wall, residual 5.48
ds4:   of the commit-to-done: GPU running 31.04 ms, GPU not running -3.21 ms
ds4:   1429.8 gated dispatches a token, 0.0 of them behind an abort; 610.3 sent plain ahead of a buffer's first validate
ds4:   encode-ahead: 12.00 segments used, 0.00 dropped, 5.39 ms a token spent encoding under the GPU
ds4:   concurrent sections: 80.00 attempted, 80.00 opened a token
ds4:   speculation: 0.00 layers a token, 0.00 lanes computed, 0.00 matched, 0.00 GEMVs actually saved, 0.00 left to compute; compared 0.00 lanes, 0.00 floats differ, 0.00 by more than an ulp
ds4:   expert cache over the last 64 tokens: 240.00 hits, 0.00 misses, 0.00 evictions a token; 5732 of 7930 entries live (72.3%)
ds4:   of the address-table holes repaired a token: 0.00 already resident, 0.00 genuinely absent
ds4:   residency a token: 0.00 adds, 0.00 removes, 0.00 commits
ds4:   decode path so far: 448 single-row steps (36.9 ms each inside the graph over the last 64), 0 K-row verification steps over 0 positions, 0 batch-fusion sites taken; candidate K none
ds4: gate over tokens 385-448: 14.00 command buffers, 0.00 aborts, 240.0 expert ids accounted, 0.00 MiB loaded a token; 0 the gate failed to switch off, 0 it could not gate
ds4:   one token, exclusive, same window: entry 0.00 + encode 1.05 + commit-to-done 28.10 + repair-load 0.00 + accounting 0.04 + tail 1.46 = 30.65 of a 35.96 ms wall, residual 5.31
ds4:   of the commit-to-done: GPU running 31.28 ms, GPU not running -3.18 ms
ds4:   1429.8 gated dispatches a token, 0.0 of them behind an abort; 610.3 sent plain ahead of a buffer's first validate
ds4:   encode-ahead: 12.00 segments used, 0.00 dropped, 5.22 ms a token spent encoding under the GPU
ds4:   concurrent sections: 80.00 attempted, 80.00 opened a token
ds4:   speculation: 0.00 layers a token, 0.00 lanes computed, 0.00 matched, 0.00 GEMVs actually saved, 0.00 left to compute; compared 0.00 lanes, 0.00 floats differ, 0.00 by more than an ulp
ds4:   expert cache over the last 64 tokens: 240.00 hits, 0.00 misses, 0.00 evictions a token; 5732 of 7930 entries live (72.3%)
ds4:   of the address-table holes repaired a token: 0.00 already resident, 0.00 genuinely absent
ds4:   residency a token: 0.00 adds, 0.00 removes, 0.00 commits
ds4:   decode path so far: 512 single-row steps (37.8 ms each inside the graph over the last 64), 0 K-row verification steps over 0 positions, 0 batch-fusion sites taken; candidate K none
ds4: gate over tokens 449-512: 14.00 command buffers, 0.00 aborts, 240.0 expert ids accounted, 0.00 MiB loaded a token; 0 the gate failed to switch off, 0 it could not gate
ds4:   one token, exclusive, same window: entry 0.00 + encode 0.90 + commit-to-done 29.81 + repair-load 0.00 + accounting 0.04 + tail 1.44 = 32.19 of a 36.76 ms wall, residual 4.58
ds4:   of the commit-to-done: GPU running 32.21 ms, GPU not running -2.40 ms
ds4:   1429.8 gated dispatches a token, 0.0 of them behind an abort; 610.3 sent plain ahead of a buffer's first validate
ds4:   encode-ahead: 12.00 segments used, 0.00 dropped, 4.50 ms a token spent encoding under the GPU
ds4:   concurrent sections: 80.00 attempted, 80.00 opened a token
ds4:   speculation: 0.00 layers a token, 0.00 lanes computed, 0.00 matched, 0.00 GEMVs actually saved, 0.00 left to compute; compared 0.00 lanes, 0.00 floats differ, 0.00 by more than an ulp
ds4:   expert cache over the last 64 tokens: 240.00 hits, 0.00 misses, 0.00 evictions a token; 5732 of 7930 entries live (72.3%)
ds4:   of the address-table holes repaired a token: 0.00 already resident, 0.00 genuinely absent
ds4:   residency a token: 0.00 adds, 0.00 removes, 0.00 commits
ds4:   decode path so far: 576 single-row steps (36.6 ms each inside the graph over the last 64), 0 K-row verification steps over 0 positions, 0 batch-fusion sites taken; candidate K none
ds4: gate over tokens 513-576: 14.00 command buffers, 0.00 aborts, 240.0 expert ids accounted, 0.00 MiB loaded a token; 0 the gate failed to switch off, 0 it could not gate
ds4:   one token, exclusive, same window: entry 0.00 + encode 0.60 + commit-to-done 30.73 + repair-load 0.00 + accounting 0.03 + tail 1.44 = 32.80 of a 35.90 ms wall, residual 3.09
ds4:   of the commit-to-done: GPU running 31.96 ms, GPU not running -1.23 ms
ds4:   1429.8 gated dispatches a token, 0.0 of them behind an abort; 610.3 sent plain ahead of a buffer's first validate
ds4:   encode-ahead: 12.00 segments used, 0.00 dropped, 3.04 ms a token spent encoding under the GPU
ds4:   concurrent sections: 80.00 attempted, 80.00 opened a token
ds4:   speculation: 0.00 layers a token, 0.00 lanes computed, 0.00 matched, 0.00 GEMVs actually saved, 0.00 left to compute; compared 0.00 lanes, 0.00 floats differ, 0.00 by more than an ulp
ds4:   expert cache over the last 64 tokens: 240.00 hits, 0.00 misses, 0.00 evictions a token; 5732 of 7930 entries live (72.3%)
ds4:   of the address-table holes repaired a token: 0.00 already resident, 0.00 genuinely absent
ds4:   residency a token: 0.00 adds, 0.00 removes, 0.00 commits
ds4:   decode path so far: 640 single-row steps (37.5 ms each inside the graph over the last 64), 0 K-row verification steps over 0 positions, 0 batch-fusion sites taken; candidate K none
ds4: gate over tokens 577-640: 14.00 command buffers, 0.00 aborts, 240.0 expert ids accounted, 0.00 MiB loaded a token; 0 the gate failed to switch off, 0 it could not gate
ds4:   one token, exclusive, same window: entry 0.00 + encode 1.01 + commit-to-done 28.84 + repair-load 0.00 + accounting 0.04 + tail 1.44 = 31.33 of a 36.48 ms wall, residual 5.14
ds4:   of the commit-to-done: GPU running 31.89 ms, GPU not running -3.04 ms
ds4:   1429.8 gated dispatches a token, 0.0 of them behind an abort; 610.4 sent plain ahead of a buffer's first validate
ds4:   encode-ahead: 12.00 segments used, 0.00 dropped, 5.06 ms a token spent encoding under the GPU
ds4:   concurrent sections: 80.00 attempted, 80.00 opened a token
ds4:   speculation: 0.00 layers a token, 0.00 lanes computed, 0.00 matched, 0.00 GEMVs actually saved, 0.00 left to compute; compared 0.00 lanes, 0.00 floats differ, 0.00 by more than an ulp
ds4:   expert cache over the last 64 tokens: 240.00 hits, 0.00 misses, 0.00 evictions a token; 5732 of 7930 entries live (72.3%)
ds4:   of the address-table holes repaired a token: 0.00 already resident, 0.00 genuinely absent
ds4:   residency a token: 0.00 adds, 0.00 removes, 0.00 commits
ds4:   decode path so far: 704 single-row steps (36.7 ms each inside the graph over the last 64), 0 K-row verification steps over 0 positions, 0 batch-fusion sites taken; candidate K none
ds4: gate over tokens 641-704: 14.00 command buffers, 0.00 aborts, 240.0 expert ids accounted, 0.00 MiB loaded a token; 0 the gate failed to switch off, 0 it could not gate
ds4:   one token, exclusive, same window: entry 0.00 + encode 1.03 + commit-to-done 28.18 + repair-load 0.00 + accounting 0.04 + tail 1.45 = 30.69 of a 35.86 ms wall, residual 5.16
ds4:   of the commit-to-done: GPU running 31.22 ms, GPU not running -3.04 ms
ds4:   1429.8 gated dispatches a token, 0.0 of them behind an abort; 610.4 sent plain ahead of a buffer's first validate
ds4:   encode-ahead: 12.00 segments used, 0.00 dropped, 5.08 ms a token spent encoding under the GPU
ds4:   concurrent sections: 80.00 attempted, 80.00 opened a token
ds4:   speculation: 0.00 layers a token, 0.00 lanes computed, 0.00 matched, 0.00 GEMVs actually saved, 0.00 left to compute; compared 0.00 lanes, 0.00 floats differ, 0.00 by more than an ulp
ds4:   expert cache over the last 64 tokens: 240.00 hits, 0.00 misses, 0.00 evictions a token; 5732 of 7930 entries live (72.3%)
ds4:   of the address-table holes repaired a token: 0.00 already resident, 0.00 genuinely absent
ds4:   residency a token: 0.00 adds, 0.00 removes, 0.00 commits
ds4: V4.1 verify selftest k=8, 64 positions from 31 (odd start, pair carry restored), 5 alternating rounds
  round 0: selected-id capture unset 36.74 ms/token, set 36.95 ms/token
  round 1: selected-id capture unset 36.21 ms/token, set 36.96 ms/token
  round 2: selected-id capture unset 36.88 ms/token, set 37.92 ms/token
  round 3: selected-id capture unset 36.59 ms/token, set 37.65 ms/token
  round 4: selected-id capture unset 37.12 ms/token, set 37.61 ms/token
  median unset    : 36.74 ms/token
  median set      : 37.61 ms/token
  setting selected-id capture costs +2.4%
  set arm output  : identical argmax (320 tokens checked)
  layers served from the capture: 0 fast, 0 fell back (0.0% fast), 0 boundary flushes
0926 02:09:58 ds4-server: chat ctx=31..35:4 gen=4 THINKING decoding chunk=0.14 t/s avg=0.14 t/s 28.136s
ds4-server: thinking not closed, ignoring incomplete DSML in reasoning
0926 02:09:58 ds4-server: chat ctx=0..31:31 gen=4 THINKING finish=length 29.923s
0926 02:10:00 ds4-server: shutdown requested, draining requests
