ds4: abort gate on for the first 40 layers
ds4: Metal device Apple M5 Max, 128.00 GiB RAM
ds4: Metal 4 tensor API enabled for Tensor kernels
ds4: drift-patch flags hc_stable=on norm_unify=on kv_raw_f32=off rope_exp2_log2=off math_safe=off tensor_matmul=on
ds4: Metal SSD streaming mode enabled; full model residency and warmup are skipped
ds4: SSD streaming auto cache budget
ds4:   metal recommends 107.52 GiB working set
ds4:   using 84% total for model + cached experts: 90.00 GiB
ds4:   non-routed weights: 9.37 GiB
ds4:   routed expert size: 9.49 MiB
ds4:   expert budget before prefill reserve: 8698 (80.63 GiB)
ds4: metal SSD streaming cache target 80.63 GiB; effective 80.63 GiB = 7.12 GiB prefill headroom + 73.51 GiB dynamic cache (7930 experts, 9.49 MiB each)
ds4: Metal SSD static weights locked 9.37 GiB; pageable 0.00 GiB
ds4: SSD streaming initial metal model map (569 spans, 9.37 GiB tensor span)
ds4: metal backend initialized for graph diagnostics
ds4: memory: KV 0.06 GiB (raw 0.01 + compressed 0.05) + buffers 3.27 GiB + resident model 9.37 GiB + expert cache 73.51 GiB + prefill expert reserve 7.12 GiB = 93.33 GiB planned
ds4: memory detail: ctx=8192 prefill_cap=4096 raw_kv_rows=128 compressed_kv_rows=8193 backend=metal
0926 05:11:20 ds4-server: context buffers 3411.39 MiB (ctx=8192, backend=metal, prefill_chunk=4096, raw_kv_rows=128, compressed_kv_rows=8193)
ds4: V4.1 static context buffers 3411.39 MiB (ctx=8192), Engram disk-only
0926 05:11:20 ds4-server: listening on http://127.0.0.1:8016
0926 05:11:23 ds4-server: chat ctx=0..31:31 prompt start
ds4: shared/routed FFN overlap ran, mode 1
ds4: expert residency set on the queue
0926 05:11:23 ds4-server: chat ctx=0..31:31 prefill chunk 1/31 (3.2%) chunk=0.00 t/s avg=8.33 t/s 0.120s
0926 05:11:23 ds4-server: chat ctx=0..31:31 prefill chunk 2/31 (6.5%) chunk=14.44 t/s avg=10.56 t/s 0.189s
0926 05:11:23 ds4-server: chat ctx=0..31:31 prefill chunk 3/31 (9.7%) chunk=14.72 t/s avg=11.66 t/s 0.257s
0926 05:11:23 ds4-server: chat ctx=0..31:31 prefill chunk 4/31 (12.9%) chunk=15.33 t/s avg=12.40 t/s 0.322s
0926 05:11:23 ds4-server: chat ctx=0..31:31 prefill chunk 5/31 (16.1%) chunk=14.88 t/s avg=12.83 t/s 0.390s
0926 05:11:23 ds4-server: chat ctx=0..31:31 prefill chunk 6/31 (19.4%) chunk=16.17 t/s avg=13.29 t/s 0.452s
0926 05:11:23 ds4-server: chat ctx=0..31:31 prefill chunk 7/31 (22.6%) chunk=14.33 t/s avg=13.43 t/s 0.521s
0926 05:11:23 ds4-server: chat ctx=0..31:31 prefill chunk 8/31 (25.8%) chunk=14.04 t/s avg=13.50 t/s 0.593s
0926 05:11:23 ds4-server: chat ctx=0..31:31 prefill chunk 9/31 (29.0%) chunk=11.42 t/s avg=13.23 t/s 0.680s
0926 05:11:23 ds4-server: chat ctx=0..31:31 prefill chunk 10/31 (32.3%) chunk=9.43 t/s avg=12.72 t/s 0.786s
0926 05:11:24 ds4-server: chat ctx=0..31:31 prefill chunk 11/31 (35.5%) chunk=15.22 t/s avg=12.91 t/s 0.852s
0926 05:11:24 ds4-server: chat ctx=0..31:31 prefill chunk 12/31 (38.7%) chunk=19.66 t/s avg=13.29 t/s 0.903s
0926 05:11:24 ds4-server: chat ctx=0..31:31 prefill chunk 13/31 (41.9%) chunk=20.16 t/s avg=13.65 t/s 0.952s
0926 05:11:24 ds4-server: chat ctx=0..31:31 prefill chunk 14/31 (45.2%) chunk=20.76 t/s avg=13.99 t/s 1.001s
0926 05:11:24 ds4-server: chat ctx=0..31:31 prefill chunk 15/31 (48.4%) chunk=21.98 t/s avg=14.34 t/s 1.046s
0926 05:11:24 ds4-server: chat ctx=0..31:31 prefill chunk 16/31 (51.6%) chunk=19.21 t/s avg=14.57 t/s 1.098s
0926 05:11:24 ds4-server: chat ctx=0..31:31 prefill chunk 17/31 (54.8%) chunk=16.35 t/s avg=14.66 t/s 1.159s
0926 05:11:24 ds4-server: chat ctx=0..31:31 prefill chunk 18/31 (58.1%) chunk=15.65 t/s avg=14.72 t/s 1.223s
0926 05:11:24 ds4-server: chat ctx=0..31:31 prefill chunk 19/31 (61.3%) chunk=18.28 t/s avg=14.87 t/s 1.278s
0926 05:11:24 ds4-server: chat ctx=0..31:31 prefill chunk 20/31 (64.5%) chunk=18.81 t/s avg=15.03 t/s 1.331s
0926 05:11:24 ds4-server: chat ctx=0..31:31 prefill chunk 21/31 (67.7%) chunk=21.82 t/s avg=15.25 t/s 1.377s
0926 05:11:24 ds4-server: chat ctx=0..31:31 prefill chunk 22/31 (71.0%) chunk=21.33 t/s avg=15.45 t/s 1.424s
0926 05:11:24 ds4-server: chat ctx=0..31:31 prefill chunk 23/31 (74.2%) chunk=21.85 t/s avg=15.65 t/s 1.470s
0926 05:11:24 ds4-server: chat ctx=0..31:31 prefill chunk 24/31 (77.4%) chunk=20.03 t/s avg=15.80 t/s 1.519s
0926 05:11:24 ds4-server: chat ctx=0..31:31 prefill chunk 25/31 (80.6%) chunk=22.52 t/s avg=15.99 t/s 1.564s
0926 05:11:24 ds4-server: chat ctx=0..31:31 prefill chunk 26/31 (83.9%) chunk=23.11 t/s avg=16.18 t/s 1.607s
0926 05:11:24 ds4-server: chat ctx=0..31:31 prefill chunk 27/31 (87.1%) chunk=20.72 t/s avg=16.31 t/s 1.655s
0926 05:11:24 ds4-server: chat ctx=0..31:31 prefill chunk 28/31 (90.3%) chunk=20.34 t/s avg=16.43 t/s 1.705s
0926 05:11:24 ds4-server: chat ctx=0..31:31 prefill chunk 29/31 (93.5%) chunk=20.00 t/s avg=16.53 t/s 1.755s
0926 05:11:25 ds4-server: chat ctx=0..31:31 prefill chunk 30/31 (96.8%) chunk=20.34 t/s avg=16.63 t/s 1.804s
0926 05:11:25 ds4-server: chat ctx=0..31:31 prefill chunk 31/31 (100.0%) chunk=21.43 t/s avg=16.75 t/s 1.850s
0926 05:11:25 ds4-server: chat ctx=0..31:31 prompt done 1.852s
ds4:   decode path so far: 64 single-row steps (58.1 ms each inside the graph over the last 64), 0 K-row verification steps over 0 positions, 0 batch-fusion sites taken; candidate K none
ds4: gate over tokens 1-64: 35.50 command buffers, 31.70 aborts, 240.0 expert ids accounted, 684.92 MiB loaded a token; 0 the gate failed to switch off, 0 it could not gate
ds4:   one token, exclusive, same window: entry 0.00 + encode 3.98 + commit-to-done 38.30 + repair-load 8.96 + accounting 0.02 + tail 0.77 = 52.04 of a 56.77 ms wall, residual 4.73
ds4:   of the commit-to-done: GPU running 36.04 ms, GPU not running 2.26 ms
ds4:   2091.2 gated dispatches a token, 79.5 of them behind an abort; 2920.5 sent plain ahead of a buffer's first validate
ds4:   encode-ahead: 1.80 segments used, 28.50 dropped, 4.48 ms a token spent encoding under the GPU
ds4:   concurrent sections: 364.19 attempted, 364.19 opened a token
ds4:   speculation: 0.00 layers a token, 0.00 lanes computed, 0.00 matched, 0.00 GEMVs actually saved, 0.00 left to compute; compared 0.00 lanes, 0.00 floats differ, 0.00 by more than an ulp
ds4:   expert cache over the last 64 tokens: 240.00 hits, 72.16 misses, 0.00 evictions a token; 4618 of 7930 entries live (58.2%)
ds4:   of the address-table holes repaired a token: 0.00 already resident, 72.16 genuinely absent
ds4:   residency a token: 72.16 adds, 0.00 removes, 72.16 commits
ds4: V4.1 batch attn_output_b hoisted out of the per-row loop (8 rows)
ds4: V4.1 batch step rows=8 pre 0.0 ms, per-row attention 0.0 ms, moe 0.0 ms, head 0.0 ms, setup 0.0 ms, publish 0.0 ms
ds4: V4.1 batch step rows=8 pre 0.0 ms, per-row attention 0.0 ms, moe 0.0 ms, head 0.0 ms, setup 0.0 ms, publish 0.0 ms
ds4: V4.1 batch step rows=8 pre 0.0 ms, per-row attention 0.0 ms, moe 0.0 ms, head 0.0 ms, setup 0.0 ms, publish 0.0 ms
ds4: V4.1 batch step rows=8 pre 0.0 ms, per-row attention 0.0 ms, moe 0.0 ms, head 0.0 ms, setup 0.0 ms, publish 0.0 ms
ds4: V4.1 batch step rows=8 pre 0.0 ms, per-row attention 0.0 ms, moe 0.0 ms, head 0.0 ms, setup 0.0 ms, publish 0.0 ms
ds4: V4.1 batch step rows=8 pre 0.0 ms, per-row attention 0.0 ms, moe 0.0 ms, head 0.0 ms, setup 0.0 ms, publish 0.0 ms
ds4: V4.1 batch step rows=8 pre 0.0 ms, per-row attention 0.0 ms, moe 0.0 ms, head 0.0 ms, setup 0.0 ms, publish 0.0 ms
ds4: V4.1 batch step rows=8 pre 0.0 ms, per-row attention 0.0 ms, moe 0.0 ms, head 0.0 ms, setup 0.0 ms, publish 0.0 ms
ds4: oracle block k=8 from position 31: 64 tokens committed in 1595.7 ms = 24.93 ms a token, 40.11 tok/s
ds4:   the same tokens one at a time: 51.53 ms each, 19.41 tok/s; the block is 2.07x
0926 05:11:30 ds4-server: chat ctx=31..35:4 gen=4 THINKING decoding chunk=0.78 t/s avg=0.78 t/s 5.122s
ds4-server: thinking not closed, ignoring incomplete DSML in reasoning
0926 05:11:30 ds4-server: chat ctx=0..31:31 gen=4 THINKING finish=length 6.974s
0926 05:11:32 ds4-server: shutdown requested, draining requests
