ds4: abort gate on for the first 40 layers
ds4: Metal device Apple M5 Max, 128.00 GiB RAM
ds4: Metal 4 tensor API enabled for Tensor kernels
ds4: drift-patch flags hc_stable=on norm_unify=on kv_raw_f32=off rope_exp2_log2=off math_safe=off tensor_matmul=on
ds4: Metal SSD streaming mode enabled; full model residency and warmup are skipped
ds4: SSD streaming auto cache budget
ds4:   metal recommends 107.52 GiB working set
ds4:   using 84% total for model + cached experts: 90.00 GiB
ds4:   non-routed weights: 9.37 GiB
ds4:   routed expert size: 9.49 MiB
ds4:   expert budget before prefill reserve: 8698 (80.63 GiB)
ds4: metal SSD streaming cache target 80.63 GiB; effective 80.63 GiB = 7.12 GiB prefill headroom + 73.51 GiB dynamic cache (7930 experts, 9.49 MiB each)
ds4: Metal SSD static weights locked 9.37 GiB; pageable 0.00 GiB
ds4: SSD streaming initial metal model map (569 spans, 9.37 GiB tensor span)
ds4: metal backend initialized for graph diagnostics
ds4: memory: KV 0.06 GiB (raw 0.01 + compressed 0.05) + buffers 3.27 GiB + resident model 9.37 GiB + expert cache 73.51 GiB + prefill expert reserve 7.12 GiB = 93.33 GiB planned
ds4: memory detail: ctx=8192 prefill_cap=4096 raw_kv_rows=128 compressed_kv_rows=8193 backend=metal
0925 01:23:09 ds4-server: context buffers 3411.39 MiB (ctx=8192, backend=metal, prefill_chunk=4096, raw_kv_rows=128, compressed_kv_rows=8193)
ds4: V4.1 static context buffers 3411.39 MiB (ctx=8192), Engram disk-only
0925 01:23:09 ds4-server: listening on http://127.0.0.1:8016
0925 01:23:11 ds4-server: chat ctx=0..31:31 prompt start
ds4: shared/routed FFN overlap ran, mode 1
ds4: expert residency set on the queue
0925 01:23:12 ds4-server: chat ctx=0..31:31 prefill chunk 1/31 (3.2%) chunk=0.00 t/s avg=5.15 t/s 0.194s
0925 01:23:12 ds4-server: chat ctx=0..31:31 prefill chunk 2/31 (6.5%) chunk=6.08 t/s avg=5.58 t/s 0.359s
0925 01:23:12 ds4-server: chat ctx=0..31:31 prefill chunk 3/31 (9.7%) chunk=8.53 t/s avg=6.30 t/s 0.476s
0925 01:23:12 ds4-server: chat ctx=0..31:31 prefill chunk 4/31 (12.9%) chunk=12.48 t/s avg=7.19 t/s 0.556s
0925 01:23:12 ds4-server: chat ctx=0..31:31 prefill chunk 5/31 (16.1%) chunk=12.79 t/s avg=7.88 t/s 0.634s
0925 01:23:12 ds4-server: chat ctx=0..31:31 prefill chunk 6/31 (19.4%) chunk=15.56 t/s avg=8.59 t/s 0.698s
0925 01:23:12 ds4-server: chat ctx=0..31:31 prefill chunk 7/31 (22.6%) chunk=14.78 t/s avg=9.14 t/s 0.766s
0925 01:23:12 ds4-server: chat ctx=0..31:31 prefill chunk 8/31 (25.8%) chunk=13.80 t/s avg=9.54 t/s 0.839s
0925 01:23:12 ds4-server: chat ctx=0..31:31 prefill chunk 9/31 (29.0%) chunk=14.14 t/s avg=9.90 t/s 0.909s
0925 01:23:12 ds4-server: chat ctx=0..31:31 prefill chunk 10/31 (32.3%) chunk=15.55 t/s avg=10.27 t/s 0.974s
0925 01:23:13 ds4-server: chat ctx=0..31:31 prefill chunk 11/31 (35.5%) chunk=14.56 t/s avg=10.55 t/s 1.042s
0925 01:23:13 ds4-server: chat ctx=0..31:31 prefill chunk 12/31 (38.7%) chunk=17.00 t/s avg=10.90 t/s 1.101s
0925 01:23:13 ds4-server: chat ctx=0..31:31 prefill chunk 13/31 (41.9%) chunk=14.73 t/s avg=11.12 t/s 1.169s
0925 01:23:13 ds4-server: chat ctx=0..31:31 prefill chunk 14/31 (45.2%) chunk=17.07 t/s avg=11.40 t/s 1.228s
0925 01:23:13 ds4-server: chat ctx=0..31:31 prefill chunk 15/31 (48.4%) chunk=19.60 t/s avg=11.73 t/s 1.279s
0925 01:23:13 ds4-server: chat ctx=0..31:31 prefill chunk 16/31 (51.6%) chunk=15.84 t/s avg=11.92 t/s 1.342s
0925 01:23:13 ds4-server: chat ctx=0..31:31 prefill chunk 17/31 (54.8%) chunk=16.04 t/s avg=12.11 t/s 1.404s
0925 01:23:13 ds4-server: chat ctx=0..31:31 prefill chunk 18/31 (58.1%) chunk=14.58 t/s avg=12.22 t/s 1.473s
0925 01:23:13 ds4-server: chat ctx=0..31:31 prefill chunk 19/31 (61.3%) chunk=16.26 t/s avg=12.38 t/s 1.534s
0925 01:23:13 ds4-server: chat ctx=0..31:31 prefill chunk 20/31 (64.5%) chunk=17.57 t/s avg=12.57 t/s 1.591s
0925 01:23:13 ds4-server: chat ctx=0..31:31 prefill chunk 21/31 (67.7%) chunk=18.51 t/s avg=12.77 t/s 1.645s
0925 01:23:13 ds4-server: chat ctx=0..31:31 prefill chunk 22/31 (71.0%) chunk=18.66 t/s avg=12.95 t/s 1.699s
0925 01:23:13 ds4-server: chat ctx=0..31:31 prefill chunk 23/31 (74.2%) chunk=17.81 t/s avg=13.11 t/s 1.755s
0925 01:23:13 ds4-server: chat ctx=0..31:31 prefill chunk 24/31 (77.4%) chunk=16.86 t/s avg=13.23 t/s 1.814s
0925 01:23:13 ds4-server: chat ctx=0..31:31 prefill chunk 25/31 (80.6%) chunk=19.30 t/s avg=13.40 t/s 1.866s
0925 01:23:13 ds4-server: chat ctx=0..31:31 prefill chunk 26/31 (83.9%) chunk=20.32 t/s avg=13.58 t/s 1.915s
0925 01:23:13 ds4-server: chat ctx=0..31:31 prefill chunk 27/31 (87.1%) chunk=17.87 t/s avg=13.70 t/s 1.971s
0925 01:23:13 ds4-server: chat ctx=0..31:31 prefill chunk 28/31 (90.3%) chunk=16.41 t/s avg=13.78 t/s 2.032s
0925 01:23:14 ds4-server: chat ctx=0..31:31 prefill chunk 29/31 (93.5%) chunk=15.95 t/s avg=13.84 t/s 2.095s
0925 01:23:14 ds4-server: chat ctx=0..31:31 prefill chunk 30/31 (96.8%) chunk=16.31 t/s avg=13.91 t/s 2.156s
0925 01:23:14 ds4-server: chat ctx=0..31:31 prefill chunk 31/31 (100.0%) chunk=18.34 t/s avg=14.02 t/s 2.211s
0925 01:23:14 ds4-server: chat ctx=0..31:31 prompt done 2.212s
0925 01:23:14 ds4-server: chat ctx=31..35:4 gen=4 THINKING decoding chunk=10.98 t/s avg=10.98 t/s 0.364s
ds4-server: thinking not closed, ignoring incomplete DSML in reasoning
0925 01:23:14 ds4-server: chat ctx=0..31:31 gen=4 THINKING finish=length 2.577s
0925 01:23:16 ds4-server: shutdown requested, draining requests
