ds4: abort gate on for the first 40 layers
ds4: Metal device Apple M5 Max, 128.00 GiB RAM
ds4: Metal 4 tensor API enabled for Tensor kernels
ds4: drift-patch flags hc_stable=on norm_unify=on kv_raw_f32=off rope_exp2_log2=off math_safe=off tensor_matmul=on
ds4: Metal SSD streaming mode enabled; full model residency and warmup are skipped
ds4: SSD streaming auto cache budget
ds4:   metal recommends 107.52 GiB working set
ds4:   using 84% total for model + cached experts: 90.00 GiB
ds4:   non-routed weights: 9.37 GiB
ds4:   routed expert size: 9.49 MiB
ds4:   expert budget before prefill reserve: 8698 (80.63 GiB)
ds4: metal SSD streaming cache target 80.63 GiB; effective 80.63 GiB = 7.12 GiB prefill headroom + 73.51 GiB dynamic cache (7930 experts, 9.49 MiB each)
ds4: Metal SSD static weights locked 9.37 GiB; pageable 0.00 GiB
ds4: SSD streaming initial metal model map (569 spans, 9.37 GiB tensor span)
ds4: metal backend initialized for graph diagnostics
ds4: memory: KV 0.06 GiB (raw 0.01 + compressed 0.05) + buffers 3.27 GiB + resident model 9.37 GiB + expert cache 73.51 GiB + prefill expert reserve 7.12 GiB = 93.33 GiB planned
ds4: memory detail: ctx=8192 prefill_cap=4096 raw_kv_rows=128 compressed_kv_rows=8193 backend=metal
0925 00:52:34 ds4-server: context buffers 3411.39 MiB (ctx=8192, backend=metal, prefill_chunk=4096, raw_kv_rows=128, compressed_kv_rows=8193)
ds4: V4.1 static context buffers 3411.39 MiB (ctx=8192), Engram disk-only
0925 00:52:34 ds4-server: listening on http://127.0.0.1:8016
0925 00:52:36 ds4-server: chat ctx=0..31:31 prompt start
ds4: shared/routed FFN overlap ran, mode 1
ds4: expert residency set on the queue
0925 00:52:36 ds4-server: chat ctx=0..31:31 prefill chunk 1/31 (3.2%) chunk=0.00 t/s avg=5.30 t/s 0.189s
0925 00:52:36 ds4-server: chat ctx=0..31:31 prefill chunk 2/31 (6.5%) chunk=10.12 t/s avg=6.96 t/s 0.288s
0925 00:52:37 ds4-server: chat ctx=0..31:31 prefill chunk 3/31 (9.7%) chunk=12.08 t/s avg=8.10 t/s 0.370s
0925 00:52:37 ds4-server: chat ctx=0..31:31 prefill chunk 4/31 (12.9%) chunk=11.88 t/s avg=8.80 t/s 0.454s
0925 00:52:37 ds4-server: chat ctx=0..31:31 prefill chunk 5/31 (16.1%) chunk=11.83 t/s avg=9.28 t/s 0.539s
0925 00:52:37 ds4-server: chat ctx=0..31:31 prefill chunk 6/31 (19.4%) chunk=12.93 t/s avg=9.74 t/s 0.616s
0925 00:52:37 ds4-server: chat ctx=0..31:31 prefill chunk 7/31 (22.6%) chunk=12.84 t/s avg=10.08 t/s 0.694s
0925 00:52:37 ds4-server: chat ctx=0..31:31 prefill chunk 8/31 (25.8%) chunk=11.33 t/s avg=10.22 t/s 0.782s
0925 00:52:37 ds4-server: chat ctx=0..31:31 prefill chunk 9/31 (29.0%) chunk=7.10 t/s avg=9.75 t/s 0.923s
0925 00:52:37 ds4-server: chat ctx=0..31:31 prefill chunk 10/31 (32.3%) chunk=11.01 t/s avg=9.86 t/s 1.014s
0925 00:52:37 ds4-server: chat ctx=0..31:31 prefill chunk 11/31 (35.5%) chunk=11.69 t/s avg=10.00 t/s 1.100s
0925 00:52:37 ds4-server: chat ctx=0..31:31 prefill chunk 12/31 (38.7%) chunk=13.48 t/s avg=10.22 t/s 1.174s
0925 00:52:37 ds4-server: chat ctx=0..31:31 prefill chunk 13/31 (41.9%) chunk=12.50 t/s avg=10.37 t/s 1.254s
0925 00:52:38 ds4-server: chat ctx=0..31:31 prefill chunk 14/31 (45.2%) chunk=10.91 t/s avg=10.40 t/s 1.346s
0925 00:52:38 ds4-server: chat ctx=0..31:31 prefill chunk 15/31 (48.4%) chunk=10.60 t/s avg=10.42 t/s 1.440s
0925 00:52:38 ds4-server: chat ctx=0..31:31 prefill chunk 16/31 (51.6%) chunk=7.44 t/s avg=10.16 t/s 1.574s
0925 00:52:38 ds4-server: chat ctx=0..31:31 prefill chunk 17/31 (54.8%) chunk=8.83 t/s avg=10.07 t/s 1.688s
0925 00:52:38 ds4-server: chat ctx=0..31:31 prefill chunk 18/31 (58.1%) chunk=12.25 t/s avg=10.17 t/s 1.769s
0925 00:52:38 ds4-server: chat ctx=0..31:31 prefill chunk 19/31 (61.3%) chunk=15.52 t/s avg=10.36 t/s 1.834s
0925 00:52:38 ds4-server: chat ctx=0..31:31 prefill chunk 20/31 (64.5%) chunk=16.97 t/s avg=10.57 t/s 1.893s
0925 00:52:38 ds4-server: chat ctx=0..31:31 prefill chunk 21/31 (67.7%) chunk=17.88 t/s avg=10.78 t/s 1.949s
0925 00:52:38 ds4-server: chat ctx=0..31:31 prefill chunk 22/31 (71.0%) chunk=13.69 t/s avg=10.88 t/s 2.022s
0925 00:52:38 ds4-server: chat ctx=0..31:31 prefill chunk 23/31 (74.2%) chunk=16.32 t/s avg=11.04 t/s 2.083s
0925 00:52:38 ds4-server: chat ctx=0..31:31 prefill chunk 24/31 (77.4%) chunk=13.74 t/s avg=11.13 t/s 2.156s
0925 00:52:38 ds4-server: chat ctx=0..31:31 prefill chunk 25/31 (80.6%) chunk=14.64 t/s avg=11.24 t/s 2.224s
0925 00:52:38 ds4-server: chat ctx=0..31:31 prefill chunk 26/31 (83.9%) chunk=10.76 t/s avg=11.22 t/s 2.317s
0925 00:52:39 ds4-server: chat ctx=0..31:31 prefill chunk 27/31 (87.1%) chunk=12.61 t/s avg=11.27 t/s 2.396s
0925 00:52:39 ds4-server: chat ctx=0..31:31 prefill chunk 28/31 (90.3%) chunk=14.59 t/s avg=11.36 t/s 2.465s
0925 00:52:39 ds4-server: chat ctx=0..31:31 prefill chunk 29/31 (93.5%) chunk=14.09 t/s avg=11.44 t/s 2.536s
0925 00:52:39 ds4-server: chat ctx=0..31:31 prefill chunk 30/31 (96.8%) chunk=14.56 t/s avg=11.52 t/s 2.604s
0925 00:52:39 ds4-server: chat ctx=0..31:31 prefill chunk 31/31 (100.0%) chunk=15.90 t/s avg=11.62 t/s 2.667s
0925 00:52:39 ds4-server: chat ctx=0..31:31 prompt done 2.669s
ds4: masked padding against the unpadded key count:
ds4:   keys 113 -> 128 (+15 masked): identical
ds4:   keys 125 -> 128 (+3 masked): identical
ds4:   keys 137 -> 160 (+23 masked): identical
0925 00:52:39 ds4-server: chat ctx=31..35:4 gen=4 THINKING decoding chunk=11.10 t/s avg=11.10 t/s 0.360s
ds4-server: thinking not closed, ignoring incomplete DSML in reasoning
0925 00:52:39 ds4-server: chat ctx=0..31:31 gen=4 THINKING finish=length 3.030s
0925 00:52:41 ds4-server: shutdown requested, draining requests
