ds4: abort gate on for the first 40 layers
ds4: Metal device Apple M5 Max, 128.00 GiB RAM
ds4: Metal 4 tensor API enabled for Tensor kernels
ds4: drift-patch flags hc_stable=on norm_unify=on kv_raw_f32=off rope_exp2_log2=off math_safe=off tensor_matmul=on
ds4: Metal SSD streaming mode enabled; full model residency and warmup are skipped
ds4: SSD streaming auto cache budget
ds4:   metal recommends 107.52 GiB working set
ds4:   using 84% total for model + cached experts: 90.00 GiB
ds4:   non-routed weights: 9.37 GiB
ds4:   routed expert size: 9.49 MiB
ds4:   expert budget before prefill reserve: 8698 (80.63 GiB)
ds4: metal SSD streaming cache target 80.63 GiB; effective 80.63 GiB = 7.12 GiB prefill headroom + 73.51 GiB dynamic cache (7930 experts, 9.49 MiB each)
ds4: Metal SSD static weights locked 9.37 GiB; pageable 0.00 GiB
ds4: SSD streaming initial metal model map (569 spans, 9.37 GiB tensor span)
ds4: metal backend initialized for graph diagnostics
ds4: memory: KV 0.06 GiB (raw 0.01 + compressed 0.05) + buffers 3.27 GiB + resident model 9.37 GiB + expert cache 73.51 GiB + prefill expert reserve 7.12 GiB = 93.33 GiB planned
ds4: memory detail: ctx=8192 prefill_cap=4096 raw_kv_rows=128 compressed_kv_rows=8193 backend=metal
0925 00:08:20 ds4-server: context buffers 3411.39 MiB (ctx=8192, backend=metal, prefill_chunk=4096, raw_kv_rows=128, compressed_kv_rows=8193)
ds4: V4.1 static context buffers 3411.39 MiB (ctx=8192), Engram disk-only
0925 00:08:20 ds4-server: listening on http://127.0.0.1:8016
0925 00:08:23 ds4-server: chat ctx=0..31:31 prompt start
ds4: shared/routed FFN overlap ran, mode 1
ds4: expert residency set on the queue
0925 00:08:23 ds4-server: chat ctx=0..31:31 prefill chunk 1/31 (3.2%) chunk=0.00 t/s avg=4.33 t/s 0.231s
0925 00:08:23 ds4-server: chat ctx=0..31:31 prefill chunk 2/31 (6.5%) chunk=5.20 t/s avg=4.73 t/s 0.423s
0925 00:08:23 ds4-server: chat ctx=0..31:31 prefill chunk 3/31 (9.7%) chunk=11.65 t/s avg=5.89 t/s 0.509s
0925 00:08:23 ds4-server: chat ctx=0..31:31 prefill chunk 4/31 (12.9%) chunk=13.06 t/s avg=6.83 t/s 0.586s
0925 00:08:23 ds4-server: chat ctx=0..31:31 prefill chunk 5/31 (16.1%) chunk=12.92 t/s avg=7.54 t/s 0.663s
0925 00:08:24 ds4-server: chat ctx=0..31:31 prefill chunk 6/31 (19.4%) chunk=15.42 t/s avg=8.24 t/s 0.728s
0925 00:08:24 ds4-server: chat ctx=0..31:31 prefill chunk 7/31 (22.6%) chunk=14.88 t/s avg=8.80 t/s 0.795s
0925 00:08:24 ds4-server: chat ctx=0..31:31 prefill chunk 8/31 (25.8%) chunk=14.82 t/s avg=9.27 t/s 0.863s
0925 00:08:24 ds4-server: chat ctx=0..31:31 prefill chunk 9/31 (29.0%) chunk=14.80 t/s avg=9.68 t/s 0.930s
0925 00:08:24 ds4-server: chat ctx=0..31:31 prefill chunk 10/31 (32.3%) chunk=16.25 t/s avg=10.08 t/s 0.992s
0925 00:08:24 ds4-server: chat ctx=0..31:31 prefill chunk 11/31 (35.5%) chunk=14.36 t/s avg=10.36 t/s 1.061s
0925 00:08:24 ds4-server: chat ctx=0..31:31 prefill chunk 12/31 (38.7%) chunk=16.91 t/s avg=10.71 t/s 1.120s
0925 00:08:24 ds4-server: chat ctx=0..31:31 prefill chunk 13/31 (41.9%) chunk=15.65 t/s avg=10.98 t/s 1.184s
0925 00:08:24 ds4-server: chat ctx=0..31:31 prefill chunk 14/31 (45.2%) chunk=16.62 t/s avg=11.25 t/s 1.245s
0925 00:08:24 ds4-server: chat ctx=0..31:31 prefill chunk 15/31 (48.4%) chunk=17.77 t/s avg=11.53 t/s 1.301s
0925 00:08:24 ds4-server: chat ctx=0..31:31 prefill chunk 16/31 (51.6%) chunk=15.08 t/s avg=11.70 t/s 1.367s
0925 00:08:24 ds4-server: chat ctx=0..31:31 prefill chunk 17/31 (54.8%) chunk=15.78 t/s avg=11.88 t/s 1.430s
0925 00:08:24 ds4-server: chat ctx=0..31:31 prefill chunk 18/31 (58.1%) chunk=14.31 t/s avg=12.00 t/s 1.500s
0925 00:08:24 ds4-server: chat ctx=0..31:31 prefill chunk 19/31 (61.3%) chunk=16.08 t/s avg=12.16 t/s 1.563s
0925 00:08:24 ds4-server: chat ctx=0..31:31 prefill chunk 20/31 (64.5%) chunk=17.34 t/s avg=12.34 t/s 1.620s
0925 00:08:24 ds4-server: chat ctx=0..31:31 prefill chunk 21/31 (67.7%) chunk=18.18 t/s avg=12.54 t/s 1.675s
0925 00:08:25 ds4-server: chat ctx=0..31:31 prefill chunk 22/31 (71.0%) chunk=16.95 t/s avg=12.69 t/s 1.734s
0925 00:08:25 ds4-server: chat ctx=0..31:31 prefill chunk 23/31 (74.2%) chunk=17.88 t/s avg=12.85 t/s 1.790s
0925 00:08:25 ds4-server: chat ctx=0..31:31 prefill chunk 24/31 (77.4%) chunk=15.58 t/s avg=12.94 t/s 1.854s
0925 00:08:25 ds4-server: chat ctx=0..31:31 prefill chunk 25/31 (80.6%) chunk=20.24 t/s avg=13.13 t/s 1.904s
0925 00:08:25 ds4-server: chat ctx=0..31:31 prefill chunk 26/31 (83.9%) chunk=20.00 t/s avg=13.31 t/s 1.954s
0925 00:08:25 ds4-server: chat ctx=0..31:31 prefill chunk 27/31 (87.1%) chunk=17.82 t/s avg=13.43 t/s 2.010s
0925 00:08:25 ds4-server: chat ctx=0..31:31 prefill chunk 28/31 (90.3%) chunk=16.26 t/s avg=13.52 t/s 2.071s
0925 00:08:25 ds4-server: chat ctx=0..31:31 prefill chunk 29/31 (93.5%) chunk=15.93 t/s avg=13.59 t/s 2.134s
0925 00:08:25 ds4-server: chat ctx=0..31:31 prefill chunk 30/31 (96.8%) chunk=16.15 t/s avg=13.66 t/s 2.196s
0925 00:08:25 ds4-server: chat ctx=0..31:31 prefill chunk 31/31 (100.0%) chunk=17.76 t/s avg=13.76 t/s 2.252s
0925 00:08:25 ds4-server: chat ctx=0..31:31 prompt done 2.254s
ds4: V4.1 block-local KV delta, 2 rows over 31 prefix keys
ds4: V4.1 batch attn_output_b hoisted out of the per-row loop (2 rows)
ds4: V4.1 block attention by level, 2 rows, concurrent section open
ds4: V4.1 batch step rows=2 pre 0.0 ms, per-row attention 0.0 ms, moe 0.0 ms, head 0.0 ms, setup 0.0 ms, publish 0.0 ms
ds4: V4.1 batch step rows=2 pre 0.0 ms, per-row attention 0.0 ms, moe 0.0 ms, head 0.0 ms, setup 0.0 ms, publish 0.0 ms
ds4: V4.1 batch step rows=2 pre 0.0 ms, per-row attention 0.0 ms, moe 0.0 ms, head 0.0 ms, setup 0.0 ms, publish 0.0 ms
ds4: V4.1 batch step rows=2 pre 0.0 ms, per-row attention 0.0 ms, moe 0.0 ms, head 0.0 ms, setup 0.0 ms, publish 0.0 ms
ds4: V4.1 batch step rows=2 pre 0.0 ms, per-row attention 0.0 ms, moe 0.0 ms, head 0.0 ms, setup 0.0 ms, publish 0.0 ms
ds4: V4.1 batch step rows=2 pre 0.0 ms, per-row attention 0.0 ms, moe 0.0 ms, head 0.0 ms, setup 0.0 ms, publish 0.0 ms
ds4: V4.1 batch step rows=2 pre 0.0 ms, per-row attention 0.0 ms, moe 0.0 ms, head 0.0 ms, setup 0.0 ms, publish 0.0 ms
ds4: V4.1 batch step rows=2 pre 0.0 ms, per-row attention 0.0 ms, moe 0.0 ms, head 0.0 ms, setup 0.0 ms, publish 0.0 ms
ds4: V4.1 batch step rows=2 pre 0.0 ms, per-row attention 0.0 ms, moe 0.0 ms, head 0.0 ms, setup 0.0 ms, publish 0.0 ms
ds4: V4.1 batch step rows=2 pre 0.0 ms, per-row attention 0.0 ms, moe 0.0 ms, head 0.0 ms, setup 0.0 ms, publish 0.0 ms
ds4: V4.1 batch step rows=2 pre 0.0 ms, per-row attention 0.0 ms, moe 0.0 ms, head 0.0 ms, setup 0.0 ms, publish 0.0 ms
ds4: V4.1 batch step rows=2 pre 0.0 ms, per-row attention 0.0 ms, moe 0.0 ms, head 0.0 ms, setup 0.0 ms, publish 0.0 ms
ds4: V4.1 batch step rows=2 pre 0.0 ms, per-row attention 0.0 ms, moe 0.0 ms, head 0.0 ms, setup 0.0 ms, publish 0.0 ms
ds4: V4.1 batch step rows=2 pre 0.0 ms, per-row attention 0.0 ms, moe 0.0 ms, head 0.0 ms, setup 0.0 ms, publish 0.0 ms
ds4: V4.1 batch step rows=2 pre 0.0 ms, per-row attention 0.0 ms, moe 0.0 ms, head 0.0 ms, setup 0.0 ms, publish 0.0 ms
ds4: V4.1 batch step rows=2 pre 0.0 ms, per-row attention 0.0 ms, moe 0.0 ms, head 0.0 ms, setup 0.0 ms, publish 0.0 ms
ds4: V4.1 verify selftest k=2, 16 positions from 31 (odd start, pair carry restored), 1 alternating rounds
  round 0: single 34.96 ms/token, batch 76.36 ms/step
ds4: gate over tokens 1-64: 31.06 command buffers, 25.23 aborts, 240.0 expert ids accounted, 586.59 MiB loaded a token; 0 the gate failed to switch off, 0 it could not gate
ds4:   one token, exclusive, same window: entry 0.00 + encode 2.60 + commit-to-done 36.23 + repair-load 13.35 + accounting 0.03 + tail 0.71 = 52.92 of a 56.56 ms wall, residual 3.65
ds4:   of the commit-to-done: GPU running 45.81 ms, GPU not running -9.58 ms
ds4:   1946.3 gated dispatches a token, 58.1 of them behind an abort; 2450.7 sent plain ahead of a buffer's first validate
ds4:   encode-ahead: 3.83 segments used, 22.73 dropped, 3.41 ms a token spent encoding under the GPU
ds4:   concurrent sections: 315.69 attempted, 315.69 opened a token
ds4:   speculation: 0.00 layers a token, 0.00 lanes computed, 0.00 matched, 0.00 GEMVs actually saved, 0.00 left to compute; compared 0.00 lanes, 0.00 floats differ, 0.00 by more than an ulp
ds4:   expert cache over the last 64 tokens: 360.00 hits, 61.80 misses, 0.00 evictions a token; 3955 of 7930 entries live (49.9%)
ds4:   of the address-table holes repaired a token: 0.00 already resident, 61.80 genuinely absent
ds4:   residency a token: 61.80 adds, 0.00 removes, 61.80 commits
ds4: selftest control: a second single pass differs from the reference in 0 of 2068480 logits
ds4: V4.1 batch step rows=2 pre 0.0 ms, per-row attention 0.0 ms, moe 0.0 ms, head 0.0 ms, setup 0.0 ms, publish 0.0 ms
ds4: weight scans a 2-row block asks for (logical, not DRAM):
ds4:   attn_q_a                  6.96 MB   1 dispatch,  2 rows,  1 scans =    6.96 MB
ds4:   attn_kv                   2.79 MB   1 dispatch,  2 rows,  1 scans =    2.79 MB
ds4:   shexp_up                 12.53 MB   1 dispatch,  2 rows,  1 scans =   12.53 MB
ds4:   ?                         0.98 MB   1 dispatch,  2 rows,  2 scans =    1.97 MB
ds4:   attn_q_b                 44.56 MB   1 dispatch,  2 rows,  1 scans =   44.56 MB
ds4:   attn_output_a            35.65 MB   2 dispatch,  2 rows,  2 scans =   71.30 MB
ds4:   attn_output_b            44.56 MB   1 dispatch,  2 rows,  1 scans =   44.56 MB
ds4:   ?                         0.98 MB   1 dispatch,  2 rows,  2 scans =    1.97 MB
ds4:   ffn_gate_inp              7.86 MB   2 dispatch,  2 rows,  2 scans =   15.73 MB
ds4:   shexp_gate               12.53 MB   1 dispatch,  2 rows,  1 scans =   12.53 MB
ds4:   shexp_down               12.53 MB   1 dispatch,  2 rows,  1 scans =   12.53 MB
ds4:   attn_q_a                  6.96 MB   1 dispatch,  2 rows,  1 scans =    6.96 MB
ds4:   attn_kv                   2.79 MB   1 dispatch,  2 rows,  1 scans =    2.79 MB
ds4:   indexer_attn_k            0.13 MB   1 dispatch,  1 rows,  1 scans =    0.13 MB
ds4:   shexp_up                 12.53 MB   1 dispatch,  2 rows,  1 scans =   12.53 MB
ds4:   ?                         0.98 MB   1 dispatch,  2 rows,  2 scans =    1.97 MB
ds4:   attn_q_b                 44.56 MB   1 dispatch,  2 rows,  1 scans =   44.56 MB
ds4:   attn_output_a            35.65 MB   1 dispatch,  2 rows,  1 scans =   35.65 MB
ds4:   attn_output_b            44.56 MB   1 dispatch,  2 rows,  1 scans =   44.56 MB
ds4:   ?                         0.98 MB   1 dispatch,  2 rows,  2 scans =    1.97 MB
ds4:   ffn_gate_inp              7.86 MB   2 dispatch,  2 rows,  2 scans =   15.73 MB
ds4:   shexp_gate               12.53 MB   1 dispatch,  2 rows,  1 scans =   12.53 MB
ds4:   shexp_down               12.53 MB   1 dispatch,  2 rows,  1 scans =   12.53 MB
ds4:   attn_q_a                  6.96 MB   1 dispatch,  2 rows,  1 scans =    6.96 MB
ds4:   attn_kv                   2.79 MB   1 dispatch,  2 rows,  1 scans =    2.79 MB
ds4:   shexp_up                 12.53 MB   1 dispatch,  2 rows,  1 scans =   12.53 MB
ds4:   ?                         0.98 MB   1 dispatch,  2 rows,  2 scans =    1.97 MB
ds4:   attn_q_b                 44.56 MB   1 dispatch,  2 rows,  1 scans =   44.56 MB
ds4:   attn_output_a            35.65 MB   1 dispatch,  2 rows,  1 scans =   35.65 MB
ds4:   attn_output_b            44.56 MB   1 dispatch,  2 rows,  1 scans =   44.56 MB
ds4:   ?                         0.98 MB   1 dispatch,  2 rows,  2 scans =    1.97 MB
ds4:   ffn_gate_inp              7.86 MB   2 dispatch,  2 rows,  2 scans =   15.73 MB
ds4:   shexp_gate               12.53 MB   1 dispatch,  2 rows,  1 scans =   12.53 MB
ds4:   shexp_down               12.53 MB   1 dispatch,  2 rows,  1 scans =   12.53 MB
ds4:   attn_q_a                  6.96 MB   1 dispatch,  2 rows,  1 scans =    6.96 MB
ds4:   attn_kv                   2.79 MB   1 dispatch,  2 rows,  1 scans =    2.79 MB
ds4:   shexp_up                 12.53 MB   1 dispatch,  2 rows,  1 scans =   12.53 MB
ds4:   ?                         0.98 MB   1 dispatch,  2 rows,  2 scans =    1.97 MB
ds4:   attn_q_b                 44.56 MB   1 dispatch,  2 rows,  1 scans =   44.56 MB
ds4:   attn_output_a            35.65 MB   1 dispatch,  2 rows,  1 scans =   35.65 MB
ds4:   attn_output_b            44.56 MB   1 dispatch,  2 rows,  1 scans =   44.56 MB
ds4:   ?                         0.98 MB   1 dispatch,  2 rows,  2 scans =    1.97 MB
ds4:   ffn_gate_inp              7.86 MB   2 dispatch,  2 rows,  2 scans =   15.73 MB
ds4:   shexp_gate               12.53 MB   1 dispatch,  2 rows,  1 scans =   12.53 MB
ds4:   shexp_down               12.53 MB   1 dispatch,  2 rows,  1 scans =   12.53 MB
ds4:   attn_q_a                  6.96 MB   1 dispatch,  2 rows,  1 scans =    6.96 MB
ds4:   attn_kv                   2.79 MB   1 dispatch,  2 rows,  1 scans =    2.79 MB
ds4:   indexer_attn_k            0.13 MB   1 dispatch,  1 rows,  1 scans =    0.13 MB
ds4:   shexp_up                 12.53 MB   1 dispatch,  2 rows,  1 scans =   12.53 MB
ds4:   ?                         0.98 MB   1 dispatch,  2 rows,  2 scans =    1.97 MB
ds4:   attn_q_b                 44.56 MB   1 dispatch,  2 rows,  1 scans =   44.56 MB
ds4:   attn_output_a            35.65 MB   1 dispatch,  2 rows,  1 scans =   35.65 MB
ds4:   attn_output_b            44.56 MB   1 dispatch,  2 rows,  1 scans =   44.56 MB
ds4:   ?                         0.98 MB   1 dispatch,  2 rows,  2 scans =    1.97 MB
ds4:   ffn_gate_inp              7.86 MB   2 dispatch,  2 rows,  2 scans =   15.73 MB
ds4:   shexp_gate               12.53 MB   1 dispatch,  2 rows,  1 scans =   12.53 MB
ds4:   shexp_down               12.53 MB   1 dispatch,  2 rows,  1 scans =   12.53 MB
ds4:   attn_q_a                  6.96 MB   1 dispatch,  2 rows,  1 scans =    6.96 MB
ds4:   attn_kv                   2.79 MB   1 dispatch,  2 rows,  1 scans =    2.79 MB
ds4:   shexp_up                 12.53 MB   1 dispatch,  2 rows,  1 scans =   12.53 MB
ds4:   ?                         0.98 MB   1 dispatch,  2 rows,  2 scans =    1.97 MB
ds4:   attn_q_b                 44.56 MB   1 dispatch,  2 rows,  1 scans =   44.56 MB
ds4:   attn_output_a            35.65 MB   1 dispatch,  2 rows,  1 scans =   35.65 MB
ds4:   attn_output_b            44.56 MB   1 dispatch,  2 rows,  1 scans =   44.56 MB
ds4:   ?                         0.98 MB   1 dispatch,  2 rows,  2 scans =    1.97 MB
ds4:   ffn_gate_inp              7.86 MB   2 dispatch,  2 rows,  2 scans =   15.73 MB
ds4:   shexp_gate               12.53 MB   1 dispatch,  2 rows,  1 scans =   12.53 MB
ds4:   shexp_down               12.53 MB   1 dispatch,  2 rows,  1 scans =   12.53 MB
ds4:   attn_q_a                  6.96 MB   1 dispatch,  2 rows,  1 scans =    6.96 MB
ds4:   attn_kv                   2.79 MB   1 dispatch,  2 rows,  1 scans =    2.79 MB
ds4:   shexp_up                 12.53 MB   1 dispatch,  2 rows,  1 scans =   12.53 MB
ds4:   ?                         0.98 MB   1 dispatch,  2 rows,  2 scans =    1.97 MB
ds4:   attn_q_b                 44.56 MB   1 dispatch,  2 rows,  1 scans =   44.56 MB
ds4:   attn_output_a            35.65 MB   1 dispatch,  2 rows,  1 scans =   35.65 MB
ds4:   attn_output_b            44.56 MB   1 dispatch,  2 rows,  1 scans =   44.56 MB
ds4:   ?                         0.98 MB   1 dispatch,  2 rows,  2 scans =    1.97 MB
ds4:   ffn_gate_inp              7.86 MB   2 dispatch,  2 rows,  2 scans =   15.73 MB
ds4:   shexp_gate               12.53 MB   1 dispatch,  2 rows,  1 scans =   12.53 MB
ds4:   shexp_down               12.53 MB   1 dispatch,  2 rows,  1 scans =   12.53 MB
ds4:   ?                       314.57 MB   1 dispatch,  2 rows,  2 scans =  629.15 MB
ds4:   attn_q_a                  6.96 MB   1 dispatch,  2 rows,  1 scans =    6.96 MB
ds4:   attn_kv                   2.79 MB   1 dispatch,  2 rows,  1 scans =    2.79 MB
ds4:   indexer_attn_k            0.13 MB   1 dispatch,  1 rows,  1 scans =    0.13 MB
ds4:   shexp_up                 12.53 MB   1 dispatch,  2 rows,  1 scans =   12.53 MB
ds4:   ?                         0.98 MB   1 dispatch,  2 rows,  2 scans =    1.97 MB
ds4:   attn_q_b                 44.56 MB   1 dispatch,  2 rows,  1 scans =   44.56 MB
ds4:   attn_output_a            35.65 MB   1 dispatch,  2 rows,  1 scans =   35.65 MB
ds4:   attn_output_b            44.56 MB   1 dispatch,  2 rows,  1 scans =   44.56 MB
ds4:   ?                         0.98 MB   1 dispatch,  2 rows,  2 scans =    1.97 MB
ds4:   ffn_gate_inp              7.86 MB   2 dispatch,  2 rows,  2 scans =   15.73 MB
ds4:   shexp_gate               12.53 MB   1 dispatch,  2 rows,  1 scans =   12.53 MB
ds4:   shexp_down               12.53 MB   1 dispatch,  2 rows,  1 scans =   12.53 MB
ds4:   attn_q_a                  6.96 MB   1 dispatch,  2 rows,  1 scans =    6.96 MB
ds4:   attn_kv                   2.79 MB   1 dispatch,  2 rows,  1 scans =    2.79 MB
ds4:   shexp_up                 12.53 MB   1 dispatch,  2 rows,  1 scans =   12.53 MB
ds4:   ?                         0.98 MB   1 dispatch,  2 rows,  2 scans =    1.97 MB
ds4:   attn_q_b                 44.56 MB   1 dispatch,  2 rows,  1 scans =   44.56 MB
ds4:   attn_output_a            35.65 MB   1 dispatch,  2 rows,  1 scans =   35.65 MB
ds4:   attn_output_b            44.56 MB   1 dispatch,  2 rows,  1 scans =   44.56 MB
ds4:   ?                         0.98 MB   1 dispatch,  2 rows,  2 scans =    1.97 MB
ds4:   ffn_gate_inp              7.86 MB   2 dispatch,  2 rows,  2 scans =   15.73 MB
ds4:   shexp_gate               12.53 MB   1 dispatch,  2 rows,  1 scans =   12.53 MB
ds4:   shexp_down               12.53 MB   1 dispatch,  2 rows,  1 scans =   12.53 MB
ds4:   attn_q_a                  6.96 MB   1 dispatch,  2 rows,  1 scans =    6.96 MB
ds4:   attn_kv                   2.79 MB   1 dispatch,  2 rows,  1 scans =    2.79 MB
ds4:   shexp_up                 12.53 MB   1 dispatch,  2 rows,  1 scans =   12.53 MB
ds4:   ?                         0.98 MB   1 dispatch,  2 rows,  2 scans =    1.97 MB
ds4:   attn_q_b                 44.56 MB   1 dispatch,  2 rows,  1 scans =   44.56 MB
ds4:   attn_output_a            35.65 MB   1 dispatch,  2 rows,  1 scans =   35.65 MB
ds4:   attn_output_b            44.56 MB   1 dispatch,  2 rows,  1 scans =   44.56 MB
ds4:   ?                         0.98 MB   1 dispatch,  2 rows,  2 scans =    1.97 MB
ds4:   ffn_gate_inp              7.86 MB   2 dispatch,  2 rows,  2 scans =   15.73 MB
ds4:   shexp_gate               12.53 MB   1 dispatch,  2 rows,  1 scans =   12.53 MB
ds4:   shexp_down               12.53 MB   1 dispatch,  2 rows,  1 scans =   12.53 MB
ds4:   attn_q_a                  6.96 MB   1 dispatch,  2 rows,  1 scans =    6.96 MB
ds4:   attn_kv                   2.79 MB   1 dispatch,  2 rows,  1 scans =    2.79 MB
ds4:   indexer_attn_k            0.13 MB   2 dispatch,  2 rows,  2 scans =    0.26 MB
ds4:   shexp_up                 12.53 MB   1 dispatch,  2 rows,  1 scans =   12.53 MB
ds4:   ?                         0.98 MB   1 dispatch,  2 rows,  2 scans =    1.97 MB
ds4:   attn_q_b                 44.56 MB   1 dispatch,  2 rows,  1 scans =   44.56 MB
ds4:   attn_output_a            35.65 MB   1 dispatch,  2 rows,  1 scans =   35.65 MB
ds4:   attn_output_b            44.56 MB   1 dispatch,  2 rows,  1 scans =   44.56 MB
ds4:   ?                         0.98 MB   1 dispatch,  2 rows,  2 scans =    1.97 MB
ds4:   ffn_gate_inp              7.86 MB   2 dispatch,  2 rows,  2 scans =   15.73 MB
ds4:   shexp_gate               12.53 MB   1 dispatch,  2 rows,  1 scans =   12.53 MB
ds4:   shexp_down               12.53 MB   1 dispatch,  2 rows,  1 scans =   12.53 MB
ds4:   attn_q_a                  6.96 MB   1 dispatch,  2 rows,  1 scans =    6.96 MB
ds4:   attn_kv                   2.79 MB   1 dispatch,  2 rows,  1 scans =    2.79 MB
ds4:   shexp_up                 12.53 MB   1 dispatch,  2 rows,  1 scans =   12.53 MB
ds4:   ?                         0.98 MB   1 dispatch,  2 rows,  2 scans =    1.97 MB
ds4:   attn_q_b                 44.56 MB   1 dispatch,  2 rows,  1 scans =   44.56 MB
ds4:   attn_output_a            35.65 MB   1 dispatch,  2 rows,  1 scans =   35.65 MB
ds4:   attn_output_b            44.56 MB   1 dispatch,  2 rows,  1 scans =   44.56 MB
ds4:   ?                         0.98 MB   1 dispatch,  2 rows,  2 scans =    1.97 MB
ds4:   ffn_gate_inp              7.86 MB   2 dispatch,  2 rows,  2 scans =   15.73 MB
ds4:   shexp_gate               12.53 MB   1 dispatch,  2 rows,  1 scans =   12.53 MB
ds4:   shexp_down               12.53 MB   1 dispatch,  2 rows,  1 scans =   12.53 MB
ds4:   attn_q_a                  6.96 MB   1 dispatch,  2 rows,  1 scans =    6.96 MB
ds4:   attn_kv                   2.79 MB   1 dispatch,  2 rows,  1 scans =    2.79 MB
ds4:   shexp_up                 12.53 MB   1 dispatch,  2 rows,  1 scans =   12.53 MB
ds4:   ?                         0.98 MB   1 dispatch,  2 rows,  2 scans =    1.97 MB
ds4:   attn_q_b                 44.56 MB   1 dispatch,  2 rows,  1 scans =   44.56 MB
ds4:   attn_output_a            35.65 MB   1 dispatch,  2 rows,  1 scans =   35.65 MB
ds4:   attn_output_b            44.56 MB   1 dispatch,  2 rows,  1 scans =   44.56 MB
ds4:   ?                         0.98 MB   1 dispatch,  2 rows,  2 scans =    1.97 MB
ds4:   ffn_gate_inp              7.86 MB   2 dispatch,  2 rows,  2 scans =   15.73 MB
ds4:   shexp_gate               12.53 MB   1 dispatch,  2 rows,  1 scans =   12.53 MB
ds4:   shexp_down               12.53 MB   1 dispatch,  2 rows,  1 scans =   12.53 MB
ds4:   attn_q_a                  6.96 MB   1 dispatch,  2 rows,  1 scans =    6.96 MB
ds4:   attn_kv                   2.79 MB   1 dispatch,  2 rows,  1 scans =    2.79 MB
ds4:   shexp_up                 12.53 MB   1 dispatch,  2 rows,  1 scans =   12.53 MB
ds4:   ?                         0.98 MB   1 dispatch,  2 rows,  2 scans =    1.97 MB
ds4:   attn_q_b                 44.56 MB   1 dispatch,  2 rows,  1 scans =   44.56 MB
ds4:   attn_output_a            35.65 MB   1 dispatch,  2 rows,  1 scans =   35.65 MB
ds4:   attn_output_b            44.56 MB   1 dispatch,  2 rows,  1 scans =   44.56 MB
ds4:   ?                         0.98 MB   1 dispatch,  2 rows,  2 scans =    1.97 MB
ds4:   ffn_gate_inp              7.86 MB   2 dispatch,  2 rows,  2 scans =   15.73 MB
ds4:   shexp_gate               12.53 MB   1 dispatch,  2 rows,  1 scans =   12.53 MB
ds4:   shexp_down               12.53 MB   1 dispatch,  2 rows,  1 scans =   12.53 MB
ds4:   attn_q_a                  6.96 MB   1 dispatch,  2 rows,  1 scans =    6.96 MB
ds4:   attn_kv                   2.79 MB   1 dispatch,  2 rows,  1 scans =    2.79 MB
ds4:   shexp_up                 12.53 MB   1 dispatch,  2 rows,  1 scans =   12.53 MB
ds4:   ?                         0.98 MB   1 dispatch,  2 rows,  2 scans =    1.97 MB
ds4:   attn_q_b                 44.56 MB   1 dispatch,  2 rows,  1 scans =   44.56 MB
ds4:   attn_output_a            35.65 MB   1 dispatch,  2 rows,  1 scans =   35.65 MB
ds4:   attn_output_b            44.56 MB   1 dispatch,  2 rows,  1 scans =   44.56 MB
ds4:   ?                         0.98 MB   1 dispatch,  2 rows,  2 scans =    1.97 MB
ds4:   ffn_gate_inp              7.86 MB   2 dispatch,  2 rows,  2 scans =   15.73 MB
ds4:   shexp_gate               12.53 MB   1 dispatch,  2 rows,  1 scans =   12.53 MB
ds4:   shexp_down               12.53 MB   1 dispatch,  2 rows,  1 scans =   12.53 MB
ds4:   attn_q_a                  6.96 MB   1 dispatch,  2 rows,  1 scans =    6.96 MB
ds4:   attn_kv                   2.79 MB   1 dispatch,  2 rows,  1 scans =    2.79 MB
ds4:   shexp_up                 12.53 MB   1 dispatch,  2 rows,  1 scans =   12.53 MB
ds4:   ?                         0.98 MB   1 dispatch,  2 rows,  2 scans =    1.97 MB
ds4:   attn_q_b                 44.56 MB   1 dispatch,  2 rows,  1 scans =   44.56 MB
ds4:   attn_output_a            35.65 MB   1 dispatch,  2 rows,  1 scans =   35.65 MB
ds4:   attn_output_b            44.56 MB   1 dispatch,  2 rows,  1 scans =   44.56 MB
ds4:   ?                         0.98 MB   1 dispatch,  2 rows,  2 scans =    1.97 MB
ds4:   ffn_gate_inp              7.86 MB   2 dispatch,  2 rows,  2 scans =   15.73 MB
ds4:   shexp_gate               12.53 MB   1 dispatch,  2 rows,  1 scans =   12.53 MB
ds4:   shexp_down               12.53 MB   1 dispatch,  2 rows,  1 scans =   12.53 MB
ds4:   attn_q_a                  6.96 MB   1 dispatch,  2 rows,  1 scans =    6.96 MB
ds4:   attn_kv                   2.79 MB   1 dispatch,  2 rows,  1 scans =    2.79 MB
ds4:   shexp_up                 12.53 MB   1 dispatch,  2 rows,  1 scans =   12.53 MB
ds4:   ?                         0.98 MB   1 dispatch,  2 rows,  2 scans =    1.97 MB
ds4:   attn_q_b                 44.56 MB   1 dispatch,  2 rows,  1 scans =   44.56 MB
ds4:   attn_output_a            35.65 MB   1 dispatch,  2 rows,  1 scans =   35.65 MB
ds4:   attn_output_b            44.56 MB   1 dispatch,  2 rows,  1 scans =   44.56 MB
ds4:   ?                         0.98 MB   1 dispatch,  2 rows,  2 scans =    1.97 MB
ds4:   ffn_gate_inp              7.86 MB   2 dispatch,  2 rows,  2 scans =   15.73 MB
ds4:   shexp_gate               12.53 MB   1 dispatch,  2 rows,  1 scans =   12.53 MB
ds4:   shexp_down               12.53 MB   1 dispatch,  2 rows,  1 scans =   12.53 MB
ds4:   attn_q_a                  6.96 MB   1 dispatch,  2 rows,  1 scans =    6.96 MB
ds4:   attn_kv                   2.79 MB   1 dispatch,  2 rows,  1 scans =    2.79 MB
ds4:   shexp_up                 12.53 MB   1 dispatch,  2 rows,  1 scans =   12.53 MB
ds4:   ?                         0.98 MB   1 dispatch,  2 rows,  2 scans =    1.97 MB
ds4:   attn_q_b                 44.56 MB   1 dispatch,  2 rows,  1 scans =   44.56 MB
ds4:   attn_output_a            35.65 MB   1 dispatch,  2 rows,  1 scans =   35.65 MB
ds4:   attn_output_b            44.56 MB   1 dispatch,  2 rows,  1 scans =   44.56 MB
ds4:   ?                         0.98 MB   1 dispatch,  2 rows,  2 scans =    1.97 MB
ds4:   ffn_gate_inp              7.86 MB   2 dispatch,  2 rows,  2 scans =   15.73 MB
ds4:   shexp_gate               12.53 MB   1 dispatch,  2 rows,  1 scans =   12.53 MB
ds4:   shexp_down               12.53 MB   1 dispatch,  2 rows,  1 scans =   12.53 MB
ds4:   attn_q_a                  6.96 MB   1 dispatch,  2 rows,  1 scans =    6.96 MB
ds4:   attn_kv                   2.79 MB   1 dispatch,  2 rows,  1 scans =    2.79 MB
ds4:   shexp_up                 12.53 MB   1 dispatch,  2 rows,  1 scans =   12.53 MB
ds4:   ?                         0.98 MB   1 dispatch,  2 rows,  2 scans =    1.97 MB
ds4:   attn_q_b                 44.56 MB   1 dispatch,  2 rows,  1 scans =   44.56 MB
ds4:   attn_output_a            35.65 MB   1 dispatch,  2 rows,  1 scans =   35.65 MB
ds4:   attn_output_b            44.56 MB   1 dispatch,  2 rows,  1 scans =   44.56 MB
ds4:   ?                         0.98 MB   1 dispatch,  2 rows,  2 scans =    1.97 MB
ds4:   ffn_gate_inp              7.86 MB   2 dispatch,  2 rows,  2 scans =   15.73 MB
ds4:   shexp_gate               12.53 MB   1 dispatch,  2 rows,  1 scans =   12.53 MB
ds4:   shexp_down               12.53 MB   1 dispatch,  2 rows,  1 scans =   12.53 MB
ds4:   attn_q_a                  6.96 MB   1 dispatch,  2 rows,  1 scans =    6.96 MB
ds4:   attn_kv                   2.79 MB   1 dispatch,  2 rows,  1 scans =    2.79 MB
ds4:   shexp_up                 12.53 MB   1 dispatch,  2 rows,  1 scans =   12.53 MB
ds4:   ?                         0.98 MB   1 dispatch,  2 rows,  2 scans =    1.97 MB
ds4:   attn_q_b                 44.56 MB   1 dispatch,  2 rows,  1 scans =   44.56 MB
ds4:   attn_output_a            35.65 MB   1 dispatch,  2 rows,  1 scans =   35.65 MB
ds4:   attn_output_b            44.56 MB   1 dispatch,  2 rows,  1 scans =   44.56 MB
ds4:   ?                         0.98 MB   1 dispatch,  2 rows,  2 scans =    1.97 MB
ds4:   ffn_gate_inp              7.86 MB   2 dispatch,  2 rows,  2 scans =   15.73 MB
ds4:   shexp_gate               12.53 MB   1 dispatch,  2 rows,  1 scans =   12.53 MB
ds4:   shexp_down               12.53 MB   1 dispatch,  2 rows,  1 scans =   12.53 MB
ds4:   head                    703.28 MB   1 dispatch,  2 rows,  1 scans =  703.28 MB
ds4:   ?                         0.98 MB   1 dispatch,  2 rows,  2 scans =    1.97 MB
ds4:   attn_q_b                 44.56 MB   1 dispatch,  2 rows,  1 scans =   44.56 MB
ds4:   attn_output_a            35.65 MB   2 dispatch,  2 rows,  2 scans =   71.30 MB
ds4:   attn_output_b            44.56 MB   1 dispatch,  2 rows,  1 scans =   44.56 MB
ds4:   ?                         0.98 MB   1 dispatch,  2 rows,  2 scans =    1.97 MB
ds4:   ffn_gate_inp              7.86 MB   2 dispatch,  2 rows,  2 scans =   15.73 MB
ds4:   shexp_gate               12.53 MB   1 dispatch,  2 rows,  1 scans =   12.53 MB
ds4:   shexp_down               12.53 MB   1 dispatch,  2 rows,  1 scans =   12.53 MB
ds4:   ?                       314.57 MB   1 dispatch,  2 rows,  2 scans =  629.15 MB
ds4:   attn_q_a                  6.96 MB   1 dispatch,  2 rows,  1 scans =    6.96 MB
ds4:   attn_kv                   2.79 MB   1 dispatch,  2 rows,  1 scans =    2.79 MB
ds4:   shexp_up                 12.53 MB   1 dispatch,  2 rows,  1 scans =   12.53 MB
ds4:   ?                         0.98 MB   1 dispatch,  2 rows,  2 scans =    1.97 MB
ds4:   attn_q_b                 44.56 MB   1 dispatch,  2 rows,  1 scans =   44.56 MB
ds4:   attn_compressor_kv        5.24 MB   2 dispatch,  2 rows,  2 scans =   10.49 MB
ds4:   attn_compressor_gate      5.24 MB   2 dispatch,  2 rows,  2 scans =   10.49 MB
ds4:   indexer_attn_q_b         10.49 MB   2 dispatch,  2 rows,  2 scans =   20.97 MB
ds4:   indexer_proj              0.33 MB   2 dispatch,  2 rows,  2 scans =    0.66 MB
ds4:   attn_output_a            35.65 MB   1 dispatch,  2 rows,  1 scans =   35.65 MB
ds4:   attn_output_b            44.56 MB   1 dispatch,  2 rows,  1 scans =   44.56 MB
ds4:   ?                         0.98 MB   1 dispatch,  2 rows,  2 scans =    1.97 MB
ds4:   ffn_gate_inp              7.86 MB   2 dispatch,  2 rows,  2 scans =   15.73 MB
ds4:   shexp_gate               12.53 MB   1 dispatch,  2 rows,  1 scans =   12.53 MB
ds4:   shexp_down               12.53 MB   1 dispatch,  2 rows,  1 scans =   12.53 MB
ds4:   attn_q_a                  6.96 MB   1 dispatch,  2 rows,  1 scans =    6.96 MB
ds4:   attn_kv                   2.79 MB   1 dispatch,  2 rows,  1 scans =    2.79 MB
ds4:   shexp_up                 12.53 MB   1 dispatch,  2 rows,  1 scans =   12.53 MB
ds4:   ?                         0.98 MB   1 dispatch,  2 rows,  2 scans =    1.97 MB
ds4:   attn_q_b                 44.56 MB   1 dispatch,  2 rows,  1 scans =   44.56 MB
ds4:   attn_output_a            35.65 MB   1 dispatch,  2 rows,  1 scans =   35.65 MB
ds4:   attn_output_b            44.56 MB   1 dispatch,  2 rows,  1 scans =   44.56 MB
ds4:   ?                         0.98 MB   1 dispatch,  2 rows,  2 scans =    1.97 MB
ds4:   ffn_gate_inp              7.86 MB   2 dispatch,  2 rows,  2 scans =   15.73 MB
ds4:   shexp_gate               12.53 MB   1 dispatch,  2 rows,  1 scans =   12.53 MB
ds4:   shexp_down               12.53 MB   1 dispatch,  2 rows,  1 scans =   12.53 MB
ds4:   attn_q_a                  6.96 MB   1 dispatch,  2 rows,  1 scans =    6.96 MB
ds4:   attn_kv                   2.79 MB   1 dispatch,  2 rows,  1 scans =    2.79 MB
ds4:   shexp_up                 12.53 MB   1 dispatch,  2 rows,  1 scans =   12.53 MB
ds4:   ?                         0.98 MB   1 dispatch,  2 rows,  2 scans =    1.97 MB
ds4:   attn_q_b                 44.56 MB   1 dispatch,  2 rows,  1 scans =   44.56 MB
ds4:   attn_output_a            35.65 MB   1 dispatch,  2 rows,  1 scans =   35.65 MB
ds4:   attn_output_b            44.56 MB   1 dispatch,  2 rows,  1 scans =   44.56 MB
ds4:   ?                         0.98 MB   1 dispatch,  2 rows,  2 scans =    1.97 MB
ds4:   ffn_gate_inp              7.86 MB   2 dispatch,  2 rows,  2 scans =   15.73 MB
ds4:   shexp_gate               12.53 MB   1 dispatch,  2 rows,  1 scans =   12.53 MB
ds4:   shexp_down               12.53 MB   1 dispatch,  2 rows,  1 scans =   12.53 MB
ds4:   attn_q_a                  6.96 MB   1 dispatch,  2 rows,  1 scans =    6.96 MB
ds4:   attn_kv                   2.79 MB   1 dispatch,  2 rows,  1 scans =    2.79 MB
ds4:   shexp_up                 12.53 MB   1 dispatch,  2 rows,  1 scans =   12.53 MB
ds4:   ?                         0.98 MB   1 dispatch,  2 rows,  2 scans =    1.97 MB
ds4:   attn_q_b                 44.56 MB   1 dispatch,  2 rows,  1 scans =   44.56 MB
ds4:   attn_compressor_kv        5.24 MB   2 dispatch,  2 rows,  2 scans =   10.49 MB
ds4:   attn_compressor_gate      5.24 MB   2 dispatch,  2 rows,  2 scans =   10.49 MB
ds4:   indexer_attn_q_b         10.49 MB   2 dispatch,  2 rows,  2 scans =   20.97 MB
ds4:   indexer_proj              0.33 MB   2 dispatch,  2 rows,  2 scans =    0.66 MB
ds4:   attn_output_a            35.65 MB   1 dispatch,  2 rows,  1 scans =   35.65 MB
ds4:   attn_output_b            44.56 MB   1 dispatch,  2 rows,  1 scans =   44.56 MB
ds4:   ?                         0.98 MB   1 dispatch,  2 rows,  2 scans =    1.97 MB
ds4:   ffn_gate_inp              7.86 MB   2 dispatch,  2 rows,  2 scans =   15.73 MB
ds4:   shexp_gate               12.53 MB   1 dispatch,  2 rows,  1 scans =   12.53 MB
ds4:   shexp_down               12.53 MB   1 dispatch,  2 rows,  1 scans =   12.53 MB
ds4:   attn_q_a                  6.96 MB   1 dispatch,  2 rows,  1 scans =    6.96 MB
ds4:   attn_kv                   2.79 MB   1 dispatch,  2 rows,  1 scans =    2.79 MB
ds4:   shexp_up                 12.53 MB   1 dispatch,  2 rows,  1 scans =   12.53 MB
ds4:   ?                         0.98 MB   1 dispatch,  2 rows,  2 scans =    1.97 MB
ds4:   attn_q_b                 44.56 MB   1 dispatch,  2 rows,  1 scans =   44.56 MB
ds4:   attn_output_a            35.65 MB   1 dispatch,  2 rows,  1 scans =   35.65 MB
ds4:   attn_output_b            44.56 MB   1 dispatch,  2 rows,  1 scans =   44.56 MB
ds4:   ?                         0.98 MB   1 dispatch,  2 rows,  2 scans =    1.97 MB
ds4:   ffn_gate_inp              7.86 MB   2 dispatch,  2 rows,  2 scans =   15.73 MB
ds4:   shexp_gate               12.53 MB   1 dispatch,  2 rows,  1 scans =   12.53 MB
ds4:   shexp_down               12.53 MB   1 dispatch,  2 rows,  1 scans =   12.53 MB
ds4:   attn_q_a                  6.96 MB   1 dispatch,  2 rows,  1 scans =    6.96 MB
ds4:   attn_kv                   2.79 MB   1 dispatch,  2 rows,  1 scans =    2.79 MB
ds4:   shexp_up                 12.53 MB   1 dispatch,  2 rows,  1 scans =   12.53 MB
ds4:   ?                         0.98 MB   1 dispatch,  2 rows,  2 scans =    1.97 MB
ds4:   attn_q_b                 44.56 MB   1 dispatch,  2 rows,  1 scans =   44.56 MB
ds4:   attn_output_a            35.65 MB   1 dispatch,  2 rows,  1 scans =   35.65 MB
ds4:   attn_output_b            44.56 MB   1 dispatch,  2 rows,  1 scans =   44.56 MB
ds4:   ?                         0.98 MB   1 dispatch,  2 rows,  2 scans =    1.97 MB
ds4:   ffn_gate_inp              7.86 MB   2 dispatch,  2 rows,  2 scans =   15.73 MB
ds4:   shexp_gate               12.53 MB   1 dispatch,  2 rows,  1 scans =   12.53 MB
ds4:   shexp_down               12.53 MB   1 dispatch,  2 rows,  1 scans =   12.53 MB
ds4:   attn_q_a                  6.96 MB   1 dispatch,  2 rows,  1 scans =    6.96 MB
ds4:   attn_kv                   2.79 MB   1 dispatch,  2 rows,  1 scans =    2.79 MB
ds4:   shexp_up                 12.53 MB   1 dispatch,  2 rows,  1 scans =   12.53 MB
ds4:   ?                         0.98 MB   1 dispatch,  2 rows,  2 scans =    1.97 MB
ds4:   attn_q_b                 44.56 MB   1 dispatch,  2 rows,  1 scans =   44.56 MB
ds4:   attn_compressor_kv        5.24 MB   2 dispatch,  2 rows,  2 scans =   10.49 MB
ds4:   attn_compressor_gate      5.24 MB   2 dispatch,  2 rows,  2 scans =   10.49 MB
ds4:   indexer_attn_q_b         10.49 MB   2 dispatch,  2 rows,  2 scans =   20.97 MB
ds4:   indexer_proj              0.33 MB   2 dispatch,  2 rows,  2 scans =    0.66 MB
ds4:   attn_output_a            35.65 MB   1 dispatch,  2 rows,  1 scans =   35.65 MB
ds4:   attn_output_b            44.56 MB   1 dispatch,  2 rows,  1 scans =   44.56 MB
ds4:   ?                         0.98 MB   1 dispatch,  2 rows,  2 scans =    1.97 MB
ds4:   ffn_gate_inp              7.86 MB   2 dispatch,  2 rows,  2 scans =   15.73 MB
ds4:   shexp_gate               12.53 MB   1 dispatch,  2 rows,  1 scans =   12.53 MB
ds4:   shexp_down               12.53 MB   1 dispatch,  2 rows,  1 scans =   12.53 MB
ds4:   attn_q_a                  6.96 MB   1 dispatch,  2 rows,  1 scans =    6.96 MB
ds4:   attn_kv                   2.79 MB   1 dispatch,  2 rows,  1 scans =    2.79 MB
ds4:   shexp_up                 12.53 MB   1 dispatch,  2 rows,  1 scans =   12.53 MB
ds4:   ?                         0.98 MB   1 dispatch,  2 rows,  2 scans =    1.97 MB
ds4:   attn_q_b                 44.56 MB   1 dispatch,  2 rows,  1 scans =   44.56 MB
ds4:   attn_output_a            35.65 MB   1 dispatch,  2 rows,  1 scans =   35.65 MB
ds4:   attn_output_b            44.56 MB   1 dispatch,  2 rows,  1 scans =   44.56 MB
ds4:   ?                         0.98 MB   1 dispatch,  2 rows,  2 scans =    1.97 MB
ds4:   ffn_gate_inp              7.86 MB   2 dispatch,  2 rows,  2 scans =   15.73 MB
ds4:   shexp_gate               12.53 MB   1 dispatch,  2 rows,  1 scans =   12.53 MB
ds4:   shexp_down               12.53 MB   1 dispatch,  2 rows,  1 scans =   12.53 MB
ds4:   attn_q_a                  6.96 MB   1 dispatch,  2 rows,  1 scans =    6.96 MB
ds4:   attn_kv                   2.79 MB   1 dispatch,  2 rows,  1 scans =    2.79 MB
ds4:   shexp_up                 12.53 MB   1 dispatch,  2 rows,  1 scans =   12.53 MB
ds4:   ?                         0.98 MB   1 dispatch,  2 rows,  2 scans =    1.97 MB
ds4:   attn_q_b                 44.56 MB   1 dispatch,  2 rows,  1 scans =   44.56 MB
ds4:   attn_output_a            35.65 MB   1 dispatch,  2 rows,  1 scans =   35.65 MB
ds4:   attn_output_b            44.56 MB   1 dispatch,  2 rows,  1 scans =   44.56 MB
ds4:   ?                         0.98 MB   1 dispatch,  2 rows,  2 scans =    1.97 MB
ds4:   ffn_gate_inp              7.86 MB   2 dispatch,  2 rows,  2 scans =   15.73 MB
ds4:   shexp_gate               12.53 MB   1 dispatch,  2 rows,  1 scans =   12.53 MB
ds4:   shexp_down               12.53 MB   1 dispatch,  2 rows,  1 scans =   12.53 MB
ds4:   attn_q_a                  6.96 MB   1 dispatch,  2 rows,  1 scans =    6.96 MB
ds4:   attn_kv                   2.79 MB   1 dispatch,  2 rows,  1 scans =    2.79 MB
ds4:   shexp_up                 12.53 MB   1 dispatch,  2 rows,  1 scans =   12.53 MB
ds4:   ?                         0.98 MB   1 dispatch,  2 rows,  2 scans =    1.97 MB
ds4:   attn_q_b                 44.56 MB   1 dispatch,  2 rows,  1 scans =   44.56 MB
ds4:   attn_compressor_kv        5.24 MB   2 dispatch,  2 rows,  2 scans =   10.49 MB
ds4:   indexer_attn_q_b         10.49 MB   2 dispatch,  2 rows,  2 scans =   20.97 MB
ds4:   indexer_proj              0.33 MB   2 dispatch,  2 rows,  2 scans =    0.66 MB
ds4:   attn_output_a            35.65 MB   1 dispatch,  2 rows,  1 scans =   35.65 MB
ds4:   attn_output_b            44.56 MB   1 dispatch,  2 rows,  1 scans =   44.56 MB
ds4:   ?                         0.98 MB   1 dispatch,  2 rows,  2 scans =    1.97 MB
ds4:   ffn_gate_inp              7.86 MB   2 dispatch,  2 rows,  2 scans =   15.73 MB
ds4:   shexp_gate               12.53 MB   1 dispatch,  2 rows,  1 scans =   12.53 MB
ds4:   shexp_down               12.53 MB   1 dispatch,  2 rows,  1 scans =   12.53 MB
ds4:   attn_q_a                  6.96 MB   1 dispatch,  2 rows,  1 scans =    6.96 MB
ds4:   attn_kv                   2.79 MB   1 dispatch,  2 rows,  1 scans =    2.79 MB
ds4:   shexp_up                 12.53 MB   1 dispatch,  2 rows,  1 scans =   12.53 MB
ds4:   ?                         0.98 MB   1 dispatch,  2 rows,  2 scans =    1.97 MB
ds4:   attn_q_b                 44.56 MB   1 dispatch,  2 rows,  1 scans =   44.56 MB
ds4:   attn_output_a            35.65 MB   1 dispatch,  2 rows,  1 scans =   35.65 MB
ds4:   attn_output_b            44.56 MB   1 dispatch,  2 rows,  1 scans =   44.56 MB
ds4:   ?                         0.98 MB   1 dispatch,  2 rows,  2 scans =    1.97 MB
ds4:   ffn_gate_inp              7.86 MB   2 dispatch,  2 rows,  2 scans =   15.73 MB
ds4:   shexp_gate               12.53 MB   1 dispatch,  2 rows,  1 scans =   12.53 MB
ds4:   shexp_down               12.53 MB   1 dispatch,  2 rows,  1 scans =   12.53 MB
ds4:   attn_q_a                  6.96 MB   1 dispatch,  2 rows,  1 scans =    6.96 MB
ds4:   attn_kv                   2.79 MB   1 dispatch,  2 rows,  1 scans =    2.79 MB
ds4:   shexp_up                 12.53 MB   1 dispatch,  2 rows,  1 scans =   12.53 MB
ds4:   ?                         0.98 MB   1 dispatch,  2 rows,  2 scans =    1.97 MB
ds4:   attn_q_b                 44.56 MB   1 dispatch,  2 rows,  1 scans =   44.56 MB
ds4:   indexer_attn_q_b         10.49 MB   2 dispatch,  2 rows,  2 scans =   20.97 MB
ds4:   indexer_proj              0.33 MB   2 dispatch,  2 rows,  2 scans =    0.66 MB
ds4:   attn_output_a            35.65 MB   1 dispatch,  2 rows,  1 scans =   35.65 MB
ds4:   attn_output_b            44.56 MB   1 dispatch,  2 rows,  1 scans =   44.56 MB
ds4:   ?                         0.98 MB   1 dispatch,  2 rows,  2 scans =    1.97 MB
ds4:   ffn_gate_inp              7.86 MB   2 dispatch,  2 rows,  2 scans =   15.73 MB
ds4:   shexp_gate               12.53 MB   1 dispatch,  2 rows,  1 scans =   12.53 MB
ds4:   shexp_down               12.53 MB   1 dispatch,  2 rows,  1 scans =   12.53 MB
ds4:   attn_q_a                  6.96 MB   1 dispatch,  2 rows,  1 scans =    6.96 MB
ds4:   attn_kv                   2.79 MB   1 dispatch,  2 rows,  1 scans =    2.79 MB
ds4:   shexp_up                 12.53 MB   1 dispatch,  2 rows,  1 scans =   12.53 MB
ds4:   ?                         0.98 MB   1 dispatch,  2 rows,  2 scans =    1.97 MB
ds4:   attn_q_b                 44.56 MB   1 dispatch,  2 rows,  1 scans =   44.56 MB
ds4:   attn_output_a            35.65 MB   1 dispatch,  2 rows,  1 scans =   35.65 MB
ds4:   attn_output_b            44.56 MB   1 dispatch,  2 rows,  1 scans =   44.56 MB
ds4:   ?                         0.98 MB   1 dispatch,  2 rows,  2 scans =    1.97 MB
ds4:   ffn_gate_inp              7.86 MB   2 dispatch,  2 rows,  2 scans =   15.73 MB
ds4:   shexp_gate               12.53 MB   1 dispatch,  2 rows,  1 scans =   12.53 MB
ds4:   shexp_down               12.53 MB   1 dispatch,  2 rows,  1 scans =   12.53 MB
ds4:   attn_q_a                  6.96 MB   1 dispatch,  2 rows,  1 scans =    6.96 MB
ds4:   attn_kv                   2.79 MB   1 dispatch,  2 rows,  1 scans =    2.79 MB
ds4:   shexp_up                 12.53 MB   1 dispatch,  2 rows,  1 scans =   12.53 MB
ds4:   ?                         0.98 MB   1 dispatch,  2 rows,  2 scans =    1.97 MB
ds4:   attn_q_b                 44.56 MB   1 dispatch,  2 rows,  1 scans =   44.56 MB
ds4:   indexer_attn_q_b         10.49 MB   2 dispatch,  2 rows,  2 scans =   20.97 MB
ds4:   indexer_proj              0.33 MB   2 dispatch,  2 rows,  2 scans =    0.66 MB
ds4:   attn_output_a            35.65 MB   1 dispatch,  2 rows,  1 scans =   35.65 MB
ds4:   attn_output_b            44.56 MB   1 dispatch,  2 rows,  1 scans =   44.56 MB
ds4:   ?                         0.98 MB   1 dispatch,  2 rows,  2 scans =    1.97 MB
ds4:   ffn_gate_inp              7.86 MB   2 dispatch,  2 rows,  2 scans =   15.73 MB
ds4:   shexp_gate               12.53 MB   1 dispatch,  2 rows,  1 scans =   12.53 MB
ds4:   shexp_down               12.53 MB   1 dispatch,  2 rows,  1 scans =   12.53 MB
ds4:   attn_q_a                  6.96 MB   1 dispatch,  2 rows,  1 scans =    6.96 MB
ds4:   attn_kv                   2.79 MB   1 dispatch,  2 rows,  1 scans =    2.79 MB
ds4:   shexp_up                 12.53 MB   1 dispatch,  2 rows,  1 scans =   12.53 MB
ds4:   ?                         0.98 MB   1 dispatch,  2 rows,  2 scans =    1.97 MB
ds4:   attn_q_b                 44.56 MB   1 dispatch,  2 rows,  1 scans =   44.56 MB
ds4:   attn_output_a            35.65 MB   1 dispatch,  2 rows,  1 scans =   35.65 MB
ds4:   attn_output_b            44.56 MB   1 dispatch,  2 rows,  1 scans =   44.56 MB
ds4:   ?                         0.98 MB   1 dispatch,  2 rows,  2 scans =    1.97 MB
ds4:   ffn_gate_inp              7.86 MB   2 dispatch,  2 rows,  2 scans =   15.73 MB
ds4:   shexp_gate               12.53 MB   1 dispatch,  2 rows,  1 scans =   12.53 MB
ds4:   shexp_down               12.53 MB   1 dispatch,  2 rows,  1 scans =   12.53 MB
ds4:   attn_q_a                  6.96 MB   1 dispatch,  2 rows,  1 scans =    6.96 MB
ds4:   attn_kv                   2.79 MB   1 dispatch,  2 rows,  1 scans =    2.79 MB
ds4:   shexp_up                 12.53 MB   1 dispatch,  2 rows,  1 scans =   12.53 MB
ds4:   ?                         0.98 MB   1 dispatch,  2 rows,  2 scans =    1.97 MB
ds4:   attn_q_b                 44.56 MB   1 dispatch,  2 rows,  1 scans =   44.56 MB
ds4:   indexer_attn_q_b         10.49 MB   2 dispatch,  2 rows,  2 scans =   20.97 MB
ds4:   indexer_proj              0.33 MB   2 dispatch,  2 rows,  2 scans =    0.66 MB
ds4:   attn_output_a            35.65 MB   1 dispatch,  2 rows,  1 scans =   35.65 MB
ds4:   attn_output_b            44.56 MB   1 dispatch,  2 rows,  1 scans =   44.56 MB
ds4:   ?                         0.98 MB   1 dispatch,  2 rows,  2 scans =    1.97 MB
ds4:   ffn_gate_inp              7.86 MB   2 dispatch,  2 rows,  2 scans =   15.73 MB
ds4:   shexp_gate               12.53 MB   1 dispatch,  2 rows,  1 scans =   12.53 MB
ds4:   shexp_down               12.53 MB   1 dispatch,  2 rows,  1 scans =   12.53 MB
ds4:   attn_q_a                  6.96 MB   1 dispatch,  2 rows,  1 scans =    6.96 MB
ds4:   attn_kv                   2.79 MB   1 dispatch,  2 rows,  1 scans =    2.79 MB
ds4:   shexp_up                 12.53 MB   1 dispatch,  2 rows,  1 scans =   12.53 MB
ds4:   ?                         0.98 MB   1 dispatch,  2 rows,  2 scans =    1.97 MB
ds4:   attn_q_b                 44.56 MB   1 dispatch,  2 rows,  1 scans =   44.56 MB
ds4:   attn_output_a            35.65 MB   1 dispatch,  2 rows,  1 scans =   35.65 MB
ds4:   attn_output_b            44.56 MB   1 dispatch,  2 rows,  1 scans =   44.56 MB
ds4:   ?                         0.98 MB   1 dispatch,  2 rows,  2 scans =    1.97 MB
ds4:   ffn_gate_inp              7.86 MB   2 dispatch,  2 rows,  2 scans =   15.73 MB
ds4:   shexp_gate               12.53 MB   1 dispatch,  2 rows,  1 scans =   12.53 MB
ds4:   shexp_down               12.53 MB   1 dispatch,  2 rows,  1 scans =   12.53 MB
ds4:   attn_q_a                  6.96 MB   1 dispatch,  2 rows,  1 scans =    6.96 MB
ds4:   attn_kv                   2.79 MB   1 dispatch,  2 rows,  1 scans =    2.79 MB
ds4:   shexp_up                 12.53 MB   1 dispatch,  2 rows,  1 scans =   12.53 MB
ds4:   ?                         0.98 MB   1 dispatch,  2 rows,  2 scans =    1.97 MB
ds4:   attn_q_b                 44.56 MB   1 dispatch,  2 rows,  1 scans =   44.56 MB
ds4:   indexer_attn_q_b         10.49 MB   2 dispatch,  2 rows,  2 scans =   20.97 MB
ds4:   indexer_proj              0.33 MB   2 dispatch,  2 rows,  2 scans =    0.66 MB
ds4:   attn_output_a            35.65 MB   1 dispatch,  2 rows,  1 scans =   35.65 MB
ds4:   attn_output_b            44.56 MB   1 dispatch,  2 rows,  1 scans =   44.56 MB
ds4:   ?                         0.98 MB   1 dispatch,  2 rows,  2 scans =    1.97 MB
ds4:   ffn_gate_inp              7.86 MB   2 dispatch,  2 rows,  2 scans =   15.73 MB
ds4:   shexp_gate               12.53 MB   1 dispatch,  2 rows,  1 scans =   12.53 MB
ds4:   shexp_down               12.53 MB   1 dispatch,  2 rows,  1 scans =   12.53 MB
ds4:   attn_q_a                  6.96 MB   1 dispatch,  2 rows,  1 scans =    6.96 MB
ds4:   attn_kv                   2.79 MB   1 dispatch,  2 rows,  1 scans =    2.79 MB
ds4:   shexp_up                 12.53 MB   1 dispatch,  2 rows,  1 scans =   12.53 MB
ds4:   ?                         0.98 MB   1 dispatch,  2 rows,  2 scans =    1.97 MB
ds4:   attn_q_b                 44.56 MB   1 dispatch,  2 rows,  1 scans =   44.56 MB
ds4:   attn_output_a            35.65 MB   1 dispatch,  2 rows,  1 scans =   35.65 MB
ds4:   attn_output_b            44.56 MB   1 dispatch,  2 rows,  1 scans =   44.56 MB
ds4:   ?                         0.98 MB   1 dispatch,  2 rows,  2 scans =    1.97 MB
ds4:   ffn_gate_inp              7.86 MB   2 dispatch,  2 rows,  2 scans =   15.73 MB
ds4:   shexp_gate               12.53 MB   1 dispatch,  2 rows,  1 scans =   12.53 MB
ds4:   shexp_down               12.53 MB   1 dispatch,  2 rows,  1 scans =   12.53 MB
ds4:   attn_q_a                  6.96 MB   1 dispatch,  2 rows,  1 scans =    6.96 MB
ds4:   attn_kv                   2.79 MB   1 dispatch,  2 rows,  1 scans =    2.79 MB
ds4:   shexp_up                 12.53 MB   1 dispatch,  2 rows,  1 scans =   12.53 MB
ds4: distinct kernel contracts this block dispatched:
ds4:   type=8   5120x1280   round=1 path=tile        BR=4
ds4:   type=8   5120x512    round=1 path=tile        BR=4
ds4:   type=8   5120x2304   round=1 path=tile        BR=4
ds4:   type=1  20480x24     round=0 path=f16-rows    BR=1
ds4:   type=8   1280x32768  round=1 path=tile        BR=4
ds4:   type=8   4096x8192   round=1 path=grouped-low BR=1
ds4:   type=8   8192x5120   round=0 path=tile        BR=4
ds4:   type=0   5120x384    round=0 path=single      BR=1
ds4:   type=8   2304x5120   round=1 path=tile        BR=4
ds4:   type=1    512x128    round=1 path=single      BR=1
ds4:   type=8   4096x8192   round=1 path=grouped-low BR=2
ds4:   type=1   6144x25600  round=1 path=f16-rows    BR=1
ds4:   type=8   5120x129280 round=0 path=tile        BR=2
ds4:   type=1   5120x512    round=0 path=single      BR=1
ds4:   type=1   1280x4096   round=1 path=single      BR=1
ds4:   type=1   5120x32     round=1 path=single      BR=1
ds4:   type=1   5120x512    round=1 path=single      BR=1
ds4:   distinct 8.735 GB, scanned 9.952 GB (1.14x), floor at one scan 8.735 GB, at ceil(2/4) scans 8.735 GB
  median single    : 34.96 ms/token
  median 2-row step: 76.36 ms = 2.18x one single step
  perfect-draft ceiling: 26.19 tok/s (100 tok/s requires <= 20.00 ms/step)
  block width      : 0.92x of 2 (needs 3.50x for 100 tok/s)
  concurrent       : 21442 sections opened of 21442 asked
  marginal row cost: 41.40 ms = 118% of a standalone token
  rollback         : reproduces its own output
  batch vs single  : identical argmax (16 rows checked)
  batch logits     : identical to the single pass
  break-even       : accept 109% of drafted tokens to beat single
  rolled-back passes agree with each other: yes
0925 00:08:29 ds4-server: chat ctx=31..35:4 gen=4 THINKING decoding chunk=1.10 t/s avg=1.10 t/s 3.648s
ds4-server: thinking not closed, ignoring incomplete DSML in reasoning
0925 00:08:29 ds4-server: chat ctx=0..31:31 gen=4 THINKING finish=length 5.902s
0925 00:08:31 ds4-server: shutdown requested, draining requests
