ds4: abort gate on for the first 40 layers
ds4: Metal device Apple M5 Max, 128.00 GiB RAM
ds4: Metal 4 tensor API enabled for Tensor kernels
ds4: drift-patch flags hc_stable=on norm_unify=on kv_raw_f32=off rope_exp2_log2=off math_safe=off tensor_matmul=on
ds4: Metal SSD streaming mode enabled; full model residency and warmup are skipped
ds4: SSD streaming auto cache budget
ds4:   metal recommends 107.52 GiB working set
ds4:   using 84% total for model + cached experts: 90.00 GiB
ds4:   non-routed weights: 9.37 GiB
ds4:   routed expert size: 9.49 MiB
ds4:   expert budget before prefill reserve: 8698 (80.63 GiB)
ds4: metal SSD streaming cache target 80.63 GiB; effective 80.63 GiB = 7.12 GiB prefill headroom + 73.51 GiB dynamic cache (7930 experts, 9.49 MiB each)
ds4: Metal SSD static weights locked 9.37 GiB; pageable 0.00 GiB
ds4: SSD streaming initial metal model map (569 spans, 9.37 GiB tensor span)
ds4: metal backend initialized for graph diagnostics
ds4: memory: KV 0.06 GiB (raw 0.01 + compressed 0.05) + buffers 3.27 GiB + resident model 9.37 GiB + expert cache 73.51 GiB + prefill expert reserve 7.12 GiB = 93.33 GiB planned
ds4: memory detail: ctx=8192 prefill_cap=4096 raw_kv_rows=128 compressed_kv_rows=8193 backend=metal
0924 21:54:42 ds4-server: context buffers 3411.39 MiB (ctx=8192, backend=metal, prefill_chunk=4096, raw_kv_rows=128, compressed_kv_rows=8193)
ds4: V4.1 static context buffers 3411.39 MiB (ctx=8192), Engram disk-only
0924 21:54:42 ds4-server: listening on http://127.0.0.1:8016
0924 21:54:42 ds4-server: chat ctx=0..31:31 prompt start
ds4: shared/routed FFN overlap ran, mode 1
ds4: expert residency set on the queue
0924 21:54:42 ds4-server: chat ctx=0..31:31 prefill chunk 1/31 (3.2%) chunk=0.00 t/s avg=5.64 t/s 0.177s
0924 21:54:42 ds4-server: chat ctx=0..31:31 prefill chunk 2/31 (6.5%) chunk=6.51 t/s avg=6.04 t/s 0.331s
0924 21:54:42 ds4-server: chat ctx=0..31:31 prefill chunk 3/31 (9.7%) chunk=6.79 t/s avg=6.27 t/s 0.478s
0924 21:54:42 ds4-server: chat ctx=0..31:31 prefill chunk 4/31 (12.9%) chunk=6.26 t/s avg=6.27 t/s 0.638s
0924 21:54:43 ds4-server: chat ctx=0..31:31 prefill chunk 5/31 (16.1%) chunk=7.00 t/s avg=6.40 t/s 0.781s
0924 21:54:43 ds4-server: chat ctx=0..31:31 prefill chunk 6/31 (19.4%) chunk=8.34 t/s avg=6.66 t/s 0.901s
0924 21:54:43 ds4-server: chat ctx=0..31:31 prefill chunk 7/31 (22.6%) chunk=11.95 t/s avg=7.11 t/s 0.984s
0924 21:54:43 ds4-server: chat ctx=0..31:31 prefill chunk 8/31 (25.8%) chunk=12.26 t/s avg=7.50 t/s 1.066s
0924 21:54:43 ds4-server: chat ctx=0..31:31 prefill chunk 9/31 (29.0%) chunk=11.03 t/s avg=7.78 t/s 1.157s
0924 21:54:43 ds4-server: chat ctx=0..31:31 prefill chunk 10/31 (32.3%) chunk=10.23 t/s avg=7.97 t/s 1.254s
0924 21:54:43 ds4-server: chat ctx=0..31:31 prefill chunk 11/31 (35.5%) chunk=7.64 t/s avg=7.94 t/s 1.385s
0924 21:54:43 ds4-server: chat ctx=0..31:31 prefill chunk 12/31 (38.7%) chunk=11.47 t/s avg=8.15 t/s 1.473s
0924 21:54:43 ds4-server: chat ctx=0..31:31 prefill chunk 13/31 (41.9%) chunk=14.49 t/s avg=8.43 t/s 1.542s
0924 21:54:43 ds4-server: chat ctx=0..31:31 prefill chunk 14/31 (45.2%) chunk=11.83 t/s avg=8.61 t/s 1.626s
0924 21:54:44 ds4-server: chat ctx=0..31:31 prefill chunk 15/31 (48.4%) chunk=15.05 t/s avg=8.86 t/s 1.693s
0924 21:54:44 ds4-server: chat ctx=0..31:31 prefill chunk 16/31 (51.6%) chunk=12.69 t/s avg=9.03 t/s 1.771s
0924 21:54:44 ds4-server: chat ctx=0..31:31 prefill chunk 17/31 (54.8%) chunk=12.23 t/s avg=9.17 t/s 1.853s
0924 21:54:44 ds4-server: chat ctx=0..31:31 prefill chunk 18/31 (58.1%) chunk=8.32 t/s avg=9.12 t/s 1.973s
0924 21:54:44 ds4-server: chat ctx=0..31:31 prefill chunk 19/31 (61.3%) chunk=12.28 t/s avg=9.25 t/s 2.055s
0924 21:54:44 ds4-server: chat ctx=0..31:31 prefill chunk 20/31 (64.5%) chunk=17.42 t/s avg=9.47 t/s 2.112s
0924 21:54:44 ds4-server: chat ctx=0..31:31 prefill chunk 21/31 (67.7%) chunk=18.53 t/s avg=9.69 t/s 2.166s
0924 21:54:44 ds4-server: chat ctx=0..31:31 prefill chunk 22/31 (71.0%) chunk=18.19 t/s avg=9.90 t/s 2.221s
0924 21:54:44 ds4-server: chat ctx=0..31:31 prefill chunk 23/31 (74.2%) chunk=15.45 t/s avg=10.06 t/s 2.286s
0924 21:54:44 ds4-server: chat ctx=0..31:31 prefill chunk 24/31 (77.4%) chunk=15.49 t/s avg=10.21 t/s 2.351s
0924 21:54:44 ds4-server: chat ctx=0..31:31 prefill chunk 25/31 (80.6%) chunk=18.34 t/s avg=10.39 t/s 2.405s
0924 21:54:44 ds4-server: chat ctx=0..31:31 prefill chunk 26/31 (83.9%) chunk=17.21 t/s avg=10.56 t/s 2.463s
0924 21:54:44 ds4-server: chat ctx=0..31:31 prefill chunk 27/31 (87.1%) chunk=14.81 t/s avg=10.67 t/s 2.531s
0924 21:54:44 ds4-server: chat ctx=0..31:31 prefill chunk 28/31 (90.3%) chunk=11.91 t/s avg=10.71 t/s 2.615s
0924 21:54:45 ds4-server: chat ctx=0..31:31 prefill chunk 29/31 (93.5%) chunk=9.85 t/s avg=10.68 t/s 2.716s
0924 21:54:45 ds4-server: chat ctx=0..31:31 prefill chunk 30/31 (96.8%) chunk=13.02 t/s avg=10.74 t/s 2.793s
0924 21:54:45 ds4-server: chat ctx=0..31:31 prefill chunk 31/31 (100.0%) chunk=14.24 t/s avg=10.83 t/s 2.863s
0924 21:54:45 ds4-server: chat ctx=0..31:31 prompt done 2.865s
ds4: V4.1 row-tile operator check (F32 out of the matmul)
  attn_output_a   4096x8192   rows=1 tile=2: identical
  attn_output_a   4096x8192   rows=1 tile=4: identical
  attn_output_a   4096x8192   rows=1 tile=8: identical
  attn_output_a   4096x8192   rows=2 tile=2: identical
  attn_output_a   4096x8192   rows=2 tile=4: identical
  attn_output_a   4096x8192   rows=2 tile=8: identical
  attn_output_a   4096x8192   rows=4 tile=2: identical
  attn_output_a   4096x8192   rows=4 tile=4: identical
  attn_output_a   4096x8192   rows=4 tile=8: identical
  attn_output_a   4096x8192   rows=8 tile=2: identical
  attn_output_a   4096x8192   rows=8 tile=4: identical
  attn_output_a   4096x8192   rows=8 tile=8: identical
  attn_output_b   8192x5120   rows=1 tile=2: identical
  attn_output_b   8192x5120   rows=1 tile=4: identical
  attn_output_b   8192x5120   rows=1 tile=8: identical
  attn_output_b   8192x5120   rows=2 tile=2: identical
  attn_output_b   8192x5120   rows=2 tile=4: identical
  attn_output_b   8192x5120   rows=2 tile=8: identical
  attn_output_b   8192x5120   rows=4 tile=2: identical
  attn_output_b   8192x5120   rows=4 tile=4: identical
  attn_output_b   8192x5120   rows=4 tile=8: identical
  attn_output_b   8192x5120   rows=8 tile=2: identical
  attn_output_b   8192x5120   rows=8 tile=4: identical
  attn_output_b   8192x5120   rows=8 tile=8: identical
  shexp_gate      5120x2304   rows=1 tile=2: identical
  shexp_gate      5120x2304   rows=1 tile=4: identical
  shexp_gate      5120x2304   rows=1 tile=8: identical
  shexp_gate      5120x2304   rows=2 tile=2: identical
  shexp_gate      5120x2304   rows=2 tile=4: identical
  shexp_gate      5120x2304   rows=2 tile=8: identical
  shexp_gate      5120x2304   rows=4 tile=2: identical
  shexp_gate      5120x2304   rows=4 tile=4: identical
  shexp_gate      5120x2304   rows=4 tile=8: identical
  shexp_gate      5120x2304   rows=8 tile=2: identical
  shexp_gate      5120x2304   rows=8 tile=4: identical
  shexp_gate      5120x2304   rows=8 tile=8: identical
  shexp_up        5120x2304   rows=1 tile=2: identical
  shexp_up        5120x2304   rows=1 tile=4: identical
  shexp_up        5120x2304   rows=1 tile=8: identical
  shexp_up        5120x2304   rows=2 tile=2: identical
  shexp_up        5120x2304   rows=2 tile=4: identical
  shexp_up        5120x2304   rows=2 tile=8: identical
  shexp_up        5120x2304   rows=4 tile=2: identical
  shexp_up        5120x2304   rows=4 tile=4: identical
  shexp_up        5120x2304   rows=4 tile=8: identical
  shexp_up        5120x2304   rows=8 tile=2: identical
  shexp_up        5120x2304   rows=8 tile=4: identical
  shexp_up        5120x2304   rows=8 tile=8: identical
  shexp_down      2304x5120   rows=1 tile=2: identical
  shexp_down      2304x5120   rows=1 tile=4: identical
  shexp_down      2304x5120   rows=1 tile=8: identical
  shexp_down      2304x5120   rows=2 tile=2: identical
  shexp_down      2304x5120   rows=2 tile=4: identical
  shexp_down      2304x5120   rows=2 tile=8: identical
  shexp_down      2304x5120   rows=4 tile=2: identical
  shexp_down      2304x5120   rows=4 tile=4: identical
  shexp_down      2304x5120   rows=4 tile=8: identical
  shexp_down      2304x5120   rows=8 tile=2: identical
  shexp_down      2304x5120   rows=8 tile=4: identical
  shexp_down      2304x5120   rows=8 tile=8: identical
  head            5120x129280 rows=1 tile=2: identical
  head            5120x129280 rows=1 tile=4: identical
  head            5120x129280 rows=1 tile=8: identical
  head            5120x129280 rows=2 tile=2: identical
  head            5120x129280 rows=2 tile=4: identical
  head            5120x129280 rows=2 tile=8: identical
  head            5120x129280 rows=4 tile=2: identical
  head            5120x129280 rows=4 tile=4: identical
  head            5120x129280 rows=4 tile=8: identical
  head            5120x129280 rows=8 tile=2: identical
  head            5120x129280 rows=8 tile=4: identical
  head            5120x129280 rows=8 tile=8: identical
0924 21:54:45 ds4-server: chat ctx=31..35:4 gen=4 THINKING decoding chunk=7.57 t/s avg=7.57 t/s 0.528s
ds4-server: thinking not closed, ignoring incomplete DSML in reasoning
0924 21:54:45 ds4-server: chat ctx=0..31:31 gen=4 THINKING finish=length 3.393s
0924 21:54:47 ds4-server: shutdown requested, draining requests
