ds4: abort gate on for the first 40 layers
ds4: Metal device Apple M5 Max, 128.00 GiB RAM
ds4: Metal 4 tensor API enabled for Tensor kernels
ds4: drift-patch flags hc_stable=on norm_unify=on kv_raw_f32=off rope_exp2_log2=off math_safe=off tensor_matmul=on
ds4: Metal SSD streaming mode enabled; full model residency and warmup are skipped
ds4: SSD streaming auto cache budget
ds4:   metal recommends 107.52 GiB working set
ds4:   using 84% total for model + cached experts: 90.00 GiB
ds4:   non-routed weights: 9.37 GiB
ds4:   routed expert size: 9.49 MiB
ds4:   expert budget before prefill reserve: 8698 (80.63 GiB)
ds4: metal SSD streaming cache target 80.63 GiB; effective 80.63 GiB = 7.12 GiB prefill headroom + 73.51 GiB dynamic cache (7930 experts, 9.49 MiB each)
ds4: Metal SSD static weights locked 9.37 GiB; pageable 0.00 GiB
ds4: SSD streaming initial metal model map (569 spans, 9.37 GiB tensor span)
ds4: metal backend initialized for graph diagnostics
ds4: memory: KV 0.06 GiB (raw 0.01 + compressed 0.05) + buffers 3.27 GiB + resident model 9.37 GiB + expert cache 73.51 GiB + prefill expert reserve 7.12 GiB = 93.33 GiB planned
ds4: memory detail: ctx=8192 prefill_cap=4096 raw_kv_rows=128 compressed_kv_rows=8193 backend=metal
0924 23:21:48 ds4-server: context buffers 3411.39 MiB (ctx=8192, backend=metal, prefill_chunk=4096, raw_kv_rows=128, compressed_kv_rows=8193)
ds4: V4.1 static context buffers 3411.39 MiB (ctx=8192), Engram disk-only
0924 23:21:48 ds4-server: listening on http://127.0.0.1:8016
0924 23:21:51 ds4-server: chat ctx=0..31:31 prompt start
ds4: shared/routed FFN overlap ran, mode 1
ds4: expert residency set on the queue
0924 23:21:51 ds4-server: chat ctx=0..31:31 prefill chunk 1/31 (3.2%) chunk=0.00 t/s avg=5.29 t/s 0.189s
0924 23:21:51 ds4-server: chat ctx=0..31:31 prefill chunk 2/31 (6.5%) chunk=7.98 t/s avg=6.36 t/s 0.315s
0924 23:21:52 ds4-server: chat ctx=0..31:31 prefill chunk 3/31 (9.7%) chunk=9.16 t/s avg=7.08 t/s 0.424s
0924 23:21:52 ds4-server: chat ctx=0..31:31 prefill chunk 4/31 (12.9%) chunk=13.33 t/s avg=8.02 t/s 0.499s
0924 23:21:52 ds4-server: chat ctx=0..31:31 prefill chunk 5/31 (16.1%) chunk=13.28 t/s avg=8.71 t/s 0.574s
0924 23:21:52 ds4-server: chat ctx=0..31:31 prefill chunk 6/31 (19.4%) chunk=15.74 t/s avg=9.41 t/s 0.638s
0924 23:21:52 ds4-server: chat ctx=0..31:31 prefill chunk 7/31 (22.6%) chunk=14.69 t/s avg=9.92 t/s 0.706s
0924 23:21:52 ds4-server: chat ctx=0..31:31 prefill chunk 8/31 (25.8%) chunk=15.14 t/s avg=10.37 t/s 0.772s
0924 23:21:52 ds4-server: chat ctx=0..31:31 prefill chunk 9/31 (29.0%) chunk=14.33 t/s avg=10.70 t/s 0.841s
0924 23:21:52 ds4-server: chat ctx=0..31:31 prefill chunk 10/31 (32.3%) chunk=15.63 t/s avg=11.04 t/s 0.905s
0924 23:21:52 ds4-server: chat ctx=0..31:31 prefill chunk 11/31 (35.5%) chunk=14.58 t/s avg=11.29 t/s 0.974s
0924 23:21:52 ds4-server: chat ctx=0..31:31 prefill chunk 12/31 (38.7%) chunk=17.04 t/s avg=11.62 t/s 1.033s
0924 23:21:52 ds4-server: chat ctx=0..31:31 prefill chunk 13/31 (41.9%) chunk=16.25 t/s avg=11.88 t/s 1.094s
0924 23:21:52 ds4-server: chat ctx=0..31:31 prefill chunk 14/31 (45.2%) chunk=16.13 t/s avg=12.11 t/s 1.156s
0924 23:21:52 ds4-server: chat ctx=0..31:31 prefill chunk 15/31 (48.4%) chunk=18.13 t/s avg=12.38 t/s 1.211s
0924 23:21:52 ds4-server: chat ctx=0..31:31 prefill chunk 16/31 (51.6%) chunk=14.68 t/s avg=12.50 t/s 1.280s
0924 23:21:52 ds4-server: chat ctx=0..31:31 prefill chunk 17/31 (54.8%) chunk=15.88 t/s avg=12.66 t/s 1.342s
0924 23:21:53 ds4-server: chat ctx=0..31:31 prefill chunk 18/31 (58.1%) chunk=14.62 t/s avg=12.76 t/s 1.411s
0924 23:21:53 ds4-server: chat ctx=0..31:31 prefill chunk 19/31 (61.3%) chunk=16.24 t/s avg=12.90 t/s 1.472s
0924 23:21:53 ds4-server: chat ctx=0..31:31 prefill chunk 20/31 (64.5%) chunk=17.63 t/s avg=13.08 t/s 1.529s
0924 23:21:53 ds4-server: chat ctx=0..31:31 prefill chunk 21/31 (67.7%) chunk=18.22 t/s avg=13.26 t/s 1.584s
0924 23:21:53 ds4-server: chat ctx=0..31:31 prefill chunk 22/31 (71.0%) chunk=16.83 t/s avg=13.39 t/s 1.643s
0924 23:21:53 ds4-server: chat ctx=0..31:31 prefill chunk 23/31 (74.2%) chunk=18.15 t/s avg=13.54 t/s 1.699s
0924 23:21:53 ds4-server: chat ctx=0..31:31 prefill chunk 24/31 (77.4%) chunk=15.72 t/s avg=13.62 t/s 1.762s
0924 23:21:53 ds4-server: chat ctx=0..31:31 prefill chunk 25/31 (80.6%) chunk=19.27 t/s avg=13.78 t/s 1.814s
0924 23:21:53 ds4-server: chat ctx=0..31:31 prefill chunk 26/31 (83.9%) chunk=20.38 t/s avg=13.96 t/s 1.863s
0924 23:21:53 ds4-server: chat ctx=0..31:31 prefill chunk 27/31 (87.1%) chunk=17.74 t/s avg=14.07 t/s 1.919s
0924 23:21:53 ds4-server: chat ctx=0..31:31 prefill chunk 28/31 (90.3%) chunk=16.24 t/s avg=14.13 t/s 1.981s
0924 23:21:53 ds4-server: chat ctx=0..31:31 prefill chunk 29/31 (93.5%) chunk=16.06 t/s avg=14.19 t/s 2.043s
0924 23:21:53 ds4-server: chat ctx=0..31:31 prefill chunk 30/31 (96.8%) chunk=16.28 t/s avg=14.25 t/s 2.105s
0924 23:21:53 ds4-server: chat ctx=0..31:31 prefill chunk 31/31 (100.0%) chunk=18.06 t/s avg=14.35 t/s 2.160s
0924 23:21:53 ds4-server: chat ctx=0..31:31 prompt done 2.162s
ds4: gate over tokens 1-64: 34.33 command buffers, 30.23 aborts, 240.0 expert ids accounted, 656.74 MiB loaded a token; 0 the gate failed to switch off, 0 it could not gate
ds4:   one token, exclusive, same window: entry 0.00 + encode 3.02 + commit-to-done 35.95 + repair-load 13.94 + accounting 0.02 + tail 0.72 = 53.66 of a 57.64 ms wall, residual 3.98
ds4:   of the commit-to-done: GPU running 32.95 ms, GPU not running 3.00 ms
ds4:   2038.6 gated dispatches a token, 69.6 of them behind an abort; 2808.7 sent plain ahead of a buffer's first validate
ds4:   encode-ahead: 2.09 segments used, 27.23 dropped, 3.72 ms a token spent encoding under the GPU
ds4:   concurrent sections: 350.53 attempted, 350.53 opened a token
ds4:   speculation: 0.00 layers a token, 0.00 lanes computed, 0.00 matched, 0.00 GEMVs actually saved, 0.00 left to compute; compared 0.00 lanes, 0.00 floats differ, 0.00 by more than an ulp
ds4:   expert cache over the last 64 tokens: 240.00 hits, 69.19 misses, 0.00 evictions a token; 4428 of 7930 entries live (55.8%)
ds4:   of the address-table holes repaired a token: 0.00 already resident, 69.19 genuinely absent
ds4:   residency a token: 69.19 adds, 0.00 removes, 69.19 commits
ds4: V4.1 block-local KV delta, 8 rows over 31 prefix keys
ds4: V4.1 batch attn_output_b hoisted out of the per-row loop (8 rows)
ds4: V4.1 block attention by level, 8 rows, concurrent section open
ds4: gate over tokens 65-128: 22.31 command buffers, 12.45 aborts, 240.0 expert ids accounted, 193.40 MiB loaded a token; 0 the gate failed to switch off, 0 it could not gate
ds4:   one token, exclusive, same window: entry 0.00 + encode 1.39 + commit-to-done 31.74 + repair-load 4.23 + accounting 0.03 + tail 1.39 = 38.78 of a 41.48 ms wall, residual 2.70
ds4:   of the commit-to-done: GPU running 51.21 ms, GPU not running -19.47 ms
ds4:   1681.7 gated dispatches a token, 27.5 of them behind an abort; 1516.1 sent plain ahead of a buffer's first validate
ds4:   encode-ahead: 7.86 segments used, 11.23 dropped, 2.57 ms a token spent encoding under the GPU
ds4:   concurrent sections: 195.50 attempted, 195.50 opened a token
ds4:   speculation: 0.00 layers a token, 0.00 lanes computed, 0.00 matched, 0.00 GEMVs actually saved, 0.00 left to compute; compared 0.00 lanes, 0.00 floats differ, 0.00 by more than an ulp
ds4:   expert cache over the last 64 tokens: 480.00 hits, 20.38 misses, 0.00 evictions a token; 5732 of 7930 entries live (72.3%)
ds4:   of the address-table holes repaired a token: 0.00 already resident, 20.38 genuinely absent
ds4:   residency a token: 20.38 adds, 0.00 removes, 20.38 commits
ds4: V4.1 verify selftest k=8, 64 positions from 31 (odd start, pair carry restored), 1 alternating rounds
  round 0: single 35.73 ms/token, batch 261.72 ms/step
ds4: gate over tokens 129-192: 14.00 command buffers, 0.00 aborts, 240.0 expert ids accounted, 0.00 MiB loaded a token; 0 the gate failed to switch off, 0 it could not gate
ds4:   one token, exclusive, same window: entry 0.00 + encode 0.33 + commit-to-done 35.05 + repair-load 0.00 + accounting 0.04 + tail 1.44 = 36.86 of a 38.78 ms wall, residual 1.92
ds4:   of the commit-to-done: GPU running 59.63 ms, GPU not running -24.58 ms
ds4:   1429.8 gated dispatches a token, 0.0 of them behind an abort; 610.3 sent plain ahead of a buffer's first validate
ds4:   encode-ahead: 12.00 segments used, 0.00 dropped, 1.88 ms a token spent encoding under the GPU
ds4:   concurrent sections: 84.75 attempted, 84.75 opened a token
ds4:   speculation: 0.00 layers a token, 0.00 lanes computed, 0.00 matched, 0.00 GEMVs actually saved, 0.00 left to compute; compared 0.00 lanes, 0.00 floats differ, 0.00 by more than an ulp
ds4:   expert cache over the last 64 tokens: 480.00 hits, 0.00 misses, 0.00 evictions a token; 5732 of 7930 entries live (72.3%)
ds4:   of the address-table holes repaired a token: 0.00 already resident, 0.00 genuinely absent
ds4:   residency a token: 0.00 adds, 0.00 removes, 0.00 commits
ds4: selftest control: a second single pass differs from the reference in 0 of 8273920 logits
  median single    : 35.73 ms/token
  median 8-row step: 261.72 ms = 7.32x one single step
  perfect-draft ceiling: 30.57 tok/s (100 tok/s requires <= 80.00 ms/step)
  block width      : 1.09x of 8 (needs 3.57x for 100 tok/s)
  concurrent       : 42850 sections opened of 42850 asked
  marginal row cost: 32.28 ms = 90% of a standalone token
  rollback         : reproduces its own output
  batch vs single  : identical argmax (64 rows checked)
  batch logits     : identical to the single pass
  break-even       : accept 92% of drafted tokens to beat single
  rolled-back passes agree with each other: yes
0924 23:22:06 ds4-server: chat ctx=31..35:4 gen=4 THINKING decoding chunk=0.32 t/s avg=0.32 t/s 12.454s
ds4-server: thinking not closed, ignoring incomplete DSML in reasoning
0924 23:22:06 ds4-server: chat ctx=0..31:31 gen=4 THINKING finish=length 14.616s
0924 23:22:08 ds4-server: shutdown requested, draining requests
