ds4: abort gate on for the first 40 layers
ds4: Metal device Apple M5 Max, 128.00 GiB RAM
ds4: Metal 4 tensor API enabled for Tensor kernels
ds4: drift-patch flags hc_stable=on norm_unify=on kv_raw_f32=off rope_exp2_log2=off math_safe=off tensor_matmul=on
ds4: Metal SSD streaming mode enabled; full model residency and warmup are skipped
ds4: SSD streaming auto cache budget
ds4:   metal recommends 107.52 GiB working set
ds4:   using 84% total for model + cached experts: 90.00 GiB
ds4:   non-routed weights: 9.37 GiB
ds4:   routed expert size: 9.49 MiB
ds4:   expert budget before prefill reserve: 8698 (80.63 GiB)
ds4: metal SSD streaming cache target 80.63 GiB; effective 80.63 GiB = 7.12 GiB prefill headroom + 73.51 GiB dynamic cache (7930 experts, 9.49 MiB each)
ds4: Metal SSD static weights locked 9.37 GiB; pageable 0.00 GiB
ds4: SSD streaming initial metal model map (569 spans, 9.37 GiB tensor span)
ds4: metal backend initialized for graph diagnostics
ds4: memory: KV 0.06 GiB (raw 0.01 + compressed 0.05) + buffers 3.27 GiB + resident model 9.37 GiB + expert cache 73.51 GiB + prefill expert reserve 7.12 GiB = 93.33 GiB planned
ds4: memory detail: ctx=8192 prefill_cap=4096 raw_kv_rows=128 compressed_kv_rows=8193 backend=metal
0924 23:58:13 ds4-server: context buffers 3411.39 MiB (ctx=8192, backend=metal, prefill_chunk=4096, raw_kv_rows=128, compressed_kv_rows=8193)
ds4: V4.1 static context buffers 3411.39 MiB (ctx=8192), Engram disk-only
0924 23:58:13 ds4-server: listening on http://127.0.0.1:8016
0924 23:58:16 ds4-server: chat ctx=0..31:31 prompt start
ds4: shared/routed FFN overlap ran, mode 1
ds4: expert residency set on the queue
0924 23:58:16 ds4-server: chat ctx=0..31:31 prefill chunk 1/31 (3.2%) chunk=0.00 t/s avg=4.42 t/s 0.226s
0924 23:58:16 ds4-server: chat ctx=0..31:31 prefill chunk 2/31 (6.5%) chunk=5.30 t/s avg=4.82 t/s 0.415s
0924 23:58:16 ds4-server: chat ctx=0..31:31 prefill chunk 3/31 (9.7%) chunk=11.68 t/s avg=6.00 t/s 0.500s
0924 23:58:16 ds4-server: chat ctx=0..31:31 prefill chunk 4/31 (12.9%) chunk=12.85 t/s avg=6.92 t/s 0.578s
0924 23:58:16 ds4-server: chat ctx=0..31:31 prefill chunk 5/31 (16.1%) chunk=12.56 t/s avg=7.60 t/s 0.658s
0924 23:58:16 ds4-server: chat ctx=0..31:31 prefill chunk 6/31 (19.4%) chunk=15.44 t/s avg=8.30 t/s 0.723s
0924 23:58:16 ds4-server: chat ctx=0..31:31 prefill chunk 7/31 (22.6%) chunk=14.37 t/s avg=8.84 t/s 0.792s
0924 23:58:17 ds4-server: chat ctx=0..31:31 prefill chunk 8/31 (25.8%) chunk=14.81 t/s avg=9.31 t/s 0.860s
0924 23:58:17 ds4-server: chat ctx=0..31:31 prefill chunk 9/31 (29.0%) chunk=13.83 t/s avg=9.66 t/s 0.932s
0924 23:58:17 ds4-server: chat ctx=0..31:31 prefill chunk 10/31 (32.3%) chunk=15.11 t/s avg=10.02 t/s 0.998s
0924 23:58:17 ds4-server: chat ctx=0..31:31 prefill chunk 11/31 (35.5%) chunk=14.20 t/s avg=10.29 t/s 1.069s
0924 23:58:17 ds4-server: chat ctx=0..31:31 prefill chunk 12/31 (38.7%) chunk=16.38 t/s avg=10.62 t/s 1.130s
0924 23:58:17 ds4-server: chat ctx=0..31:31 prefill chunk 13/31 (41.9%) chunk=15.19 t/s avg=10.87 t/s 1.195s
0924 23:58:17 ds4-server: chat ctx=0..31:31 prefill chunk 14/31 (45.2%) chunk=17.44 t/s avg=11.17 t/s 1.253s
0924 23:58:17 ds4-server: chat ctx=0..31:31 prefill chunk 15/31 (48.4%) chunk=17.85 t/s avg=11.46 t/s 1.309s
0924 23:58:17 ds4-server: chat ctx=0..31:31 prefill chunk 16/31 (51.6%) chunk=14.54 t/s avg=11.61 t/s 1.378s
0924 23:58:17 ds4-server: chat ctx=0..31:31 prefill chunk 17/31 (54.8%) chunk=15.59 t/s avg=11.79 t/s 1.442s
0924 23:58:17 ds4-server: chat ctx=0..31:31 prefill chunk 18/31 (58.1%) chunk=14.31 t/s avg=11.91 t/s 1.512s
0924 23:58:17 ds4-server: chat ctx=0..31:31 prefill chunk 19/31 (61.3%) chunk=16.99 t/s avg=12.10 t/s 1.570s
0924 23:58:17 ds4-server: chat ctx=0..31:31 prefill chunk 20/31 (64.5%) chunk=18.28 t/s avg=12.31 t/s 1.625s
0924 23:58:17 ds4-server: chat ctx=0..31:31 prefill chunk 21/31 (67.7%) chunk=19.40 t/s avg=12.52 t/s 1.677s
0924 23:58:17 ds4-server: chat ctx=0..31:31 prefill chunk 22/31 (71.0%) chunk=18.25 t/s avg=12.71 t/s 1.732s
0924 23:58:17 ds4-server: chat ctx=0..31:31 prefill chunk 23/31 (74.2%) chunk=17.70 t/s avg=12.86 t/s 1.788s
0924 23:58:18 ds4-server: chat ctx=0..31:31 prefill chunk 24/31 (77.4%) chunk=15.83 t/s avg=12.96 t/s 1.851s
0924 23:58:18 ds4-server: chat ctx=0..31:31 prefill chunk 25/31 (80.6%) chunk=19.11 t/s avg=13.13 t/s 1.904s
0924 23:58:18 ds4-server: chat ctx=0..31:31 prefill chunk 26/31 (83.9%) chunk=20.08 t/s avg=13.31 t/s 1.953s
0924 23:58:18 ds4-server: chat ctx=0..31:31 prefill chunk 27/31 (87.1%) chunk=17.52 t/s avg=13.43 t/s 2.010s
0924 23:58:18 ds4-server: chat ctx=0..31:31 prefill chunk 28/31 (90.3%) chunk=16.05 t/s avg=13.51 t/s 2.073s
0924 23:58:18 ds4-server: chat ctx=0..31:31 prefill chunk 29/31 (93.5%) chunk=15.61 t/s avg=13.57 t/s 2.137s
0924 23:58:18 ds4-server: chat ctx=0..31:31 prefill chunk 30/31 (96.8%) chunk=16.07 t/s avg=13.64 t/s 2.199s
0924 23:58:18 ds4-server: chat ctx=0..31:31 prefill chunk 31/31 (100.0%) chunk=17.67 t/s avg=13.74 t/s 2.256s
0924 23:58:18 ds4-server: chat ctx=0..31:31 prompt done 2.257s
ds4: gate over tokens 1-64: 34.33 command buffers, 30.23 aborts, 240.0 expert ids accounted, 656.74 MiB loaded a token; 0 the gate failed to switch off, 0 it could not gate
ds4:   one token, exclusive, same window: entry 0.00 + encode 3.15 + commit-to-done 36.85 + repair-load 15.18 + accounting 0.02 + tail 0.72 = 55.93 of a 59.81 ms wall, residual 3.88
ds4:   of the commit-to-done: GPU running 33.40 ms, GPU not running 3.46 ms
ds4:   2038.6 gated dispatches a token, 69.6 of them behind an abort; 2808.7 sent plain ahead of a buffer's first validate
ds4:   encode-ahead: 2.09 segments used, 27.23 dropped, 3.63 ms a token spent encoding under the GPU
ds4:   concurrent sections: 350.53 attempted, 350.53 opened a token
ds4:   speculation: 0.00 layers a token, 0.00 lanes computed, 0.00 matched, 0.00 GEMVs actually saved, 0.00 left to compute; compared 0.00 lanes, 0.00 floats differ, 0.00 by more than an ulp
ds4:   expert cache over the last 64 tokens: 240.00 hits, 69.19 misses, 0.00 evictions a token; 4428 of 7930 entries live (55.8%)
ds4:   of the address-table holes repaired a token: 0.00 already resident, 69.19 genuinely absent
ds4:   residency a token: 69.19 adds, 0.00 removes, 69.19 commits
ds4: V4.1 block-local KV delta, 8 rows over 31 prefix keys
ds4: V4.1 batch attn_output_b hoisted out of the per-row loop (8 rows)
ds4: V4.1 block attention by level, 8 rows, concurrent section open
ds4: gate over tokens 65-128: 22.31 command buffers, 12.45 aborts, 240.0 expert ids accounted, 193.40 MiB loaded a token; 0 the gate failed to switch off, 0 it could not gate
ds4:   one token, exclusive, same window: entry 0.00 + encode 1.46 + commit-to-done 31.86 + repair-load 4.45 + accounting 0.03 + tail 1.39 = 39.18 of a 41.73 ms wall, residual 2.55
ds4:   of the commit-to-done: GPU running 46.36 ms, GPU not running -14.50 ms
ds4:   1681.8 gated dispatches a token, 27.5 of them behind an abort; 1516.1 sent plain ahead of a buffer's first validate
ds4:   encode-ahead: 7.86 segments used, 11.23 dropped, 2.43 ms a token spent encoding under the GPU
ds4:   concurrent sections: 195.50 attempted, 195.50 opened a token
ds4:   speculation: 0.00 layers a token, 0.00 lanes computed, 0.00 matched, 0.00 GEMVs actually saved, 0.00 left to compute; compared 0.00 lanes, 0.00 floats differ, 0.00 by more than an ulp
ds4:   expert cache over the last 64 tokens: 480.00 hits, 20.38 misses, 0.00 evictions a token; 5732 of 7930 entries live (72.3%)
ds4:   of the address-table holes repaired a token: 0.00 already resident, 20.38 genuinely absent
ds4:   residency a token: 20.38 adds, 0.00 removes, 20.38 commits
ds4: gate over tokens 129-192: 14.00 command buffers, 0.00 aborts, 240.0 expert ids accounted, 0.00 MiB loaded a token; 0 the gate failed to switch off, 0 it could not gate
ds4:   one token, exclusive, same window: entry 0.00 + encode 0.33 + commit-to-done 30.57 + repair-load 0.00 + accounting 0.03 + tail 1.40 = 32.33 of a 34.11 ms wall, residual 1.77
ds4:   of the commit-to-done: GPU running 44.49 ms, GPU not running -13.92 ms
ds4:   1429.8 gated dispatches a token, 0.0 of them behind an abort; 610.3 sent plain ahead of a buffer's first validate
ds4:   encode-ahead: 12.00 segments used, 0.00 dropped, 1.74 ms a token spent encoding under the GPU
ds4:   concurrent sections: 84.75 attempted, 84.75 opened a token
ds4:   speculation: 0.00 layers a token, 0.00 lanes computed, 0.00 matched, 0.00 GEMVs actually saved, 0.00 left to compute; compared 0.00 lanes, 0.00 floats differ, 0.00 by more than an ulp
ds4:   expert cache over the last 64 tokens: 480.00 hits, 0.00 misses, 0.00 evictions a token; 5732 of 7930 entries live (72.3%)
ds4:   of the address-table holes repaired a token: 0.00 already resident, 0.00 genuinely absent
ds4:   residency a token: 0.00 adds, 0.00 removes, 0.00 commits
ds4: gate over tokens 193-256: 14.00 command buffers, 0.00 aborts, 240.0 expert ids accounted, 0.00 MiB loaded a token; 0 the gate failed to switch off, 0 it could not gate
ds4:   one token, exclusive, same window: entry 0.00 + encode 0.32 + commit-to-done 30.83 + repair-load 0.00 + accounting 0.03 + tail 1.40 = 32.58 of a 34.30 ms wall, residual 1.73
ds4:   of the commit-to-done: GPU running 45.61 ms, GPU not running -14.78 ms
ds4:   1429.8 gated dispatches a token, 0.0 of them behind an abort; 610.3 sent plain ahead of a buffer's first validate
ds4:   encode-ahead: 12.00 segments used, 0.00 dropped, 1.69 ms a token spent encoding under the GPU
ds4:   concurrent sections: 84.75 attempted, 84.75 opened a token
ds4:   speculation: 0.00 layers a token, 0.00 lanes computed, 0.00 matched, 0.00 GEMVs actually saved, 0.00 left to compute; compared 0.00 lanes, 0.00 floats differ, 0.00 by more than an ulp
ds4:   expert cache over the last 64 tokens: 480.00 hits, 0.00 misses, 0.00 evictions a token; 5732 of 7930 entries live (72.3%)
ds4:   of the address-table holes repaired a token: 0.00 already resident, 0.00 genuinely absent
ds4:   residency a token: 0.00 adds, 0.00 removes, 0.00 commits
ds4: V4.1 verify selftest k=8, 64 positions from 31 (odd start, pair carry restored), 3 alternating rounds
  round 0: single 34.88 ms/token, batch 176.13 ms/step
  round 1: single 35.02 ms/token, batch 185.85 ms/step
  round 2: single 34.98 ms/token, batch 188.87 ms/step
ds4: gate over tokens 257-320: 14.00 command buffers, 0.00 aborts, 240.0 expert ids accounted, 0.00 MiB loaded a token; 0 the gate failed to switch off, 0 it could not gate
ds4:   one token, exclusive, same window: entry -0.00 + encode 0.32 + commit-to-done 30.82 + repair-load 0.00 + accounting 0.03 + tail 1.39 = 32.56 of a 34.29 ms wall, residual 1.73
ds4:   of the commit-to-done: GPU running 45.79 ms, GPU not running -14.97 ms
ds4:   1429.8 gated dispatches a token, 0.0 of them behind an abort; 610.3 sent plain ahead of a buffer's first validate
ds4:   encode-ahead: 12.00 segments used, 0.00 dropped, 1.69 ms a token spent encoding under the GPU
ds4:   concurrent sections: 84.75 attempted, 84.75 opened a token
ds4:   speculation: 0.00 layers a token, 0.00 lanes computed, 0.00 matched, 0.00 GEMVs actually saved, 0.00 left to compute; compared 0.00 lanes, 0.00 floats differ, 0.00 by more than an ulp
ds4:   expert cache over the last 64 tokens: 480.00 hits, 0.00 misses, 0.00 evictions a token; 5732 of 7930 entries live (72.3%)
ds4:   of the address-table holes repaired a token: 0.00 already resident, 0.00 genuinely absent
ds4:   residency a token: 0.00 adds, 0.00 removes, 0.00 commits
ds4: selftest control: a second single pass differs from the reference in 0 of 8273920 logits
  median single    : 34.98 ms/token
  median 8-row step: 185.85 ms = 5.31x one single step
  perfect-draft ceiling: 43.04 tok/s (100 tok/s requires <= 80.00 ms/step)
  block width      : 1.51x of 8 (needs 3.50x for 100 tok/s)
  concurrent       : 53698 sections opened of 53698 asked
  marginal row cost: 21.55 ms = 62% of a standalone token
  rollback         : reproduces its own output
  batch vs single  : not run (0 rows checked)
  batch logits     : identical to the single pass
  break-even       : accept 66% of drafted tokens to beat single
  rolled-back passes agree with each other: yes
0924 23:58:36 ds4-server: chat ctx=31..35:4 gen=4 THINKING decoding chunk=0.22 t/s avg=0.22 t/s 18.420s
ds4-server: thinking not closed, ignoring incomplete DSML in reasoning
0924 23:58:36 ds4-server: chat ctx=0..31:31 gen=4 THINKING finish=length 20.677s
0924 23:58:38 ds4-server: shutdown requested, draining requests
