ds4: abort gate on for the first 40 layers
ds4: Metal device Apple M5 Max, 128.00 GiB RAM
ds4: Metal 4 tensor API enabled for Tensor kernels
ds4: drift-patch flags hc_stable=on norm_unify=on kv_raw_f32=off rope_exp2_log2=off math_safe=off tensor_matmul=on
ds4: Metal SSD streaming mode enabled; full model residency and warmup are skipped
ds4: SSD streaming auto cache budget
ds4:   metal recommends 107.52 GiB working set
ds4:   using 84% total for model + cached experts: 90.00 GiB
ds4:   non-routed weights: 9.37 GiB
ds4:   routed expert size: 9.49 MiB
ds4:   expert budget before prefill reserve: 8698 (80.63 GiB)
ds4: metal SSD streaming cache target 80.63 GiB; effective 80.63 GiB = 7.12 GiB prefill headroom + 73.51 GiB dynamic cache (7930 experts, 9.49 MiB each)
ds4: Metal SSD static weights locked 9.37 GiB; pageable 0.00 GiB
ds4: SSD streaming initial metal model map (569 spans, 9.37 GiB tensor span)
ds4: metal backend initialized for graph diagnostics
ds4: memory: KV 0.06 GiB (raw 0.01 + compressed 0.05) + buffers 3.27 GiB + resident model 9.37 GiB + expert cache 73.51 GiB + prefill expert reserve 7.12 GiB = 93.33 GiB planned
ds4: memory detail: ctx=8192 prefill_cap=4096 raw_kv_rows=128 compressed_kv_rows=8193 backend=metal
0925 00:02:17 ds4-server: context buffers 3411.39 MiB (ctx=8192, backend=metal, prefill_chunk=4096, raw_kv_rows=128, compressed_kv_rows=8193)
ds4: V4.1 static context buffers 3411.39 MiB (ctx=8192), Engram disk-only
0925 00:02:17 ds4-server: listening on http://127.0.0.1:8016
0925 00:02:19 ds4-server: chat ctx=0..31:31 prompt start
ds4: shared/routed FFN overlap ran, mode 1
ds4: expert residency set on the queue
0925 00:02:19 ds4-server: chat ctx=0..31:31 prefill chunk 1/31 (3.2%) chunk=0.00 t/s avg=5.39 t/s 0.186s
0925 00:02:19 ds4-server: chat ctx=0..31:31 prefill chunk 2/31 (6.5%) chunk=6.02 t/s avg=5.69 t/s 0.352s
0925 00:02:20 ds4-server: chat ctx=0..31:31 prefill chunk 3/31 (9.7%) chunk=7.78 t/s avg=6.25 t/s 0.480s
0925 00:02:20 ds4-server: chat ctx=0..31:31 prefill chunk 4/31 (12.9%) chunk=12.67 t/s avg=7.15 t/s 0.559s
0925 00:02:20 ds4-server: chat ctx=0..31:31 prefill chunk 5/31 (16.1%) chunk=12.32 t/s avg=7.81 t/s 0.640s
0925 00:02:20 ds4-server: chat ctx=0..31:31 prefill chunk 6/31 (19.4%) chunk=14.90 t/s avg=8.48 t/s 0.708s
0925 00:02:20 ds4-server: chat ctx=0..31:31 prefill chunk 7/31 (22.6%) chunk=13.83 t/s avg=8.98 t/s 0.780s
0925 00:02:20 ds4-server: chat ctx=0..31:31 prefill chunk 8/31 (25.8%) chunk=11.63 t/s avg=9.24 t/s 0.866s
0925 00:02:20 ds4-server: chat ctx=0..31:31 prefill chunk 9/31 (29.0%) chunk=10.00 t/s avg=9.32 t/s 0.966s
0925 00:02:20 ds4-server: chat ctx=0..31:31 prefill chunk 10/31 (32.3%) chunk=7.49 t/s avg=9.10 t/s 1.099s
0925 00:02:20 ds4-server: chat ctx=0..31:31 prefill chunk 11/31 (35.5%) chunk=6.83 t/s avg=8.83 t/s 1.246s
0925 00:02:20 ds4-server: chat ctx=0..31:31 prefill chunk 12/31 (38.7%) chunk=11.45 t/s avg=9.00 t/s 1.333s
0925 00:02:20 ds4-server: chat ctx=0..31:31 prefill chunk 13/31 (41.9%) chunk=15.24 t/s avg=9.29 t/s 1.399s
0925 00:02:20 ds4-server: chat ctx=0..31:31 prefill chunk 14/31 (45.2%) chunk=16.02 t/s avg=9.58 t/s 1.461s
0925 00:02:21 ds4-server: chat ctx=0..31:31 prefill chunk 15/31 (48.4%) chunk=16.85 t/s avg=9.86 t/s 1.521s
0925 00:02:21 ds4-server: chat ctx=0..31:31 prefill chunk 16/31 (51.6%) chunk=12.15 t/s avg=9.98 t/s 1.603s
0925 00:02:21 ds4-server: chat ctx=0..31:31 prefill chunk 17/31 (54.8%) chunk=12.82 t/s avg=10.11 t/s 1.681s
0925 00:02:21 ds4-server: chat ctx=0..31:31 prefill chunk 18/31 (58.1%) chunk=12.27 t/s avg=10.21 t/s 1.762s
0925 00:02:21 ds4-server: chat ctx=0..31:31 prefill chunk 19/31 (61.3%) chunk=11.03 t/s avg=10.25 t/s 1.853s
0925 00:02:21 ds4-server: chat ctx=0..31:31 prefill chunk 20/31 (64.5%) chunk=11.16 t/s avg=10.30 t/s 1.943s
0925 00:02:21 ds4-server: chat ctx=0..31:31 prefill chunk 21/31 (67.7%) chunk=17.95 t/s avg=10.51 t/s 1.998s
0925 00:02:21 ds4-server: chat ctx=0..31:31 prefill chunk 22/31 (71.0%) chunk=16.88 t/s avg=10.69 t/s 2.058s
0925 00:02:21 ds4-server: chat ctx=0..31:31 prefill chunk 23/31 (74.2%) chunk=17.75 t/s avg=10.88 t/s 2.114s
0925 00:02:21 ds4-server: chat ctx=0..31:31 prefill chunk 24/31 (77.4%) chunk=15.51 t/s avg=11.02 t/s 2.178s
0925 00:02:21 ds4-server: chat ctx=0..31:31 prefill chunk 25/31 (80.6%) chunk=19.40 t/s avg=11.21 t/s 2.230s
0925 00:02:21 ds4-server: chat ctx=0..31:31 prefill chunk 26/31 (83.9%) chunk=18.81 t/s avg=11.39 t/s 2.283s
0925 00:02:21 ds4-server: chat ctx=0..31:31 prefill chunk 27/31 (87.1%) chunk=13.76 t/s avg=11.46 t/s 2.356s
0925 00:02:21 ds4-server: chat ctx=0..31:31 prefill chunk 28/31 (90.3%) chunk=13.74 t/s avg=11.53 t/s 2.429s
0925 00:02:22 ds4-server: chat ctx=0..31:31 prefill chunk 29/31 (93.5%) chunk=11.75 t/s avg=11.54 t/s 2.514s
0925 00:02:22 ds4-server: chat ctx=0..31:31 prefill chunk 30/31 (96.8%) chunk=9.77 t/s avg=11.47 t/s 2.616s
0925 00:02:22 ds4-server: chat ctx=0..31:31 prefill chunk 31/31 (100.0%) chunk=13.75 t/s avg=11.53 t/s 2.689s
0925 00:02:22 ds4-server: chat ctx=0..31:31 prompt done 2.691s
ds4: gate over tokens 1-64: 34.33 command buffers, 30.23 aborts, 240.0 expert ids accounted, 656.74 MiB loaded a token; 0 the gate failed to switch off, 0 it could not gate
ds4:   one token, exclusive, same window: entry 0.00 + encode 4.25 + commit-to-done 61.92 + repair-load 17.54 + accounting 0.03 + tail 1.16 = 84.90 of a 89.54 ms wall, residual 4.65
ds4:   of the commit-to-done: GPU running 59.45 ms, GPU not running 2.47 ms
ds4:   2038.6 gated dispatches a token, 69.6 of them behind an abort; 2808.7 sent plain ahead of a buffer's first validate
ds4:   encode-ahead: 2.09 segments used, 27.23 dropped, 4.38 ms a token spent encoding under the GPU
ds4:   concurrent sections: 350.53 attempted, 350.53 opened a token
ds4:   speculation: 0.00 layers a token, 0.00 lanes computed, 0.00 matched, 0.00 GEMVs actually saved, 0.00 left to compute; compared 0.00 lanes, 0.00 floats differ, 0.00 by more than an ulp
ds4:   expert cache over the last 64 tokens: 240.00 hits, 69.19 misses, 0.00 evictions a token; 4428 of 7930 entries live (55.8%)
ds4:   of the address-table holes repaired a token: 0.00 already resident, 69.19 genuinely absent
ds4:   residency a token: 69.19 adds, 0.00 removes, 69.19 commits
ds4: V4.1 block-local KV delta, 8 rows over 31 prefix keys
ds4: V4.1 batch attn_output_b hoisted out of the per-row loop (8 rows)
ds4: V4.1 block attention by level, 8 rows, concurrent section open
ds4: V4.1 batch step rows=8 pre 69.4 ms, per-row attention 100.3 ms, moe 150.8 ms, head 9.0 ms, setup 13.4 ms, publish 1.2 ms
ds4: V4.1 batch step rows=8 pre 52.4 ms, per-row attention 88.5 ms, moe 153.4 ms, head 10.7 ms, setup 1.2 ms, publish 0.6 ms
ds4: V4.1 batch step rows=8 pre 57.4 ms, per-row attention 95.4 ms, moe 164.4 ms, head 10.8 ms, setup 0.8 ms, publish 0.6 ms
ds4: V4.1 batch step rows=8 pre 50.3 ms, per-row attention 85.2 ms, moe 144.4 ms, head 8.8 ms, setup 1.1 ms, publish 0.4 ms
ds4: V4.1 batch step rows=8 pre 48.7 ms, per-row attention 84.2 ms, moe 144.4 ms, head 9.7 ms, setup 0.8 ms, publish 0.4 ms
ds4: V4.1 batch step rows=8 pre 46.9 ms, per-row attention 80.9 ms, moe 138.2 ms, head 9.4 ms, setup 0.8 ms, publish 0.4 ms
ds4: V4.1 batch step rows=8 pre 46.1 ms, per-row attention 78.0 ms, moe 135.0 ms, head 8.5 ms, setup 0.9 ms, publish 0.4 ms
ds4: V4.1 batch step rows=8 pre 46.7 ms, per-row attention 79.0 ms, moe 136.5 ms, head 9.0 ms, setup 1.0 ms, publish 0.4 ms
ds4: gate over tokens 65-128: 22.31 command buffers, 12.45 aborts, 240.0 expert ids accounted, 193.40 MiB loaded a token; 0 the gate failed to switch off, 0 it could not gate
ds4:   one token, exclusive, same window: entry 0.00 + encode 1.49 + commit-to-done 51.94 + repair-load 4.82 + accounting 0.03 + tail 1.80 = 60.09 of a 62.86 ms wall, residual 2.77
ds4:   of the commit-to-done: GPU running 79.02 ms, GPU not running -27.08 ms
ds4:   1681.8 gated dispatches a token, 27.5 of them behind an abort; 1516.1 sent plain ahead of a buffer's first validate
ds4:   encode-ahead: 7.86 segments used, 11.23 dropped, 2.62 ms a token spent encoding under the GPU
ds4:   concurrent sections: 195.50 attempted, 195.50 opened a token
ds4:   speculation: 0.00 layers a token, 0.00 lanes computed, 0.00 matched, 0.00 GEMVs actually saved, 0.00 left to compute; compared 0.00 lanes, 0.00 floats differ, 0.00 by more than an ulp
ds4:   expert cache over the last 64 tokens: 480.00 hits, 20.38 misses, 0.00 evictions a token; 5732 of 7930 entries live (72.3%)
ds4:   of the address-table holes repaired a token: 0.00 already resident, 20.38 genuinely absent
ds4:   residency a token: 20.38 adds, 0.00 removes, 20.38 commits
ds4: V4.1 batch step rows=8 pre 66.4 ms, per-row attention 102.5 ms, moe 168.9 ms, head 11.1 ms, setup 10.0 ms, publish 1.2 ms
ds4: V4.1 batch step rows=8 pre 56.0 ms, per-row attention 92.3 ms, moe 162.4 ms, head 10.8 ms, setup 1.2 ms, publish 0.6 ms
ds4: V4.1 batch step rows=8 pre 52.8 ms, per-row attention 88.2 ms, moe 150.3 ms, head 9.1 ms, setup 1.1 ms, publish 0.3 ms
ds4: V4.1 batch step rows=8 pre 51.4 ms, per-row attention 86.9 ms, moe 149.9 ms, head 8.9 ms, setup 1.0 ms, publish 0.4 ms
ds4: V4.1 batch step rows=8 pre 47.7 ms, per-row attention 81.0 ms, moe 138.1 ms, head 8.6 ms, setup 0.8 ms, publish 0.4 ms
ds4: V4.1 batch step rows=8 pre 45.6 ms, per-row attention 77.0 ms, moe 134.6 ms, head 8.4 ms, setup 0.7 ms, publish 0.4 ms
ds4: V4.1 batch step rows=8 pre 45.5 ms, per-row attention 76.6 ms, moe 133.2 ms, head 8.7 ms, setup 0.9 ms, publish 0.5 ms
ds4: V4.1 batch step rows=8 pre 45.3 ms, per-row attention 76.1 ms, moe 131.7 ms, head 8.3 ms, setup 0.9 ms, publish 0.5 ms
ds4: gate over tokens 129-192: 14.00 command buffers, 0.00 aborts, 240.0 expert ids accounted, 0.00 MiB loaded a token; 0 the gate failed to switch off, 0 it could not gate
ds4:   one token, exclusive, same window: entry 0.00 + encode 0.35 + commit-to-done 51.51 + repair-load 0.00 + accounting 0.04 + tail 1.81 = 53.70 of a 55.67 ms wall, residual 1.97
ds4:   of the commit-to-done: GPU running 79.94 ms, GPU not running -28.43 ms
ds4:   1429.8 gated dispatches a token, 0.0 of them behind an abort; 610.4 sent plain ahead of a buffer's first validate
ds4:   encode-ahead: 12.00 segments used, 0.00 dropped, 1.92 ms a token spent encoding under the GPU
ds4:   concurrent sections: 84.75 attempted, 84.75 opened a token
ds4:   speculation: 0.00 layers a token, 0.00 lanes computed, 0.00 matched, 0.00 GEMVs actually saved, 0.00 left to compute; compared 0.00 lanes, 0.00 floats differ, 0.00 by more than an ulp
ds4:   expert cache over the last 64 tokens: 480.00 hits, 0.00 misses, 0.00 evictions a token; 5732 of 7930 entries live (72.3%)
ds4:   of the address-table holes repaired a token: 0.00 already resident, 0.00 genuinely absent
ds4:   residency a token: 0.00 adds, 0.00 removes, 0.00 commits
ds4: V4.1 batch step rows=8 pre 70.4 ms, per-row attention 101.1 ms, moe 164.7 ms, head 10.7 ms, setup 9.7 ms, publish 1.2 ms
ds4: V4.1 batch step rows=8 pre 55.3 ms, per-row attention 91.0 ms, moe 158.2 ms, head 9.9 ms, setup 1.0 ms, publish 0.5 ms
ds4: V4.1 batch step rows=8 pre 50.0 ms, per-row attention 82.7 ms, moe 143.5 ms, head 10.0 ms, setup 1.1 ms, publish 0.4 ms
ds4: V4.1 batch step rows=8 pre 50.0 ms, per-row attention 84.7 ms, moe 147.3 ms, head 8.7 ms, setup 0.9 ms, publish 0.4 ms
ds4: V4.1 batch step rows=8 pre 46.3 ms, per-row attention 77.2 ms, moe 131.5 ms, head 8.4 ms, setup 0.9 ms, publish 0.4 ms
ds4: V4.1 batch step rows=8 pre 45.1 ms, per-row attention 75.5 ms, moe 130.7 ms, head 8.0 ms, setup 0.9 ms, publish 0.4 ms
ds4: V4.1 batch step rows=8 pre 44.4 ms, per-row attention 73.3 ms, moe 128.3 ms, head 7.9 ms, setup 1.2 ms, publish 0.5 ms
ds4: V4.1 batch step rows=8 pre 43.7 ms, per-row attention 71.8 ms, moe 125.1 ms, head 7.9 ms, setup 1.1 ms, publish 0.4 ms
ds4: gate over tokens 193-256: 14.00 command buffers, 0.00 aborts, 240.0 expert ids accounted, 0.00 MiB loaded a token; 0 the gate failed to switch off, 0 it could not gate
ds4:   one token, exclusive, same window: entry 0.00 + encode 0.35 + commit-to-done 51.31 + repair-load 0.00 + accounting 0.03 + tail 1.83 = 53.52 of a 55.53 ms wall, residual 2.00
ds4:   of the commit-to-done: GPU running 78.58 ms, GPU not running -27.27 ms
ds4:   1429.8 gated dispatches a token, 0.0 of them behind an abort; 610.3 sent plain ahead of a buffer's first validate
ds4:   encode-ahead: 12.00 segments used, 0.00 dropped, 1.95 ms a token spent encoding under the GPU
ds4:   concurrent sections: 84.75 attempted, 84.75 opened a token
ds4:   speculation: 0.00 layers a token, 0.00 lanes computed, 0.00 matched, 0.00 GEMVs actually saved, 0.00 left to compute; compared 0.00 lanes, 0.00 floats differ, 0.00 by more than an ulp
ds4:   expert cache over the last 64 tokens: 480.00 hits, 0.00 misses, 0.00 evictions a token; 5732 of 7930 entries live (72.3%)
ds4:   of the address-table holes repaired a token: 0.00 already resident, 0.00 genuinely absent
ds4:   residency a token: 0.00 adds, 0.00 removes, 0.00 commits
ds4: V4.1 batch step rows=8 pre 65.3 ms, per-row attention 101.3 ms, moe 166.6 ms, head 10.2 ms, setup 5.0 ms, publish 0.6 ms
ds4: V4.1 batch step rows=8 pre 53.0 ms, per-row attention 89.3 ms, moe 151.4 ms, head 9.5 ms, setup 1.1 ms, publish 0.5 ms
ds4: V4.1 batch step rows=8 pre 48.9 ms, per-row attention 82.6 ms, moe 144.0 ms, head 11.1 ms, setup 1.1 ms, publish 0.5 ms
ds4: V4.1 batch step rows=8 pre 50.8 ms, per-row attention 84.0 ms, moe 142.3 ms, head 8.4 ms, setup 1.0 ms, publish 0.4 ms
ds4: V4.1 batch step rows=8 pre 43.6 ms, per-row attention 73.4 ms, moe 128.1 ms, head 8.2 ms, setup 1.1 ms, publish 0.4 ms
ds4: V4.1 batch step rows=8 pre 44.1 ms, per-row attention 72.1 ms, moe 129.3 ms, head 8.2 ms, setup 0.9 ms, publish 0.4 ms
ds4: V4.1 batch step rows=8 pre 44.6 ms, per-row attention 72.3 ms, moe 129.4 ms, head 8.2 ms, setup 0.8 ms, publish 0.4 ms
ds4: V4.1 batch step rows=8 pre 43.9 ms, per-row attention 71.2 ms, moe 125.1 ms, head 7.9 ms, setup 1.1 ms, publish 0.4 ms
ds4: V4.1 verify selftest k=8, 64 positions from 31 (odd start, pair carry restored), 3 alternating rounds
  round 0: single 57.99 ms/token, batch 332.77 ms/step
  round 1: single 57.95 ms/token, batch 326.86 ms/step
  round 2: single 58.02 ms/token, batch 319.98 ms/step
ds4: gate over tokens 257-320: 14.00 command buffers, 0.00 aborts, 240.0 expert ids accounted, 0.00 MiB loaded a token; 0 the gate failed to switch off, 0 it could not gate
ds4:   one token, exclusive, same window: entry 0.00 + encode 0.35 + commit-to-done 51.78 + repair-load 0.00 + accounting 0.04 + tail 1.82 = 53.99 of a 55.96 ms wall, residual 1.97
ds4:   of the commit-to-done: GPU running 78.56 ms, GPU not running -26.78 ms
ds4:   1429.8 gated dispatches a token, 0.0 of them behind an abort; 610.3 sent plain ahead of a buffer's first validate
ds4:   encode-ahead: 12.00 segments used, 0.00 dropped, 1.92 ms a token spent encoding under the GPU
ds4:   concurrent sections: 84.75 attempted, 84.75 opened a token
ds4:   speculation: 0.00 layers a token, 0.00 lanes computed, 0.00 matched, 0.00 GEMVs actually saved, 0.00 left to compute; compared 0.00 lanes, 0.00 floats differ, 0.00 by more than an ulp
ds4:   expert cache over the last 64 tokens: 480.00 hits, 0.00 misses, 0.00 evictions a token; 5732 of 7930 entries live (72.3%)
ds4:   of the address-table holes repaired a token: 0.00 already resident, 0.00 genuinely absent
ds4:   residency a token: 0.00 adds, 0.00 removes, 0.00 commits
ds4: selftest control: a second single pass differs from the reference in 0 of 8273920 logits
  median single    : 57.99 ms/token
  median 8-row step: 326.86 ms = 5.64x one single step
  perfect-draft ceiling: 24.48 tok/s (100 tok/s requires <= 80.00 ms/step)
  block width      : 1.42x of 8 (needs 5.80x for 100 tok/s)
  concurrent       : 53698 sections opened of 53698 asked
  marginal row cost: 38.41 ms = 66% of a standalone token
  rollback         : reproduces its own output
  batch vs single  : identical argmax (192 rows checked)
  batch logits     : identical to the single pass
  break-even       : accept 70% of drafted tokens to beat single
  rolled-back passes agree with each other: yes
0925 00:02:53 ds4-server: chat ctx=31..35:4 gen=4 THINKING decoding chunk=0.13 t/s avg=0.13 t/s 31.321s
ds4-server: thinking not closed, ignoring incomplete DSML in reasoning
0925 00:02:53 ds4-server: chat ctx=0..31:31 gen=4 THINKING finish=length 34.012s
0925 00:02:55 ds4-server: shutdown requested, draining requests
