ds4: abort gate on for the first 40 layers
ds4: Metal device Apple M5 Max, 128.00 GiB RAM
ds4: Metal 4 tensor API enabled for Tensor kernels
ds4: drift-patch flags hc_stable=on norm_unify=on kv_raw_f32=off rope_exp2_log2=off math_safe=off tensor_matmul=on
ds4: Metal SSD streaming mode enabled; full model residency and warmup are skipped
ds4: SSD streaming auto cache budget
ds4:   metal recommends 107.52 GiB working set
ds4:   using 84% total for model + cached experts: 90.00 GiB
ds4:   non-routed weights: 9.37 GiB
ds4:   routed expert size: 9.49 MiB
ds4:   expert budget before prefill reserve: 8698 (80.63 GiB)
ds4: metal SSD streaming cache target 80.63 GiB; effective 80.63 GiB = 7.12 GiB prefill headroom + 73.51 GiB dynamic cache (7930 experts, 9.49 MiB each)
ds4: Metal SSD static weights locked 9.37 GiB; pageable 0.00 GiB
ds4: SSD streaming initial metal model map (569 spans, 9.37 GiB tensor span)
ds4: metal backend initialized for graph diagnostics
ds4: memory: KV 0.06 GiB (raw 0.01 + compressed 0.05) + buffers 3.27 GiB + resident model 9.37 GiB + expert cache 73.51 GiB + prefill expert reserve 7.12 GiB = 93.33 GiB planned
ds4: memory detail: ctx=8192 prefill_cap=4096 raw_kv_rows=128 compressed_kv_rows=8193 backend=metal
0924 23:59:22 ds4-server: context buffers 3411.39 MiB (ctx=8192, backend=metal, prefill_chunk=4096, raw_kv_rows=128, compressed_kv_rows=8193)
ds4: V4.1 static context buffers 3411.39 MiB (ctx=8192), Engram disk-only
0924 23:59:22 ds4-server: listening on http://127.0.0.1:8016
0924 23:59:24 ds4-server: chat ctx=0..31:31 prompt start
ds4: shared/routed FFN overlap ran, mode 1
ds4: expert residency set on the queue
0924 23:59:24 ds4-server: chat ctx=0..31:31 prefill chunk 1/31 (3.2%) chunk=0.00 t/s avg=4.59 t/s 0.218s
0924 23:59:24 ds4-server: chat ctx=0..31:31 prefill chunk 2/31 (6.5%) chunk=5.81 t/s avg=5.13 t/s 0.390s
0924 23:59:25 ds4-server: chat ctx=0..31:31 prefill chunk 3/31 (9.7%) chunk=11.22 t/s avg=6.26 t/s 0.479s
0924 23:59:25 ds4-server: chat ctx=0..31:31 prefill chunk 4/31 (12.9%) chunk=13.73 t/s avg=7.25 t/s 0.552s
0924 23:59:25 ds4-server: chat ctx=0..31:31 prefill chunk 5/31 (16.1%) chunk=12.77 t/s avg=7.94 t/s 0.630s
0924 23:59:25 ds4-server: chat ctx=0..31:31 prefill chunk 6/31 (19.4%) chunk=16.61 t/s avg=8.69 t/s 0.690s
0924 23:59:25 ds4-server: chat ctx=0..31:31 prefill chunk 7/31 (22.6%) chunk=15.07 t/s avg=9.25 t/s 0.757s
0924 23:59:25 ds4-server: chat ctx=0..31:31 prefill chunk 8/31 (25.8%) chunk=15.12 t/s avg=9.72 t/s 0.823s
0924 23:59:25 ds4-server: chat ctx=0..31:31 prefill chunk 9/31 (29.0%) chunk=14.23 t/s avg=10.08 t/s 0.893s
0924 23:59:25 ds4-server: chat ctx=0..31:31 prefill chunk 10/31 (32.3%) chunk=15.50 t/s avg=10.44 t/s 0.958s
0924 23:59:25 ds4-server: chat ctx=0..31:31 prefill chunk 11/31 (35.5%) chunk=14.43 t/s avg=10.71 t/s 1.027s
0924 23:59:25 ds4-server: chat ctx=0..31:31 prefill chunk 12/31 (38.7%) chunk=16.79 t/s avg=11.04 t/s 1.086s
0924 23:59:25 ds4-server: chat ctx=0..31:31 prefill chunk 13/31 (41.9%) chunk=16.82 t/s avg=11.34 t/s 1.146s
0924 23:59:25 ds4-server: chat ctx=0..31:31 prefill chunk 14/31 (45.2%) chunk=17.95 t/s avg=11.65 t/s 1.202s
0924 23:59:25 ds4-server: chat ctx=0..31:31 prefill chunk 15/31 (48.4%) chunk=18.30 t/s avg=11.94 t/s 1.256s
0924 23:59:25 ds4-server: chat ctx=0..31:31 prefill chunk 16/31 (51.6%) chunk=14.60 t/s avg=12.08 t/s 1.325s
0924 23:59:25 ds4-server: chat ctx=0..31:31 prefill chunk 17/31 (54.8%) chunk=16.91 t/s avg=12.28 t/s 1.384s
0924 23:59:26 ds4-server: chat ctx=0..31:31 prefill chunk 18/31 (58.1%) chunk=14.59 t/s avg=12.39 t/s 1.452s
0924 23:59:26 ds4-server: chat ctx=0..31:31 prefill chunk 19/31 (61.3%) chunk=16.21 t/s avg=12.55 t/s 1.514s
0924 23:59:26 ds4-server: chat ctx=0..31:31 prefill chunk 20/31 (64.5%) chunk=17.53 t/s avg=12.73 t/s 1.571s
0924 23:59:26 ds4-server: chat ctx=0..31:31 prefill chunk 21/31 (67.7%) chunk=15.10 t/s avg=12.83 t/s 1.637s
0924 23:59:26 ds4-server: chat ctx=0..31:31 prefill chunk 22/31 (71.0%) chunk=13.56 t/s avg=12.86 t/s 1.711s
0924 23:59:26 ds4-server: chat ctx=0..31:31 prefill chunk 23/31 (74.2%) chunk=13.27 t/s avg=12.87 t/s 1.786s
0924 23:59:26 ds4-server: chat ctx=0..31:31 prefill chunk 24/31 (77.4%) chunk=11.53 t/s avg=12.81 t/s 1.873s
0924 23:59:26 ds4-server: chat ctx=0..31:31 prefill chunk 25/31 (80.6%) chunk=13.90 t/s avg=12.85 t/s 1.945s
0924 23:59:26 ds4-server: chat ctx=0..31:31 prefill chunk 26/31 (83.9%) chunk=18.23 t/s avg=13.00 t/s 2.000s
0924 23:59:26 ds4-server: chat ctx=0..31:31 prefill chunk 27/31 (87.1%) chunk=17.94 t/s avg=13.13 t/s 2.056s
0924 23:59:26 ds4-server: chat ctx=0..31:31 prefill chunk 28/31 (90.3%) chunk=16.41 t/s avg=13.23 t/s 2.117s
0924 23:59:26 ds4-server: chat ctx=0..31:31 prefill chunk 29/31 (93.5%) chunk=15.93 t/s avg=13.31 t/s 2.179s
0924 23:59:26 ds4-server: chat ctx=0..31:31 prefill chunk 30/31 (96.8%) chunk=17.12 t/s avg=13.41 t/s 2.238s
0924 23:59:26 ds4-server: chat ctx=0..31:31 prefill chunk 31/31 (100.0%) chunk=17.93 t/s avg=13.52 t/s 2.294s
0924 23:59:26 ds4-server: chat ctx=0..31:31 prompt done 2.295s
ds4: gate over tokens 1-64: 34.33 command buffers, 30.23 aborts, 240.0 expert ids accounted, 656.74 MiB loaded a token; 0 the gate failed to switch off, 0 it could not gate
ds4:   one token, exclusive, same window: entry 0.00 + encode 3.07 + commit-to-done 37.79 + repair-load 14.59 + accounting 0.02 + tail 0.72 = 56.19 of a 60.20 ms wall, residual 4.01
ds4:   of the commit-to-done: GPU running 34.86 ms, GPU not running 2.93 ms
ds4:   2038.6 gated dispatches a token, 69.6 of them behind an abort; 2808.7 sent plain ahead of a buffer's first validate
ds4:   encode-ahead: 2.09 segments used, 27.23 dropped, 3.73 ms a token spent encoding under the GPU
ds4:   concurrent sections: 350.53 attempted, 350.53 opened a token
ds4:   speculation: 0.00 layers a token, 0.00 lanes computed, 0.00 matched, 0.00 GEMVs actually saved, 0.00 left to compute; compared 0.00 lanes, 0.00 floats differ, 0.00 by more than an ulp
ds4:   expert cache over the last 64 tokens: 240.00 hits, 69.19 misses, 0.00 evictions a token; 4428 of 7930 entries live (55.8%)
ds4:   of the address-table holes repaired a token: 0.00 already resident, 69.19 genuinely absent
ds4:   residency a token: 69.19 adds, 0.00 removes, 69.19 commits
ds4: V4.1 block-local KV delta, 8 rows over 31 prefix keys
ds4: V4.1 batch attn_output_b hoisted out of the per-row loop (8 rows)
ds4: V4.1 block attention by level, 8 rows, concurrent section open
ds4: V4.1 batch step rows=8 pre 67.8 ms, per-row attention 86.3 ms, moe 121.9 ms, head 5.7 ms, tail 0.0 ms
ds4: V4.1 batch step rows=8 pre 34.3 ms, per-row attention 54.3 ms, moe 95.8 ms, head 6.2 ms, tail 0.0 ms
ds4: V4.1 batch step rows=8 pre 37.9 ms, per-row attention 62.5 ms, moe 110.7 ms, head 7.9 ms, tail 0.0 ms
ds4: V4.1 batch step rows=8 pre 44.0 ms, per-row attention 72.0 ms, moe 126.9 ms, head 9.3 ms, tail 0.0 ms
ds4: V4.1 batch step rows=8 pre 48.5 ms, per-row attention 84.7 ms, moe 143.3 ms, head 9.8 ms, tail 0.0 ms
ds4: V4.1 batch step rows=8 pre 46.2 ms, per-row attention 79.0 ms, moe 136.6 ms, head 9.3 ms, tail 0.0 ms
ds4: V4.1 batch step rows=8 pre 50.1 ms, per-row attention 87.1 ms, moe 148.4 ms, head 9.8 ms, tail 0.0 ms
ds4: V4.1 batch step rows=8 pre 49.8 ms, per-row attention 87.2 ms, moe 146.7 ms, head 9.6 ms, tail 0.0 ms
ds4: gate over tokens 65-128: 22.31 command buffers, 12.45 aborts, 240.0 expert ids accounted, 193.40 MiB loaded a token; 0 the gate failed to switch off, 0 it could not gate
ds4:   one token, exclusive, same window: entry 0.00 + encode 1.42 + commit-to-done 44.65 + repair-load 4.37 + accounting 0.03 + tail 1.65 = 52.13 of a 54.86 ms wall, residual 2.73
ds4:   of the commit-to-done: GPU running 68.15 ms, GPU not running -23.50 ms
ds4:   1681.7 gated dispatches a token, 27.5 of them behind an abort; 1516.1 sent plain ahead of a buffer's first validate
ds4:   encode-ahead: 7.86 segments used, 11.23 dropped, 2.59 ms a token spent encoding under the GPU
ds4:   concurrent sections: 195.50 attempted, 195.50 opened a token
ds4:   speculation: 0.00 layers a token, 0.00 lanes computed, 0.00 matched, 0.00 GEMVs actually saved, 0.00 left to compute; compared 0.00 lanes, 0.00 floats differ, 0.00 by more than an ulp
ds4:   expert cache over the last 64 tokens: 480.00 hits, 20.38 misses, 0.00 evictions a token; 5732 of 7930 entries live (72.3%)
ds4:   of the address-table holes repaired a token: 0.00 already resident, 20.38 genuinely absent
ds4:   residency a token: 20.38 adds, 0.00 removes, 20.38 commits
ds4: V4.1 batch step rows=8 pre 73.6 ms, per-row attention 113.9 ms, moe 189.7 ms, head 12.1 ms, tail 0.0 ms
ds4: V4.1 batch step rows=8 pre 60.6 ms, per-row attention 98.4 ms, moe 178.6 ms, head 13.1 ms, tail 0.0 ms
ds4: V4.1 batch step rows=8 pre 62.1 ms, per-row attention 101.1 ms, moe 180.7 ms, head 11.5 ms, tail 0.0 ms
ds4: V4.1 batch step rows=8 pre 58.9 ms, per-row attention 96.4 ms, moe 168.5 ms, head 10.9 ms, tail 0.0 ms
ds4: V4.1 batch step rows=8 pre 56.3 ms, per-row attention 94.8 ms, moe 163.1 ms, head 10.4 ms, tail 0.0 ms
ds4: V4.1 batch step rows=8 pre 51.0 ms, per-row attention 87.2 ms, moe 148.1 ms, head 9.8 ms, tail 0.0 ms
ds4: V4.1 batch step rows=8 pre 53.9 ms, per-row attention 90.7 ms, moe 152.2 ms, head 10.0 ms, tail 0.0 ms
ds4: V4.1 batch step rows=8 pre 53.0 ms, per-row attention 88.1 ms, moe 152.9 ms, head 9.6 ms, tail 0.0 ms
ds4: gate over tokens 129-192: 14.00 command buffers, 0.00 aborts, 240.0 expert ids accounted, 0.00 MiB loaded a token; 0 the gate failed to switch off, 0 it could not gate
ds4:   one token, exclusive, same window: entry 0.00 + encode 0.35 + commit-to-done 59.35 + repair-load 0.00 + accounting 0.04 + tail 2.02 = 61.76 of a 63.73 ms wall, residual 1.96
ds4:   of the commit-to-done: GPU running 92.37 ms, GPU not running -33.02 ms
ds4:   1429.8 gated dispatches a token, 0.0 of them behind an abort; 610.3 sent plain ahead of a buffer's first validate
ds4:   encode-ahead: 12.00 segments used, 0.00 dropped, 1.91 ms a token spent encoding under the GPU
ds4:   concurrent sections: 84.75 attempted, 84.75 opened a token
ds4:   speculation: 0.00 layers a token, 0.00 lanes computed, 0.00 matched, 0.00 GEMVs actually saved, 0.00 left to compute; compared 0.00 lanes, 0.00 floats differ, 0.00 by more than an ulp
ds4:   expert cache over the last 64 tokens: 480.00 hits, 0.00 misses, 0.00 evictions a token; 5732 of 7930 entries live (72.3%)
ds4:   of the address-table holes repaired a token: 0.00 already resident, 0.00 genuinely absent
ds4:   residency a token: 0.00 adds, 0.00 removes, 0.00 commits
ds4: V4.1 batch step rows=8 pre 76.5 ms, per-row attention 116.5 ms, moe 192.2 ms, head 12.2 ms, tail 0.0 ms
ds4: V4.1 batch step rows=8 pre 62.8 ms, per-row attention 103.6 ms, moe 183.7 ms, head 12.2 ms, tail 0.0 ms
ds4: V4.1 batch step rows=8 pre 63.2 ms, per-row attention 102.4 ms, moe 180.2 ms, head 11.7 ms, tail 0.0 ms
ds4: V4.1 batch step rows=8 pre 55.5 ms, per-row attention 94.0 ms, moe 163.4 ms, head 10.7 ms, tail 0.0 ms
ds4: V4.1 batch step rows=8 pre 54.0 ms, per-row attention 89.4 ms, moe 157.0 ms, head 10.7 ms, tail 0.0 ms
ds4: V4.1 batch step rows=8 pre 56.3 ms, per-row attention 92.8 ms, moe 160.2 ms, head 9.9 ms, tail 0.0 ms
ds4: V4.1 batch step rows=8 pre 52.5 ms, per-row attention 89.5 ms, moe 152.8 ms, head 10.8 ms, tail 0.0 ms
ds4: V4.1 batch step rows=8 pre 53.2 ms, per-row attention 90.7 ms, moe 150.9 ms, head 10.8 ms, tail 0.0 ms
ds4: gate over tokens 193-256: 14.00 command buffers, 0.00 aborts, 240.0 expert ids accounted, 0.00 MiB loaded a token; 0 the gate failed to switch off, 0 it could not gate
ds4:   one token, exclusive, same window: entry 0.00 + encode 0.36 + commit-to-done 62.91 + repair-load 0.00 + accounting 0.03 + tail 2.11 = 65.42 of a 67.39 ms wall, residual 1.97
ds4:   of the commit-to-done: GPU running 96.21 ms, GPU not running -33.29 ms
ds4:   1429.8 gated dispatches a token, 0.0 of them behind an abort; 610.3 sent plain ahead of a buffer's first validate
ds4:   encode-ahead: 12.00 segments used, 0.00 dropped, 1.92 ms a token spent encoding under the GPU
ds4:   concurrent sections: 84.75 attempted, 84.75 opened a token
ds4:   speculation: 0.00 layers a token, 0.00 lanes computed, 0.00 matched, 0.00 GEMVs actually saved, 0.00 left to compute; compared 0.00 lanes, 0.00 floats differ, 0.00 by more than an ulp
ds4:   expert cache over the last 64 tokens: 480.00 hits, 0.00 misses, 0.00 evictions a token; 5732 of 7930 entries live (72.3%)
ds4:   of the address-table holes repaired a token: 0.00 already resident, 0.00 genuinely absent
ds4:   residency a token: 0.00 adds, 0.00 removes, 0.00 commits
ds4: V4.1 batch step rows=8 pre 75.2 ms, per-row attention 113.0 ms, moe 199.5 ms, head 12.5 ms, tail 0.0 ms
ds4: V4.1 batch step rows=8 pre 64.4 ms, per-row attention 105.6 ms, moe 181.6 ms, head 12.1 ms, tail 0.0 ms
ds4: V4.1 batch step rows=8 pre 63.3 ms, per-row attention 102.6 ms, moe 178.4 ms, head 14.6 ms, tail 0.0 ms
ds4: V4.1 batch step rows=8 pre 59.8 ms, per-row attention 98.1 ms, moe 175.1 ms, head 11.1 ms, tail 0.0 ms
ds4: V4.1 batch step rows=8 pre 58.2 ms, per-row attention 94.7 ms, moe 162.6 ms, head 9.8 ms, tail 0.0 ms
ds4: V4.1 batch step rows=8 pre 53.7 ms, per-row attention 91.6 ms, moe 156.8 ms, head 9.1 ms, tail 0.0 ms
ds4: V4.1 batch step rows=8 pre 52.7 ms, per-row attention 88.7 ms, moe 149.7 ms, head 9.7 ms, tail 0.0 ms
ds4: V4.1 batch step rows=8 pre 53.7 ms, per-row attention 90.6 ms, moe 154.0 ms, head 9.8 ms, tail 0.0 ms
ds4: V4.1 verify selftest k=8, 64 positions from 31 (odd start, pair carry restored), 3 alternating rounds
  round 0: single 66.57 ms/token, batch 377.94 ms/step
  round 1: single 68.56 ms/token, batch 380.05 ms/step
  round 2: single 71.97 ms/token, batch 382.94 ms/step
ds4: gate over tokens 257-320: 14.00 command buffers, 0.00 aborts, 240.0 expert ids accounted, 0.00 MiB loaded a token; 0 the gate failed to switch off, 0 it could not gate
ds4:   one token, exclusive, same window: entry 0.00 + encode 0.37 + commit-to-done 67.48 + repair-load 0.00 + accounting 0.04 + tail 2.23 = 70.11 of a 72.14 ms wall, residual 2.03
ds4:   of the commit-to-done: GPU running 101.39 ms, GPU not running -33.91 ms
ds4:   1429.8 gated dispatches a token, 0.0 of them behind an abort; 610.3 sent plain ahead of a buffer's first validate
ds4:   encode-ahead: 12.00 segments used, 0.00 dropped, 1.97 ms a token spent encoding under the GPU
ds4:   concurrent sections: 84.75 attempted, 84.75 opened a token
ds4:   speculation: 0.00 layers a token, 0.00 lanes computed, 0.00 matched, 0.00 GEMVs actually saved, 0.00 left to compute; compared 0.00 lanes, 0.00 floats differ, 0.00 by more than an ulp
ds4:   expert cache over the last 64 tokens: 480.00 hits, 0.00 misses, 0.00 evictions a token; 5732 of 7930 entries live (72.3%)
ds4:   of the address-table holes repaired a token: 0.00 already resident, 0.00 genuinely absent
ds4:   residency a token: 0.00 adds, 0.00 removes, 0.00 commits
ds4: selftest control: a second single pass differs from the reference in 0 of 8273920 logits
  median single    : 68.56 ms/token
  median 8-row step: 380.05 ms = 5.54x one single step
  perfect-draft ceiling: 21.05 tok/s (100 tok/s requires <= 80.00 ms/step)
  block width      : 1.44x of 8 (needs 6.86x for 100 tok/s)
  concurrent       : 53698 sections opened of 53698 asked
  marginal row cost: 44.50 ms = 65% of a standalone token
  rollback         : reproduces its own output
  batch vs single  : identical argmax (192 rows checked)
  batch logits     : identical to the single pass
  break-even       : accept 69% of drafted tokens to beat single
  rolled-back passes agree with each other: yes
0925 00:00:00 ds4-server: chat ctx=31..35:4 gen=4 THINKING decoding chunk=0.12 t/s avg=0.12 t/s 33.405s
ds4-server: thinking not closed, ignoring incomplete DSML in reasoning
0925 00:00:00 ds4-server: chat ctx=0..31:31 gen=4 THINKING finish=length 35.701s
0925 00:00:02 ds4-server: shutdown requested, draining requests
