ds4: abort gate on for the first 40 layers
ds4: Metal device Apple M5 Max, 128.00 GiB RAM
ds4: Metal 4 tensor API enabled for Tensor kernels
ds4: drift-patch flags hc_stable=on norm_unify=on kv_raw_f32=off rope_exp2_log2=off math_safe=off tensor_matmul=on
ds4: Metal SSD streaming mode enabled; full model residency and warmup are skipped
ds4: SSD streaming auto cache budget
ds4:   metal recommends 107.52 GiB working set
ds4:   using 84% total for model + cached experts: 90.00 GiB
ds4:   non-routed weights: 9.37 GiB
ds4:   routed expert size: 9.49 MiB
ds4:   expert budget before prefill reserve: 8698 (80.63 GiB)
ds4: metal SSD streaming cache target 80.63 GiB; effective 80.63 GiB = 7.12 GiB prefill headroom + 73.51 GiB dynamic cache (7930 experts, 9.49 MiB each)
ds4: Metal SSD static weights locked 9.37 GiB; pageable 0.00 GiB
ds4: SSD streaming initial metal model map (569 spans, 9.37 GiB tensor span)
ds4: metal backend initialized for graph diagnostics
ds4: memory: KV 0.06 GiB (raw 0.01 + compressed 0.05) + buffers 3.27 GiB + resident model 9.37 GiB + expert cache 73.51 GiB + prefill expert reserve 7.12 GiB = 93.32 GiB planned
ds4: memory detail: ctx=8192 prefill_cap=4096 raw_kv_rows=128 compressed_kv_rows=8193 backend=metal
0924 20:36:07 ds4-server: context buffers 3403.39 MiB (ctx=8192, backend=metal, prefill_chunk=4096, raw_kv_rows=128, compressed_kv_rows=8193)
ds4: V4.1 static context buffers 3403.39 MiB (ctx=8192), Engram disk-only
0924 20:36:07 ds4-server: listening on http://127.0.0.1:8016
0924 20:36:10 ds4-server: chat ctx=0..31:31 prompt start
ds4: shared/routed FFN overlap ran, mode 1
ds4: expert residency set on the queue
0924 20:36:10 ds4-server: chat ctx=0..31:31 prefill chunk 1/31 (3.2%) chunk=0.00 t/s avg=7.30 t/s 0.137s
0924 20:36:10 ds4-server: chat ctx=0..31:31 prefill chunk 2/31 (6.5%) chunk=8.70 t/s avg=7.94 t/s 0.252s
0924 20:36:10 ds4-server: chat ctx=0..31:31 prefill chunk 3/31 (9.7%) chunk=7.11 t/s avg=7.65 t/s 0.392s
0924 20:36:10 ds4-server: chat ctx=0..31:31 prefill chunk 4/31 (12.9%) chunk=10.72 t/s avg=8.24 t/s 0.486s
0924 20:36:10 ds4-server: chat ctx=0..31:31 prefill chunk 5/31 (16.1%) chunk=12.83 t/s avg=8.87 t/s 0.564s
0924 20:36:10 ds4-server: chat ctx=0..31:31 prefill chunk 6/31 (19.4%) chunk=15.72 t/s avg=9.57 t/s 0.627s
0924 20:36:10 ds4-server: chat ctx=0..31:31 prefill chunk 7/31 (22.6%) chunk=14.62 t/s avg=10.06 t/s 0.696s
0924 20:36:10 ds4-server: chat ctx=0..31:31 prefill chunk 8/31 (25.8%) chunk=14.67 t/s avg=10.47 t/s 0.764s
0924 20:36:10 ds4-server: chat ctx=0..31:31 prefill chunk 9/31 (29.0%) chunk=13.25 t/s avg=10.72 t/s 0.839s
0924 20:36:10 ds4-server: chat ctx=0..31:31 prefill chunk 10/31 (32.3%) chunk=13.97 t/s avg=10.98 t/s 0.911s
0924 20:36:11 ds4-server: chat ctx=0..31:31 prefill chunk 11/31 (35.5%) chunk=11.62 t/s avg=11.03 t/s 0.997s
0924 20:36:11 ds4-server: chat ctx=0..31:31 prefill chunk 12/31 (38.7%) chunk=11.13 t/s avg=11.04 t/s 1.087s
0924 20:36:11 ds4-server: chat ctx=0..31:31 prefill chunk 13/31 (41.9%) chunk=10.68 t/s avg=11.01 t/s 1.180s
0924 20:36:11 ds4-server: chat ctx=0..31:31 prefill chunk 14/31 (45.2%) chunk=15.73 t/s avg=11.25 t/s 1.244s
0924 20:36:11 ds4-server: chat ctx=0..31:31 prefill chunk 15/31 (48.4%) chunk=17.09 t/s avg=11.52 t/s 1.302s
0924 20:36:11 ds4-server: chat ctx=0..31:31 prefill chunk 16/31 (51.6%) chunk=14.11 t/s avg=11.65 t/s 1.373s
0924 20:36:11 ds4-server: chat ctx=0..31:31 prefill chunk 17/31 (54.8%) chunk=15.04 t/s avg=11.81 t/s 1.440s
0924 20:36:11 ds4-server: chat ctx=0..31:31 prefill chunk 18/31 (58.1%) chunk=13.08 t/s avg=11.87 t/s 1.516s
0924 20:36:11 ds4-server: chat ctx=0..31:31 prefill chunk 19/31 (61.3%) chunk=13.14 t/s avg=11.93 t/s 1.592s
0924 20:36:11 ds4-server: chat ctx=0..31:31 prefill chunk 20/31 (64.5%) chunk=12.42 t/s avg=11.96 t/s 1.673s
0924 20:36:11 ds4-server: chat ctx=0..31:31 prefill chunk 21/31 (67.7%) chunk=9.84 t/s avg=11.83 t/s 1.775s
0924 20:36:11 ds4-server: chat ctx=0..31:31 prefill chunk 22/31 (71.0%) chunk=13.61 t/s avg=11.90 t/s 1.848s
0924 20:36:11 ds4-server: chat ctx=0..31:31 prefill chunk 23/31 (74.2%) chunk=14.10 t/s avg=11.99 t/s 1.919s
0924 20:36:12 ds4-server: chat ctx=0..31:31 prefill chunk 24/31 (77.4%) chunk=12.58 t/s avg=12.01 t/s 1.998s
0924 20:36:12 ds4-server: chat ctx=0..31:31 prefill chunk 25/31 (80.6%) chunk=13.80 t/s avg=12.07 t/s 2.071s
0924 20:36:12 ds4-server: chat ctx=0..31:31 prefill chunk 26/31 (83.9%) chunk=12.72 t/s avg=12.10 t/s 2.149s
0924 20:36:12 ds4-server: chat ctx=0..31:31 prefill chunk 27/31 (87.1%) chunk=10.50 t/s avg=12.03 t/s 2.245s
0924 20:36:12 ds4-server: chat ctx=0..31:31 prefill chunk 28/31 (90.3%) chunk=8.18 t/s avg=11.83 t/s 2.367s
0924 20:36:12 ds4-server: chat ctx=0..31:31 prefill chunk 29/31 (93.5%) chunk=10.61 t/s avg=11.78 t/s 2.461s
0924 20:36:12 ds4-server: chat ctx=0..31:31 prefill chunk 30/31 (96.8%) chunk=16.05 t/s avg=11.89 t/s 2.524s
0924 20:36:12 ds4-server: chat ctx=0..31:31 prefill chunk 31/31 (100.0%) chunk=18.72 t/s avg=12.03 t/s 2.577s
0924 20:36:12 ds4-server: chat ctx=0..31:31 prompt done 2.579s
ds4: V4.1 batch attn_output_b hoisted out of the per-row loop (4 rows)
ds4: gate over tokens 1-64: 34.12 command buffers, 29.92 aborts, 240.0 expert ids accounted, 651.85 MiB loaded a token; 0 the gate failed to switch off, 0 it could not gate
ds4:   one token, exclusive, same window: entry 0.00 + encode 3.84 + commit-to-done 50.29 + repair-load 16.23 + accounting 0.03 + tail 0.93 = 71.32 of a 75.79 ms wall, residual 4.47
ds4:   of the commit-to-done: GPU running 63.52 ms, GPU not running -13.24 ms
ds4:   2033.9 gated dispatches a token, 68.8 of them behind an abort; 2788.3 sent plain ahead of a buffer's first validate
ds4:   encode-ahead: 2.20 segments used, 26.97 dropped, 4.20 ms a token spent encoding under the GPU
ds4:   concurrent sections: 347.84 attempted, 347.84 opened a token
ds4:   speculation: 0.00 layers a token, 0.00 lanes computed, 0.00 matched, 0.00 GEMVs actually saved, 0.00 left to compute; compared 0.00 lanes, 0.00 floats differ, 0.00 by more than an ulp
ds4:   expert cache over the last 64 tokens: 360.00 hits, 68.67 misses, 0.00 evictions a token; 4395 of 7930 entries live (55.4%)
ds4:   of the address-table holes repaired a token: 0.00 already resident, 68.67 genuinely absent
ds4:   residency a token: 68.67 adds, 0.00 removes, 68.67 commits
ds4: V4.1 verify selftest k=4, 32 positions from 31 (odd start, pair carry restored), 1 alternating rounds
  round 0: single 35.60 ms/token, batch 123.79 ms/step
  median single    : 35.60 ms/token
  median 4-row step: 123.79 ms = 3.48x one single step
  perfect-draft ceiling: 32.31 tok/s (100 tok/s requires <= 40.00 ms/step)
  marginal row cost: 29.40 ms = 83% of a standalone token
  rollback         : reproduces its own output
  batch vs single  : identical argmax (32 rows checked)
  break-even       : accept 87% of drafted tokens to beat single
  rolled-back passes agree with each other: yes
0924 20:36:18 ds4-server: chat ctx=31..35:4 gen=4 THINKING decoding chunk=0.67 t/s avg=0.67 t/s 5.980s
ds4-server: thinking not closed, ignoring incomplete DSML in reasoning
0924 20:36:18 ds4-server: chat ctx=0..31:31 gen=4 THINKING finish=length 8.559s
0924 20:36:20 ds4-server: shutdown requested, draining requests
