ds4: abort gate on for the first 40 layers
ds4: Metal device Apple M5 Max, 128.00 GiB RAM
ds4: Metal 4 tensor API enabled for Tensor kernels
ds4: drift-patch flags hc_stable=on norm_unify=on kv_raw_f32=off rope_exp2_log2=off math_safe=off tensor_matmul=on
ds4: Metal SSD streaming mode enabled; full model residency and warmup are skipped
ds4: SSD streaming auto cache budget
ds4:   metal recommends 107.52 GiB working set
ds4:   using 84% total for model + cached experts: 90.00 GiB
ds4:   non-routed weights: 9.37 GiB
ds4:   routed expert size: 9.49 MiB
ds4:   expert budget before prefill reserve: 8698 (80.63 GiB)
ds4: metal SSD streaming cache target 80.63 GiB; effective 80.63 GiB = 7.12 GiB prefill headroom + 73.51 GiB dynamic cache (7930 experts, 9.49 MiB each)
ds4: Metal SSD static weights locked 9.37 GiB; pageable 0.00 GiB
ds4: SSD streaming initial metal model map (569 spans, 9.37 GiB tensor span)
ds4: metal backend initialized for graph diagnostics
ds4: memory: KV 0.06 GiB (raw 0.01 + compressed 0.05) + buffers 3.27 GiB + resident model 9.37 GiB + expert cache 73.51 GiB + prefill expert reserve 7.12 GiB = 93.33 GiB planned
ds4: memory detail: ctx=8192 prefill_cap=4096 raw_kv_rows=128 compressed_kv_rows=8193 backend=metal
0924 23:28:17 ds4-server: context buffers 3411.39 MiB (ctx=8192, backend=metal, prefill_chunk=4096, raw_kv_rows=128, compressed_kv_rows=8193)
ds4: V4.1 static context buffers 3411.39 MiB (ctx=8192), Engram disk-only
0924 23:28:17 ds4-server: listening on http://127.0.0.1:8016
0924 23:28:20 ds4-server: chat ctx=0..31:31 prompt start
ds4: shared/routed FFN overlap ran, mode 1
ds4: expert residency set on the queue
0924 23:28:20 ds4-server: chat ctx=0..31:31 prefill chunk 1/31 (3.2%) chunk=0.00 t/s avg=5.68 t/s 0.176s
0924 23:28:20 ds4-server: chat ctx=0..31:31 prefill chunk 2/31 (6.5%) chunk=6.15 t/s avg=5.91 t/s 0.338s
0924 23:28:20 ds4-server: chat ctx=0..31:31 prefill chunk 3/31 (9.7%) chunk=6.25 t/s avg=6.02 t/s 0.499s
0924 23:28:20 ds4-server: chat ctx=0..31:31 prefill chunk 4/31 (12.9%) chunk=6.83 t/s avg=6.20 t/s 0.645s
0924 23:28:21 ds4-server: chat ctx=0..31:31 prefill chunk 5/31 (16.1%) chunk=6.47 t/s avg=6.25 t/s 0.800s
0924 23:28:21 ds4-server: chat ctx=0..31:31 prefill chunk 6/31 (19.4%) chunk=10.43 t/s avg=6.70 t/s 0.896s
0924 23:28:21 ds4-server: chat ctx=0..31:31 prefill chunk 7/31 (22.6%) chunk=12.19 t/s avg=7.16 t/s 0.978s
0924 23:28:21 ds4-server: chat ctx=0..31:31 prefill chunk 8/31 (25.8%) chunk=12.02 t/s avg=7.54 t/s 1.061s
0924 23:28:21 ds4-server: chat ctx=0..31:31 prefill chunk 9/31 (29.0%) chunk=9.38 t/s avg=7.71 t/s 1.167s
0924 23:28:21 ds4-server: chat ctx=0..31:31 prefill chunk 10/31 (32.3%) chunk=9.11 t/s avg=7.83 t/s 1.277s
0924 23:28:21 ds4-server: chat ctx=0..31:31 prefill chunk 11/31 (35.5%) chunk=11.59 t/s avg=8.07 t/s 1.363s
0924 23:28:21 ds4-server: chat ctx=0..31:31 prefill chunk 12/31 (38.7%) chunk=13.49 t/s avg=8.35 t/s 1.438s
0924 23:28:21 ds4-server: chat ctx=0..31:31 prefill chunk 13/31 (41.9%) chunk=11.10 t/s avg=8.51 t/s 1.528s
0924 23:28:21 ds4-server: chat ctx=0..31:31 prefill chunk 14/31 (45.2%) chunk=11.53 t/s avg=8.67 t/s 1.614s
0924 23:28:21 ds4-server: chat ctx=0..31:31 prefill chunk 15/31 (48.4%) chunk=10.02 t/s avg=8.75 t/s 1.714s
0924 23:28:22 ds4-server: chat ctx=0..31:31 prefill chunk 16/31 (51.6%) chunk=7.09 t/s avg=8.62 t/s 1.855s
0924 23:28:22 ds4-server: chat ctx=0..31:31 prefill chunk 17/31 (54.8%) chunk=10.68 t/s avg=8.72 t/s 1.949s
0924 23:28:22 ds4-server: chat ctx=0..31:31 prefill chunk 18/31 (58.1%) chunk=11.45 t/s avg=8.84 t/s 2.036s
0924 23:28:22 ds4-server: chat ctx=0..31:31 prefill chunk 19/31 (61.3%) chunk=14.44 t/s avg=9.02 t/s 2.105s
0924 23:28:22 ds4-server: chat ctx=0..31:31 prefill chunk 20/31 (64.5%) chunk=13.12 t/s avg=9.17 t/s 2.182s
0924 23:28:22 ds4-server: chat ctx=0..31:31 prefill chunk 21/31 (67.7%) chunk=15.06 t/s avg=9.34 t/s 2.248s
0924 23:28:22 ds4-server: chat ctx=0..31:31 prefill chunk 22/31 (71.0%) chunk=13.38 t/s avg=9.47 t/s 2.323s
0924 23:28:22 ds4-server: chat ctx=0..31:31 prefill chunk 23/31 (74.2%) chunk=12.18 t/s avg=9.56 t/s 2.405s
0924 23:28:22 ds4-server: chat ctx=0..31:31 prefill chunk 24/31 (77.4%) chunk=8.74 t/s avg=9.53 t/s 2.519s
0924 23:28:22 ds4-server: chat ctx=0..31:31 prefill chunk 25/31 (80.6%) chunk=17.03 t/s avg=9.70 t/s 2.578s
0924 23:28:22 ds4-server: chat ctx=0..31:31 prefill chunk 26/31 (83.9%) chunk=16.73 t/s avg=9.86 t/s 2.638s
0924 23:28:22 ds4-server: chat ctx=0..31:31 prefill chunk 27/31 (87.1%) chunk=15.09 t/s avg=9.98 t/s 2.704s
0924 23:28:23 ds4-server: chat ctx=0..31:31 prefill chunk 28/31 (90.3%) chunk=14.52 t/s avg=10.10 t/s 2.773s
0924 23:28:23 ds4-server: chat ctx=0..31:31 prefill chunk 29/31 (93.5%) chunk=12.21 t/s avg=10.16 t/s 2.855s
0924 23:28:23 ds4-server: chat ctx=0..31:31 prefill chunk 30/31 (96.8%) chunk=12.45 t/s avg=10.22 t/s 2.935s
0924 23:28:23 ds4-server: chat ctx=0..31:31 prefill chunk 31/31 (100.0%) chunk=11.71 t/s avg=10.26 t/s 3.021s
0924 23:28:23 ds4-server: chat ctx=0..31:31 prompt done 3.023s
ds4:   all Q8         BR=1:   37.13 ms, 4.067 GB distinct, 32.532 GB of scans =  876.2 GB/s sustained
ds4:   all Q8         BR=2:   24.86 ms, 4.067 GB distinct, 16.266 GB of scans =  654.4 GB/s sustained
ds4:   all Q8         BR=4:   20.91 ms, 4.067 GB distinct, 8.133 GB of scans =  388.9 GB/s sustained
ds4:   attn_output_b  BR=1:   11.62 ms for 14.261 GB of scans = 1227.1 GB/s sustained
ds4:   attn_output_b  BR=2:    8.30 ms for 7.130 GB of scans =  859.2 GB/s sustained
ds4:   attn_output_b  BR=4:    7.27 ms for 3.565 GB of scans =  490.7 GB/s sustained
ds4:   shexp_gate     BR=1:    3.35 ms for 4.011 GB of scans = 1199.0 GB/s sustained
ds4:   shexp_gate     BR=2:    2.24 ms for 2.005 GB of scans =  895.7 GB/s sustained
ds4:   shexp_gate     BR=4:    1.92 ms for 1.003 GB of scans =  523.1 GB/s sustained
ds4:   attn_q_b       BR=1:   20.14 ms for 14.261 GB of scans =  708.1 GB/s sustained
ds4:   attn_q_b       BR=2:   14.62 ms for 7.130 GB of scans =  487.5 GB/s sustained
ds4:   attn_q_b       BR=4:   12.02 ms for 3.565 GB of scans =  296.6 GB/s sustained
0924 23:28:24 ds4-server: chat ctx=31..35:4 gen=4 THINKING decoding chunk=4.98 t/s avg=4.98 t/s 0.803s
ds4-server: thinking not closed, ignoring incomplete DSML in reasoning
0924 23:28:24 ds4-server: chat ctx=0..31:31 gen=4 THINKING finish=length 3.826s
0924 23:28:26 ds4-server: shutdown requested, draining requests
