ds4: abort gate on for the first 40 layers
ds4: Metal device Apple M5 Max, 128.00 GiB RAM
ds4: Metal 4 tensor API enabled for Tensor kernels
ds4: drift-patch flags hc_stable=on norm_unify=on kv_raw_f32=off rope_exp2_log2=off math_safe=off tensor_matmul=on
ds4: Metal SSD streaming mode enabled; full model residency and warmup are skipped
ds4: SSD streaming auto cache budget
ds4:   metal recommends 107.52 GiB working set
ds4:   using 84% total for model + cached experts: 90.00 GiB
ds4:   non-routed weights: 9.37 GiB
ds4:   routed expert size: 9.49 MiB
ds4:   expert budget before prefill reserve: 8698 (80.63 GiB)
ds4: metal SSD streaming cache target 80.63 GiB; effective 80.63 GiB = 7.12 GiB prefill headroom + 73.51 GiB dynamic cache (7930 experts, 9.49 MiB each)
ds4: Metal SSD static weights locked 9.37 GiB; pageable 0.00 GiB
ds4: SSD streaming initial metal model map (569 spans, 9.37 GiB tensor span)
ds4: metal backend initialized for graph diagnostics
ds4: memory: KV 0.06 GiB (raw 0.01 + compressed 0.05) + buffers 3.27 GiB + resident model 9.37 GiB + expert cache 73.51 GiB + prefill expert reserve 7.12 GiB = 93.33 GiB planned
ds4: memory detail: ctx=8192 prefill_cap=4096 raw_kv_rows=128 compressed_kv_rows=8193 backend=metal
0925 00:00:38 ds4-server: context buffers 3411.39 MiB (ctx=8192, backend=metal, prefill_chunk=4096, raw_kv_rows=128, compressed_kv_rows=8193)
ds4: V4.1 static context buffers 3411.39 MiB (ctx=8192), Engram disk-only
0925 00:00:38 ds4-server: listening on http://127.0.0.1:8016
0925 00:00:40 ds4-server: chat ctx=0..31:31 prompt start
ds4: shared/routed FFN overlap ran, mode 1
ds4: expert residency set on the queue
0925 00:00:40 ds4-server: chat ctx=0..31:31 prefill chunk 1/31 (3.2%) chunk=0.00 t/s avg=5.44 t/s 0.184s
0925 00:00:40 ds4-server: chat ctx=0..31:31 prefill chunk 2/31 (6.5%) chunk=6.25 t/s avg=5.82 t/s 0.344s
0925 00:00:40 ds4-server: chat ctx=0..31:31 prefill chunk 3/31 (9.7%) chunk=6.65 t/s avg=6.07 t/s 0.494s
0925 00:00:41 ds4-server: chat ctx=0..31:31 prefill chunk 4/31 (12.9%) chunk=10.26 t/s avg=6.76 t/s 0.592s
0925 00:00:41 ds4-server: chat ctx=0..31:31 prefill chunk 5/31 (16.1%) chunk=9.44 t/s avg=7.17 t/s 0.698s
0925 00:00:41 ds4-server: chat ctx=0..31:31 prefill chunk 6/31 (19.4%) chunk=9.05 t/s avg=7.43 t/s 0.808s
0925 00:00:41 ds4-server: chat ctx=0..31:31 prefill chunk 7/31 (22.6%) chunk=9.66 t/s avg=7.68 t/s 0.912s
0925 00:00:41 ds4-server: chat ctx=0..31:31 prefill chunk 8/31 (25.8%) chunk=12.87 t/s avg=8.09 t/s 0.989s
0925 00:00:41 ds4-server: chat ctx=0..31:31 prefill chunk 9/31 (29.0%) chunk=12.33 t/s avg=8.41 t/s 1.070s
0925 00:00:41 ds4-server: chat ctx=0..31:31 prefill chunk 10/31 (32.3%) chunk=12.91 t/s avg=8.71 t/s 1.148s
0925 00:00:41 ds4-server: chat ctx=0..31:31 prefill chunk 11/31 (35.5%) chunk=11.42 t/s avg=8.90 t/s 1.235s
0925 00:00:41 ds4-server: chat ctx=0..31:31 prefill chunk 12/31 (38.7%) chunk=10.53 t/s avg=9.02 t/s 1.330s
0925 00:00:41 ds4-server: chat ctx=0..31:31 prefill chunk 13/31 (41.9%) chunk=9.61 t/s avg=9.06 t/s 1.434s
0925 00:00:41 ds4-server: chat ctx=0..31:31 prefill chunk 14/31 (45.2%) chunk=12.63 t/s avg=9.25 t/s 1.513s
0925 00:00:42 ds4-server: chat ctx=0..31:31 prefill chunk 15/31 (48.4%) chunk=13.66 t/s avg=9.45 t/s 1.587s
0925 00:00:42 ds4-server: chat ctx=0..31:31 prefill chunk 16/31 (51.6%) chunk=10.83 t/s avg=9.53 t/s 1.679s
0925 00:00:42 ds4-server: chat ctx=0..31:31 prefill chunk 17/31 (54.8%) chunk=9.75 t/s avg=9.54 t/s 1.782s
0925 00:00:42 ds4-server: chat ctx=0..31:31 prefill chunk 18/31 (58.1%) chunk=7.41 t/s avg=9.39 t/s 1.916s
0925 00:00:42 ds4-server: chat ctx=0..31:31 prefill chunk 19/31 (61.3%) chunk=8.91 t/s avg=9.37 t/s 2.029s
0925 00:00:42 ds4-server: chat ctx=0..31:31 prefill chunk 20/31 (64.5%) chunk=8.45 t/s avg=9.31 t/s 2.147s
0925 00:00:42 ds4-server: chat ctx=0..31:31 prefill chunk 21/31 (67.7%) chunk=5.42 t/s avg=9.01 t/s 2.332s
0925 00:00:43 ds4-server: chat ctx=0..31:31 prefill chunk 22/31 (71.0%) chunk=3.00 t/s avg=8.26 t/s 2.665s
0925 00:00:43 ds4-server: chat ctx=0..31:31 prefill chunk 23/31 (74.2%) chunk=3.19 t/s avg=7.72 t/s 2.978s
0925 00:00:43 ds4-server: chat ctx=0..31:31 prefill chunk 24/31 (77.4%) chunk=3.53 t/s avg=7.36 t/s 3.262s
0925 00:00:44 ds4-server: chat ctx=0..31:31 prefill chunk 25/31 (80.6%) chunk=3.83 t/s avg=7.10 t/s 3.523s
0925 00:00:44 ds4-server: chat ctx=0..31:31 prefill chunk 26/31 (83.9%) chunk=3.23 t/s avg=6.79 t/s 3.832s
0925 00:00:44 ds4-server: chat ctx=0..31:31 prefill chunk 27/31 (87.1%) chunk=3.94 t/s avg=6.61 t/s 4.086s
0925 00:00:44 ds4-server: chat ctx=0..31:31 prefill chunk 28/31 (90.3%) chunk=3.39 t/s avg=6.39 t/s 4.381s
0925 00:00:45 ds4-server: chat ctx=0..31:31 prefill chunk 29/31 (93.5%) chunk=3.14 t/s avg=6.17 t/s 4.699s
0925 00:00:45 ds4-server: chat ctx=0..31:31 prefill chunk 30/31 (96.8%) chunk=5.94 t/s avg=6.16 t/s 4.867s
0925 00:00:45 ds4-server: chat ctx=0..31:31 prefill chunk 31/31 (100.0%) chunk=6.51 t/s avg=6.17 t/s 5.021s
0925 00:00:45 ds4-server: chat ctx=0..31:31 prompt done 5.025s
ds4: gate over tokens 1-64: 34.33 command buffers, 30.23 aborts, 240.0 expert ids accounted, 656.74 MiB loaded a token; 0 the gate failed to switch off, 0 it could not gate
ds4:   one token, exclusive, same window: entry 0.00 + encode 5.03 + commit-to-done 92.06 + repair-load 19.08 + accounting 0.03 + tail 1.07 = 117.27 of a 122.74 ms wall, residual 5.47
ds4:   of the commit-to-done: GPU running 85.18 ms, GPU not running 6.88 ms
ds4:   2038.6 gated dispatches a token, 69.6 of them behind an abort; 2808.7 sent plain ahead of a buffer's first validate
ds4:   encode-ahead: 2.09 segments used, 27.23 dropped, 5.20 ms a token spent encoding under the GPU
ds4:   concurrent sections: 350.53 attempted, 350.53 opened a token
ds4:   speculation: 0.00 layers a token, 0.00 lanes computed, 0.00 matched, 0.00 GEMVs actually saved, 0.00 left to compute; compared 0.00 lanes, 0.00 floats differ, 0.00 by more than an ulp
ds4:   expert cache over the last 64 tokens: 240.00 hits, 69.19 misses, 0.00 evictions a token; 4428 of 7930 entries live (55.8%)
ds4:   of the address-table holes repaired a token: 0.00 already resident, 69.19 genuinely absent
ds4:   residency a token: 69.19 adds, 0.00 removes, 69.19 commits
ds4: V4.1 block-local KV delta, 8 rows over 31 prefix keys
ds4: V4.1 batch attn_output_b hoisted out of the per-row loop (8 rows)
ds4: V4.1 block attention by level, 8 rows, concurrent section open
ds4: V4.1 batch step rows=8 pre 86.3 ms, per-row attention 127.2 ms, moe 200.0 ms, head 14.1 ms, setup 12.9 ms
ds4: V4.1 batch step rows=8 pre 74.0 ms, per-row attention 118.3 ms, moe 211.4 ms, head 14.3 ms, setup 0.8 ms
ds4: V4.1 batch step rows=8 pre 64.7 ms, per-row attention 105.2 ms, moe 186.4 ms, head 13.6 ms, setup 1.2 ms
ds4: V4.1 batch step rows=8 pre 63.0 ms, per-row attention 104.0 ms, moe 182.2 ms, head 11.9 ms, setup 1.0 ms
ds4: V4.1 batch step rows=8 pre 59.9 ms, per-row attention 98.4 ms, moe 170.3 ms, head 12.0 ms, setup 1.0 ms
ds4: V4.1 batch step rows=8 pre 58.8 ms, per-row attention 95.6 ms, moe 165.1 ms, head 10.4 ms, setup 1.1 ms
ds4: V4.1 batch step rows=8 pre 54.0 ms, per-row attention 91.5 ms, moe 155.9 ms, head 10.8 ms, setup 0.8 ms
ds4: V4.1 batch step rows=8 pre 57.0 ms, per-row attention 95.1 ms, moe 162.9 ms, head 10.7 ms, setup 1.1 ms
ds4: gate over tokens 65-128: 22.31 command buffers, 12.45 aborts, 240.0 expert ids accounted, 193.40 MiB loaded a token; 0 the gate failed to switch off, 0 it could not gate
ds4:   one token, exclusive, same window: entry 0.00 + encode 1.47 + commit-to-done 64.10 + repair-load 4.90 + accounting 0.04 + tail 2.08 = 72.58 of a 75.33 ms wall, residual 2.76
ds4:   of the commit-to-done: GPU running 99.18 ms, GPU not running -35.09 ms
ds4:   1681.7 gated dispatches a token, 27.5 of them behind an abort; 1516.1 sent plain ahead of a buffer's first validate
ds4:   encode-ahead: 7.86 segments used, 11.23 dropped, 2.61 ms a token spent encoding under the GPU
ds4:   concurrent sections: 195.50 attempted, 195.50 opened a token
ds4:   speculation: 0.00 layers a token, 0.00 lanes computed, 0.00 matched, 0.00 GEMVs actually saved, 0.00 left to compute; compared 0.00 lanes, 0.00 floats differ, 0.00 by more than an ulp
ds4:   expert cache over the last 64 tokens: 480.00 hits, 20.38 misses, 0.00 evictions a token; 5732 of 7930 entries live (72.3%)
ds4:   of the address-table holes repaired a token: 0.00 already resident, 20.38 genuinely absent
ds4:   residency a token: 20.38 adds, 0.00 removes, 20.38 commits
ds4: V4.1 batch step rows=8 pre 85.4 ms, per-row attention 128.7 ms, moe 219.1 ms, head 15.0 ms, setup 6.5 ms
ds4: V4.1 batch step rows=8 pre 69.8 ms, per-row attention 112.1 ms, moe 196.2 ms, head 12.8 ms, setup 1.1 ms
ds4: V4.1 batch step rows=8 pre 63.6 ms, per-row attention 102.0 ms, moe 182.2 ms, head 12.2 ms, setup 0.9 ms
ds4: V4.1 batch step rows=8 pre 60.1 ms, per-row attention 98.5 ms, moe 171.9 ms, head 11.1 ms, setup 0.9 ms
ds4: V4.1 batch step rows=8 pre 56.8 ms, per-row attention 94.5 ms, moe 165.1 ms, head 11.4 ms, setup 1.0 ms
ds4: V4.1 batch step rows=8 pre 52.4 ms, per-row attention 89.4 ms, moe 154.6 ms, head 11.0 ms, setup 0.9 ms
ds4: V4.1 batch step rows=8 pre 60.0 ms, per-row attention 98.3 ms, moe 171.1 ms, head 10.8 ms, setup 0.9 ms
ds4: V4.1 batch step rows=8 pre 56.5 ms, per-row attention 93.1 ms, moe 158.2 ms, head 10.3 ms, setup 1.1 ms
ds4: gate over tokens 129-192: 14.00 command buffers, 0.00 aborts, 240.0 expert ids accounted, 0.00 MiB loaded a token; 0 the gate failed to switch off, 0 it could not gate
ds4:   one token, exclusive, same window: entry 0.00 + encode 0.37 + commit-to-done 68.03 + repair-load 0.00 + accounting 0.04 + tail 2.27 = 70.71 of a 72.71 ms wall, residual 2.00
ds4:   of the commit-to-done: GPU running 104.05 ms, GPU not running -36.01 ms
ds4:   1429.8 gated dispatches a token, 0.0 of them behind an abort; 610.3 sent plain ahead of a buffer's first validate
ds4:   encode-ahead: 12.00 segments used, 0.00 dropped, 1.95 ms a token spent encoding under the GPU
ds4:   concurrent sections: 84.75 attempted, 84.75 opened a token
ds4:   speculation: 0.00 layers a token, 0.00 lanes computed, 0.00 matched, 0.00 GEMVs actually saved, 0.00 left to compute; compared 0.00 lanes, 0.00 floats differ, 0.00 by more than an ulp
ds4:   expert cache over the last 64 tokens: 480.00 hits, 0.00 misses, 0.00 evictions a token; 5732 of 7930 entries live (72.3%)
ds4:   of the address-table holes repaired a token: 0.00 already resident, 0.00 genuinely absent
ds4:   residency a token: 0.00 adds, 0.00 removes, 0.00 commits
ds4: V4.1 batch step rows=8 pre 82.1 ms, per-row attention 115.0 ms, moe 197.2 ms, head 15.1 ms, setup 9.7 ms
ds4: V4.1 batch step rows=8 pre 73.1 ms, per-row attention 115.2 ms, moe 207.4 ms, head 12.2 ms, setup 0.8 ms
ds4: V4.1 batch step rows=8 pre 59.4 ms, per-row attention 96.9 ms, moe 169.9 ms, head 10.1 ms, setup 1.1 ms
ds4: V4.1 batch step rows=8 pre 57.3 ms, per-row attention 92.9 ms, moe 160.6 ms, head 11.0 ms, setup 0.8 ms
ds4: V4.1 batch step rows=8 pre 54.1 ms, per-row attention 91.9 ms, moe 152.2 ms, head 11.6 ms, setup 0.9 ms
ds4: V4.1 batch step rows=8 pre 52.7 ms, per-row attention 93.0 ms, moe 154.5 ms, head 11.3 ms, setup 1.1 ms
ds4: V4.1 batch step rows=8 pre 58.5 ms, per-row attention 95.1 ms, moe 158.6 ms, head 10.5 ms, setup 1.2 ms
ds4: V4.1 batch step rows=8 pre 53.6 ms, per-row attention 91.4 ms, moe 151.8 ms, head 10.6 ms, setup 1.1 ms
ds4: gate over tokens 193-256: 14.00 command buffers, 0.00 aborts, 240.0 expert ids accounted, 0.00 MiB loaded a token; 0 the gate failed to switch off, 0 it could not gate
ds4:   one token, exclusive, same window: entry 0.00 + encode 0.37 + commit-to-done 71.38 + repair-load 0.00 + accounting 0.03 + tail 2.37 = 74.15 of a 76.11 ms wall, residual 1.96
ds4:   of the commit-to-done: GPU running 106.40 ms, GPU not running -35.02 ms
ds4:   1429.8 gated dispatches a token, 0.0 of them behind an abort; 610.4 sent plain ahead of a buffer's first validate
ds4:   encode-ahead: 12.00 segments used, 0.00 dropped, 1.91 ms a token spent encoding under the GPU
ds4:   concurrent sections: 84.75 attempted, 84.75 opened a token
ds4:   speculation: 0.00 layers a token, 0.00 lanes computed, 0.00 matched, 0.00 GEMVs actually saved, 0.00 left to compute; compared 0.00 lanes, 0.00 floats differ, 0.00 by more than an ulp
ds4:   expert cache over the last 64 tokens: 480.00 hits, 0.00 misses, 0.00 evictions a token; 5732 of 7930 entries live (72.3%)
ds4:   of the address-table holes repaired a token: 0.00 already resident, 0.00 genuinely absent
ds4:   residency a token: 0.00 adds, 0.00 removes, 0.00 commits
ds4: V4.1 batch step rows=8 pre 80.8 ms, per-row attention 120.5 ms, moe 204.7 ms, head 13.2 ms, setup 9.5 ms
ds4: V4.1 batch step rows=8 pre 70.6 ms, per-row attention 109.1 ms, moe 195.5 ms, head 12.1 ms, setup 1.0 ms
ds4: V4.1 batch step rows=8 pre 62.1 ms, per-row attention 102.2 ms, moe 175.5 ms, head 10.5 ms, setup 1.1 ms
ds4: V4.1 batch step rows=8 pre 57.9 ms, per-row attention 94.7 ms, moe 167.4 ms, head 10.6 ms, setup 0.8 ms
ds4: V4.1 batch step rows=8 pre 53.2 ms, per-row attention 89.9 ms, moe 154.4 ms, head 11.5 ms, setup 1.1 ms
ds4: V4.1 batch step rows=8 pre 54.9 ms, per-row attention 94.0 ms, moe 160.4 ms, head 9.9 ms, setup 0.8 ms
ds4: V4.1 batch step rows=8 pre 56.4 ms, per-row attention 95.5 ms, moe 160.0 ms, head 10.9 ms, setup 1.0 ms
ds4: V4.1 batch step rows=8 pre 56.8 ms, per-row attention 93.1 ms, moe 162.0 ms, head 9.3 ms, setup 1.1 ms
ds4: V4.1 verify selftest k=8, 64 positions from 31 (odd start, pair carry restored), 3 alternating rounds
  round 0: single 74.95 ms/token, batch 393.83 ms/step
  round 1: single 77.29 ms/token, batch 382.33 ms/step
  round 2: single 75.33 ms/token, batch 386.25 ms/step
ds4: gate over tokens 257-320: 14.00 command buffers, 0.00 aborts, 240.0 expert ids accounted, 0.00 MiB loaded a token; 0 the gate failed to switch off, 0 it could not gate
ds4:   one token, exclusive, same window: entry 0.00 + encode 0.37 + commit-to-done 66.71 + repair-load 0.00 + accounting 0.03 + tail 2.23 = 69.35 of a 71.36 ms wall, residual 2.02
ds4:   of the commit-to-done: GPU running 101.27 ms, GPU not running -34.56 ms
ds4:   1429.8 gated dispatches a token, 0.0 of them behind an abort; 610.3 sent plain ahead of a buffer's first validate
ds4:   encode-ahead: 12.00 segments used, 0.00 dropped, 1.96 ms a token spent encoding under the GPU
ds4:   concurrent sections: 84.75 attempted, 84.75 opened a token
ds4:   speculation: 0.00 layers a token, 0.00 lanes computed, 0.00 matched, 0.00 GEMVs actually saved, 0.00 left to compute; compared 0.00 lanes, 0.00 floats differ, 0.00 by more than an ulp
ds4:   expert cache over the last 64 tokens: 480.00 hits, 0.00 misses, 0.00 evictions a token; 5732 of 7930 entries live (72.3%)
ds4:   of the address-table holes repaired a token: 0.00 already resident, 0.00 genuinely absent
ds4:   residency a token: 0.00 adds, 0.00 removes, 0.00 commits
ds4: selftest control: a second single pass differs from the reference in 0 of 8273920 logits
  median single    : 75.33 ms/token
  median 8-row step: 386.25 ms = 5.13x one single step
  perfect-draft ceiling: 20.71 tok/s (100 tok/s requires <= 80.00 ms/step)
  block width      : 1.56x of 8 (needs 7.53x for 100 tok/s)
  concurrent       : 53698 sections opened of 53698 asked
  marginal row cost: 44.42 ms = 59% of a standalone token
  rollback         : reproduces its own output
  batch vs single  : identical argmax (192 rows checked)
  batch logits     : identical to the single pass
  break-even       : accept 64% of drafted tokens to beat single
  rolled-back passes agree with each other: yes
0925 00:01:23 ds4-server: chat ctx=31..35:4 gen=4 THINKING decoding chunk=0.11 t/s avg=0.11 t/s 37.923s
ds4-server: thinking not closed, ignoring incomplete DSML in reasoning
0925 00:01:23 ds4-server: chat ctx=0..31:31 gen=4 THINKING finish=length 42.948s
0925 00:01:25 ds4-server: shutdown requested, draining requests
