ds4: abort gate on for the first 40 layers
ds4: Metal device Apple M5 Max, 128.00 GiB RAM
ds4: Metal 4 tensor API enabled for Tensor kernels
ds4: drift-patch flags hc_stable=on norm_unify=on kv_raw_f32=off rope_exp2_log2=off math_safe=off tensor_matmul=on
ds4: Metal SSD streaming mode enabled; full model residency and warmup are skipped
ds4: SSD streaming auto cache budget
ds4:   metal recommends 107.52 GiB working set
ds4:   using 84% total for model + cached experts: 90.00 GiB
ds4:   non-routed weights: 9.37 GiB
ds4:   routed expert size: 9.49 MiB
ds4:   expert budget before prefill reserve: 8698 (80.63 GiB)
ds4: metal SSD streaming cache target 80.63 GiB; effective 80.63 GiB = 7.12 GiB prefill headroom + 73.51 GiB dynamic cache (7930 experts, 9.49 MiB each)
ds4: Metal SSD static weights locked 9.37 GiB; pageable 0.00 GiB
ds4: SSD streaming initial metal model map (569 spans, 9.37 GiB tensor span)
ds4: metal backend initialized for graph diagnostics
ds4: memory: KV 0.06 GiB (raw 0.01 + compressed 0.05) + buffers 3.27 GiB + resident model 9.37 GiB + expert cache 73.51 GiB + prefill expert reserve 7.12 GiB = 93.32 GiB planned
ds4: memory detail: ctx=8192 prefill_cap=4096 raw_kv_rows=128 compressed_kv_rows=8193 backend=metal
0924 20:36:21 ds4-server: context buffers 3403.39 MiB (ctx=8192, backend=metal, prefill_chunk=4096, raw_kv_rows=128, compressed_kv_rows=8193)
ds4: V4.1 static context buffers 3403.39 MiB (ctx=8192), Engram disk-only
0924 20:36:21 ds4-server: listening on http://127.0.0.1:8016
0924 20:36:24 ds4-server: chat ctx=0..31:31 prompt start
ds4: shared/routed FFN overlap ran, mode 1
ds4: expert residency set on the queue
0924 20:36:24 ds4-server: chat ctx=0..31:31 prefill chunk 1/31 (3.2%) chunk=0.00 t/s avg=5.18 t/s 0.193s
0924 20:36:24 ds4-server: chat ctx=0..31:31 prefill chunk 2/31 (6.5%) chunk=8.05 t/s avg=6.30 t/s 0.317s
0924 20:36:24 ds4-server: chat ctx=0..31:31 prefill chunk 3/31 (9.7%) chunk=11.80 t/s avg=7.46 t/s 0.402s
0924 20:36:24 ds4-server: chat ctx=0..31:31 prefill chunk 4/31 (12.9%) chunk=12.41 t/s avg=8.29 t/s 0.483s
0924 20:36:24 ds4-server: chat ctx=0..31:31 prefill chunk 5/31 (16.1%) chunk=11.84 t/s avg=8.82 t/s 0.567s
0924 20:36:24 ds4-server: chat ctx=0..31:31 prefill chunk 6/31 (19.4%) chunk=11.69 t/s avg=9.19 t/s 0.653s
0924 20:36:25 ds4-server: chat ctx=0..31:31 prefill chunk 7/31 (22.6%) chunk=9.79 t/s avg=9.27 t/s 0.755s
0924 20:36:25 ds4-server: chat ctx=0..31:31 prefill chunk 8/31 (25.8%) chunk=10.91 t/s avg=9.45 t/s 0.846s
0924 20:36:25 ds4-server: chat ctx=0..31:31 prefill chunk 9/31 (29.0%) chunk=13.81 t/s avg=9.79 t/s 0.919s
0924 20:36:25 ds4-server: chat ctx=0..31:31 prefill chunk 10/31 (32.3%) chunk=15.24 t/s avg=10.16 t/s 0.984s
0924 20:36:25 ds4-server: chat ctx=0..31:31 prefill chunk 11/31 (35.5%) chunk=14.18 t/s avg=10.43 t/s 1.055s
0924 20:36:25 ds4-server: chat ctx=0..31:31 prefill chunk 12/31 (38.7%) chunk=16.41 t/s avg=10.75 t/s 1.116s
0924 20:36:25 ds4-server: chat ctx=0..31:31 prefill chunk 13/31 (41.9%) chunk=14.91 t/s avg=10.99 t/s 1.183s
0924 20:36:25 ds4-server: chat ctx=0..31:31 prefill chunk 14/31 (45.2%) chunk=15.45 t/s avg=11.22 t/s 1.248s
0924 20:36:25 ds4-server: chat ctx=0..31:31 prefill chunk 15/31 (48.4%) chunk=15.03 t/s avg=11.41 t/s 1.314s
0924 20:36:25 ds4-server: chat ctx=0..31:31 prefill chunk 16/31 (51.6%) chunk=11.13 t/s avg=11.40 t/s 1.404s
0924 20:36:25 ds4-server: chat ctx=0..31:31 prefill chunk 17/31 (54.8%) chunk=9.79 t/s avg=11.29 t/s 1.506s
0924 20:36:25 ds4-server: chat ctx=0..31:31 prefill chunk 18/31 (58.1%) chunk=15.12 t/s avg=11.45 t/s 1.572s
0924 20:36:25 ds4-server: chat ctx=0..31:31 prefill chunk 19/31 (61.3%) chunk=16.87 t/s avg=11.64 t/s 1.632s
0924 20:36:25 ds4-server: chat ctx=0..31:31 prefill chunk 20/31 (64.5%) chunk=17.14 t/s avg=11.83 t/s 1.690s
0924 20:36:26 ds4-server: chat ctx=0..31:31 prefill chunk 21/31 (67.7%) chunk=18.08 t/s avg=12.03 t/s 1.745s
0924 20:36:26 ds4-server: chat ctx=0..31:31 prefill chunk 22/31 (71.0%) chunk=16.87 t/s avg=12.19 t/s 1.805s
0924 20:36:26 ds4-server: chat ctx=0..31:31 prefill chunk 23/31 (74.2%) chunk=17.64 t/s avg=12.36 t/s 1.861s
0924 20:36:26 ds4-server: chat ctx=0..31:31 prefill chunk 24/31 (77.4%) chunk=15.22 t/s avg=12.45 t/s 1.927s
0924 20:36:26 ds4-server: chat ctx=0..31:31 prefill chunk 25/31 (80.6%) chunk=18.19 t/s avg=12.61 t/s 1.982s
0924 20:36:26 ds4-server: chat ctx=0..31:31 prefill chunk 26/31 (83.9%) chunk=16.90 t/s avg=12.74 t/s 2.041s
0924 20:36:26 ds4-server: chat ctx=0..31:31 prefill chunk 27/31 (87.1%) chunk=14.24 t/s avg=12.79 t/s 2.111s
0924 20:36:26 ds4-server: chat ctx=0..31:31 prefill chunk 28/31 (90.3%) chunk=11.94 t/s avg=12.76 t/s 2.195s
0924 20:36:26 ds4-server: chat ctx=0..31:31 prefill chunk 29/31 (93.5%) chunk=7.89 t/s avg=12.49 t/s 2.322s
0924 20:36:26 ds4-server: chat ctx=0..31:31 prefill chunk 30/31 (96.8%) chunk=10.06 t/s avg=12.39 t/s 2.421s
0924 20:36:26 ds4-server: chat ctx=0..31:31 prefill chunk 31/31 (100.0%) chunk=16.07 t/s avg=12.48 t/s 2.483s
0924 20:36:26 ds4-server: chat ctx=0..31:31 prompt done 2.485s
ds4: gate over tokens 1-64: 34.33 command buffers, 30.23 aborts, 240.0 expert ids accounted, 656.74 MiB loaded a token; 0 the gate failed to switch off, 0 it could not gate
ds4:   one token, exclusive, same window: entry 0.00 + encode 4.26 + commit-to-done 47.01 + repair-load 16.00 + accounting 0.03 + tail 0.89 = 68.18 of a 73.02 ms wall, residual 4.84
ds4:   of the commit-to-done: GPU running 45.11 ms, GPU not running 1.90 ms
ds4:   2038.6 gated dispatches a token, 69.6 of them behind an abort; 2808.7 sent plain ahead of a buffer's first validate
ds4:   encode-ahead: 2.09 segments used, 27.23 dropped, 4.57 ms a token spent encoding under the GPU
ds4:   concurrent sections: 350.53 attempted, 350.53 opened a token
ds4:   speculation: 0.00 layers a token, 0.00 lanes computed, 0.00 matched, 0.00 GEMVs actually saved, 0.00 left to compute; compared 0.00 lanes, 0.00 floats differ, 0.00 by more than an ulp
ds4:   expert cache over the last 64 tokens: 240.00 hits, 69.19 misses, 0.00 evictions a token; 4428 of 7930 entries live (55.8%)
ds4:   of the address-table holes repaired a token: 0.00 already resident, 69.19 genuinely absent
ds4:   residency a token: 69.19 adds, 0.00 removes, 69.19 commits
ds4: V4.1 batch attn_output_b hoisted out of the per-row loop (8 rows)
ds4: gate over tokens 65-128: 22.31 command buffers, 12.45 aborts, 240.0 expert ids accounted, 193.40 MiB loaded a token; 0 the gate failed to switch off, 0 it could not gate
ds4:   one token, exclusive, same window: entry 0.00 + encode 2.20 + commit-to-done 42.35 + repair-load 6.44 + accounting 0.04 + tail 1.68 = 52.71 of a 57.36 ms wall, residual 4.65
ds4:   of the commit-to-done: GPU running 65.53 ms, GPU not running -23.17 ms
ds4:   1681.7 gated dispatches a token, 27.5 of them behind an abort; 1516.1 sent plain ahead of a buffer's first validate
ds4:   encode-ahead: 7.86 segments used, 11.23 dropped, 4.48 ms a token spent encoding under the GPU
ds4:   concurrent sections: 190.75 attempted, 190.75 opened a token
ds4:   speculation: 0.00 layers a token, 0.00 lanes computed, 0.00 matched, 0.00 GEMVs actually saved, 0.00 left to compute; compared 0.00 lanes, 0.00 floats differ, 0.00 by more than an ulp
ds4:   expert cache over the last 64 tokens: 480.00 hits, 20.38 misses, 0.00 evictions a token; 5732 of 7930 entries live (72.3%)
ds4:   of the address-table holes repaired a token: 0.00 already resident, 20.38 genuinely absent
ds4:   residency a token: 20.38 adds, 0.00 removes, 20.38 commits
ds4: V4.1 verify selftest k=8, 64 positions from 31 (odd start, pair carry restored), 1 alternating rounds
  round 0: single 36.55 ms/token, batch 228.84 ms/step
  median single    : 36.55 ms/token
  median 8-row step: 228.84 ms = 6.26x one single step
  perfect-draft ceiling: 34.96 tok/s (100 tok/s requires <= 80.00 ms/step)
  marginal row cost: 27.47 ms = 75% of a standalone token
  rollback         : reproduces its own output
  batch vs single  : identical argmax (64 rows checked)
  break-even       : accept 78% of drafted tokens to beat single
  rolled-back passes agree with each other: yes
0924 20:36:37 ds4-server: chat ctx=31..35:4 gen=4 THINKING decoding chunk=0.36 t/s avg=0.36 t/s 11.201s
ds4-server: thinking not closed, ignoring incomplete DSML in reasoning
0924 20:36:37 ds4-server: chat ctx=0..31:31 gen=4 THINKING finish=length 13.687s
0924 20:36:39 ds4-server: shutdown requested, draining requests
