ds4: abort gate on for the first 40 layers
ds4: Metal device Apple M5 Max, 128.00 GiB RAM
ds4: Metal 4 tensor API enabled for Tensor kernels
ds4: drift-patch flags hc_stable=on norm_unify=on kv_raw_f32=off rope_exp2_log2=off math_safe=off tensor_matmul=on
ds4: Metal SSD streaming mode enabled; full model residency and warmup are skipped
ds4: SSD streaming auto cache budget
ds4:   metal recommends 107.52 GiB working set
ds4:   using 84% total for model + cached experts: 90.00 GiB
ds4:   non-routed weights: 9.37 GiB
ds4:   routed expert size: 9.49 MiB
ds4:   expert budget before prefill reserve: 8698 (80.63 GiB)
ds4: metal SSD streaming cache target 80.63 GiB; effective 80.63 GiB = 7.12 GiB prefill headroom + 73.51 GiB dynamic cache (7930 experts, 9.49 MiB each)
ds4: Metal SSD static weights locked 9.37 GiB; pageable 0.00 GiB
ds4: SSD streaming initial metal model map (569 spans, 9.37 GiB tensor span)
ds4: metal backend initialized for graph diagnostics
ds4: memory: KV 0.06 GiB (raw 0.01 + compressed 0.05) + buffers 3.27 GiB + resident model 9.37 GiB + expert cache 73.51 GiB + prefill expert reserve 7.12 GiB = 93.33 GiB planned
ds4: memory detail: ctx=8192 prefill_cap=4096 raw_kv_rows=128 compressed_kv_rows=8193 backend=metal
0924 22:31:17 ds4-server: context buffers 3411.39 MiB (ctx=8192, backend=metal, prefill_chunk=4096, raw_kv_rows=128, compressed_kv_rows=8193)
ds4: V4.1 static context buffers 3411.39 MiB (ctx=8192), Engram disk-only
0924 22:31:17 ds4-server: listening on http://127.0.0.1:8016
0924 22:31:19 ds4-server: chat ctx=0..31:31 prompt start
ds4: shared/routed FFN overlap ran, mode 1
ds4: expert residency set on the queue
0924 22:31:19 ds4-server: chat ctx=0..31:31 prefill chunk 1/31 (3.2%) chunk=0.00 t/s avg=5.62 t/s 0.178s
0924 22:31:19 ds4-server: chat ctx=0..31:31 prefill chunk 2/31 (6.5%) chunk=6.17 t/s avg=5.88 t/s 0.340s
0924 22:31:20 ds4-server: chat ctx=0..31:31 prefill chunk 3/31 (9.7%) chunk=6.27 t/s avg=6.01 t/s 0.500s
0924 22:31:20 ds4-server: chat ctx=0..31:31 prefill chunk 4/31 (12.9%) chunk=6.83 t/s avg=6.19 t/s 0.646s
0924 22:31:20 ds4-server: chat ctx=0..31:31 prefill chunk 5/31 (16.1%) chunk=6.70 t/s avg=6.29 t/s 0.795s
0924 22:31:20 ds4-server: chat ctx=0..31:31 prefill chunk 6/31 (19.4%) chunk=12.69 t/s avg=6.87 t/s 0.874s
0924 22:31:20 ds4-server: chat ctx=0..31:31 prefill chunk 7/31 (22.6%) chunk=11.83 t/s avg=7.30 t/s 0.958s
0924 22:31:20 ds4-server: chat ctx=0..31:31 prefill chunk 8/31 (25.8%) chunk=11.88 t/s avg=7.67 t/s 1.043s
0924 22:31:20 ds4-server: chat ctx=0..31:31 prefill chunk 9/31 (29.0%) chunk=10.12 t/s avg=7.88 t/s 1.141s
0924 22:31:20 ds4-server: chat ctx=0..31:31 prefill chunk 10/31 (32.3%) chunk=8.90 t/s avg=7.98 t/s 1.254s
0924 22:31:20 ds4-server: chat ctx=0..31:31 prefill chunk 11/31 (35.5%) chunk=11.70 t/s avg=8.21 t/s 1.339s
0924 22:31:20 ds4-server: chat ctx=0..31:31 prefill chunk 12/31 (38.7%) chunk=13.35 t/s avg=8.49 t/s 1.414s
0924 22:31:21 ds4-server: chat ctx=0..31:31 prefill chunk 13/31 (41.9%) chunk=13.00 t/s avg=8.72 t/s 1.491s
0924 22:31:21 ds4-server: chat ctx=0..31:31 prefill chunk 14/31 (45.2%) chunk=10.45 t/s avg=8.82 t/s 1.587s
0924 22:31:21 ds4-server: chat ctx=0..31:31 prefill chunk 15/31 (48.4%) chunk=10.80 t/s avg=8.93 t/s 1.679s
0924 22:31:21 ds4-server: chat ctx=0..31:31 prefill chunk 16/31 (51.6%) chunk=10.57 t/s avg=9.02 t/s 1.774s
0924 22:31:21 ds4-server: chat ctx=0..31:31 prefill chunk 17/31 (54.8%) chunk=14.07 t/s avg=9.21 t/s 1.845s
0924 22:31:21 ds4-server: chat ctx=0..31:31 prefill chunk 18/31 (58.1%) chunk=11.69 t/s avg=9.32 t/s 1.931s
0924 22:31:21 ds4-server: chat ctx=0..31:31 prefill chunk 19/31 (61.3%) chunk=13.87 t/s avg=9.49 t/s 2.003s
0924 22:31:21 ds4-server: chat ctx=0..31:31 prefill chunk 20/31 (64.5%) chunk=14.46 t/s avg=9.65 t/s 2.072s
0924 22:31:21 ds4-server: chat ctx=0..31:31 prefill chunk 21/31 (67.7%) chunk=14.03 t/s avg=9.80 t/s 2.143s
0924 22:31:21 ds4-server: chat ctx=0..31:31 prefill chunk 22/31 (71.0%) chunk=10.89 t/s avg=9.84 t/s 2.235s
0924 22:31:21 ds4-server: chat ctx=0..31:31 prefill chunk 23/31 (74.2%) chunk=12.64 t/s avg=9.94 t/s 2.314s
0924 22:31:21 ds4-server: chat ctx=0..31:31 prefill chunk 24/31 (77.4%) chunk=15.76 t/s avg=10.09 t/s 2.378s
0924 22:31:21 ds4-server: chat ctx=0..31:31 prefill chunk 25/31 (80.6%) chunk=18.93 t/s avg=10.29 t/s 2.430s
0924 22:31:22 ds4-server: chat ctx=0..31:31 prefill chunk 26/31 (83.9%) chunk=20.02 t/s avg=10.48 t/s 2.480s
0924 22:31:22 ds4-server: chat ctx=0..31:31 prefill chunk 27/31 (87.1%) chunk=17.42 t/s avg=10.64 t/s 2.538s
0924 22:31:22 ds4-server: chat ctx=0..31:31 prefill chunk 28/31 (90.3%) chunk=14.00 t/s avg=10.73 t/s 2.609s
0924 22:31:22 ds4-server: chat ctx=0..31:31 prefill chunk 29/31 (93.5%) chunk=15.13 t/s avg=10.84 t/s 2.675s
0924 22:31:22 ds4-server: chat ctx=0..31:31 prefill chunk 30/31 (96.8%) chunk=14.77 t/s avg=10.94 t/s 2.743s
0924 22:31:22 ds4-server: chat ctx=0..31:31 prefill chunk 31/31 (100.0%) chunk=15.28 t/s avg=11.04 t/s 2.808s
0924 22:31:22 ds4-server: chat ctx=0..31:31 prompt done 2.810s
ds4:   all three      BR=1:   52.72 ms, 4.067 GB distinct, 32.532 GB of scans =  617.0 GB/s sustained
ds4:   all three      BR=2:   34.76 ms, 4.067 GB distinct, 16.266 GB of scans =  468.0 GB/s sustained
ds4:   all three      BR=4:   32.59 ms, 4.067 GB distinct, 8.133 GB of scans =  249.6 GB/s sustained
ds4: cold sweep over all 40 layers, rows=8 (working set past cache):
ds4:   attn_output_b  BR=1:   16.99 ms for 14.261 GB of scans =  839.5 GB/s sustained
ds4:   attn_output_b  BR=2:   13.47 ms for 7.130 GB of scans =  529.3 GB/s sustained
ds4:   attn_output_b  BR=4:   12.28 ms for 3.565 GB of scans =  290.4 GB/s sustained
ds4:   shexp_gate     BR=1:    5.56 ms for 4.011 GB of scans =  721.6 GB/s sustained
ds4:   shexp_gate     BR=2:    4.23 ms for 2.005 GB of scans =  473.9 GB/s sustained
ds4:   shexp_gate     BR=4:    3.56 ms for 1.003 GB of scans =  281.3 GB/s sustained
ds4:   attn_q_b       BR=1:   50.17 ms for 14.261 GB of scans =  284.3 GB/s sustained
ds4:   attn_q_b       BR=2:   44.23 ms for 7.130 GB of scans =  161.2 GB/s sustained
ds4:   attn_q_b       BR=4:   32.73 ms for 3.565 GB of scans =  108.9 GB/s sustained
0924 22:31:23 ds4-server: chat ctx=31..35:4 gen=4 THINKING decoding chunk=3.45 t/s avg=3.45 t/s 1.161s
ds4-server: thinking not closed, ignoring incomplete DSML in reasoning
0924 22:31:23 ds4-server: chat ctx=0..31:31 gen=4 THINKING finish=length 3.971s
0924 22:31:25 ds4-server: shutdown requested, draining requests
