ds4: abort gate on for the first 40 layers
ds4: Metal device Apple M5 Max, 128.00 GiB RAM
ds4: Metal 4 tensor API enabled for Tensor kernels
ds4: drift-patch flags hc_stable=on norm_unify=on kv_raw_f32=off rope_exp2_log2=off math_safe=off tensor_matmul=on
ds4: Metal SSD streaming mode enabled; full model residency and warmup are skipped
ds4: SSD streaming auto cache budget
ds4:   metal recommends 107.52 GiB working set
ds4:   using 84% total for model + cached experts: 90.00 GiB
ds4:   non-routed weights: 9.37 GiB
ds4:   routed expert size: 9.49 MiB
ds4:   expert budget before prefill reserve: 8698 (80.63 GiB)
ds4: metal SSD streaming cache target 80.63 GiB; effective 80.63 GiB = 7.12 GiB prefill headroom + 73.51 GiB dynamic cache (7930 experts, 9.49 MiB each)
ds4: Metal SSD static weights locked 9.37 GiB; pageable 0.00 GiB
ds4: SSD streaming initial metal model map (569 spans, 9.37 GiB tensor span)
ds4: metal backend initialized for graph diagnostics
ds4: memory: KV 0.06 GiB (raw 0.01 + compressed 0.05) + buffers 3.27 GiB + resident model 9.37 GiB + expert cache 73.51 GiB + prefill expert reserve 7.12 GiB = 93.33 GiB planned
ds4: memory detail: ctx=8192 prefill_cap=4096 raw_kv_rows=128 compressed_kv_rows=8193 backend=metal
0926 02:13:02 ds4-server: context buffers 3411.39 MiB (ctx=8192, backend=metal, prefill_chunk=4096, raw_kv_rows=128, compressed_kv_rows=8193)
ds4: V4.1 static context buffers 3411.39 MiB (ctx=8192), Engram disk-only
0926 02:13:02 ds4-server: listening on http://127.0.0.1:8016
0926 02:13:04 ds4-server: chat ctx=0..31:31 prompt start
ds4: shared/routed FFN overlap ran, mode 1
ds4: expert residency set on the queue
0926 02:13:04 ds4-server: chat ctx=0..31:31 prefill chunk 1/31 (3.2%) chunk=0.00 t/s avg=5.43 t/s 0.184s
0926 02:13:05 ds4-server: chat ctx=0..31:31 prefill chunk 2/31 (6.5%) chunk=8.40 t/s avg=6.60 t/s 0.303s
0926 02:13:05 ds4-server: chat ctx=0..31:31 prefill chunk 3/31 (9.7%) chunk=10.51 t/s avg=7.53 t/s 0.398s
0926 02:13:05 ds4-server: chat ctx=0..31:31 prefill chunk 4/31 (12.9%) chunk=11.09 t/s avg=8.19 t/s 0.489s
0926 02:13:05 ds4-server: chat ctx=0..31:31 prefill chunk 5/31 (16.1%) chunk=13.94 t/s avg=8.92 t/s 0.560s
0926 02:13:05 ds4-server: chat ctx=0..31:31 prefill chunk 6/31 (19.4%) chunk=18.06 t/s avg=9.75 t/s 0.616s
0926 02:13:05 ds4-server: chat ctx=0..31:31 prefill chunk 7/31 (22.6%) chunk=16.38 t/s avg=10.35 t/s 0.677s
0926 02:13:05 ds4-server: chat ctx=0..31:31 prefill chunk 8/31 (25.8%) chunk=14.42 t/s avg=10.72 t/s 0.746s
0926 02:13:05 ds4-server: chat ctx=0..31:31 prefill chunk 9/31 (29.0%) chunk=11.29 t/s avg=10.78 t/s 0.835s
0926 02:13:05 ds4-server: chat ctx=0..31:31 prefill chunk 10/31 (32.3%) chunk=15.03 t/s avg=11.10 t/s 0.901s
0926 02:13:05 ds4-server: chat ctx=0..31:31 prefill chunk 11/31 (35.5%) chunk=13.75 t/s avg=11.29 t/s 0.974s
0926 02:13:05 ds4-server: chat ctx=0..31:31 prefill chunk 12/31 (38.7%) chunk=10.80 t/s avg=11.25 t/s 1.066s
0926 02:13:05 ds4-server: chat ctx=0..31:31 prefill chunk 13/31 (41.9%) chunk=9.04 t/s avg=11.04 t/s 1.177s
0926 02:13:06 ds4-server: chat ctx=0..31:31 prefill chunk 14/31 (45.2%) chunk=12.27 t/s avg=11.12 t/s 1.259s
0926 02:13:06 ds4-server: chat ctx=0..31:31 prefill chunk 15/31 (48.4%) chunk=19.20 t/s avg=11.44 t/s 1.311s
0926 02:13:06 ds4-server: chat ctx=0..31:31 prefill chunk 16/31 (51.6%) chunk=17.86 t/s avg=11.71 t/s 1.367s
0926 02:13:06 ds4-server: chat ctx=0..31:31 prefill chunk 17/31 (54.8%) chunk=17.53 t/s avg=11.94 t/s 1.424s
0926 02:13:06 ds4-server: chat ctx=0..31:31 prefill chunk 18/31 (58.1%) chunk=16.71 t/s avg=12.13 t/s 1.484s
0926 02:13:06 ds4-server: chat ctx=0..31:31 prefill chunk 19/31 (61.3%) chunk=17.41 t/s avg=12.33 t/s 1.541s
0926 02:13:06 ds4-server: chat ctx=0..31:31 prefill chunk 20/31 (64.5%) chunk=18.61 t/s avg=12.54 t/s 1.595s
0926 02:13:06 ds4-server: chat ctx=0..31:31 prefill chunk 21/31 (67.7%) chunk=19.98 t/s avg=12.77 t/s 1.645s
0926 02:13:06 ds4-server: chat ctx=0..31:31 prefill chunk 22/31 (71.0%) chunk=18.89 t/s avg=12.96 t/s 1.698s
0926 02:13:06 ds4-server: chat ctx=0..31:31 prefill chunk 23/31 (74.2%) chunk=17.76 t/s avg=13.11 t/s 1.754s
0926 02:13:06 ds4-server: chat ctx=0..31:31 prefill chunk 24/31 (77.4%) chunk=13.89 t/s avg=13.14 t/s 1.826s
0926 02:13:06 ds4-server: chat ctx=0..31:31 prefill chunk 25/31 (80.6%) chunk=20.31 t/s avg=13.33 t/s 1.875s
0926 02:13:06 ds4-server: chat ctx=0..31:31 prefill chunk 26/31 (83.9%) chunk=22.92 t/s avg=13.55 t/s 1.919s
0926 02:13:06 ds4-server: chat ctx=0..31:31 prefill chunk 27/31 (87.1%) chunk=18.55 t/s avg=13.69 t/s 1.973s
0926 02:13:06 ds4-server: chat ctx=0..31:31 prefill chunk 28/31 (90.3%) chunk=13.27 t/s avg=13.67 t/s 2.048s
0926 02:13:06 ds4-server: chat ctx=0..31:31 prefill chunk 29/31 (93.5%) chunk=11.38 t/s avg=13.58 t/s 2.136s
0926 02:13:06 ds4-server: chat ctx=0..31:31 prefill chunk 30/31 (96.8%) chunk=10.03 t/s avg=13.42 t/s 2.236s
0926 02:13:07 ds4-server: chat ctx=0..31:31 prefill chunk 31/31 (100.0%) chunk=13.54 t/s avg=13.42 t/s 2.309s
0926 02:13:07 ds4-server: chat ctx=0..31:31 prompt done 2.312s
ds4: routed experts by K, layer 20, 6 used of 384, ff 2304
ds4: Metal model range 77.29..78.37 GiB is not covered by mapped model views
ds4: Metal model range 78.38..79.47 GiB is not covered by mapped model views
ds4: Metal model range 79.48..80.87 GiB is not covered by mapped model views
ds4: Metal model range 77.29..78.37 GiB is not covered by mapped model views
ds4: Metal model range 78.38..79.47 GiB is not covered by mapped model views
ds4: Metal model range 79.48..80.87 GiB is not covered by mapped model views
ds4: Metal model range 77.29..78.37 GiB is not covered by mapped model views
ds4: Metal model range 78.38..79.47 GiB is not covered by mapped model views
ds4: Metal model range 79.48..80.87 GiB is not covered by mapped model views
ds4:   used=1: refused
ds4: Metal model range 77.29..78.37 GiB is not covered by mapped model views
ds4: Metal model range 78.38..79.47 GiB is not covered by mapped model views
ds4: Metal model range 79.48..80.87 GiB is not covered by mapped model views
ds4: Metal model range 77.29..78.37 GiB is not covered by mapped model views
ds4: Metal model range 78.38..79.47 GiB is not covered by mapped model views
ds4: Metal model range 79.48..80.87 GiB is not covered by mapped model views
ds4: Metal model range 77.29..78.37 GiB is not covered by mapped model views
ds4: Metal model range 78.38..79.47 GiB is not covered by mapped model views
ds4: Metal model range 79.48..80.87 GiB is not covered by mapped model views
ds4:   used=2: refused
ds4: Metal model range 77.29..78.37 GiB is not covered by mapped model views
ds4: Metal model range 78.38..79.47 GiB is not covered by mapped model views
ds4: Metal model range 79.48..80.87 GiB is not covered by mapped model views
ds4: Metal model range 77.29..78.37 GiB is not covered by mapped model views
ds4: Metal model range 78.38..79.47 GiB is not covered by mapped model views
ds4: Metal model range 79.48..80.87 GiB is not covered by mapped model views
ds4: Metal model range 77.29..78.37 GiB is not covered by mapped model views
ds4: Metal model range 78.38..79.47 GiB is not covered by mapped model views
ds4: Metal model range 79.48..80.87 GiB is not covered by mapped model views
ds4:   used=4: refused
ds4: Metal model range 77.29..78.37 GiB is not covered by mapped model views
ds4: Metal model range 78.38..79.47 GiB is not covered by mapped model views
ds4: Metal model range 79.48..80.87 GiB is not covered by mapped model views
ds4:   distinct K=1 refused
ds4:   distinct K=2:  0.972 ms
ds4:   distinct K=4:  0.820 ms
ds4:   distinct K=8:  1.351 ms
ds4:   distinct fit over K=2..8: marginal row 0.063 ms, fixed 0.845 ms (63% of K=8); K=1 extrapolated 0.908 ms
ds4: Metal model range 77.29..78.37 GiB is not covered by mapped model views
ds4: Metal model range 78.38..79.47 GiB is not covered by mapped model views
ds4: Metal model range 79.48..80.87 GiB is not covered by mapped model views
ds4:   shared  K=1 refused
ds4:   shared  K=2:  0.509 ms
ds4:   shared  K=4:  0.773 ms
ds4:   K=8: 35840 of 40960 outputs differ between the two selections, so the experts are being read
ds4:   shared  K=8:  1.276 ms
ds4:   shared  fit over K=2..8: marginal row 0.128 ms, fixed 0.253 ms (20% of K=8); K=1 extrapolated 0.381 ms
0926 02:13:07 ds4-server: chat ctx=31..35:4 gen=4 THINKING decoding chunk=7.83 t/s avg=7.83 t/s 0.511s
ds4-server: thinking not closed, ignoring incomplete DSML in reasoning
0926 02:13:07 ds4-server: chat ctx=0..31:31 gen=4 THINKING finish=length 2.823s
0926 02:13:09 ds4-server: shutdown requested, draining requests
