ds4: abort gate on for the first 40 layers
ds4: Metal device Apple M5 Max, 128.00 GiB RAM
ds4: Metal 4 tensor API enabled for Tensor kernels
ds4: drift-patch flags hc_stable=on norm_unify=on kv_raw_f32=off rope_exp2_log2=off math_safe=off tensor_matmul=on
ds4: Metal SSD streaming mode enabled; full model residency and warmup are skipped
ds4: SSD streaming auto cache budget
ds4:   metal recommends 107.52 GiB working set
ds4:   using 84% total for model + cached experts: 90.00 GiB
ds4:   non-routed weights: 9.37 GiB
ds4:   routed expert size: 9.49 MiB
ds4:   expert budget before prefill reserve: 8698 (80.63 GiB)
ds4: metal SSD streaming cache target 80.63 GiB; effective 80.63 GiB = 7.12 GiB prefill headroom + 73.51 GiB dynamic cache (7930 experts, 9.49 MiB each)
ds4: Metal SSD static weights locked 9.37 GiB; pageable 0.00 GiB
ds4: SSD streaming initial metal model map (569 spans, 9.37 GiB tensor span)
ds4: metal backend initialized for graph diagnostics
ds4: memory: KV 0.06 GiB (raw 0.01 + compressed 0.05) + buffers 3.27 GiB + resident model 9.37 GiB + expert cache 73.51 GiB + prefill expert reserve 7.12 GiB = 93.32 GiB planned
ds4: memory detail: ctx=8192 prefill_cap=4096 raw_kv_rows=128 compressed_kv_rows=8193 backend=metal
0924 20:40:41 ds4-server: context buffers 3403.39 MiB (ctx=8192, backend=metal, prefill_chunk=4096, raw_kv_rows=128, compressed_kv_rows=8193)
ds4: V4.1 static context buffers 3403.39 MiB (ctx=8192), Engram disk-only
0924 20:40:41 ds4-server: listening on http://127.0.0.1:8016
0924 20:40:44 ds4-server: chat ctx=0..31:31 prompt start
ds4: shared/routed FFN overlap ran, mode 1
ds4: expert residency set on the queue
0924 20:40:44 ds4-server: chat ctx=0..31:31 prefill chunk 1/31 (3.2%) chunk=0.00 t/s avg=7.22 t/s 0.138s
0924 20:40:44 ds4-server: chat ctx=0..31:31 prefill chunk 2/31 (6.5%) chunk=8.64 t/s avg=7.87 t/s 0.254s
0924 20:40:44 ds4-server: chat ctx=0..31:31 prefill chunk 3/31 (9.7%) chunk=8.77 t/s avg=8.15 t/s 0.368s
0924 20:40:44 ds4-server: chat ctx=0..31:31 prefill chunk 4/31 (12.9%) chunk=13.20 t/s avg=9.01 t/s 0.444s
0924 20:40:44 ds4-server: chat ctx=0..31:31 prefill chunk 5/31 (16.1%) chunk=13.52 t/s avg=9.66 t/s 0.518s
0924 20:40:45 ds4-server: chat ctx=0..31:31 prefill chunk 6/31 (19.4%) chunk=16.07 t/s avg=10.34 t/s 0.580s
0924 20:40:45 ds4-server: chat ctx=0..31:31 prefill chunk 7/31 (22.6%) chunk=13.42 t/s avg=10.69 t/s 0.655s
0924 20:40:45 ds4-server: chat ctx=0..31:31 prefill chunk 8/31 (25.8%) chunk=8.67 t/s avg=10.39 t/s 0.770s
0924 20:40:45 ds4-server: chat ctx=0..31:31 prefill chunk 9/31 (29.0%) chunk=11.96 t/s avg=10.54 t/s 0.854s
0924 20:40:45 ds4-server: chat ctx=0..31:31 prefill chunk 10/31 (32.3%) chunk=15.56 t/s avg=10.89 t/s 0.918s
0924 20:40:45 ds4-server: chat ctx=0..31:31 prefill chunk 11/31 (35.5%) chunk=14.41 t/s avg=11.14 t/s 0.987s
0924 20:40:45 ds4-server: chat ctx=0..31:31 prefill chunk 12/31 (38.7%) chunk=16.84 t/s avg=11.46 t/s 1.047s
0924 20:40:45 ds4-server: chat ctx=0..31:31 prefill chunk 13/31 (41.9%) chunk=16.29 t/s avg=11.73 t/s 1.108s
0924 20:40:45 ds4-server: chat ctx=0..31:31 prefill chunk 14/31 (45.2%) chunk=16.95 t/s avg=12.00 t/s 1.167s
0924 20:40:45 ds4-server: chat ctx=0..31:31 prefill chunk 15/31 (48.4%) chunk=16.88 t/s avg=12.23 t/s 1.226s
0924 20:40:45 ds4-server: chat ctx=0..31:31 prefill chunk 16/31 (51.6%) chunk=13.05 t/s avg=12.28 t/s 1.303s
0924 20:40:45 ds4-server: chat ctx=0..31:31 prefill chunk 17/31 (54.8%) chunk=12.41 t/s avg=12.29 t/s 1.384s
0924 20:40:45 ds4-server: chat ctx=0..31:31 prefill chunk 18/31 (58.1%) chunk=9.19 t/s avg=12.06 t/s 1.492s
0924 20:40:46 ds4-server: chat ctx=0..31:31 prefill chunk 19/31 (61.3%) chunk=13.98 t/s avg=12.15 t/s 1.564s
0924 20:40:46 ds4-server: chat ctx=0..31:31 prefill chunk 20/31 (64.5%) chunk=14.96 t/s avg=12.26 t/s 1.631s
0924 20:40:46 ds4-server: chat ctx=0..31:31 prefill chunk 21/31 (67.7%) chunk=15.36 t/s avg=12.38 t/s 1.696s
0924 20:40:46 ds4-server: chat ctx=0..31:31 prefill chunk 22/31 (71.0%) chunk=14.40 t/s avg=12.46 t/s 1.765s
0924 20:40:46 ds4-server: chat ctx=0..31:31 prefill chunk 23/31 (74.2%) chunk=14.26 t/s avg=12.53 t/s 1.835s
0924 20:40:46 ds4-server: chat ctx=0..31:31 prefill chunk 24/31 (77.4%) chunk=12.20 t/s avg=12.52 t/s 1.917s
0924 20:40:46 ds4-server: chat ctx=0..31:31 prefill chunk 25/31 (80.6%) chunk=13.03 t/s avg=12.54 t/s 1.994s
0924 20:40:46 ds4-server: chat ctx=0..31:31 prefill chunk 26/31 (83.9%) chunk=10.65 t/s avg=12.45 t/s 2.088s
0924 20:40:46 ds4-server: chat ctx=0..31:31 prefill chunk 27/31 (87.1%) chunk=13.54 t/s avg=12.49 t/s 2.162s
0924 20:40:46 ds4-server: chat ctx=0..31:31 prefill chunk 28/31 (90.3%) chunk=16.27 t/s avg=12.59 t/s 2.223s
0924 20:40:46 ds4-server: chat ctx=0..31:31 prefill chunk 29/31 (93.5%) chunk=15.83 t/s avg=12.68 t/s 2.287s
0924 20:40:46 ds4-server: chat ctx=0..31:31 prefill chunk 30/31 (96.8%) chunk=16.07 t/s avg=12.77 t/s 2.349s
0924 20:40:46 ds4-server: chat ctx=0..31:31 prefill chunk 31/31 (100.0%) chunk=17.28 t/s avg=12.88 t/s 2.407s
0924 20:40:46 ds4-server: chat ctx=0..31:31 prompt done 2.408s
ds4: V4.1 batch attn_output_b hoisted out of the per-row loop (2 rows)
ds4: gate over tokens 1-64: 31.06 command buffers, 25.23 aborts, 240.0 expert ids accounted, 586.59 MiB loaded a token; 0 the gate failed to switch off, 0 it could not gate
ds4:   one token, exclusive, same window: entry 0.00 + encode 3.32 + commit-to-done 43.80 + repair-load 13.41 + accounting 0.03 + tail 0.84 = 61.40 of a 65.57 ms wall, residual 4.17
ds4:   of the commit-to-done: GPU running 55.18 ms, GPU not running -11.38 ms
ds4:   1946.3 gated dispatches a token, 58.1 of them behind an abort; 2450.7 sent plain ahead of a buffer's first validate
ds4:   encode-ahead: 3.83 segments used, 22.73 dropped, 3.95 ms a token spent encoding under the GPU
ds4:   concurrent sections: 306.19 attempted, 306.19 opened a token
ds4:   speculation: 0.00 layers a token, 0.00 lanes computed, 0.00 matched, 0.00 GEMVs actually saved, 0.00 left to compute; compared 0.00 lanes, 0.00 floats differ, 0.00 by more than an ulp
ds4:   expert cache over the last 64 tokens: 360.00 hits, 61.80 misses, 0.00 evictions a token; 3955 of 7930 entries live (49.9%)
ds4:   of the address-table holes repaired a token: 0.00 already resident, 61.80 genuinely absent
ds4:   residency a token: 61.80 adds, 0.00 removes, 61.80 commits
ds4: V4.1 verify selftest k=2, 16 positions from 31 (odd start, pair carry restored), 3 alternating rounds
  round 0: single 35.26 ms/token, batch 72.77 ms/step
  round 1: single 35.12 ms/token, batch 74.36 ms/step
  round 2: single 35.28 ms/token, batch 74.06 ms/step
  median single    : 35.26 ms/token
  median 2-row step: 74.06 ms = 2.10x one single step
  perfect-draft ceiling: 27.01 tok/s (100 tok/s requires <= 20.00 ms/step)
  block width      : 0.95x of 2 (needs 3.53x for 100 tok/s)
  marginal row cost: 38.80 ms = 110% of a standalone token
  rollback         : reproduces its own output
  batch vs single  : identical argmax (48 rows checked)
  break-even       : accept 105% of drafted tokens to beat single
  rolled-back passes agree with each other: yes
0924 20:40:52 ds4-server: chat ctx=31..35:4 gen=4 THINKING decoding chunk=0.70 t/s avg=0.70 t/s 5.699s
ds4-server: thinking not closed, ignoring incomplete DSML in reasoning
0924 20:40:52 ds4-server: chat ctx=0..31:31 gen=4 THINKING finish=length 8.107s
0924 20:40:54 ds4-server: shutdown requested, draining requests
