ds4: abort gate on for the first 40 layers
ds4: Metal device Apple M5 Max, 128.00 GiB RAM
ds4: Metal 4 tensor API enabled for Tensor kernels
ds4: drift-patch flags hc_stable=on norm_unify=on kv_raw_f32=off rope_exp2_log2=off math_safe=off tensor_matmul=on
ds4: Metal SSD streaming mode enabled; full model residency and warmup are skipped
ds4: SSD streaming auto cache budget
ds4:   metal recommends 107.52 GiB working set
ds4:   using 84% total for model + cached experts: 90.00 GiB
ds4:   non-routed weights: 9.37 GiB
ds4:   routed expert size: 9.49 MiB
ds4:   expert budget before prefill reserve: 8698 (80.63 GiB)
ds4: metal SSD streaming cache target 80.63 GiB; effective 80.63 GiB = 7.12 GiB prefill headroom + 73.51 GiB dynamic cache (7930 experts, 9.49 MiB each)
ds4: Metal SSD static weights locked 9.37 GiB; pageable 0.00 GiB
ds4: SSD streaming initial metal model map (569 spans, 9.37 GiB tensor span)
ds4: metal backend initialized for graph diagnostics
ds4: memory: KV 0.06 GiB (raw 0.01 + compressed 0.05) + buffers 3.27 GiB + resident model 9.37 GiB + expert cache 73.51 GiB + prefill expert reserve 7.12 GiB = 93.32 GiB planned
ds4: memory detail: ctx=8192 prefill_cap=4096 raw_kv_rows=128 compressed_kv_rows=8193 backend=metal
0924 20:17:18 ds4-server: context buffers 3403.39 MiB (ctx=8192, backend=metal, prefill_chunk=4096, raw_kv_rows=128, compressed_kv_rows=8193)
ds4: V4.1 static context buffers 3403.39 MiB (ctx=8192), Engram disk-only
0924 20:17:18 ds4-server: listening on http://127.0.0.1:8016
0924 20:17:21 ds4-server: chat ctx=0..31:31 prompt start
ds4: shared/routed FFN overlap ran, mode 1
ds4: expert residency set on the queue
0924 20:17:21 ds4-server: chat ctx=0..31:31 prefill chunk 1/31 (3.2%) chunk=0.00 t/s avg=5.01 t/s 0.200s
0924 20:17:21 ds4-server: chat ctx=0..31:31 prefill chunk 2/31 (6.5%) chunk=8.01 t/s avg=6.16 t/s 0.324s
0924 20:17:21 ds4-server: chat ctx=0..31:31 prefill chunk 3/31 (9.7%) chunk=8.93 t/s avg=6.87 t/s 0.436s
0924 20:17:21 ds4-server: chat ctx=0..31:31 prefill chunk 4/31 (12.9%) chunk=12.91 t/s avg=7.78 t/s 0.514s
0924 20:17:21 ds4-server: chat ctx=0..31:31 prefill chunk 5/31 (16.1%) chunk=14.34 t/s avg=8.57 t/s 0.584s
0924 20:17:21 ds4-server: chat ctx=0..31:31 prefill chunk 6/31 (19.4%) chunk=16.90 t/s avg=9.33 t/s 0.643s
0924 20:17:21 ds4-server: chat ctx=0..31:31 prefill chunk 7/31 (22.6%) chunk=15.74 t/s avg=9.91 t/s 0.706s
0924 20:17:21 ds4-server: chat ctx=0..31:31 prefill chunk 8/31 (25.8%) chunk=15.22 t/s avg=10.36 t/s 0.772s
0924 20:17:21 ds4-server: chat ctx=0..31:31 prefill chunk 9/31 (29.0%) chunk=14.64 t/s avg=10.71 t/s 0.840s
0924 20:17:21 ds4-server: chat ctx=0..31:31 prefill chunk 10/31 (32.3%) chunk=16.49 t/s avg=11.10 t/s 0.901s
0924 20:17:22 ds4-server: chat ctx=0..31:31 prefill chunk 11/31 (35.5%) chunk=14.06 t/s avg=11.32 t/s 0.972s
0924 20:17:22 ds4-server: chat ctx=0..31:31 prefill chunk 12/31 (38.7%) chunk=18.02 t/s avg=11.68 t/s 1.028s
0924 20:17:22 ds4-server: chat ctx=0..31:31 prefill chunk 13/31 (41.9%) chunk=17.25 t/s avg=11.98 t/s 1.086s
0924 20:17:22 ds4-server: chat ctx=0..31:31 prefill chunk 14/31 (45.2%) chunk=17.76 t/s avg=12.26 t/s 1.142s
0924 20:17:22 ds4-server: chat ctx=0..31:31 prefill chunk 15/31 (48.4%) chunk=19.42 t/s avg=12.57 t/s 1.193s
0924 20:17:22 ds4-server: chat ctx=0..31:31 prefill chunk 16/31 (51.6%) chunk=15.55 t/s avg=12.72 t/s 1.258s
0924 20:17:22 ds4-server: chat ctx=0..31:31 prefill chunk 17/31 (54.8%) chunk=16.73 t/s avg=12.90 t/s 1.317s
0924 20:17:22 ds4-server: chat ctx=0..31:31 prefill chunk 18/31 (58.1%) chunk=14.56 t/s avg=12.99 t/s 1.386s
0924 20:17:22 ds4-server: chat ctx=0..31:31 prefill chunk 19/31 (61.3%) chunk=17.11 t/s avg=13.15 t/s 1.445s
0924 20:17:22 ds4-server: chat ctx=0..31:31 prefill chunk 20/31 (64.5%) chunk=19.00 t/s avg=13.36 t/s 1.497s
0924 20:17:22 ds4-server: chat ctx=0..31:31 prefill chunk 21/31 (67.7%) chunk=18.95 t/s avg=13.55 t/s 1.550s
0924 20:17:22 ds4-server: chat ctx=0..31:31 prefill chunk 22/31 (71.0%) chunk=18.62 t/s avg=13.72 t/s 1.604s
0924 20:17:22 ds4-server: chat ctx=0..31:31 prefill chunk 23/31 (74.2%) chunk=18.45 t/s avg=13.87 t/s 1.658s
0924 20:17:22 ds4-server: chat ctx=0..31:31 prefill chunk 24/31 (77.4%) chunk=16.59 t/s avg=13.97 t/s 1.718s
0924 20:17:22 ds4-server: chat ctx=0..31:31 prefill chunk 25/31 (80.6%) chunk=19.01 t/s avg=14.12 t/s 1.771s
0924 20:17:22 ds4-server: chat ctx=0..31:31 prefill chunk 26/31 (83.9%) chunk=20.65 t/s avg=14.29 t/s 1.819s
0924 20:17:22 ds4-server: chat ctx=0..31:31 prefill chunk 27/31 (87.1%) chunk=16.84 t/s avg=14.37 t/s 1.879s
0924 20:17:22 ds4-server: chat ctx=0..31:31 prefill chunk 28/31 (90.3%) chunk=17.39 t/s avg=14.46 t/s 1.936s
0924 20:17:23 ds4-server: chat ctx=0..31:31 prefill chunk 29/31 (93.5%) chunk=17.23 t/s avg=14.54 t/s 1.994s
0924 20:17:23 ds4-server: chat ctx=0..31:31 prefill chunk 30/31 (96.8%) chunk=15.91 t/s avg=14.59 t/s 2.057s
0924 20:17:23 ds4-server: chat ctx=0..31:31 prefill chunk 31/31 (100.0%) chunk=19.33 t/s avg=14.70 t/s 2.109s
0924 20:17:23 ds4-server: chat ctx=0..31:31 prompt done 2.110s
ds4: gate over tokens 1-64: 34.33 command buffers, 30.23 aborts, 240.0 expert ids accounted, 656.74 MiB loaded a token; 0 the gate failed to switch off, 0 it could not gate
ds4:   one token, exclusive, same window: entry 0.00 + encode 3.31 + commit-to-done 40.73 + repair-load 14.80 + accounting 0.02 + tail 0.83 = 59.69 of a 63.92 ms wall, residual 4.23
ds4:   of the commit-to-done: GPU running 37.87 ms, GPU not running 2.85 ms
ds4:   2038.6 gated dispatches a token, 69.6 of them behind an abort; 2808.7 sent plain ahead of a buffer's first validate
ds4:   encode-ahead: 2.09 segments used, 27.23 dropped, 3.97 ms a token spent encoding under the GPU
ds4:   concurrent sections: 350.53 attempted, 350.53 opened a token
ds4:   speculation: 0.00 layers a token, 0.00 lanes computed, 0.00 matched, 0.00 GEMVs actually saved, 0.00 left to compute; compared 0.00 lanes, 0.00 floats differ, 0.00 by more than an ulp
ds4:   expert cache over the last 64 tokens: 240.00 hits, 69.19 misses, 0.00 evictions a token; 4428 of 7930 entries live (55.8%)
ds4:   of the address-table holes repaired a token: 0.00 already resident, 69.19 genuinely absent
ds4:   residency a token: 69.19 adds, 0.00 removes, 69.19 commits
ds4: gate over tokens 65-128: 22.31 command buffers, 12.45 aborts, 240.0 expert ids accounted, 193.40 MiB loaded a token; 0 the gate failed to switch off, 0 it could not gate
ds4:   one token, exclusive, same window: entry 0.00 + encode 1.69 + commit-to-done 37.17 + repair-load 5.81 + accounting 0.03 + tail 1.51 = 46.21 of a 49.28 ms wall, residual 3.07
ds4:   of the commit-to-done: GPU running 62.39 ms, GPU not running -25.22 ms
ds4:   1681.7 gated dispatches a token, 27.5 of them behind an abort; 1516.1 sent plain ahead of a buffer's first validate
ds4:   encode-ahead: 7.86 segments used, 11.23 dropped, 2.92 ms a token spent encoding under the GPU
ds4:   concurrent sections: 190.75 attempted, 190.75 opened a token
ds4:   speculation: 0.00 layers a token, 0.00 lanes computed, 0.00 matched, 0.00 GEMVs actually saved, 0.00 left to compute; compared 0.00 lanes, 0.00 floats differ, 0.00 by more than an ulp
ds4:   expert cache over the last 64 tokens: 480.00 hits, 20.38 misses, 0.00 evictions a token; 5732 of 7930 entries live (72.3%)
ds4:   of the address-table holes repaired a token: 0.00 already resident, 20.38 genuinely absent
ds4:   residency a token: 20.38 adds, 0.00 removes, 20.38 commits
ds4: gate over tokens 129-192: 14.00 command buffers, 0.00 aborts, 240.0 expert ids accounted, 0.00 MiB loaded a token; 0 the gate failed to switch off, 0 it could not gate
ds4:   one token, exclusive, same window: entry 0.00 + encode 0.41 + commit-to-done 30.20 + repair-load 0.00 + accounting 0.03 + tail 1.40 = 32.03 of a 34.13 ms wall, residual 2.10
ds4:   of the commit-to-done: GPU running 54.62 ms, GPU not running -24.43 ms
ds4:   1429.8 gated dispatches a token, 0.0 of them behind an abort; 610.3 sent plain ahead of a buffer's first validate
ds4:   encode-ahead: 12.00 segments used, 0.00 dropped, 2.06 ms a token spent encoding under the GPU
ds4:   concurrent sections: 80.00 attempted, 80.00 opened a token
ds4:   speculation: 0.00 layers a token, 0.00 lanes computed, 0.00 matched, 0.00 GEMVs actually saved, 0.00 left to compute; compared 0.00 lanes, 0.00 floats differ, 0.00 by more than an ulp
ds4:   expert cache over the last 64 tokens: 480.00 hits, 0.00 misses, 0.00 evictions a token; 5732 of 7930 entries live (72.3%)
ds4:   of the address-table holes repaired a token: 0.00 already resident, 0.00 genuinely absent
ds4:   residency a token: 0.00 adds, 0.00 removes, 0.00 commits
ds4: gate over tokens 193-256: 14.00 command buffers, 0.00 aborts, 240.0 expert ids accounted, 0.00 MiB loaded a token; 0 the gate failed to switch off, 0 it could not gate
ds4:   one token, exclusive, same window: entry 0.00 + encode 0.35 + commit-to-done 30.35 + repair-load 0.00 + accounting 0.03 + tail 1.40 = 32.13 of a 34.09 ms wall, residual 1.96
ds4:   of the commit-to-done: GPU running 54.50 ms, GPU not running -24.14 ms
ds4:   1429.8 gated dispatches a token, 0.0 of them behind an abort; 610.3 sent plain ahead of a buffer's first validate
ds4:   encode-ahead: 12.00 segments used, 0.00 dropped, 1.91 ms a token spent encoding under the GPU
ds4:   concurrent sections: 80.00 attempted, 80.00 opened a token
ds4:   speculation: 0.00 layers a token, 0.00 lanes computed, 0.00 matched, 0.00 GEMVs actually saved, 0.00 left to compute; compared 0.00 lanes, 0.00 floats differ, 0.00 by more than an ulp
ds4:   expert cache over the last 64 tokens: 480.00 hits, 0.00 misses, 0.00 evictions a token; 5732 of 7930 entries live (72.3%)
ds4:   of the address-table holes repaired a token: 0.00 already resident, 0.00 genuinely absent
ds4:   residency a token: 0.00 adds, 0.00 removes, 0.00 commits
ds4: V4.1 verify selftest k=8, 64 positions from 31 (odd start, pair carry restored), 3 alternating rounds
  round 0: single 35.05 ms/token, batch 250.79 ms/step
  round 1: single 34.98 ms/token, batch 251.36 ms/step
  round 2: single 35.56 ms/token, batch 260.60 ms/step
  median single    : 35.05 ms/token
  median 8-row step: 251.36 ms = 7.17x one single step
  perfect-draft ceiling: 31.83 tok/s (100 tok/s requires <= 80.00 ms/step)
  marginal row cost: 30.90 ms = 88% of a standalone token
  rollback         : reproduces its own output
  batch vs single  : identical argmax (192 rows checked)
  break-even       : accept 90% of drafted tokens to beat single
  rolled-back passes agree with each other: yes
0924 20:17:42 ds4-server: chat ctx=31..35:4 gen=4 THINKING decoding chunk=0.21 t/s avg=0.21 t/s 19.269s
ds4-server: thinking not closed, ignoring incomplete DSML in reasoning
0924 20:17:42 ds4-server: chat ctx=0..31:31 gen=4 THINKING finish=length 21.379s
0924 20:17:44 ds4-server: shutdown requested, draining requests
