ds4: abort gate on for the first 40 layers
ds4: Metal device Apple M5 Max, 128.00 GiB RAM
ds4: Metal 4 tensor API enabled for Tensor kernels
ds4: drift-patch flags hc_stable=on norm_unify=on kv_raw_f32=off rope_exp2_log2=off math_safe=off tensor_matmul=on
ds4: Metal SSD streaming mode enabled; full model residency and warmup are skipped
ds4: SSD streaming auto cache budget
ds4:   metal recommends 107.52 GiB working set
ds4:   using 84% total for model + cached experts: 90.00 GiB
ds4:   non-routed weights: 9.37 GiB
ds4:   routed expert size: 9.49 MiB
ds4:   expert budget before prefill reserve: 8698 (80.63 GiB)
ds4: metal SSD streaming cache target 80.63 GiB; effective 80.63 GiB = 7.12 GiB prefill headroom + 73.51 GiB dynamic cache (7930 experts, 9.49 MiB each)
ds4: Metal SSD static weights locked 9.37 GiB; pageable 0.00 GiB
ds4: SSD streaming initial metal model map (569 spans, 9.37 GiB tensor span)
ds4: metal backend initialized for graph diagnostics
ds4: memory: KV 0.06 GiB (raw 0.01 + compressed 0.05) + buffers 3.27 GiB + resident model 9.37 GiB + expert cache 73.51 GiB + prefill expert reserve 7.12 GiB = 93.33 GiB planned
ds4: memory detail: ctx=8192 prefill_cap=4096 raw_kv_rows=128 compressed_kv_rows=8193 backend=metal
0924 21:43:46 ds4-server: context buffers 3411.39 MiB (ctx=8192, backend=metal, prefill_chunk=4096, raw_kv_rows=128, compressed_kv_rows=8193)
ds4: V4.1 static context buffers 3411.39 MiB (ctx=8192), Engram disk-only
0924 21:43:46 ds4-server: listening on http://127.0.0.1:8016
0924 21:43:49 ds4-server: chat ctx=0..31:31 prompt start
ds4: shared/routed FFN overlap ran, mode 1
ds4: expert residency set on the queue
0924 21:43:49 ds4-server: chat ctx=0..31:31 prefill chunk 1/31 (3.2%) chunk=0.00 t/s avg=4.93 t/s 0.203s
0924 21:43:49 ds4-server: chat ctx=0..31:31 prefill chunk 2/31 (6.5%) chunk=8.21 t/s avg=6.16 t/s 0.324s
0924 21:43:49 ds4-server: chat ctx=0..31:31 prefill chunk 3/31 (9.7%) chunk=8.97 t/s avg=6.88 t/s 0.436s
0924 21:43:49 ds4-server: chat ctx=0..31:31 prefill chunk 4/31 (12.9%) chunk=7.94 t/s avg=7.12 t/s 0.562s
0924 21:43:49 ds4-server: chat ctx=0..31:31 prefill chunk 5/31 (16.1%) chunk=6.62 t/s avg=7.01 t/s 0.713s
0924 21:43:49 ds4-server: chat ctx=0..31:31 prefill chunk 6/31 (19.4%) chunk=9.58 t/s avg=7.34 t/s 0.817s
0924 21:43:50 ds4-server: chat ctx=0..31:31 prefill chunk 7/31 (22.6%) chunk=10.65 t/s avg=7.68 t/s 0.911s
0924 21:43:50 ds4-server: chat ctx=0..31:31 prefill chunk 8/31 (25.8%) chunk=9.90 t/s avg=7.90 t/s 1.012s
0924 21:43:50 ds4-server: chat ctx=0..31:31 prefill chunk 9/31 (29.0%) chunk=8.21 t/s avg=7.94 t/s 1.134s
0924 21:43:50 ds4-server: chat ctx=0..31:31 prefill chunk 10/31 (32.3%) chunk=6.49 t/s avg=7.76 t/s 1.288s
0924 21:43:50 ds4-server: chat ctx=0..31:31 prefill chunk 11/31 (35.5%) chunk=2.84 t/s avg=6.71 t/s 1.640s
0924 21:43:51 ds4-server: chat ctx=0..31:31 prefill chunk 12/31 (38.7%) chunk=2.99 t/s avg=6.08 t/s 1.975s
0924 21:43:51 ds4-server: chat ctx=0..31:31 prefill chunk 13/31 (41.9%) chunk=2.73 t/s avg=5.55 t/s 2.341s
0924 21:43:51 ds4-server: chat ctx=0..31:31 prefill chunk 14/31 (45.2%) chunk=3.19 t/s avg=5.27 t/s 2.655s
0924 21:43:52 ds4-server: chat ctx=0..31:31 prefill chunk 15/31 (48.4%) chunk=2.83 t/s avg=4.99 t/s 3.008s
0924 21:43:52 ds4-server: chat ctx=0..31:31 prefill chunk 16/31 (51.6%) chunk=2.52 t/s avg=4.70 t/s 3.405s
0924 21:43:52 ds4-server: chat ctx=0..31:31 prefill chunk 17/31 (54.8%) chunk=3.48 t/s avg=4.60 t/s 3.693s
0924 21:43:53 ds4-server: chat ctx=0..31:31 prefill chunk 18/31 (58.1%) chunk=2.83 t/s avg=4.45 t/s 4.046s
0924 21:43:53 ds4-server: chat ctx=0..31:31 prefill chunk 19/31 (61.3%) chunk=2.74 t/s avg=4.31 t/s 4.410s
0924 21:43:53 ds4-server: chat ctx=0..31:31 prefill chunk 20/31 (64.5%) chunk=3.23 t/s avg=4.24 t/s 4.720s
0924 21:43:54 ds4-server: chat ctx=0..31:31 prefill chunk 21/31 (67.7%) chunk=4.62 t/s avg=4.25 t/s 4.936s
0924 21:43:54 ds4-server: chat ctx=0..31:31 prefill chunk 22/31 (71.0%) chunk=5.22 t/s avg=4.29 t/s 5.128s
0924 21:43:54 ds4-server: chat ctx=0..31:31 prefill chunk 23/31 (74.2%) chunk=6.09 t/s avg=4.35 t/s 5.292s
0924 21:43:54 ds4-server: chat ctx=0..31:31 prefill chunk 24/31 (77.4%) chunk=6.19 t/s avg=4.40 t/s 5.453s
0924 21:43:54 ds4-server: chat ctx=0..31:31 prefill chunk 25/31 (80.6%) chunk=8.97 t/s avg=4.49 t/s 5.565s
0924 21:43:54 ds4-server: chat ctx=0..31:31 prefill chunk 26/31 (83.9%) chunk=8.62 t/s avg=4.58 t/s 5.681s
0924 21:43:54 ds4-server: chat ctx=0..31:31 prefill chunk 27/31 (87.1%) chunk=5.44 t/s avg=4.60 t/s 5.865s
0924 21:43:55 ds4-server: chat ctx=0..31:31 prefill chunk 28/31 (90.3%) chunk=7.03 t/s avg=4.66 t/s 6.007s
0924 21:43:55 ds4-server: chat ctx=0..31:31 prefill chunk 29/31 (93.5%) chunk=6.56 t/s avg=4.71 t/s 6.160s
0924 21:43:55 ds4-server: chat ctx=0..31:31 prefill chunk 30/31 (96.8%) chunk=6.54 t/s avg=4.75 t/s 6.312s
0924 21:43:55 ds4-server: chat ctx=0..31:31 prefill chunk 31/31 (100.0%) chunk=6.22 t/s avg=4.79 t/s 6.473s
0924 21:43:55 ds4-server: chat ctx=0..31:31 prompt done 6.476s
ds4: gate over tokens 1-64: 34.33 command buffers, 30.23 aborts, 240.0 expert ids accounted, 656.74 MiB loaded a token; 0 the gate failed to switch off, 0 it could not gate
ds4:   one token, exclusive, same window: entry 0.00 + encode 8.37 + commit-to-done 119.24 + repair-load 27.77 + accounting 0.04 + tail 1.57 = 156.99 of a 165.33 ms wall, residual 8.34
ds4:   of the commit-to-done: GPU running 107.81 ms, GPU not running 11.44 ms
ds4:   2038.6 gated dispatches a token, 69.6 of them behind an abort; 2808.7 sent plain ahead of a buffer's first validate
ds4:   encode-ahead: 2.09 segments used, 27.23 dropped, 7.92 ms a token spent encoding under the GPU
ds4:   concurrent sections: 350.53 attempted, 350.53 opened a token
ds4:   speculation: 0.00 layers a token, 0.00 lanes computed, 0.00 matched, 0.00 GEMVs actually saved, 0.00 left to compute; compared 0.00 lanes, 0.00 floats differ, 0.00 by more than an ulp
ds4:   expert cache over the last 64 tokens: 240.00 hits, 69.19 misses, 0.00 evictions a token; 4428 of 7930 entries live (55.8%)
ds4:   of the address-table holes repaired a token: 0.00 already resident, 69.19 genuinely absent
ds4:   residency a token: 69.19 adds, 0.00 removes, 69.19 commits
ds4: V4.1 block-local KV delta, 8 rows over 31 prefix keys
ds4: V4.1 batch attn_output_b hoisted out of the per-row loop (8 rows)
ds4: V4.1 block attention by level, 8 rows, concurrent section open
ds4: gate over tokens 65-128: 22.31 command buffers, 12.45 aborts, 240.0 expert ids accounted, 193.40 MiB loaded a token; 0 the gate failed to switch off, 0 it could not gate
ds4:   one token, exclusive, same window: entry 0.00 + encode 2.09 + commit-to-done 95.83 + repair-load 6.13 + accounting 0.04 + tail 3.05 = 107.14 of a 110.89 ms wall, residual 3.75
ds4:   of the commit-to-done: GPU running 168.86 ms, GPU not running -73.04 ms
ds4:   1681.7 gated dispatches a token, 27.5 of them behind an abort; 1516.1 sent plain ahead of a buffer's first validate
ds4:   encode-ahead: 7.86 segments used, 11.23 dropped, 3.60 ms a token spent encoding under the GPU
ds4:   concurrent sections: 195.50 attempted, 195.50 opened a token
ds4:   speculation: 0.00 layers a token, 0.00 lanes computed, 0.00 matched, 0.00 GEMVs actually saved, 0.00 left to compute; compared 0.00 lanes, 0.00 floats differ, 0.00 by more than an ulp
ds4:   expert cache over the last 64 tokens: 480.00 hits, 20.38 misses, 0.00 evictions a token; 5732 of 7930 entries live (72.3%)
ds4:   of the address-table holes repaired a token: 0.00 already resident, 20.38 genuinely absent
ds4:   residency a token: 20.38 adds, 0.00 removes, 20.38 commits
ds4: V4.1 verify selftest k=8, 64 positions from 31 (odd start, pair carry restored), 1 alternating rounds
  round 0: single 108.14 ms/token, batch 610.08 ms/step
ds4: matrices a 8-row block reads, at the dispatch:
ds4:   attn_q_a                  6.96 MB    1 dispatches, 8 rows total  (shared)
ds4:   attn_kv                   2.79 MB    1 dispatches, 8 rows total  (shared)
ds4:   shexp_up                 12.53 MB    8 dispatches, 8 rows total  (once per row)
ds4:   ?                         0.98 MB    1 dispatches, 8 rows total  (shared)
ds4:   attn_q_b                 44.56 MB    1 dispatches, 8 rows total  (shared)
ds4:   attn_output_a            35.65 MB    8 dispatches, 8 rows total  (once per row)
ds4:   attn_output_b            44.56 MB    1 dispatches, 8 rows total  (shared)
ds4:   ?                         0.98 MB    1 dispatches, 8 rows total  (shared)
ds4:   ffn_gate_inp              7.86 MB    8 dispatches, 8 rows total  (once per row)
ds4:   shexp_gate               12.53 MB    8 dispatches, 8 rows total  (once per row)
ds4:   shexp_down               12.53 MB    8 dispatches, 8 rows total  (once per row)
ds4:   attn_q_a                  6.96 MB    1 dispatches, 8 rows total  (shared)
ds4:   attn_kv                   2.79 MB    1 dispatches, 8 rows total  (shared)
ds4:   indexer_attn_k            0.13 MB    4 dispatches, 4 rows total  (once per row)
ds4:   shexp_up                 12.53 MB    8 dispatches, 8 rows total  (once per row)
ds4:   ?                         0.98 MB    1 dispatches, 8 rows total  (shared)
ds4:   attn_q_b                 44.56 MB    1 dispatches, 8 rows total  (shared)
ds4:   attn_output_b            44.56 MB    1 dispatches, 8 rows total  (shared)
ds4:   ?                         0.98 MB    1 dispatches, 8 rows total  (shared)
ds4:   ffn_gate_inp              7.86 MB    8 dispatches, 8 rows total  (once per row)
ds4:   shexp_gate               12.53 MB    8 dispatches, 8 rows total  (once per row)
ds4:   shexp_down               12.53 MB    8 dispatches, 8 rows total  (once per row)
ds4:   attn_q_a                  6.96 MB    1 dispatches, 8 rows total  (shared)
ds4:   attn_kv                   2.79 MB    1 dispatches, 8 rows total  (shared)
ds4:   shexp_up                 12.53 MB    8 dispatches, 8 rows total  (once per row)
ds4:   ?                         0.98 MB    1 dispatches, 8 rows total  (shared)
ds4:   attn_q_b                 44.56 MB    1 dispatches, 8 rows total  (shared)
ds4:   attn_output_b            44.56 MB    1 dispatches, 8 rows total  (shared)
ds4:   ?                         0.98 MB    1 dispatches, 8 rows total  (shared)
ds4:   ffn_gate_inp              7.86 MB    8 dispatches, 8 rows total  (once per row)
ds4:   shexp_gate               12.53 MB    8 dispatches, 8 rows total  (once per row)
ds4:   shexp_down               12.53 MB    8 dispatches, 8 rows total  (once per row)
ds4:   attn_q_a                  6.96 MB    1 dispatches, 8 rows total  (shared)
ds4:   attn_kv                   2.79 MB    1 dispatches, 8 rows total  (shared)
ds4:   shexp_up                 12.53 MB    8 dispatches, 8 rows total  (once per row)
ds4:   ?                         0.98 MB    1 dispatches, 8 rows total  (shared)
ds4:   attn_q_b                 44.56 MB    1 dispatches, 8 rows total  (shared)
ds4:   attn_output_b            44.56 MB    1 dispatches, 8 rows total  (shared)
ds4:   ?                         0.98 MB    1 dispatches, 8 rows total  (shared)
ds4:   ffn_gate_inp              7.86 MB    8 dispatches, 8 rows total  (once per row)
ds4:   shexp_gate               12.53 MB    8 dispatches, 8 rows total  (once per row)
ds4:   shexp_down               12.53 MB    8 dispatches, 8 rows total  (once per row)
ds4:   attn_q_a                  6.96 MB    1 dispatches, 8 rows total  (shared)
ds4:   attn_kv                   2.79 MB    1 dispatches, 8 rows total  (shared)
ds4:   indexer_attn_k            0.13 MB    4 dispatches, 4 rows total  (once per row)
ds4:   shexp_up                 12.53 MB    8 dispatches, 8 rows total  (once per row)
ds4:   ?                         0.98 MB    1 dispatches, 8 rows total  (shared)
ds4:   attn_q_b                 44.56 MB    1 dispatches, 8 rows total  (shared)
ds4:   attn_output_b            44.56 MB    1 dispatches, 8 rows total  (shared)
ds4:   ?                         0.98 MB    1 dispatches, 8 rows total  (shared)
ds4:   ffn_gate_inp              7.86 MB    8 dispatches, 8 rows total  (once per row)
ds4:   shexp_gate               12.53 MB    8 dispatches, 8 rows total  (once per row)
ds4:   shexp_down               12.53 MB    8 dispatches, 8 rows total  (once per row)
ds4:   attn_q_a                  6.96 MB    1 dispatches, 8 rows total  (shared)
ds4:   attn_kv                   2.79 MB    1 dispatches, 8 rows total  (shared)
ds4:   shexp_up                 12.53 MB    8 dispatches, 8 rows total  (once per row)
ds4:   ?                         0.98 MB    1 dispatches, 8 rows total  (shared)
ds4:   attn_q_b                 44.56 MB    1 dispatches, 8 rows total  (shared)
ds4:   attn_output_b            44.56 MB    1 dispatches, 8 rows total  (shared)
ds4:   ?                         0.98 MB    1 dispatches, 8 rows total  (shared)
ds4:   ffn_gate_inp              7.86 MB    8 dispatches, 8 rows total  (once per row)
ds4:   shexp_gate               12.53 MB    8 dispatches, 8 rows total  (once per row)
ds4:   shexp_down               12.53 MB    8 dispatches, 8 rows total  (once per row)
ds4:   attn_q_a                  6.96 MB    1 dispatches, 8 rows total  (shared)
ds4:   attn_kv                   2.79 MB    1 dispatches, 8 rows total  (shared)
ds4:   shexp_up                 12.53 MB    8 dispatches, 8 rows total  (once per row)
ds4:   ?                         0.98 MB    1 dispatches, 8 rows total  (shared)
ds4:   attn_q_b                 44.56 MB    1 dispatches, 8 rows total  (shared)
ds4:   attn_output_b            44.56 MB    1 dispatches, 8 rows total  (shared)
ds4:   ?                         0.98 MB    1 dispatches, 8 rows total  (shared)
ds4:   ffn_gate_inp              7.86 MB    8 dispatches, 8 rows total  (once per row)
ds4:   shexp_gate               12.53 MB    8 dispatches, 8 rows total  (once per row)
ds4:   shexp_down               12.53 MB    8 dispatches, 8 rows total  (once per row)
ds4:   ?                       314.57 MB    1 dispatches, 8 rows total  (shared)
ds4:   attn_q_a                  6.96 MB    1 dispatches, 8 rows total  (shared)
ds4:   attn_kv                   2.79 MB    1 dispatches, 8 rows total  (shared)
ds4:   indexer_attn_k            0.13 MB    4 dispatches, 4 rows total  (once per row)
ds4:   shexp_up                 12.53 MB    8 dispatches, 8 rows total  (once per row)
ds4:   ?                         0.98 MB    1 dispatches, 8 rows total  (shared)
ds4:   attn_q_b                 44.56 MB    1 dispatches, 8 rows total  (shared)
ds4:   attn_output_b            44.56 MB    1 dispatches, 8 rows total  (shared)
ds4:   ?                         0.98 MB    1 dispatches, 8 rows total  (shared)
ds4:   ffn_gate_inp              7.86 MB    8 dispatches, 8 rows total  (once per row)
ds4:   shexp_gate               12.53 MB    8 dispatches, 8 rows total  (once per row)
ds4:   shexp_down               12.53 MB    8 dispatches, 8 rows total  (once per row)
ds4:   attn_q_a                  6.96 MB    1 dispatches, 8 rows total  (shared)
ds4:   attn_kv                   2.79 MB    1 dispatches, 8 rows total  (shared)
ds4:   shexp_up                 12.53 MB    8 dispatches, 8 rows total  (once per row)
ds4:   ?                         0.98 MB    1 dispatches, 8 rows total  (shared)
ds4:   attn_q_b                 44.56 MB    1 dispatches, 8 rows total  (shared)
ds4:   attn_output_b            44.56 MB    1 dispatches, 8 rows total  (shared)
ds4:   ?                         0.98 MB    1 dispatches, 8 rows total  (shared)
ds4:   ffn_gate_inp              7.86 MB    8 dispatches, 8 rows total  (once per row)
ds4:   shexp_gate               12.53 MB    8 dispatches, 8 rows total  (once per row)
ds4:   shexp_down               12.53 MB    8 dispatches, 8 rows total  (once per row)
ds4:   attn_q_a                  6.96 MB    1 dispatches, 8 rows total  (shared)
ds4:   attn_kv                   2.79 MB    1 dispatches, 8 rows total  (shared)
ds4:   shexp_up                 12.53 MB    8 dispatches, 8 rows total  (once per row)
ds4:   ?                         0.98 MB    1 dispatches, 8 rows total  (shared)
ds4:   attn_q_b                 44.56 MB    1 dispatches, 8 rows total  (shared)
ds4:   attn_output_b            44.56 MB    1 dispatches, 8 rows total  (shared)
ds4:   ?                         0.98 MB    1 dispatches, 8 rows total  (shared)
ds4:   ffn_gate_inp              7.86 MB    8 dispatches, 8 rows total  (once per row)
ds4:   shexp_gate               12.53 MB    8 dispatches, 8 rows total  (once per row)
ds4:   shexp_down               12.53 MB    8 dispatches, 8 rows total  (once per row)
ds4:   attn_q_a                  6.96 MB    1 dispatches, 8 rows total  (shared)
ds4:   attn_kv                   2.79 MB    1 dispatches, 8 rows total  (shared)
ds4:   indexer_attn_k            0.13 MB    8 dispatches, 8 rows total  (once per row)
ds4:   shexp_up                 12.53 MB    8 dispatches, 8 rows total  (once per row)
ds4:   ?                         0.98 MB    1 dispatches, 8 rows total  (shared)
ds4:   attn_q_b                 44.56 MB    1 dispatches, 8 rows total  (shared)
ds4:   attn_output_b            44.56 MB    1 dispatches, 8 rows total  (shared)
ds4:   ?                         0.98 MB    1 dispatches, 8 rows total  (shared)
ds4:   ffn_gate_inp              7.86 MB    8 dispatches, 8 rows total  (once per row)
ds4:   shexp_gate               12.53 MB    8 dispatches, 8 rows total  (once per row)
ds4:   shexp_down               12.53 MB    8 dispatches, 8 rows total  (once per row)
ds4:   attn_q_a                  6.96 MB    1 dispatches, 8 rows total  (shared)
ds4:   attn_kv                   2.79 MB    1 dispatches, 8 rows total  (shared)
ds4:   shexp_up                 12.53 MB    8 dispatches, 8 rows total  (once per row)
ds4:   ?                         0.98 MB    1 dispatches, 8 rows total  (shared)
ds4:   attn_q_b                 44.56 MB    1 dispatches, 8 rows total  (shared)
ds4:   attn_output_b            44.56 MB    1 dispatches, 8 rows total  (shared)
ds4:   ?                         0.98 MB    1 dispatches, 8 rows total  (shared)
ds4:   ffn_gate_inp              7.86 MB    8 dispatches, 8 rows total  (once per row)
ds4:   shexp_gate               12.53 MB    8 dispatches, 8 rows total  (once per row)
ds4:   shexp_down               12.53 MB    8 dispatches, 8 rows total  (once per row)
ds4:   attn_q_a                  6.96 MB    1 dispatches, 8 rows total  (shared)
ds4:   attn_kv                   2.79 MB    1 dispatches, 8 rows total  (shared)
ds4:   shexp_up                 12.53 MB    8 dispatches, 8 rows total  (once per row)
ds4:   ?                         0.98 MB    1 dispatches, 8 rows total  (shared)
ds4:   attn_q_b                 44.56 MB    1 dispatches, 8 rows total  (shared)
ds4:   attn_output_b            44.56 MB    1 dispatches, 8 rows total  (shared)
ds4:   ?                         0.98 MB    1 dispatches, 8 rows total  (shared)
ds4:   ffn_gate_inp              7.86 MB    8 dispatches, 8 rows total  (once per row)
ds4:   shexp_gate               12.53 MB    8 dispatches, 8 rows total  (once per row)
ds4:   shexp_down               12.53 MB    8 dispatches, 8 rows total  (once per row)
ds4:   attn_q_a                  6.96 MB    1 dispatches, 8 rows total  (shared)
ds4:   attn_kv                   2.79 MB    1 dispatches, 8 rows total  (shared)
ds4:   shexp_up                 12.53 MB    8 dispatches, 8 rows total  (once per row)
ds4:   ?                         0.98 MB    1 dispatches, 8 rows total  (shared)
ds4:   attn_q_b                 44.56 MB    1 dispatches, 8 rows total  (shared)
ds4:   attn_output_b            44.56 MB    1 dispatches, 8 rows total  (shared)
ds4:   ?                         0.98 MB    1 dispatches, 8 rows total  (shared)
ds4:   ffn_gate_inp              7.86 MB    8 dispatches, 8 rows total  (once per row)
ds4:   shexp_gate               12.53 MB    8 dispatches, 8 rows total  (once per row)
ds4:   shexp_down               12.53 MB    8 dispatches, 8 rows total  (once per row)
ds4:   attn_q_a                  6.96 MB    1 dispatches, 8 rows total  (shared)
ds4:   attn_kv                   2.79 MB    1 dispatches, 8 rows total  (shared)
ds4:   shexp_up                 12.53 MB    8 dispatches, 8 rows total  (once per row)
ds4:   ?                         0.98 MB    1 dispatches, 8 rows total  (shared)
ds4:   attn_q_b                 44.56 MB    1 dispatches, 8 rows total  (shared)
ds4:   attn_output_b            44.56 MB    1 dispatches, 8 rows total  (shared)
ds4:   ?                         0.98 MB    1 dispatches, 8 rows total  (shared)
ds4:   ffn_gate_inp              7.86 MB    8 dispatches, 8 rows total  (once per row)
ds4:   shexp_gate               12.53 MB    8 dispatches, 8 rows total  (once per row)
ds4:   shexp_down               12.53 MB    8 dispatches, 8 rows total  (once per row)
ds4:   attn_q_a                  6.96 MB    1 dispatches, 8 rows total  (shared)
ds4:   attn_kv                   2.79 MB    1 dispatches, 8 rows total  (shared)
ds4:   shexp_up                 12.53 MB    8 dispatches, 8 rows total  (once per row)
ds4:   ?                         0.98 MB    1 dispatches, 8 rows total  (shared)
ds4:   attn_q_b                 44.56 MB    1 dispatches, 8 rows total  (shared)
ds4:   attn_output_b            44.56 MB    1 dispatches, 8 rows total  (shared)
ds4:   ?                         0.98 MB    1 dispatches, 8 rows total  (shared)
ds4:   ffn_gate_inp              7.86 MB    8 dispatches, 8 rows total  (once per row)
ds4:   shexp_gate               12.53 MB    8 dispatches, 8 rows total  (once per row)
ds4:   shexp_down               12.53 MB    8 dispatches, 8 rows total  (once per row)
ds4:   attn_q_a                  6.96 MB    1 dispatches, 8 rows total  (shared)
ds4:   attn_kv                   2.79 MB    1 dispatches, 8 rows total  (shared)
ds4:   shexp_up                 12.53 MB    8 dispatches, 8 rows total  (once per row)
ds4:   ?                         0.98 MB    1 dispatches, 8 rows total  (shared)
ds4:   attn_q_b                 44.56 MB    1 dispatches, 8 rows total  (shared)
ds4:   attn_output_b            44.56 MB    1 dispatches, 8 rows total  (shared)
ds4:   ?                         0.98 MB    1 dispatches, 8 rows total  (shared)
ds4:   ffn_gate_inp              7.86 MB    8 dispatches, 8 rows total  (once per row)
ds4:   shexp_gate               12.53 MB    8 dispatches, 8 rows total  (once per row)
ds4:   shexp_down               12.53 MB    8 dispatches, 8 rows total  (once per row)
ds4:   attn_q_a                  6.96 MB    1 dispatches, 8 rows total  (shared)
ds4:   attn_kv                   2.79 MB    1 dispatches, 8 rows total  (shared)
ds4:   shexp_up                 12.53 MB    8 dispatches, 8 rows total  (once per row)
ds4:   ?                         0.98 MB    1 dispatches, 8 rows total  (shared)
ds4:   attn_q_b                 44.56 MB    1 dispatches, 8 rows total  (shared)
ds4:   attn_output_b            44.56 MB    1 dispatches, 8 rows total  (shared)
ds4:   ?                         0.98 MB    1 dispatches, 8 rows total  (shared)
ds4:   ffn_gate_inp              7.86 MB    8 dispatches, 8 rows total  (once per row)
ds4:   shexp_gate               12.53 MB    8 dispatches, 8 rows total  (once per row)
ds4:   shexp_down               12.53 MB    8 dispatches, 8 rows total  (once per row)
ds4:   attn_q_a                  6.96 MB    1 dispatches, 8 rows total  (shared)
ds4:   attn_kv                   2.79 MB    1 dispatches, 8 rows total  (shared)
ds4:   shexp_up                 12.53 MB    8 dispatches, 8 rows total  (once per row)
ds4:   ?                         0.98 MB    1 dispatches, 8 rows total  (shared)
ds4:   attn_q_b                 44.56 MB    1 dispatches, 8 rows total  (shared)
ds4:   attn_output_b            44.56 MB    1 dispatches, 8 rows total  (shared)
ds4:   ?                         0.98 MB    1 dispatches, 8 rows total  (shared)
ds4:   ffn_gate_inp              7.86 MB    8 dispatches, 8 rows total  (once per row)
ds4:   shexp_gate               12.53 MB    8 dispatches, 8 rows total  (once per row)
ds4:   shexp_down               12.53 MB    8 dispatches, 8 rows total  (once per row)
ds4:   attn_q_a                  6.96 MB    1 dispatches, 8 rows total  (shared)
ds4:   attn_kv                   2.79 MB    1 dispatches, 8 rows total  (shared)
ds4:   shexp_up                 12.53 MB    8 dispatches, 8 rows total  (once per row)
ds4:   ?                         0.98 MB    1 dispatches, 8 rows total  (shared)
ds4:   attn_q_b                 44.56 MB    1 dispatches, 8 rows total  (shared)
ds4:   attn_output_b            44.56 MB    1 dispatches, 8 rows total  (shared)
ds4:   ?                         0.98 MB    1 dispatches, 8 rows total  (shared)
ds4:   ffn_gate_inp              7.86 MB    8 dispatches, 8 rows total  (once per row)
ds4:   shexp_gate               12.53 MB    8 dispatches, 8 rows total  (once per row)
ds4:   shexp_down               12.53 MB    8 dispatches, 8 rows total  (once per row)
ds4:   head                    703.28 MB    1 dispatches, 8 rows total  (shared)
ds4:   ?                         0.98 MB    1 dispatches, 8 rows total  (shared)
ds4:   attn_q_b                 44.56 MB    1 dispatches, 8 rows total  (shared)
ds4:   attn_output_a            35.65 MB    8 dispatches, 8 rows total  (once per row)
ds4:   attn_output_b            44.56 MB    1 dispatches, 8 rows total  (shared)
ds4:   ?                         0.98 MB    1 dispatches, 8 rows total  (shared)
ds4:   ffn_gate_inp              7.86 MB    8 dispatches, 8 rows total  (once per row)
ds4:   shexp_gate               12.53 MB    8 dispatches, 8 rows total  (once per row)
ds4:   shexp_down               12.53 MB    8 dispatches, 8 rows total  (once per row)
ds4:   ?                       314.57 MB    1 dispatches, 8 rows total  (shared)
ds4:   attn_q_a                  6.96 MB    1 dispatches, 8 rows total  (shared)
ds4:   attn_kv                   2.79 MB    1 dispatches, 8 rows total  (shared)
ds4:   shexp_up                 12.53 MB    8 dispatches, 8 rows total  (once per row)
ds4:   ?                         0.98 MB    1 dispatches, 8 rows total  (shared)
ds4:   attn_q_b                 44.56 MB    1 dispatches, 8 rows total  (shared)
ds4:   attn_compressor_kv        5.24 MB    8 dispatches, 8 rows total  (once per row)
ds4:   attn_compressor_gate      5.24 MB    8 dispatches, 8 rows total  (once per row)
ds4:   indexer_attn_q_b         10.49 MB    8 dispatches, 8 rows total  (once per row)
ds4:   indexer_proj              0.33 MB    8 dispatches, 8 rows total  (once per row)
ds4:   attn_output_b            44.56 MB    1 dispatches, 8 rows total  (shared)
ds4:   ?                         0.98 MB    1 dispatches, 8 rows total  (shared)
ds4:   ffn_gate_inp              7.86 MB    8 dispatches, 8 rows total  (once per row)
ds4:   shexp_gate               12.53 MB    8 dispatches, 8 rows total  (once per row)
ds4:   shexp_down               12.53 MB    8 dispatches, 8 rows total  (once per row)
ds4:   attn_q_a                  6.96 MB    1 dispatches, 8 rows total  (shared)
ds4:   attn_kv                   2.79 MB    1 dispatches, 8 rows total  (shared)
ds4:   shexp_up                 12.53 MB    8 dispatches, 8 rows total  (once per row)
ds4:   ?                         0.98 MB    1 dispatches, 8 rows total  (shared)
ds4:   attn_q_b                 44.56 MB    1 dispatches, 8 rows total  (shared)
ds4:   attn_output_b            44.56 MB    1 dispatches, 8 rows total  (shared)
ds4:   ?                         0.98 MB    1 dispatches, 8 rows total  (shared)
ds4:   ffn_gate_inp              7.86 MB    8 dispatches, 8 rows total  (once per row)
ds4:   shexp_gate               12.53 MB    8 dispatches, 8 rows total  (once per row)
ds4:   shexp_down               12.53 MB    8 dispatches, 8 rows total  (once per row)
ds4:   attn_q_a                  6.96 MB    1 dispatches, 8 rows total  (shared)
ds4:   attn_kv                   2.79 MB    1 dispatches, 8 rows total  (shared)
ds4:   shexp_up                 12.53 MB    8 dispatches, 8 rows total  (once per row)
ds4:   ?                         0.98 MB    1 dispatches, 8 rows total  (shared)
ds4:   attn_q_b                 44.56 MB    1 dispatches, 8 rows total  (shared)
ds4:   attn_output_b            44.56 MB    1 dispatches, 8 rows total  (shared)
ds4:   ?                         0.98 MB    1 dispatches, 8 rows total  (shared)
ds4:   ffn_gate_inp              7.86 MB    8 dispatches, 8 rows total  (once per row)
ds4:   shexp_gate               12.53 MB    8 dispatches, 8 rows total  (once per row)
ds4:   shexp_down               12.53 MB    8 dispatches, 8 rows total  (once per row)
ds4:   attn_q_a                  6.96 MB    1 dispatches, 8 rows total  (shared)
ds4:   attn_kv                   2.79 MB    1 dispatches, 8 rows total  (shared)
ds4:   shexp_up                 12.53 MB    8 dispatches, 8 rows total  (once per row)
ds4:   ?                         0.98 MB    1 dispatches, 8 rows total  (shared)
ds4:   attn_q_b                 44.56 MB    1 dispatches, 8 rows total  (shared)
ds4:   attn_compressor_kv        5.24 MB    8 dispatches, 8 rows total  (once per row)
ds4:   attn_compressor_gate      5.24 MB    8 dispatches, 8 rows total  (once per row)
ds4:   indexer_attn_q_b         10.49 MB    8 dispatches, 8 rows total  (once per row)
ds4:   indexer_proj              0.33 MB    8 dispatches, 8 rows total  (once per row)
ds4:   attn_output_b            44.56 MB    1 dispatches, 8 rows total  (shared)
ds4:   ?                         0.98 MB    1 dispatches, 8 rows total  (shared)
ds4:   ffn_gate_inp              7.86 MB    8 dispatches, 8 rows total  (once per row)
ds4:   shexp_gate               12.53 MB    8 dispatches, 8 rows total  (once per row)
ds4:   shexp_down               12.53 MB    8 dispatches, 8 rows total  (once per row)
ds4:   attn_q_a                  6.96 MB    1 dispatches, 8 rows total  (shared)
ds4:   attn_kv                   2.79 MB    1 dispatches, 8 rows total  (shared)
ds4:   shexp_up                 12.53 MB    8 dispatches, 8 rows total  (once per row)
ds4:   ?                         0.98 MB    1 dispatches, 8 rows total  (shared)
ds4:   attn_q_b                 44.56 MB    1 dispatches, 8 rows total  (shared)
ds4:   attn_output_b            44.56 MB    1 dispatches, 8 rows total  (shared)
ds4:   ?                         0.98 MB    1 dispatches, 8 rows total  (shared)
ds4:   ffn_gate_inp              7.86 MB    8 dispatches, 8 rows total  (once per row)
ds4:   shexp_gate               12.53 MB    8 dispatches, 8 rows total  (once per row)
ds4:   shexp_down               12.53 MB    8 dispatches, 8 rows total  (once per row)
ds4:   attn_q_a                  6.96 MB    1 dispatches, 8 rows total  (shared)
ds4:   attn_kv                   2.79 MB    1 dispatches, 8 rows total  (shared)
ds4:   shexp_up                 12.53 MB    8 dispatches, 8 rows total  (once per row)
ds4:   ?                         0.98 MB    1 dispatches, 8 rows total  (shared)
ds4:   attn_q_b                 44.56 MB    1 dispatches, 8 rows total  (shared)
ds4:   attn_output_b            44.56 MB    1 dispatches, 8 rows total  (shared)
ds4:   ?                         0.98 MB    1 dispatches, 8 rows total  (shared)
ds4:   ffn_gate_inp              7.86 MB    8 dispatches, 8 rows total  (once per row)
ds4:   shexp_gate               12.53 MB    8 dispatches, 8 rows total  (once per row)
ds4:   shexp_down               12.53 MB    8 dispatches, 8 rows total  (once per row)
ds4:   attn_q_a                  6.96 MB    1 dispatches, 8 rows total  (shared)
ds4:   attn_kv                   2.79 MB    1 dispatches, 8 rows total  (shared)
ds4:   shexp_up                 12.53 MB    8 dispatches, 8 rows total  (once per row)
ds4:   ?                         0.98 MB    1 dispatches, 8 rows total  (shared)
ds4:   attn_q_b                 44.56 MB    1 dispatches, 8 rows total  (shared)
ds4:   attn_compressor_kv        5.24 MB    8 dispatches, 8 rows total  (once per row)
ds4:   attn_compressor_gate      5.24 MB    8 dispatches, 8 rows total  (once per row)
ds4:   indexer_attn_q_b         10.49 MB    8 dispatches, 8 rows total  (once per row)
ds4:   indexer_proj              0.33 MB    8 dispatches, 8 rows total  (once per row)
ds4:   attn_output_b            44.56 MB    1 dispatches, 8 rows total  (shared)
ds4:   ?                         0.98 MB    1 dispatches, 8 rows total  (shared)
ds4:   ffn_gate_inp              7.86 MB    8 dispatches, 8 rows total  (once per row)
ds4:   shexp_gate               12.53 MB    8 dispatches, 8 rows total  (once per row)
ds4:   shexp_down               12.53 MB    8 dispatches, 8 rows total  (once per row)
ds4:   attn_q_a                  6.96 MB    1 dispatches, 8 rows total  (shared)
ds4:   attn_kv                   2.79 MB    1 dispatches, 8 rows total  (shared)
ds4:   shexp_up                 12.53 MB    8 dispatches, 8 rows total  (once per row)
ds4:   ?                         0.98 MB    1 dispatches, 8 rows total  (shared)
ds4:   attn_q_b                 44.56 MB    1 dispatches, 8 rows total  (shared)
ds4:   attn_output_b            44.56 MB    1 dispatches, 8 rows total  (shared)
ds4:   ?                         0.98 MB    1 dispatches, 8 rows total  (shared)
ds4:   ffn_gate_inp              7.86 MB    8 dispatches, 8 rows total  (once per row)
ds4:   shexp_gate               12.53 MB    8 dispatches, 8 rows total  (once per row)
ds4:   shexp_down               12.53 MB    8 dispatches, 8 rows total  (once per row)
ds4:   attn_q_a                  6.96 MB    1 dispatches, 8 rows total  (shared)
ds4:   attn_kv                   2.79 MB    1 dispatches, 8 rows total  (shared)
ds4:   shexp_up                 12.53 MB    8 dispatches, 8 rows total  (once per row)
ds4:   ?                         0.98 MB    1 dispatches, 8 rows total  (shared)
ds4:   attn_q_b                 44.56 MB    1 dispatches, 8 rows total  (shared)
ds4:   attn_output_b            44.56 MB    1 dispatches, 8 rows total  (shared)
ds4:   ?                         0.98 MB    1 dispatches, 8 rows total  (shared)
ds4:   ffn_gate_inp              7.86 MB    8 dispatches, 8 rows total  (once per row)
ds4:   shexp_gate               12.53 MB    8 dispatches, 8 rows total  (once per row)
ds4:   shexp_down               12.53 MB    8 dispatches, 8 rows total  (once per row)
ds4:   attn_q_a                  6.96 MB    1 dispatches, 8 rows total  (shared)
ds4:   attn_kv                   2.79 MB    1 dispatches, 8 rows total  (shared)
ds4:   shexp_up                 12.53 MB    8 dispatches, 8 rows total  (once per row)
ds4:   ?                         0.98 MB    1 dispatches, 8 rows total  (shared)
ds4:   attn_q_b                 44.56 MB    1 dispatches, 8 rows total  (shared)
ds4:   attn_compressor_kv        5.24 MB    8 dispatches, 8 rows total  (once per row)
ds4:   indexer_attn_q_b         10.49 MB    8 dispatches, 8 rows total  (once per row)
ds4:   indexer_proj              0.33 MB    8 dispatches, 8 rows total  (once per row)
ds4:   attn_output_b            44.56 MB    1 dispatches, 8 rows total  (shared)
ds4:   ?                         0.98 MB    1 dispatches, 8 rows total  (shared)
ds4:   ffn_gate_inp              7.86 MB    8 dispatches, 8 rows total  (once per row)
ds4:   shexp_gate               12.53 MB    8 dispatches, 8 rows total  (once per row)
ds4:   shexp_down               12.53 MB    8 dispatches, 8 rows total  (once per row)
ds4:   attn_q_a                  6.96 MB    1 dispatches, 8 rows total  (shared)
ds4:   attn_kv                   2.79 MB    1 dispatches, 8 rows total  (shared)
ds4:   shexp_up                 12.53 MB    8 dispatches, 8 rows total  (once per row)
ds4:   ?                         0.98 MB    1 dispatches, 8 rows total  (shared)
ds4:   attn_q_b                 44.56 MB    1 dispatches, 8 rows total  (shared)
ds4:   attn_output_b            44.56 MB    1 dispatches, 8 rows total  (shared)
ds4:   ?                         0.98 MB    1 dispatches, 8 rows total  (shared)
ds4:   ffn_gate_inp              7.86 MB    8 dispatches, 8 rows total  (once per row)
ds4:   shexp_gate               12.53 MB    8 dispatches, 8 rows total  (once per row)
ds4:   shexp_down               12.53 MB    8 dispatches, 8 rows total  (once per row)
ds4:   attn_q_a                  6.96 MB    1 dispatches, 8 rows total  (shared)
ds4:   attn_kv                   2.79 MB    1 dispatches, 8 rows total  (shared)
ds4:   shexp_up                 12.53 MB    8 dispatches, 8 rows total  (once per row)
ds4:   ?                         0.98 MB    1 dispatches, 8 rows total  (shared)
ds4:   attn_q_b                 44.56 MB    1 dispatches, 8 rows total  (shared)
ds4:   indexer_attn_q_b         10.49 MB    8 dispatches, 8 rows total  (once per row)
ds4:   indexer_proj              0.33 MB    8 dispatches, 8 rows total  (once per row)
ds4:   attn_output_b            44.56 MB    1 dispatches, 8 rows total  (shared)
ds4:   ?                         0.98 MB    1 dispatches, 8 rows total  (shared)
ds4:   ffn_gate_inp              7.86 MB    8 dispatches, 8 rows total  (once per row)
ds4:   shexp_gate               12.53 MB    8 dispatches, 8 rows total  (once per row)
ds4:   shexp_down               12.53 MB    8 dispatches, 8 rows total  (once per row)
ds4:   attn_q_a                  6.96 MB    1 dispatches, 8 rows total  (shared)
ds4:   attn_kv                   2.79 MB    1 dispatches, 8 rows total  (shared)
ds4:   shexp_up                 12.53 MB    8 dispatches, 8 rows total  (once per row)
ds4:   ?                         0.98 MB    1 dispatches, 8 rows total  (shared)
ds4:   attn_q_b                 44.56 MB    1 dispatches, 8 rows total  (shared)
ds4:   attn_output_b            44.56 MB    1 dispatches, 8 rows total  (shared)
ds4:   ?                         0.98 MB    1 dispatches, 8 rows total  (shared)
ds4:   ffn_gate_inp              7.86 MB    8 dispatches, 8 rows total  (once per row)
ds4:   shexp_gate               12.53 MB    8 dispatches, 8 rows total  (once per row)
ds4:   shexp_down               12.53 MB    8 dispatches, 8 rows total  (once per row)
ds4:   attn_q_a                  6.96 MB    1 dispatches, 8 rows total  (shared)
ds4:   attn_kv                   2.79 MB    1 dispatches, 8 rows total  (shared)
ds4:   shexp_up                 12.53 MB    8 dispatches, 8 rows total  (once per row)
ds4:   ?                         0.98 MB    1 dispatches, 8 rows total  (shared)
ds4:   attn_q_b                 44.56 MB    1 dispatches, 8 rows total  (shared)
ds4:   indexer_attn_q_b         10.49 MB    8 dispatches, 8 rows total  (once per row)
ds4:   indexer_proj              0.33 MB    8 dispatches, 8 rows total  (once per row)
ds4:   attn_output_b            44.56 MB    1 dispatches, 8 rows total  (shared)
ds4:   ?                         0.98 MB    1 dispatches, 8 rows total  (shared)
ds4:   ffn_gate_inp              7.86 MB    8 dispatches, 8 rows total  (once per row)
ds4:   shexp_gate               12.53 MB    8 dispatches, 8 rows total  (once per row)
ds4:   shexp_down               12.53 MB    8 dispatches, 8 rows total  (once per row)
ds4:   attn_q_a                  6.96 MB    1 dispatches, 8 rows total  (shared)
ds4:   attn_kv                   2.79 MB    1 dispatches, 8 rows total  (shared)
ds4:   shexp_up                 12.53 MB    8 dispatches, 8 rows total  (once per row)
ds4:   ?                         0.98 MB    1 dispatches, 8 rows total  (shared)
ds4:   attn_q_b                 44.56 MB    1 dispatches, 8 rows total  (shared)
ds4:   attn_output_b            44.56 MB    1 dispatches, 8 rows total  (shared)
ds4:   ?                         0.98 MB    1 dispatches, 8 rows total  (shared)
ds4:   ffn_gate_inp              7.86 MB    8 dispatches, 8 rows total  (once per row)
ds4:   shexp_gate               12.53 MB    8 dispatches, 8 rows total  (once per row)
ds4:   shexp_down               12.53 MB    8 dispatches, 8 rows total  (once per row)
ds4:   attn_q_a                  6.96 MB    1 dispatches, 8 rows total  (shared)
ds4:   attn_kv                   2.79 MB    1 dispatches, 8 rows total  (shared)
ds4:   shexp_up                 12.53 MB    8 dispatches, 8 rows total  (once per row)
ds4:   ?                         0.98 MB    1 dispatches, 8 rows total  (shared)
ds4:   attn_q_b                 44.56 MB    1 dispatches, 8 rows total  (shared)
ds4:   indexer_attn_q_b         10.49 MB    8 dispatches, 8 rows total  (once per row)
ds4:   indexer_proj              0.33 MB    8 dispatches, 8 rows total  (once per row)
ds4:   attn_output_b            44.56 MB    1 dispatches, 8 rows total  (shared)
ds4:   ?                         0.98 MB    1 dispatches, 8 rows total  (shared)
ds4:   ffn_gate_inp              7.86 MB    8 dispatches, 8 rows total  (once per row)
ds4:   shexp_gate               12.53 MB    8 dispatches, 8 rows total  (once per row)
ds4:   shexp_down               12.53 MB    8 dispatches, 8 rows total  (once per row)
ds4:   attn_q_a                  6.96 MB    1 dispatches, 8 rows total  (shared)
ds4:   attn_kv                   2.79 MB    1 dispatches, 8 rows total  (shared)
ds4:   shexp_up                 12.53 MB    8 dispatches, 8 rows total  (once per row)
ds4:   ?                         0.98 MB    1 dispatches, 8 rows total  (shared)
ds4:   attn_q_b                 44.56 MB    1 dispatches, 8 rows total  (shared)
ds4:   attn_output_b            44.56 MB    1 dispatches, 8 rows total  (shared)
ds4:   ?                         0.98 MB    1 dispatches, 8 rows total  (shared)
ds4:   ffn_gate_inp              7.86 MB    8 dispatches, 8 rows total  (once per row)
ds4:   shexp_gate               12.53 MB    8 dispatches, 8 rows total  (once per row)
ds4:   shexp_down               12.53 MB    8 dispatches, 8 rows total  (once per row)
ds4:   attn_q_a                  6.96 MB    1 dispatches, 8 rows total  (shared)
ds4:   attn_kv                   2.79 MB    1 dispatches, 8 rows total  (shared)
ds4:   shexp_up                 12.53 MB    8 dispatches, 8 rows total  (once per row)
ds4:   ?                         0.98 MB    1 dispatches, 8 rows total  (shared)
ds4:   attn_q_b                 44.56 MB    1 dispatches, 8 rows total  (shared)
ds4:   indexer_attn_q_b         10.49 MB    8 dispatches, 8 rows total  (once per row)
ds4:   indexer_proj              0.33 MB    8 dispatches, 8 rows total  (once per row)
ds4:   attn_output_b            44.56 MB    1 dispatches, 8 rows total  (shared)
ds4:   ?                         0.98 MB    1 dispatches, 8 rows total  (shared)
ds4:   ffn_gate_inp              7.86 MB    8 dispatches, 8 rows total  (once per row)
ds4:   shexp_gate               12.53 MB    8 dispatches, 8 rows total  (once per row)
ds4:   shexp_down               12.53 MB    8 dispatches, 8 rows total  (once per row)
ds4:   attn_q_a                  6.96 MB    1 dispatches, 8 rows total  (shared)
ds4:   attn_kv                   2.79 MB    1 dispatches, 8 rows total  (shared)
ds4:   shexp_up                 12.53 MB    8 dispatches, 8 rows total  (once per row)
ds4:   ?                         0.98 MB    1 dispatches, 8 rows total  (shared)
ds4:   attn_q_b                 44.56 MB    1 dispatches, 8 rows total  (shared)
ds4:   attn_output_b            44.56 MB    1 dispatches, 8 rows total  (shared)
ds4:   ?                         0.98 MB    1 dispatches, 8 rows total  (shared)
ds4:   ffn_gate_inp              7.86 MB    8 dispatches, 8 rows total  (once per row)
ds4:   shexp_gate               12.53 MB    8 dispatches, 8 rows total  (once per row)
ds4:   shexp_down               12.53 MB    8 dispatches, 8 rows total  (once per row)
ds4:   attn_q_a                  6.96 MB    1 dispatches, 8 rows total  (shared)
ds4:   attn_kv                   2.79 MB    1 dispatches, 8 rows total  (shared)
ds4:   shexp_up                 12.53 MB    8 dispatches, 8 rows total  (once per row)
ds4:   243 shared (5.366 GB), 186 once-per-row (2.013 GB, 16.106 GB at 8 rows), 3 other
  median single    : 108.14 ms/token
  median 8-row step: 610.08 ms = 5.64x one single step
  perfect-draft ceiling: 13.11 tok/s (100 tok/s requires <= 80.00 ms/step)
  block width      : 1.42x of 8 (needs 10.81x for 100 tok/s)
  concurrent       : 37768 sections opened of 37768 asked
  marginal row cost: 71.71 ms = 66% of a standalone token
  rollback         : reproduces its own output
  batch vs single  : identical argmax (64 rows checked)
  break-even       : accept 71% of drafted tokens to beat single
  rolled-back passes agree with each other: yes
0924 21:44:21 ds4-server: chat ctx=31..35:4 gen=4 THINKING decoding chunk=0.15 t/s avg=0.15 t/s 25.979s
ds4-server: thinking not closed, ignoring incomplete DSML in reasoning
0924 21:44:21 ds4-server: chat ctx=0..31:31 gen=4 THINKING finish=length 32.455s
0924 21:44:23 ds4-server: shutdown requested, draining requests
