ds4: abort gate on for the first 40 layers
ds4: Metal device Apple M5 Max, 128.00 GiB RAM
ds4: Metal 4 tensor API enabled for Tensor kernels
ds4: drift-patch flags hc_stable=on norm_unify=on kv_raw_f32=off rope_exp2_log2=off math_safe=off tensor_matmul=on
ds4: Metal SSD streaming mode enabled; full model residency and warmup are skipped
ds4: SSD streaming auto cache budget
ds4:   metal recommends 107.52 GiB working set
ds4:   using 84% total for model + cached experts: 90.00 GiB
ds4:   non-routed weights: 9.37 GiB
ds4:   routed expert size: 9.49 MiB
ds4:   expert budget before prefill reserve: 8698 (80.63 GiB)
ds4: metal SSD streaming cache target 80.63 GiB; effective 80.63 GiB = 7.12 GiB prefill headroom + 73.51 GiB dynamic cache (7930 experts, 9.49 MiB each)
ds4: Metal SSD static weights locked 9.37 GiB; pageable 0.00 GiB
ds4: SSD streaming initial metal model map (569 spans, 9.37 GiB tensor span)
ds4: metal backend initialized for graph diagnostics
ds4: memory: KV 0.06 GiB (raw 0.01 + compressed 0.05) + buffers 3.27 GiB + resident model 9.37 GiB + expert cache 73.51 GiB + prefill expert reserve 7.12 GiB = 93.32 GiB planned
ds4: memory detail: ctx=8192 prefill_cap=4096 raw_kv_rows=128 compressed_kv_rows=8193 backend=metal
0924 20:40:55 ds4-server: context buffers 3403.39 MiB (ctx=8192, backend=metal, prefill_chunk=4096, raw_kv_rows=128, compressed_kv_rows=8193)
ds4: V4.1 static context buffers 3403.39 MiB (ctx=8192), Engram disk-only
0924 20:40:55 ds4-server: listening on http://127.0.0.1:8016
0924 20:40:58 ds4-server: chat ctx=0..31:31 prompt start
ds4: shared/routed FFN overlap ran, mode 1
ds4: expert residency set on the queue
0924 20:40:58 ds4-server: chat ctx=0..31:31 prefill chunk 1/31 (3.2%) chunk=0.00 t/s avg=5.03 t/s 0.199s
0924 20:40:58 ds4-server: chat ctx=0..31:31 prefill chunk 2/31 (6.5%) chunk=9.95 t/s avg=6.68 t/s 0.299s
0924 20:40:58 ds4-server: chat ctx=0..31:31 prefill chunk 3/31 (9.7%) chunk=12.11 t/s avg=7.85 t/s 0.382s
0924 20:40:58 ds4-server: chat ctx=0..31:31 prefill chunk 4/31 (12.9%) chunk=12.92 t/s avg=8.71 t/s 0.459s
0924 20:40:58 ds4-server: chat ctx=0..31:31 prefill chunk 5/31 (16.1%) chunk=12.80 t/s avg=9.30 t/s 0.538s
0924 20:40:58 ds4-server: chat ctx=0..31:31 prefill chunk 6/31 (19.4%) chunk=13.54 t/s avg=9.81 t/s 0.611s
0924 20:40:58 ds4-server: chat ctx=0..31:31 prefill chunk 7/31 (22.6%) chunk=11.55 t/s avg=10.03 t/s 0.698s
0924 20:40:59 ds4-server: chat ctx=0..31:31 prefill chunk 8/31 (25.8%) chunk=9.10 t/s avg=9.90 t/s 0.808s
0924 20:40:59 ds4-server: chat ctx=0..31:31 prefill chunk 9/31 (29.0%) chunk=9.79 t/s avg=9.89 t/s 0.910s
0924 20:40:59 ds4-server: chat ctx=0..31:31 prefill chunk 10/31 (32.3%) chunk=15.40 t/s avg=10.26 t/s 0.975s
0924 20:40:59 ds4-server: chat ctx=0..31:31 prefill chunk 11/31 (35.5%) chunk=14.52 t/s avg=10.54 t/s 1.044s
0924 20:40:59 ds4-server: chat ctx=0..31:31 prefill chunk 12/31 (38.7%) chunk=16.91 t/s avg=10.88 t/s 1.103s
0924 20:40:59 ds4-server: chat ctx=0..31:31 prefill chunk 13/31 (41.9%) chunk=11.90 t/s avg=10.95 t/s 1.187s
0924 20:40:59 ds4-server: chat ctx=0..31:31 prefill chunk 14/31 (45.2%) chunk=8.41 t/s avg=10.72 t/s 1.306s
0924 20:40:59 ds4-server: chat ctx=0..31:31 prefill chunk 15/31 (48.4%) chunk=11.67 t/s avg=10.78 t/s 1.391s
0924 20:40:59 ds4-server: chat ctx=0..31:31 prefill chunk 16/31 (51.6%) chunk=9.15 t/s avg=10.66 t/s 1.501s
0924 20:40:59 ds4-server: chat ctx=0..31:31 prefill chunk 17/31 (54.8%) chunk=10.07 t/s avg=10.62 t/s 1.600s
0924 20:40:59 ds4-server: chat ctx=0..31:31 prefill chunk 18/31 (58.1%) chunk=8.85 t/s avg=10.51 t/s 1.713s
0924 20:41:00 ds4-server: chat ctx=0..31:31 prefill chunk 19/31 (61.3%) chunk=11.96 t/s avg=10.57 t/s 1.797s
0924 20:41:00 ds4-server: chat ctx=0..31:31 prefill chunk 20/31 (64.5%) chunk=18.19 t/s avg=10.80 t/s 1.852s
0924 20:41:00 ds4-server: chat ctx=0..31:31 prefill chunk 21/31 (67.7%) chunk=18.23 t/s avg=11.01 t/s 1.907s
0924 20:41:00 ds4-server: chat ctx=0..31:31 prefill chunk 22/31 (71.0%) chunk=16.70 t/s avg=11.19 t/s 1.966s
0924 20:41:00 ds4-server: chat ctx=0..31:31 prefill chunk 23/31 (74.2%) chunk=18.83 t/s avg=11.39 t/s 2.020s
0924 20:41:00 ds4-server: chat ctx=0..31:31 prefill chunk 24/31 (77.4%) chunk=15.45 t/s avg=11.51 t/s 2.084s
0924 20:41:00 ds4-server: chat ctx=0..31:31 prefill chunk 25/31 (80.6%) chunk=18.94 t/s avg=11.70 t/s 2.137s
0924 20:41:00 ds4-server: chat ctx=0..31:31 prefill chunk 26/31 (83.9%) chunk=19.38 t/s avg=11.88 t/s 2.189s
0924 20:41:00 ds4-server: chat ctx=0..31:31 prefill chunk 27/31 (87.1%) chunk=16.53 t/s avg=12.00 t/s 2.249s
0924 20:41:00 ds4-server: chat ctx=0..31:31 prefill chunk 28/31 (90.3%) chunk=15.11 t/s avg=12.09 t/s 2.315s
0924 20:41:00 ds4-server: chat ctx=0..31:31 prefill chunk 29/31 (93.5%) chunk=13.48 t/s avg=12.14 t/s 2.390s
0924 20:41:00 ds4-server: chat ctx=0..31:31 prefill chunk 30/31 (96.8%) chunk=10.76 t/s avg=12.08 t/s 2.483s
0924 20:41:00 ds4-server: chat ctx=0..31:31 prefill chunk 31/31 (100.0%) chunk=10.57 t/s avg=12.03 t/s 2.577s
0924 20:41:00 ds4-server: chat ctx=0..31:31 prompt done 2.579s
ds4: V4.1 batch attn_output_b hoisted out of the per-row loop (4 rows)
ds4: gate over tokens 1-64: 34.12 command buffers, 29.92 aborts, 240.0 expert ids accounted, 651.85 MiB loaded a token; 0 the gate failed to switch off, 0 it could not gate
ds4:   one token, exclusive, same window: entry 0.00 + encode 3.86 + commit-to-done 49.71 + repair-load 15.27 + accounting 0.03 + tail 0.91 = 69.78 of a 74.31 ms wall, residual 4.54
ds4:   of the commit-to-done: GPU running 58.90 ms, GPU not running -9.19 ms
ds4:   2033.9 gated dispatches a token, 68.8 of them behind an abort; 2788.3 sent plain ahead of a buffer's first validate
ds4:   encode-ahead: 2.20 segments used, 26.97 dropped, 4.27 ms a token spent encoding under the GPU
ds4:   concurrent sections: 347.84 attempted, 347.84 opened a token
ds4:   speculation: 0.00 layers a token, 0.00 lanes computed, 0.00 matched, 0.00 GEMVs actually saved, 0.00 left to compute; compared 0.00 lanes, 0.00 floats differ, 0.00 by more than an ulp
ds4:   expert cache over the last 64 tokens: 360.00 hits, 68.67 misses, 0.00 evictions a token; 4395 of 7930 entries live (55.4%)
ds4:   of the address-table holes repaired a token: 0.00 already resident, 68.67 genuinely absent
ds4:   residency a token: 68.67 adds, 0.00 removes, 68.67 commits
ds4: gate over tokens 65-128: 14.00 command buffers, 0.00 aborts, 240.0 expert ids accounted, 0.00 MiB loaded a token; 0 the gate failed to switch off, 0 it could not gate
ds4:   one token, exclusive, same window: entry 0.00 + encode 0.75 + commit-to-done 29.11 + repair-load 0.00 + accounting 0.04 + tail 1.42 = 31.31 of a 35.14 ms wall, residual 3.83
ds4:   of the commit-to-done: GPU running 53.14 ms, GPU not running -24.03 ms
ds4:   1429.8 gated dispatches a token, 0.0 of them behind an abort; 610.3 sent plain ahead of a buffer's first validate
ds4:   encode-ahead: 12.00 segments used, 0.00 dropped, 3.77 ms a token spent encoding under the GPU
ds4:   concurrent sections: 80.00 attempted, 80.00 opened a token
ds4:   speculation: 0.00 layers a token, 0.00 lanes computed, 0.00 matched, 0.00 GEMVs actually saved, 0.00 left to compute; compared 0.00 lanes, 0.00 floats differ, 0.00 by more than an ulp
ds4:   expert cache over the last 64 tokens: 480.00 hits, 0.00 misses, 0.00 evictions a token; 4395 of 7930 entries live (55.4%)
ds4:   of the address-table holes repaired a token: 0.00 already resident, 0.00 genuinely absent
ds4:   residency a token: 0.00 adds, 0.00 removes, 0.00 commits
ds4: V4.1 verify selftest k=4, 32 positions from 31 (odd start, pair carry restored), 3 alternating rounds
  round 0: single 35.99 ms/token, batch 127.92 ms/step
  round 1: single 36.33 ms/token, batch 127.40 ms/step
  round 2: single 35.96 ms/token, batch 125.57 ms/step
  median single    : 35.99 ms/token
  median 4-row step: 127.40 ms = 3.54x one single step
  perfect-draft ceiling: 31.40 tok/s (100 tok/s requires <= 40.00 ms/step)
  block width      : 1.13x of 4 (needs 3.60x for 100 tok/s)
  marginal row cost: 30.47 ms = 85% of a standalone token
  rollback         : reproduces its own output
  batch vs single  : identical argmax (96 rows checked)
  break-even       : accept 88% of drafted tokens to beat single
  rolled-back passes agree with each other: yes
0924 20:41:10 ds4-server: chat ctx=31..35:4 gen=4 THINKING decoding chunk=0.40 t/s avg=0.40 t/s 10.036s
ds4-server: thinking not closed, ignoring incomplete DSML in reasoning
0924 20:41:10 ds4-server: chat ctx=0..31:31 gen=4 THINKING finish=length 12.615s
0924 20:41:12 ds4-server: shutdown requested, draining requests
