ds4: abort gate on for the first 40 layers
ds4: Metal device Apple M5 Max, 128.00 GiB RAM
ds4: Metal 4 tensor API enabled for Tensor kernels
ds4: drift-patch flags hc_stable=on norm_unify=on kv_raw_f32=off rope_exp2_log2=off math_safe=off tensor_matmul=on
ds4: Metal SSD streaming mode enabled; full model residency and warmup are skipped
ds4: SSD streaming auto cache budget
ds4:   metal recommends 107.52 GiB working set
ds4:   using 84% total for model + cached experts: 90.00 GiB
ds4:   non-routed weights: 9.37 GiB
ds4:   routed expert size: 9.49 MiB
ds4:   expert budget before prefill reserve: 8698 (80.63 GiB)
ds4: metal SSD streaming cache target 80.63 GiB; effective 80.63 GiB = 7.12 GiB prefill headroom + 73.51 GiB dynamic cache (7930 experts, 9.49 MiB each)
ds4: Metal SSD static weights locked 9.37 GiB; pageable 0.00 GiB
ds4: SSD streaming initial metal model map (569 spans, 9.37 GiB tensor span)
ds4: metal backend initialized for graph diagnostics
ds4: memory: KV 0.06 GiB (raw 0.01 + compressed 0.05) + buffers 3.27 GiB + resident model 9.37 GiB + expert cache 73.51 GiB + prefill expert reserve 7.12 GiB = 93.33 GiB planned
ds4: memory detail: ctx=8192 prefill_cap=4096 raw_kv_rows=128 compressed_kv_rows=8193 backend=metal
0924 21:51:59 ds4-server: context buffers 3411.39 MiB (ctx=8192, backend=metal, prefill_chunk=4096, raw_kv_rows=128, compressed_kv_rows=8193)
ds4: V4.1 static context buffers 3411.39 MiB (ctx=8192), Engram disk-only
0924 21:51:59 ds4-server: listening on http://127.0.0.1:8016
0924 21:52:01 ds4-server: chat ctx=0..31:31 prompt start
ds4: shared/routed FFN overlap ran, mode 1
ds4: expert residency set on the queue
0924 21:52:02 ds4-server: chat ctx=0..31:31 prefill chunk 1/31 (3.2%) chunk=0.00 t/s avg=4.93 t/s 0.203s
0924 21:52:02 ds4-server: chat ctx=0..31:31 prefill chunk 2/31 (6.5%) chunk=8.48 t/s avg=6.24 t/s 0.321s
0924 21:52:02 ds4-server: chat ctx=0..31:31 prefill chunk 3/31 (9.7%) chunk=10.35 t/s avg=7.19 t/s 0.417s
0924 21:52:02 ds4-server: chat ctx=0..31:31 prefill chunk 4/31 (12.9%) chunk=13.57 t/s avg=8.15 t/s 0.491s
0924 21:52:02 ds4-server: chat ctx=0..31:31 prefill chunk 5/31 (16.1%) chunk=13.39 t/s avg=8.84 t/s 0.566s
0924 21:52:02 ds4-server: chat ctx=0..31:31 prefill chunk 6/31 (19.4%) chunk=15.30 t/s avg=9.51 t/s 0.631s
0924 21:52:02 ds4-server: chat ctx=0..31:31 prefill chunk 7/31 (22.6%) chunk=11.90 t/s avg=9.79 t/s 0.715s
0924 21:52:02 ds4-server: chat ctx=0..31:31 prefill chunk 8/31 (25.8%) chunk=10.94 t/s avg=9.92 t/s 0.807s
0924 21:52:02 ds4-server: chat ctx=0..31:31 prefill chunk 9/31 (29.0%) chunk=12.60 t/s avg=10.16 t/s 0.886s
0924 21:52:02 ds4-server: chat ctx=0..31:31 prefill chunk 10/31 (32.3%) chunk=15.89 t/s avg=10.54 t/s 0.949s
0924 21:52:02 ds4-server: chat ctx=0..31:31 prefill chunk 11/31 (35.5%) chunk=14.76 t/s avg=10.82 t/s 1.017s
0924 21:52:03 ds4-server: chat ctx=0..31:31 prefill chunk 12/31 (38.7%) chunk=17.39 t/s avg=11.17 t/s 1.074s
0924 21:52:03 ds4-server: chat ctx=0..31:31 prefill chunk 13/31 (41.9%) chunk=16.33 t/s avg=11.45 t/s 1.135s
0924 21:52:03 ds4-server: chat ctx=0..31:31 prefill chunk 14/31 (45.2%) chunk=16.93 t/s avg=11.72 t/s 1.194s
0924 21:52:03 ds4-server: chat ctx=0..31:31 prefill chunk 15/31 (48.4%) chunk=18.31 t/s avg=12.01 t/s 1.249s
0924 21:52:03 ds4-server: chat ctx=0..31:31 prefill chunk 16/31 (51.6%) chunk=14.84 t/s avg=12.15 t/s 1.316s
0924 21:52:03 ds4-server: chat ctx=0..31:31 prefill chunk 17/31 (54.8%) chunk=15.92 t/s avg=12.33 t/s 1.379s
0924 21:52:03 ds4-server: chat ctx=0..31:31 prefill chunk 18/31 (58.1%) chunk=14.82 t/s avg=12.44 t/s 1.447s
0924 21:52:03 ds4-server: chat ctx=0..31:31 prefill chunk 19/31 (61.3%) chunk=16.36 t/s avg=12.60 t/s 1.508s
0924 21:52:03 ds4-server: chat ctx=0..31:31 prefill chunk 20/31 (64.5%) chunk=17.62 t/s avg=12.78 t/s 1.565s
0924 21:52:03 ds4-server: chat ctx=0..31:31 prefill chunk 21/31 (67.7%) chunk=19.48 t/s avg=13.00 t/s 1.616s
0924 21:52:03 ds4-server: chat ctx=0..31:31 prefill chunk 22/31 (71.0%) chunk=18.70 t/s avg=13.18 t/s 1.669s
0924 21:52:03 ds4-server: chat ctx=0..31:31 prefill chunk 23/31 (74.2%) chunk=19.41 t/s avg=13.37 t/s 1.721s
0924 21:52:03 ds4-server: chat ctx=0..31:31 prefill chunk 24/31 (77.4%) chunk=17.21 t/s avg=13.49 t/s 1.779s
0924 21:52:03 ds4-server: chat ctx=0..31:31 prefill chunk 25/31 (80.6%) chunk=19.33 t/s avg=13.66 t/s 1.831s
0924 21:52:03 ds4-server: chat ctx=0..31:31 prefill chunk 26/31 (83.9%) chunk=20.46 t/s avg=13.83 t/s 1.880s
0924 21:52:03 ds4-server: chat ctx=0..31:31 prefill chunk 27/31 (87.1%) chunk=18.27 t/s avg=13.96 t/s 1.934s
0924 21:52:03 ds4-server: chat ctx=0..31:31 prefill chunk 28/31 (90.3%) chunk=16.60 t/s avg=14.04 t/s 1.995s
0924 21:52:04 ds4-server: chat ctx=0..31:31 prefill chunk 29/31 (93.5%) chunk=16.22 t/s avg=14.10 t/s 2.056s
0924 21:52:04 ds4-server: chat ctx=0..31:31 prefill chunk 30/31 (96.8%) chunk=16.43 t/s avg=14.17 t/s 2.117s
0924 21:52:04 ds4-server: chat ctx=0..31:31 prefill chunk 31/31 (100.0%) chunk=19.32 t/s avg=14.29 t/s 2.169s
0924 21:52:04 ds4-server: chat ctx=0..31:31 prompt done 2.171s
ds4: gate over tokens 1-64: 34.33 command buffers, 30.23 aborts, 240.0 expert ids accounted, 656.74 MiB loaded a token; 0 the gate failed to switch off, 0 it could not gate
ds4:   one token, exclusive, same window: entry 0.00 + encode 4.09 + commit-to-done 40.69 + repair-load 15.09 + accounting 0.03 + tail 0.82 = 60.72 of a 65.87 ms wall, residual 5.15
ds4:   of the commit-to-done: GPU running 38.66 ms, GPU not running 2.03 ms
ds4:   2038.6 gated dispatches a token, 69.6 of them behind an abort; 2808.7 sent plain ahead of a buffer's first validate
ds4:   encode-ahead: 2.09 segments used, 27.23 dropped, 4.87 ms a token spent encoding under the GPU
ds4:   concurrent sections: 350.53 attempted, 350.53 opened a token
ds4:   speculation: 0.00 layers a token, 0.00 lanes computed, 0.00 matched, 0.00 GEMVs actually saved, 0.00 left to compute; compared 0.00 lanes, 0.00 floats differ, 0.00 by more than an ulp
ds4:   expert cache over the last 64 tokens: 240.00 hits, 69.19 misses, 0.00 evictions a token; 4428 of 7930 entries live (55.8%)
ds4:   of the address-table holes repaired a token: 0.00 already resident, 69.19 genuinely absent
ds4:   residency a token: 69.19 adds, 0.00 removes, 69.19 commits
ds4: V4.1 block-local KV delta, 8 rows over 31 prefix keys
ds4: V4.1 batch attn_output_b hoisted out of the per-row loop (8 rows)
ds4: V4.1 block attention by level, 8 rows, concurrent section open
ds4: gate over tokens 65-128: 22.31 command buffers, 12.45 aborts, 240.0 expert ids accounted, 193.40 MiB loaded a token; 0 the gate failed to switch off, 0 it could not gate
ds4:   one token, exclusive, same window: entry 0.00 + encode 1.61 + commit-to-done 32.24 + repair-load 4.54 + accounting 0.03 + tail 1.41 = 39.83 of a 42.68 ms wall, residual 2.85
ds4:   of the commit-to-done: GPU running 52.81 ms, GPU not running -20.57 ms
ds4:   1681.7 gated dispatches a token, 27.5 of them behind an abort; 1516.1 sent plain ahead of a buffer's first validate
ds4:   encode-ahead: 7.86 segments used, 11.23 dropped, 2.71 ms a token spent encoding under the GPU
ds4:   concurrent sections: 195.50 attempted, 195.50 opened a token
ds4:   speculation: 0.00 layers a token, 0.00 lanes computed, 0.00 matched, 0.00 GEMVs actually saved, 0.00 left to compute; compared 0.00 lanes, 0.00 floats differ, 0.00 by more than an ulp
ds4:   expert cache over the last 64 tokens: 480.00 hits, 20.38 misses, 0.00 evictions a token; 5732 of 7930 entries live (72.3%)
ds4:   of the address-table holes repaired a token: 0.00 already resident, 20.38 genuinely absent
ds4:   residency a token: 20.38 adds, 0.00 removes, 20.38 commits
ds4: V4.1 verify selftest k=8, 64 positions from 31 (odd start, pair carry restored), 1 alternating rounds
  round 0: single 34.91 ms/token, batch 223.02 ms/step
ds4: weight scans a 8-row block asks for (logical, not DRAM):
ds4:   attn_q_a                  6.96 MB   1 dispatch,  8 rows,  8 scans =   55.71 MB
ds4:   attn_kv                   2.79 MB   1 dispatch,  8 rows,  8 scans =   22.28 MB
ds4:   shexp_up                 12.53 MB   8 dispatch,  8 rows,  8 scans =  100.27 MB
ds4:   ?                         0.98 MB   1 dispatch,  8 rows,  8 scans =    7.86 MB
ds4:   attn_q_b                 44.56 MB   1 dispatch,  8 rows,  8 scans =  356.52 MB
ds4:   attn_output_a            35.65 MB   8 dispatch,  8 rows,  8 scans =  285.21 MB
ds4:   attn_output_b            44.56 MB   1 dispatch,  8 rows,  8 scans =  356.52 MB
ds4:   ?                         0.98 MB   1 dispatch,  8 rows,  8 scans =    7.86 MB
ds4:   ffn_gate_inp              7.86 MB   8 dispatch,  8 rows,  8 scans =   62.91 MB
ds4:   shexp_gate               12.53 MB   8 dispatch,  8 rows,  8 scans =  100.27 MB
ds4:   shexp_down               12.53 MB   8 dispatch,  8 rows,  8 scans =  100.27 MB
ds4:   attn_q_a                  6.96 MB   1 dispatch,  8 rows,  8 scans =   55.71 MB
ds4:   attn_kv                   2.79 MB   1 dispatch,  8 rows,  8 scans =   22.28 MB
ds4:   indexer_attn_k            0.13 MB   4 dispatch,  4 rows,  4 scans =    0.52 MB
ds4:   shexp_up                 12.53 MB   8 dispatch,  8 rows,  8 scans =  100.27 MB
ds4:   ?                         0.98 MB   1 dispatch,  8 rows,  8 scans =    7.86 MB
ds4:   attn_q_b                 44.56 MB   1 dispatch,  8 rows,  8 scans =  356.52 MB
ds4:   attn_output_a            35.65 MB   8 dispatch,  8 rows,  8 scans =  285.21 MB
ds4:   attn_output_b            44.56 MB   1 dispatch,  8 rows,  8 scans =  356.52 MB
ds4:   ?                         0.98 MB   1 dispatch,  8 rows,  8 scans =    7.86 MB
ds4:   ffn_gate_inp              7.86 MB   8 dispatch,  8 rows,  8 scans =   62.91 MB
ds4:   shexp_gate               12.53 MB   8 dispatch,  8 rows,  8 scans =  100.27 MB
ds4:   shexp_down               12.53 MB   8 dispatch,  8 rows,  8 scans =  100.27 MB
ds4:   attn_q_a                  6.96 MB   1 dispatch,  8 rows,  8 scans =   55.71 MB
ds4:   attn_kv                   2.79 MB   1 dispatch,  8 rows,  8 scans =   22.28 MB
ds4:   shexp_up                 12.53 MB   8 dispatch,  8 rows,  8 scans =  100.27 MB
ds4:   ?                         0.98 MB   1 dispatch,  8 rows,  8 scans =    7.86 MB
ds4:   attn_q_b                 44.56 MB   1 dispatch,  8 rows,  8 scans =  356.52 MB
ds4:   attn_output_a            35.65 MB   8 dispatch,  8 rows,  8 scans =  285.21 MB
ds4:   attn_output_b            44.56 MB   1 dispatch,  8 rows,  8 scans =  356.52 MB
ds4:   ?                         0.98 MB   1 dispatch,  8 rows,  8 scans =    7.86 MB
ds4:   ffn_gate_inp              7.86 MB   8 dispatch,  8 rows,  8 scans =   62.91 MB
ds4:   shexp_gate               12.53 MB   8 dispatch,  8 rows,  8 scans =  100.27 MB
ds4:   shexp_down               12.53 MB   8 dispatch,  8 rows,  8 scans =  100.27 MB
ds4:   attn_q_a                  6.96 MB   1 dispatch,  8 rows,  8 scans =   55.71 MB
ds4:   attn_kv                   2.79 MB   1 dispatch,  8 rows,  8 scans =   22.28 MB
ds4:   shexp_up                 12.53 MB   8 dispatch,  8 rows,  8 scans =  100.27 MB
ds4:   ?                         0.98 MB   1 dispatch,  8 rows,  8 scans =    7.86 MB
ds4:   attn_q_b                 44.56 MB   1 dispatch,  8 rows,  8 scans =  356.52 MB
ds4:   attn_output_a            35.65 MB   8 dispatch,  8 rows,  8 scans =  285.21 MB
ds4:   attn_output_b            44.56 MB   1 dispatch,  8 rows,  8 scans =  356.52 MB
ds4:   ?                         0.98 MB   1 dispatch,  8 rows,  8 scans =    7.86 MB
ds4:   ffn_gate_inp              7.86 MB   8 dispatch,  8 rows,  8 scans =   62.91 MB
ds4:   shexp_gate               12.53 MB   8 dispatch,  8 rows,  8 scans =  100.27 MB
ds4:   shexp_down               12.53 MB   8 dispatch,  8 rows,  8 scans =  100.27 MB
ds4:   attn_q_a                  6.96 MB   1 dispatch,  8 rows,  8 scans =   55.71 MB
ds4:   attn_kv                   2.79 MB   1 dispatch,  8 rows,  8 scans =   22.28 MB
ds4:   indexer_attn_k            0.13 MB   4 dispatch,  4 rows,  4 scans =    0.52 MB
ds4:   shexp_up                 12.53 MB   8 dispatch,  8 rows,  8 scans =  100.27 MB
ds4:   ?                         0.98 MB   1 dispatch,  8 rows,  8 scans =    7.86 MB
ds4:   attn_q_b                 44.56 MB   1 dispatch,  8 rows,  8 scans =  356.52 MB
ds4:   attn_output_a            35.65 MB   8 dispatch,  8 rows,  8 scans =  285.21 MB
ds4:   attn_output_b            44.56 MB   1 dispatch,  8 rows,  8 scans =  356.52 MB
ds4:   ?                         0.98 MB   1 dispatch,  8 rows,  8 scans =    7.86 MB
ds4:   ffn_gate_inp              7.86 MB   8 dispatch,  8 rows,  8 scans =   62.91 MB
ds4:   shexp_gate               12.53 MB   8 dispatch,  8 rows,  8 scans =  100.27 MB
ds4:   shexp_down               12.53 MB   8 dispatch,  8 rows,  8 scans =  100.27 MB
ds4:   attn_q_a                  6.96 MB   1 dispatch,  8 rows,  8 scans =   55.71 MB
ds4:   attn_kv                   2.79 MB   1 dispatch,  8 rows,  8 scans =   22.28 MB
ds4:   shexp_up                 12.53 MB   8 dispatch,  8 rows,  8 scans =  100.27 MB
ds4:   ?                         0.98 MB   1 dispatch,  8 rows,  8 scans =    7.86 MB
ds4:   attn_q_b                 44.56 MB   1 dispatch,  8 rows,  8 scans =  356.52 MB
ds4:   attn_output_a            35.65 MB   8 dispatch,  8 rows,  8 scans =  285.21 MB
ds4:   attn_output_b            44.56 MB   1 dispatch,  8 rows,  8 scans =  356.52 MB
ds4:   ?                         0.98 MB   1 dispatch,  8 rows,  8 scans =    7.86 MB
ds4:   ffn_gate_inp              7.86 MB   8 dispatch,  8 rows,  8 scans =   62.91 MB
ds4:   shexp_gate               12.53 MB   8 dispatch,  8 rows,  8 scans =  100.27 MB
ds4:   shexp_down               12.53 MB   8 dispatch,  8 rows,  8 scans =  100.27 MB
ds4:   attn_q_a                  6.96 MB   1 dispatch,  8 rows,  8 scans =   55.71 MB
ds4:   attn_kv                   2.79 MB   1 dispatch,  8 rows,  8 scans =   22.28 MB
ds4:   shexp_up                 12.53 MB   8 dispatch,  8 rows,  8 scans =  100.27 MB
ds4:   ?                         0.98 MB   1 dispatch,  8 rows,  8 scans =    7.86 MB
ds4:   attn_q_b                 44.56 MB   1 dispatch,  8 rows,  8 scans =  356.52 MB
ds4:   attn_output_a            35.65 MB   8 dispatch,  8 rows,  8 scans =  285.21 MB
ds4:   attn_output_b            44.56 MB   1 dispatch,  8 rows,  8 scans =  356.52 MB
ds4:   ?                         0.98 MB   1 dispatch,  8 rows,  8 scans =    7.86 MB
ds4:   ffn_gate_inp              7.86 MB   8 dispatch,  8 rows,  8 scans =   62.91 MB
ds4:   shexp_gate               12.53 MB   8 dispatch,  8 rows,  8 scans =  100.27 MB
ds4:   shexp_down               12.53 MB   8 dispatch,  8 rows,  8 scans =  100.27 MB
ds4:   ?                       314.57 MB   1 dispatch,  8 rows,  8 scans = 2516.58 MB
ds4:   attn_q_a                  6.96 MB   1 dispatch,  8 rows,  8 scans =   55.71 MB
ds4:   attn_kv                   2.79 MB   1 dispatch,  8 rows,  8 scans =   22.28 MB
ds4:   indexer_attn_k            0.13 MB   4 dispatch,  4 rows,  4 scans =    0.52 MB
ds4:   shexp_up                 12.53 MB   8 dispatch,  8 rows,  8 scans =  100.27 MB
ds4:   ?                         0.98 MB   1 dispatch,  8 rows,  8 scans =    7.86 MB
ds4:   attn_q_b                 44.56 MB   1 dispatch,  8 rows,  8 scans =  356.52 MB
ds4:   attn_output_a            35.65 MB   8 dispatch,  8 rows,  8 scans =  285.21 MB
ds4:   attn_output_b            44.56 MB   1 dispatch,  8 rows,  8 scans =  356.52 MB
ds4:   ?                         0.98 MB   1 dispatch,  8 rows,  8 scans =    7.86 MB
ds4:   ffn_gate_inp              7.86 MB   8 dispatch,  8 rows,  8 scans =   62.91 MB
ds4:   shexp_gate               12.53 MB   8 dispatch,  8 rows,  8 scans =  100.27 MB
ds4:   shexp_down               12.53 MB   8 dispatch,  8 rows,  8 scans =  100.27 MB
ds4:   attn_q_a                  6.96 MB   1 dispatch,  8 rows,  8 scans =   55.71 MB
ds4:   attn_kv                   2.79 MB   1 dispatch,  8 rows,  8 scans =   22.28 MB
ds4:   shexp_up                 12.53 MB   8 dispatch,  8 rows,  8 scans =  100.27 MB
ds4:   ?                         0.98 MB   1 dispatch,  8 rows,  8 scans =    7.86 MB
ds4:   attn_q_b                 44.56 MB   1 dispatch,  8 rows,  8 scans =  356.52 MB
ds4:   attn_output_a            35.65 MB   8 dispatch,  8 rows,  8 scans =  285.21 MB
ds4:   attn_output_b            44.56 MB   1 dispatch,  8 rows,  8 scans =  356.52 MB
ds4:   ?                         0.98 MB   1 dispatch,  8 rows,  8 scans =    7.86 MB
ds4:   ffn_gate_inp              7.86 MB   8 dispatch,  8 rows,  8 scans =   62.91 MB
ds4:   shexp_gate               12.53 MB   8 dispatch,  8 rows,  8 scans =  100.27 MB
ds4:   shexp_down               12.53 MB   8 dispatch,  8 rows,  8 scans =  100.27 MB
ds4:   attn_q_a                  6.96 MB   1 dispatch,  8 rows,  8 scans =   55.71 MB
ds4:   attn_kv                   2.79 MB   1 dispatch,  8 rows,  8 scans =   22.28 MB
ds4:   shexp_up                 12.53 MB   8 dispatch,  8 rows,  8 scans =  100.27 MB
ds4:   ?                         0.98 MB   1 dispatch,  8 rows,  8 scans =    7.86 MB
ds4:   attn_q_b                 44.56 MB   1 dispatch,  8 rows,  8 scans =  356.52 MB
ds4:   attn_output_a            35.65 MB   8 dispatch,  8 rows,  8 scans =  285.21 MB
ds4:   attn_output_b            44.56 MB   1 dispatch,  8 rows,  8 scans =  356.52 MB
ds4:   ?                         0.98 MB   1 dispatch,  8 rows,  8 scans =    7.86 MB
ds4:   ffn_gate_inp              7.86 MB   8 dispatch,  8 rows,  8 scans =   62.91 MB
ds4:   shexp_gate               12.53 MB   8 dispatch,  8 rows,  8 scans =  100.27 MB
ds4:   shexp_down               12.53 MB   8 dispatch,  8 rows,  8 scans =  100.27 MB
ds4:   attn_q_a                  6.96 MB   1 dispatch,  8 rows,  8 scans =   55.71 MB
ds4:   attn_kv                   2.79 MB   1 dispatch,  8 rows,  8 scans =   22.28 MB
ds4:   indexer_attn_k            0.13 MB   8 dispatch,  8 rows,  8 scans =    1.05 MB
ds4:   shexp_up                 12.53 MB   8 dispatch,  8 rows,  8 scans =  100.27 MB
ds4:   ?                         0.98 MB   1 dispatch,  8 rows,  8 scans =    7.86 MB
ds4:   attn_q_b                 44.56 MB   1 dispatch,  8 rows,  8 scans =  356.52 MB
ds4:   attn_output_a            35.65 MB   8 dispatch,  8 rows,  8 scans =  285.21 MB
ds4:   attn_output_b            44.56 MB   1 dispatch,  8 rows,  8 scans =  356.52 MB
ds4:   ?                         0.98 MB   1 dispatch,  8 rows,  8 scans =    7.86 MB
ds4:   ffn_gate_inp              7.86 MB   8 dispatch,  8 rows,  8 scans =   62.91 MB
ds4:   shexp_gate               12.53 MB   8 dispatch,  8 rows,  8 scans =  100.27 MB
ds4:   shexp_down               12.53 MB   8 dispatch,  8 rows,  8 scans =  100.27 MB
ds4:   attn_q_a                  6.96 MB   1 dispatch,  8 rows,  8 scans =   55.71 MB
ds4:   attn_kv                   2.79 MB   1 dispatch,  8 rows,  8 scans =   22.28 MB
ds4:   shexp_up                 12.53 MB   8 dispatch,  8 rows,  8 scans =  100.27 MB
ds4:   ?                         0.98 MB   1 dispatch,  8 rows,  8 scans =    7.86 MB
ds4:   attn_q_b                 44.56 MB   1 dispatch,  8 rows,  8 scans =  356.52 MB
ds4:   attn_output_a            35.65 MB   8 dispatch,  8 rows,  8 scans =  285.21 MB
ds4:   attn_output_b            44.56 MB   1 dispatch,  8 rows,  8 scans =  356.52 MB
ds4:   ?                         0.98 MB   1 dispatch,  8 rows,  8 scans =    7.86 MB
ds4:   ffn_gate_inp              7.86 MB   8 dispatch,  8 rows,  8 scans =   62.91 MB
ds4:   shexp_gate               12.53 MB   8 dispatch,  8 rows,  8 scans =  100.27 MB
ds4:   shexp_down               12.53 MB   8 dispatch,  8 rows,  8 scans =  100.27 MB
ds4:   attn_q_a                  6.96 MB   1 dispatch,  8 rows,  8 scans =   55.71 MB
ds4:   attn_kv                   2.79 MB   1 dispatch,  8 rows,  8 scans =   22.28 MB
ds4:   shexp_up                 12.53 MB   8 dispatch,  8 rows,  8 scans =  100.27 MB
ds4:   ?                         0.98 MB   1 dispatch,  8 rows,  8 scans =    7.86 MB
ds4:   attn_q_b                 44.56 MB   1 dispatch,  8 rows,  8 scans =  356.52 MB
ds4:   attn_output_a            35.65 MB   8 dispatch,  8 rows,  8 scans =  285.21 MB
ds4:   attn_output_b            44.56 MB   1 dispatch,  8 rows,  8 scans =  356.52 MB
ds4:   ?                         0.98 MB   1 dispatch,  8 rows,  8 scans =    7.86 MB
ds4:   ffn_gate_inp              7.86 MB   8 dispatch,  8 rows,  8 scans =   62.91 MB
ds4:   shexp_gate               12.53 MB   8 dispatch,  8 rows,  8 scans =  100.27 MB
ds4:   shexp_down               12.53 MB   8 dispatch,  8 rows,  8 scans =  100.27 MB
ds4:   attn_q_a                  6.96 MB   1 dispatch,  8 rows,  8 scans =   55.71 MB
ds4:   attn_kv                   2.79 MB   1 dispatch,  8 rows,  8 scans =   22.28 MB
ds4:   shexp_up                 12.53 MB   8 dispatch,  8 rows,  8 scans =  100.27 MB
ds4:   ?                         0.98 MB   1 dispatch,  8 rows,  8 scans =    7.86 MB
ds4:   attn_q_b                 44.56 MB   1 dispatch,  8 rows,  8 scans =  356.52 MB
ds4:   attn_output_a            35.65 MB   8 dispatch,  8 rows,  8 scans =  285.21 MB
ds4:   attn_output_b            44.56 MB   1 dispatch,  8 rows,  8 scans =  356.52 MB
ds4:   ?                         0.98 MB   1 dispatch,  8 rows,  8 scans =    7.86 MB
ds4:   ffn_gate_inp              7.86 MB   8 dispatch,  8 rows,  8 scans =   62.91 MB
ds4:   shexp_gate               12.53 MB   8 dispatch,  8 rows,  8 scans =  100.27 MB
ds4:   shexp_down               12.53 MB   8 dispatch,  8 rows,  8 scans =  100.27 MB
ds4:   attn_q_a                  6.96 MB   1 dispatch,  8 rows,  8 scans =   55.71 MB
ds4:   attn_kv                   2.79 MB   1 dispatch,  8 rows,  8 scans =   22.28 MB
ds4:   shexp_up                 12.53 MB   8 dispatch,  8 rows,  8 scans =  100.27 MB
ds4:   ?                         0.98 MB   1 dispatch,  8 rows,  8 scans =    7.86 MB
ds4:   attn_q_b                 44.56 MB   1 dispatch,  8 rows,  8 scans =  356.52 MB
ds4:   attn_output_a            35.65 MB   8 dispatch,  8 rows,  8 scans =  285.21 MB
ds4:   attn_output_b            44.56 MB   1 dispatch,  8 rows,  8 scans =  356.52 MB
ds4:   ?                         0.98 MB   1 dispatch,  8 rows,  8 scans =    7.86 MB
ds4:   ffn_gate_inp              7.86 MB   8 dispatch,  8 rows,  8 scans =   62.91 MB
ds4:   shexp_gate               12.53 MB   8 dispatch,  8 rows,  8 scans =  100.27 MB
ds4:   shexp_down               12.53 MB   8 dispatch,  8 rows,  8 scans =  100.27 MB
ds4:   attn_q_a                  6.96 MB   1 dispatch,  8 rows,  8 scans =   55.71 MB
ds4:   attn_kv                   2.79 MB   1 dispatch,  8 rows,  8 scans =   22.28 MB
ds4:   shexp_up                 12.53 MB   8 dispatch,  8 rows,  8 scans =  100.27 MB
ds4:   ?                         0.98 MB   1 dispatch,  8 rows,  8 scans =    7.86 MB
ds4:   attn_q_b                 44.56 MB   1 dispatch,  8 rows,  8 scans =  356.52 MB
ds4:   attn_output_a            35.65 MB   8 dispatch,  8 rows,  8 scans =  285.21 MB
ds4:   attn_output_b            44.56 MB   1 dispatch,  8 rows,  8 scans =  356.52 MB
ds4:   ?                         0.98 MB   1 dispatch,  8 rows,  8 scans =    7.86 MB
ds4:   ffn_gate_inp              7.86 MB   8 dispatch,  8 rows,  8 scans =   62.91 MB
ds4:   shexp_gate               12.53 MB   8 dispatch,  8 rows,  8 scans =  100.27 MB
ds4:   shexp_down               12.53 MB   8 dispatch,  8 rows,  8 scans =  100.27 MB
ds4:   attn_q_a                  6.96 MB   1 dispatch,  8 rows,  8 scans =   55.71 MB
ds4:   attn_kv                   2.79 MB   1 dispatch,  8 rows,  8 scans =   22.28 MB
ds4:   shexp_up                 12.53 MB   8 dispatch,  8 rows,  8 scans =  100.27 MB
ds4:   ?                         0.98 MB   1 dispatch,  8 rows,  8 scans =    7.86 MB
ds4:   attn_q_b                 44.56 MB   1 dispatch,  8 rows,  8 scans =  356.52 MB
ds4:   attn_output_a            35.65 MB   8 dispatch,  8 rows,  8 scans =  285.21 MB
ds4:   attn_output_b            44.56 MB   1 dispatch,  8 rows,  8 scans =  356.52 MB
ds4:   ?                         0.98 MB   1 dispatch,  8 rows,  8 scans =    7.86 MB
ds4:   ffn_gate_inp              7.86 MB   8 dispatch,  8 rows,  8 scans =   62.91 MB
ds4:   shexp_gate               12.53 MB   8 dispatch,  8 rows,  8 scans =  100.27 MB
ds4:   shexp_down               12.53 MB   8 dispatch,  8 rows,  8 scans =  100.27 MB
ds4:   attn_q_a                  6.96 MB   1 dispatch,  8 rows,  8 scans =   55.71 MB
ds4:   attn_kv                   2.79 MB   1 dispatch,  8 rows,  8 scans =   22.28 MB
ds4:   shexp_up                 12.53 MB   8 dispatch,  8 rows,  8 scans =  100.27 MB
ds4:   ?                         0.98 MB   1 dispatch,  8 rows,  8 scans =    7.86 MB
ds4:   attn_q_b                 44.56 MB   1 dispatch,  8 rows,  8 scans =  356.52 MB
ds4:   attn_output_a            35.65 MB   8 dispatch,  8 rows,  8 scans =  285.21 MB
ds4:   attn_output_b            44.56 MB   1 dispatch,  8 rows,  8 scans =  356.52 MB
ds4:   ?                         0.98 MB   1 dispatch,  8 rows,  8 scans =    7.86 MB
ds4:   ffn_gate_inp              7.86 MB   8 dispatch,  8 rows,  8 scans =   62.91 MB
ds4:   shexp_gate               12.53 MB   8 dispatch,  8 rows,  8 scans =  100.27 MB
ds4:   shexp_down               12.53 MB   8 dispatch,  8 rows,  8 scans =  100.27 MB
ds4:   attn_q_a                  6.96 MB   1 dispatch,  8 rows,  8 scans =   55.71 MB
ds4:   attn_kv                   2.79 MB   1 dispatch,  8 rows,  8 scans =   22.28 MB
ds4:   shexp_up                 12.53 MB   8 dispatch,  8 rows,  8 scans =  100.27 MB
ds4:   ?                         0.98 MB   1 dispatch,  8 rows,  8 scans =    7.86 MB
ds4:   attn_q_b                 44.56 MB   1 dispatch,  8 rows,  8 scans =  356.52 MB
ds4:   attn_output_a            35.65 MB   8 dispatch,  8 rows,  8 scans =  285.21 MB
ds4:   attn_output_b            44.56 MB   1 dispatch,  8 rows,  8 scans =  356.52 MB
ds4:   ?                         0.98 MB   1 dispatch,  8 rows,  8 scans =    7.86 MB
ds4:   ffn_gate_inp              7.86 MB   8 dispatch,  8 rows,  8 scans =   62.91 MB
ds4:   shexp_gate               12.53 MB   8 dispatch,  8 rows,  8 scans =  100.27 MB
ds4:   shexp_down               12.53 MB   8 dispatch,  8 rows,  8 scans =  100.27 MB
ds4:   attn_q_a                  6.96 MB   1 dispatch,  8 rows,  8 scans =   55.71 MB
ds4:   attn_kv                   2.79 MB   1 dispatch,  8 rows,  8 scans =   22.28 MB
ds4:   shexp_up                 12.53 MB   8 dispatch,  8 rows,  8 scans =  100.27 MB
ds4:   ?                         0.98 MB   1 dispatch,  8 rows,  8 scans =    7.86 MB
ds4:   attn_q_b                 44.56 MB   1 dispatch,  8 rows,  8 scans =  356.52 MB
ds4:   attn_output_a            35.65 MB   8 dispatch,  8 rows,  8 scans =  285.21 MB
ds4:   attn_output_b            44.56 MB   1 dispatch,  8 rows,  8 scans =  356.52 MB
ds4:   ?                         0.98 MB   1 dispatch,  8 rows,  8 scans =    7.86 MB
ds4:   ffn_gate_inp              7.86 MB   8 dispatch,  8 rows,  8 scans =   62.91 MB
ds4:   shexp_gate               12.53 MB   8 dispatch,  8 rows,  8 scans =  100.27 MB
ds4:   shexp_down               12.53 MB   8 dispatch,  8 rows,  8 scans =  100.27 MB
ds4:   head                    703.28 MB   1 dispatch,  8 rows,  8 scans = 5626.27 MB
ds4:   ?                         0.98 MB   1 dispatch,  8 rows,  8 scans =    7.86 MB
ds4:   attn_q_b                 44.56 MB   1 dispatch,  8 rows,  8 scans =  356.52 MB
ds4:   attn_output_a            35.65 MB   8 dispatch,  8 rows,  8 scans =  285.21 MB
ds4:   attn_output_b            44.56 MB   1 dispatch,  8 rows,  8 scans =  356.52 MB
ds4:   ?                         0.98 MB   1 dispatch,  8 rows,  8 scans =    7.86 MB
ds4:   ffn_gate_inp              7.86 MB   8 dispatch,  8 rows,  8 scans =   62.91 MB
ds4:   shexp_gate               12.53 MB   8 dispatch,  8 rows,  8 scans =  100.27 MB
ds4:   shexp_down               12.53 MB   8 dispatch,  8 rows,  8 scans =  100.27 MB
ds4:   ?                       314.57 MB   1 dispatch,  8 rows,  8 scans = 2516.58 MB
ds4:   attn_q_a                  6.96 MB   1 dispatch,  8 rows,  8 scans =   55.71 MB
ds4:   attn_kv                   2.79 MB   1 dispatch,  8 rows,  8 scans =   22.28 MB
ds4:   shexp_up                 12.53 MB   8 dispatch,  8 rows,  8 scans =  100.27 MB
ds4:   ?                         0.98 MB   1 dispatch,  8 rows,  8 scans =    7.86 MB
ds4:   attn_q_b                 44.56 MB   1 dispatch,  8 rows,  8 scans =  356.52 MB
ds4:   attn_compressor_kv        5.24 MB   8 dispatch,  8 rows,  8 scans =   41.94 MB
ds4:   attn_compressor_gate      5.24 MB   8 dispatch,  8 rows,  8 scans =   41.94 MB
ds4:   indexer_attn_q_b         10.49 MB   8 dispatch,  8 rows,  8 scans =   83.89 MB
ds4:   indexer_proj              0.33 MB   8 dispatch,  8 rows,  8 scans =    2.62 MB
ds4:   attn_output_a            35.65 MB   8 dispatch,  8 rows,  8 scans =  285.21 MB
ds4:   attn_output_b            44.56 MB   1 dispatch,  8 rows,  8 scans =  356.52 MB
ds4:   ?                         0.98 MB   1 dispatch,  8 rows,  8 scans =    7.86 MB
ds4:   ffn_gate_inp              7.86 MB   8 dispatch,  8 rows,  8 scans =   62.91 MB
ds4:   shexp_gate               12.53 MB   8 dispatch,  8 rows,  8 scans =  100.27 MB
ds4:   shexp_down               12.53 MB   8 dispatch,  8 rows,  8 scans =  100.27 MB
ds4:   attn_q_a                  6.96 MB   1 dispatch,  8 rows,  8 scans =   55.71 MB
ds4:   attn_kv                   2.79 MB   1 dispatch,  8 rows,  8 scans =   22.28 MB
ds4:   shexp_up                 12.53 MB   8 dispatch,  8 rows,  8 scans =  100.27 MB
ds4:   ?                         0.98 MB   1 dispatch,  8 rows,  8 scans =    7.86 MB
ds4:   attn_q_b                 44.56 MB   1 dispatch,  8 rows,  8 scans =  356.52 MB
ds4:   attn_output_a            35.65 MB   8 dispatch,  8 rows,  8 scans =  285.21 MB
ds4:   attn_output_b            44.56 MB   1 dispatch,  8 rows,  8 scans =  356.52 MB
ds4:   ?                         0.98 MB   1 dispatch,  8 rows,  8 scans =    7.86 MB
ds4:   ffn_gate_inp              7.86 MB   8 dispatch,  8 rows,  8 scans =   62.91 MB
ds4:   shexp_gate               12.53 MB   8 dispatch,  8 rows,  8 scans =  100.27 MB
ds4:   shexp_down               12.53 MB   8 dispatch,  8 rows,  8 scans =  100.27 MB
ds4:   attn_q_a                  6.96 MB   1 dispatch,  8 rows,  8 scans =   55.71 MB
ds4:   attn_kv                   2.79 MB   1 dispatch,  8 rows,  8 scans =   22.28 MB
ds4:   shexp_up                 12.53 MB   8 dispatch,  8 rows,  8 scans =  100.27 MB
ds4:   ?                         0.98 MB   1 dispatch,  8 rows,  8 scans =    7.86 MB
ds4:   attn_q_b                 44.56 MB   1 dispatch,  8 rows,  8 scans =  356.52 MB
ds4:   attn_output_a            35.65 MB   8 dispatch,  8 rows,  8 scans =  285.21 MB
ds4:   attn_output_b            44.56 MB   1 dispatch,  8 rows,  8 scans =  356.52 MB
ds4:   ?                         0.98 MB   1 dispatch,  8 rows,  8 scans =    7.86 MB
ds4:   ffn_gate_inp              7.86 MB   8 dispatch,  8 rows,  8 scans =   62.91 MB
ds4:   shexp_gate               12.53 MB   8 dispatch,  8 rows,  8 scans =  100.27 MB
ds4:   shexp_down               12.53 MB   8 dispatch,  8 rows,  8 scans =  100.27 MB
ds4:   attn_q_a                  6.96 MB   1 dispatch,  8 rows,  8 scans =   55.71 MB
ds4:   attn_kv                   2.79 MB   1 dispatch,  8 rows,  8 scans =   22.28 MB
ds4:   shexp_up                 12.53 MB   8 dispatch,  8 rows,  8 scans =  100.27 MB
ds4:   ?                         0.98 MB   1 dispatch,  8 rows,  8 scans =    7.86 MB
ds4:   attn_q_b                 44.56 MB   1 dispatch,  8 rows,  8 scans =  356.52 MB
ds4:   attn_compressor_kv        5.24 MB   8 dispatch,  8 rows,  8 scans =   41.94 MB
ds4:   attn_compressor_gate      5.24 MB   8 dispatch,  8 rows,  8 scans =   41.94 MB
ds4:   indexer_attn_q_b         10.49 MB   8 dispatch,  8 rows,  8 scans =   83.89 MB
ds4:   indexer_proj              0.33 MB   8 dispatch,  8 rows,  8 scans =    2.62 MB
ds4:   attn_output_a            35.65 MB   8 dispatch,  8 rows,  8 scans =  285.21 MB
ds4:   attn_output_b            44.56 MB   1 dispatch,  8 rows,  8 scans =  356.52 MB
ds4:   ?                         0.98 MB   1 dispatch,  8 rows,  8 scans =    7.86 MB
ds4:   ffn_gate_inp              7.86 MB   8 dispatch,  8 rows,  8 scans =   62.91 MB
ds4:   shexp_gate               12.53 MB   8 dispatch,  8 rows,  8 scans =  100.27 MB
ds4:   shexp_down               12.53 MB   8 dispatch,  8 rows,  8 scans =  100.27 MB
ds4:   attn_q_a                  6.96 MB   1 dispatch,  8 rows,  8 scans =   55.71 MB
ds4:   attn_kv                   2.79 MB   1 dispatch,  8 rows,  8 scans =   22.28 MB
ds4:   shexp_up                 12.53 MB   8 dispatch,  8 rows,  8 scans =  100.27 MB
ds4:   ?                         0.98 MB   1 dispatch,  8 rows,  8 scans =    7.86 MB
ds4:   attn_q_b                 44.56 MB   1 dispatch,  8 rows,  8 scans =  356.52 MB
ds4:   attn_output_a            35.65 MB   8 dispatch,  8 rows,  8 scans =  285.21 MB
ds4:   attn_output_b            44.56 MB   1 dispatch,  8 rows,  8 scans =  356.52 MB
ds4:   ?                         0.98 MB   1 dispatch,  8 rows,  8 scans =    7.86 MB
ds4:   ffn_gate_inp              7.86 MB   8 dispatch,  8 rows,  8 scans =   62.91 MB
ds4:   shexp_gate               12.53 MB   8 dispatch,  8 rows,  8 scans =  100.27 MB
ds4:   shexp_down               12.53 MB   8 dispatch,  8 rows,  8 scans =  100.27 MB
ds4:   attn_q_a                  6.96 MB   1 dispatch,  8 rows,  8 scans =   55.71 MB
ds4:   attn_kv                   2.79 MB   1 dispatch,  8 rows,  8 scans =   22.28 MB
ds4:   shexp_up                 12.53 MB   8 dispatch,  8 rows,  8 scans =  100.27 MB
ds4:   ?                         0.98 MB   1 dispatch,  8 rows,  8 scans =    7.86 MB
ds4:   attn_q_b                 44.56 MB   1 dispatch,  8 rows,  8 scans =  356.52 MB
ds4:   attn_output_a            35.65 MB   8 dispatch,  8 rows,  8 scans =  285.21 MB
ds4:   attn_output_b            44.56 MB   1 dispatch,  8 rows,  8 scans =  356.52 MB
ds4:   ?                         0.98 MB   1 dispatch,  8 rows,  8 scans =    7.86 MB
ds4:   ffn_gate_inp              7.86 MB   8 dispatch,  8 rows,  8 scans =   62.91 MB
ds4:   shexp_gate               12.53 MB   8 dispatch,  8 rows,  8 scans =  100.27 MB
ds4:   shexp_down               12.53 MB   8 dispatch,  8 rows,  8 scans =  100.27 MB
ds4:   attn_q_a                  6.96 MB   1 dispatch,  8 rows,  8 scans =   55.71 MB
ds4:   attn_kv                   2.79 MB   1 dispatch,  8 rows,  8 scans =   22.28 MB
ds4:   shexp_up                 12.53 MB   8 dispatch,  8 rows,  8 scans =  100.27 MB
ds4:   ?                         0.98 MB   1 dispatch,  8 rows,  8 scans =    7.86 MB
ds4:   attn_q_b                 44.56 MB   1 dispatch,  8 rows,  8 scans =  356.52 MB
ds4:   attn_compressor_kv        5.24 MB   8 dispatch,  8 rows,  8 scans =   41.94 MB
ds4:   attn_compressor_gate      5.24 MB   8 dispatch,  8 rows,  8 scans =   41.94 MB
ds4:   indexer_attn_q_b         10.49 MB   8 dispatch,  8 rows,  8 scans =   83.89 MB
ds4:   indexer_proj              0.33 MB   8 dispatch,  8 rows,  8 scans =    2.62 MB
ds4:   attn_output_a            35.65 MB   8 dispatch,  8 rows,  8 scans =  285.21 MB
ds4:   attn_output_b            44.56 MB   1 dispatch,  8 rows,  8 scans =  356.52 MB
ds4:   ?                         0.98 MB   1 dispatch,  8 rows,  8 scans =    7.86 MB
ds4:   ffn_gate_inp              7.86 MB   8 dispatch,  8 rows,  8 scans =   62.91 MB
ds4:   shexp_gate               12.53 MB   8 dispatch,  8 rows,  8 scans =  100.27 MB
ds4:   shexp_down               12.53 MB   8 dispatch,  8 rows,  8 scans =  100.27 MB
ds4:   attn_q_a                  6.96 MB   1 dispatch,  8 rows,  8 scans =   55.71 MB
ds4:   attn_kv                   2.79 MB   1 dispatch,  8 rows,  8 scans =   22.28 MB
ds4:   shexp_up                 12.53 MB   8 dispatch,  8 rows,  8 scans =  100.27 MB
ds4:   ?                         0.98 MB   1 dispatch,  8 rows,  8 scans =    7.86 MB
ds4:   attn_q_b                 44.56 MB   1 dispatch,  8 rows,  8 scans =  356.52 MB
ds4:   attn_output_a            35.65 MB   8 dispatch,  8 rows,  8 scans =  285.21 MB
ds4:   attn_output_b            44.56 MB   1 dispatch,  8 rows,  8 scans =  356.52 MB
ds4:   ?                         0.98 MB   1 dispatch,  8 rows,  8 scans =    7.86 MB
ds4:   ffn_gate_inp              7.86 MB   8 dispatch,  8 rows,  8 scans =   62.91 MB
ds4:   shexp_gate               12.53 MB   8 dispatch,  8 rows,  8 scans =  100.27 MB
ds4:   shexp_down               12.53 MB   8 dispatch,  8 rows,  8 scans =  100.27 MB
ds4:   attn_q_a                  6.96 MB   1 dispatch,  8 rows,  8 scans =   55.71 MB
ds4:   attn_kv                   2.79 MB   1 dispatch,  8 rows,  8 scans =   22.28 MB
ds4:   shexp_up                 12.53 MB   8 dispatch,  8 rows,  8 scans =  100.27 MB
ds4:   ?                         0.98 MB   1 dispatch,  8 rows,  8 scans =    7.86 MB
ds4:   attn_q_b                 44.56 MB   1 dispatch,  8 rows,  8 scans =  356.52 MB
ds4:   attn_output_a            35.65 MB   8 dispatch,  8 rows,  8 scans =  285.21 MB
ds4:   attn_output_b            44.56 MB   1 dispatch,  8 rows,  8 scans =  356.52 MB
ds4:   ?                         0.98 MB   1 dispatch,  8 rows,  8 scans =    7.86 MB
ds4:   ffn_gate_inp              7.86 MB   8 dispatch,  8 rows,  8 scans =   62.91 MB
ds4:   shexp_gate               12.53 MB   8 dispatch,  8 rows,  8 scans =  100.27 MB
ds4:   shexp_down               12.53 MB   8 dispatch,  8 rows,  8 scans =  100.27 MB
ds4:   attn_q_a                  6.96 MB   1 dispatch,  8 rows,  8 scans =   55.71 MB
ds4:   attn_kv                   2.79 MB   1 dispatch,  8 rows,  8 scans =   22.28 MB
ds4:   shexp_up                 12.53 MB   8 dispatch,  8 rows,  8 scans =  100.27 MB
ds4:   ?                         0.98 MB   1 dispatch,  8 rows,  8 scans =    7.86 MB
ds4:   attn_q_b                 44.56 MB   1 dispatch,  8 rows,  8 scans =  356.52 MB
ds4:   attn_compressor_kv        5.24 MB   8 dispatch,  8 rows,  8 scans =   41.94 MB
ds4:   indexer_attn_q_b         10.49 MB   8 dispatch,  8 rows,  8 scans =   83.89 MB
ds4:   indexer_proj              0.33 MB   8 dispatch,  8 rows,  8 scans =    2.62 MB
ds4:   attn_output_a            35.65 MB   8 dispatch,  8 rows,  8 scans =  285.21 MB
ds4:   attn_output_b            44.56 MB   1 dispatch,  8 rows,  8 scans =  356.52 MB
ds4:   ?                         0.98 MB   1 dispatch,  8 rows,  8 scans =    7.86 MB
ds4:   ffn_gate_inp              7.86 MB   8 dispatch,  8 rows,  8 scans =   62.91 MB
ds4:   shexp_gate               12.53 MB   8 dispatch,  8 rows,  8 scans =  100.27 MB
ds4:   shexp_down               12.53 MB   8 dispatch,  8 rows,  8 scans =  100.27 MB
ds4:   attn_q_a                  6.96 MB   1 dispatch,  8 rows,  8 scans =   55.71 MB
ds4:   attn_kv                   2.79 MB   1 dispatch,  8 rows,  8 scans =   22.28 MB
ds4:   shexp_up                 12.53 MB   8 dispatch,  8 rows,  8 scans =  100.27 MB
ds4:   ?                         0.98 MB   1 dispatch,  8 rows,  8 scans =    7.86 MB
ds4:   attn_q_b                 44.56 MB   1 dispatch,  8 rows,  8 scans =  356.52 MB
ds4:   attn_output_a            35.65 MB   8 dispatch,  8 rows,  8 scans =  285.21 MB
ds4:   attn_output_b            44.56 MB   1 dispatch,  8 rows,  8 scans =  356.52 MB
ds4:   ?                         0.98 MB   1 dispatch,  8 rows,  8 scans =    7.86 MB
ds4:   ffn_gate_inp              7.86 MB   8 dispatch,  8 rows,  8 scans =   62.91 MB
ds4:   shexp_gate               12.53 MB   8 dispatch,  8 rows,  8 scans =  100.27 MB
ds4:   shexp_down               12.53 MB   8 dispatch,  8 rows,  8 scans =  100.27 MB
ds4:   attn_q_a                  6.96 MB   1 dispatch,  8 rows,  8 scans =   55.71 MB
ds4:   attn_kv                   2.79 MB   1 dispatch,  8 rows,  8 scans =   22.28 MB
ds4:   shexp_up                 12.53 MB   8 dispatch,  8 rows,  8 scans =  100.27 MB
ds4:   ?                         0.98 MB   1 dispatch,  8 rows,  8 scans =    7.86 MB
ds4:   attn_q_b                 44.56 MB   1 dispatch,  8 rows,  8 scans =  356.52 MB
ds4:   indexer_attn_q_b         10.49 MB   8 dispatch,  8 rows,  8 scans =   83.89 MB
ds4:   indexer_proj              0.33 MB   8 dispatch,  8 rows,  8 scans =    2.62 MB
ds4:   attn_output_a            35.65 MB   8 dispatch,  8 rows,  8 scans =  285.21 MB
ds4:   attn_output_b            44.56 MB   1 dispatch,  8 rows,  8 scans =  356.52 MB
ds4:   ?                         0.98 MB   1 dispatch,  8 rows,  8 scans =    7.86 MB
ds4:   ffn_gate_inp              7.86 MB   8 dispatch,  8 rows,  8 scans =   62.91 MB
ds4:   shexp_gate               12.53 MB   8 dispatch,  8 rows,  8 scans =  100.27 MB
ds4:   shexp_down               12.53 MB   8 dispatch,  8 rows,  8 scans =  100.27 MB
ds4:   attn_q_a                  6.96 MB   1 dispatch,  8 rows,  8 scans =   55.71 MB
ds4:   attn_kv                   2.79 MB   1 dispatch,  8 rows,  8 scans =   22.28 MB
ds4:   shexp_up                 12.53 MB   8 dispatch,  8 rows,  8 scans =  100.27 MB
ds4:   ?                         0.98 MB   1 dispatch,  8 rows,  8 scans =    7.86 MB
ds4:   attn_q_b                 44.56 MB   1 dispatch,  8 rows,  8 scans =  356.52 MB
ds4:   attn_output_a            35.65 MB   8 dispatch,  8 rows,  8 scans =  285.21 MB
ds4:   attn_output_b            44.56 MB   1 dispatch,  8 rows,  8 scans =  356.52 MB
ds4:   ?                         0.98 MB   1 dispatch,  8 rows,  8 scans =    7.86 MB
ds4:   ffn_gate_inp              7.86 MB   8 dispatch,  8 rows,  8 scans =   62.91 MB
ds4:   shexp_gate               12.53 MB   8 dispatch,  8 rows,  8 scans =  100.27 MB
ds4:   shexp_down               12.53 MB   8 dispatch,  8 rows,  8 scans =  100.27 MB
ds4:   attn_q_a                  6.96 MB   1 dispatch,  8 rows,  8 scans =   55.71 MB
ds4:   attn_kv                   2.79 MB   1 dispatch,  8 rows,  8 scans =   22.28 MB
ds4:   shexp_up                 12.53 MB   8 dispatch,  8 rows,  8 scans =  100.27 MB
ds4:   ?                         0.98 MB   1 dispatch,  8 rows,  8 scans =    7.86 MB
ds4:   attn_q_b                 44.56 MB   1 dispatch,  8 rows,  8 scans =  356.52 MB
ds4:   indexer_attn_q_b         10.49 MB   8 dispatch,  8 rows,  8 scans =   83.89 MB
ds4:   indexer_proj              0.33 MB   8 dispatch,  8 rows,  8 scans =    2.62 MB
ds4:   attn_output_a            35.65 MB   8 dispatch,  8 rows,  8 scans =  285.21 MB
ds4:   attn_output_b            44.56 MB   1 dispatch,  8 rows,  8 scans =  356.52 MB
ds4:   ?                         0.98 MB   1 dispatch,  8 rows,  8 scans =    7.86 MB
ds4:   ffn_gate_inp              7.86 MB   8 dispatch,  8 rows,  8 scans =   62.91 MB
ds4:   shexp_gate               12.53 MB   8 dispatch,  8 rows,  8 scans =  100.27 MB
ds4:   shexp_down               12.53 MB   8 dispatch,  8 rows,  8 scans =  100.27 MB
ds4:   attn_q_a                  6.96 MB   1 dispatch,  8 rows,  8 scans =   55.71 MB
ds4:   attn_kv                   2.79 MB   1 dispatch,  8 rows,  8 scans =   22.28 MB
ds4:   shexp_up                 12.53 MB   8 dispatch,  8 rows,  8 scans =  100.27 MB
ds4:   ?                         0.98 MB   1 dispatch,  8 rows,  8 scans =    7.86 MB
ds4:   attn_q_b                 44.56 MB   1 dispatch,  8 rows,  8 scans =  356.52 MB
ds4:   attn_output_a            35.65 MB   8 dispatch,  8 rows,  8 scans =  285.21 MB
ds4:   attn_output_b            44.56 MB   1 dispatch,  8 rows,  8 scans =  356.52 MB
ds4:   ?                         0.98 MB   1 dispatch,  8 rows,  8 scans =    7.86 MB
ds4:   ffn_gate_inp              7.86 MB   8 dispatch,  8 rows,  8 scans =   62.91 MB
ds4:   shexp_gate               12.53 MB   8 dispatch,  8 rows,  8 scans =  100.27 MB
ds4:   shexp_down               12.53 MB   8 dispatch,  8 rows,  8 scans =  100.27 MB
ds4:   attn_q_a                  6.96 MB   1 dispatch,  8 rows,  8 scans =   55.71 MB
ds4:   attn_kv                   2.79 MB   1 dispatch,  8 rows,  8 scans =   22.28 MB
ds4:   shexp_up                 12.53 MB   8 dispatch,  8 rows,  8 scans =  100.27 MB
ds4:   ?                         0.98 MB   1 dispatch,  8 rows,  8 scans =    7.86 MB
ds4:   attn_q_b                 44.56 MB   1 dispatch,  8 rows,  8 scans =  356.52 MB
ds4:   indexer_attn_q_b         10.49 MB   8 dispatch,  8 rows,  8 scans =   83.89 MB
ds4:   indexer_proj              0.33 MB   8 dispatch,  8 rows,  8 scans =    2.62 MB
ds4:   attn_output_a            35.65 MB   8 dispatch,  8 rows,  8 scans =  285.21 MB
ds4:   attn_output_b            44.56 MB   1 dispatch,  8 rows,  8 scans =  356.52 MB
ds4:   ?                         0.98 MB   1 dispatch,  8 rows,  8 scans =    7.86 MB
ds4:   ffn_gate_inp              7.86 MB   8 dispatch,  8 rows,  8 scans =   62.91 MB
ds4:   shexp_gate               12.53 MB   8 dispatch,  8 rows,  8 scans =  100.27 MB
ds4:   shexp_down               12.53 MB   8 dispatch,  8 rows,  8 scans =  100.27 MB
ds4:   attn_q_a                  6.96 MB   1 dispatch,  8 rows,  8 scans =   55.71 MB
ds4:   attn_kv                   2.79 MB   1 dispatch,  8 rows,  8 scans =   22.28 MB
ds4:   shexp_up                 12.53 MB   8 dispatch,  8 rows,  8 scans =  100.27 MB
ds4:   ?                         0.98 MB   1 dispatch,  8 rows,  8 scans =    7.86 MB
ds4:   attn_q_b                 44.56 MB   1 dispatch,  8 rows,  8 scans =  356.52 MB
ds4:   attn_output_a            35.65 MB   8 dispatch,  8 rows,  8 scans =  285.21 MB
ds4:   attn_output_b            44.56 MB   1 dispatch,  8 rows,  8 scans =  356.52 MB
ds4:   ?                         0.98 MB   1 dispatch,  8 rows,  8 scans =    7.86 MB
ds4:   ffn_gate_inp              7.86 MB   8 dispatch,  8 rows,  8 scans =   62.91 MB
ds4:   shexp_gate               12.53 MB   8 dispatch,  8 rows,  8 scans =  100.27 MB
ds4:   shexp_down               12.53 MB   8 dispatch,  8 rows,  8 scans =  100.27 MB
ds4:   attn_q_a                  6.96 MB   1 dispatch,  8 rows,  8 scans =   55.71 MB
ds4:   attn_kv                   2.79 MB   1 dispatch,  8 rows,  8 scans =   22.28 MB
ds4:   shexp_up                 12.53 MB   8 dispatch,  8 rows,  8 scans =  100.27 MB
ds4:   ?                         0.98 MB   1 dispatch,  8 rows,  8 scans =    7.86 MB
ds4:   attn_q_b                 44.56 MB   1 dispatch,  8 rows,  8 scans =  356.52 MB
ds4:   indexer_attn_q_b         10.49 MB   8 dispatch,  8 rows,  8 scans =   83.89 MB
ds4:   indexer_proj              0.33 MB   8 dispatch,  8 rows,  8 scans =    2.62 MB
ds4:   attn_output_a            35.65 MB   8 dispatch,  8 rows,  8 scans =  285.21 MB
ds4:   attn_output_b            44.56 MB   1 dispatch,  8 rows,  8 scans =  356.52 MB
ds4:   ?                         0.98 MB   1 dispatch,  8 rows,  8 scans =    7.86 MB
ds4:   ffn_gate_inp              7.86 MB   8 dispatch,  8 rows,  8 scans =   62.91 MB
ds4:   shexp_gate               12.53 MB   8 dispatch,  8 rows,  8 scans =  100.27 MB
ds4:   shexp_down               12.53 MB   8 dispatch,  8 rows,  8 scans =  100.27 MB
ds4:   attn_q_a                  6.96 MB   1 dispatch,  8 rows,  8 scans =   55.71 MB
ds4:   attn_kv                   2.79 MB   1 dispatch,  8 rows,  8 scans =   22.28 MB
ds4:   shexp_up                 12.53 MB   8 dispatch,  8 rows,  8 scans =  100.27 MB
ds4:   ?                         0.98 MB   1 dispatch,  8 rows,  8 scans =    7.86 MB
ds4:   attn_q_b                 44.56 MB   1 dispatch,  8 rows,  8 scans =  356.52 MB
ds4:   attn_output_a            35.65 MB   8 dispatch,  8 rows,  8 scans =  285.21 MB
ds4:   attn_output_b            44.56 MB   1 dispatch,  8 rows,  8 scans =  356.52 MB
ds4:   ?                         0.98 MB   1 dispatch,  8 rows,  8 scans =    7.86 MB
ds4:   ffn_gate_inp              7.86 MB   8 dispatch,  8 rows,  8 scans =   62.91 MB
ds4:   shexp_gate               12.53 MB   8 dispatch,  8 rows,  8 scans =  100.27 MB
ds4:   shexp_down               12.53 MB   8 dispatch,  8 rows,  8 scans =  100.27 MB
ds4:   attn_q_a                  6.96 MB   1 dispatch,  8 rows,  8 scans =   55.71 MB
ds4:   attn_kv                   2.79 MB   1 dispatch,  8 rows,  8 scans =   22.28 MB
ds4:   shexp_up                 12.53 MB   8 dispatch,  8 rows,  8 scans =  100.27 MB
ds4:   distinct 8.735 GB, scanned 69.875 GB (8.00x), floor at one scan 8.735 GB, at ceil(8/4) scans 17.469 GB
  median single    : 34.91 ms/token
  median 8-row step: 223.02 ms = 6.39x one single step
  perfect-draft ceiling: 35.87 tok/s (100 tok/s requires <= 80.00 ms/step)
  block width      : 1.25x of 8 (needs 3.49x for 100 tok/s)
  concurrent       : 37768 sections opened of 37768 asked
  marginal row cost: 26.87 ms = 77% of a standalone token
  rollback         : reproduces its own output
  batch vs single  : identical argmax (64 rows checked)
  break-even       : accept 80% of drafted tokens to beat single
  rolled-back passes agree with each other: yes
0924 21:52:14 ds4-server: chat ctx=31..35:4 gen=4 THINKING decoding chunk=0.39 t/s avg=0.39 t/s 10.153s
ds4-server: thinking not closed, ignoring incomplete DSML in reasoning
0924 21:52:14 ds4-server: chat ctx=0..31:31 gen=4 THINKING finish=length 12.324s
0924 21:52:16 ds4-server: shutdown requested, draining requests
