ds4: abort gate on for the first 40 layers
ds4: Metal device Apple M5 Max, 128.00 GiB RAM
ds4: Metal 4 tensor API enabled for Tensor kernels
ds4: drift-patch flags hc_stable=on norm_unify=on kv_raw_f32=off rope_exp2_log2=off math_safe=off tensor_matmul=on
ds4: Metal SSD streaming mode enabled; full model residency and warmup are skipped
ds4: SSD streaming auto cache budget
ds4:   metal recommends 107.52 GiB working set
ds4:   using 84% total for model + cached experts: 90.00 GiB
ds4:   non-routed weights: 9.37 GiB
ds4:   routed expert size: 9.49 MiB
ds4:   expert budget before prefill reserve: 8698 (80.63 GiB)
ds4: metal SSD streaming cache target 80.63 GiB; effective 80.63 GiB = 7.12 GiB prefill headroom + 73.51 GiB dynamic cache (7930 experts, 9.49 MiB each)
ds4: Metal SSD static weights locked 9.37 GiB; pageable 0.00 GiB
ds4: SSD streaming initial metal model map (569 spans, 9.37 GiB tensor span)
ds4: metal backend initialized for graph diagnostics
ds4: memory: KV 0.06 GiB (raw 0.01 + compressed 0.05) + buffers 3.27 GiB + resident model 9.37 GiB + expert cache 73.51 GiB + prefill expert reserve 7.12 GiB = 93.32 GiB planned
ds4: memory detail: ctx=8192 prefill_cap=4096 raw_kv_rows=128 compressed_kv_rows=8193 backend=metal
0924 20:38:11 ds4-server: context buffers 3403.39 MiB (ctx=8192, backend=metal, prefill_chunk=4096, raw_kv_rows=128, compressed_kv_rows=8193)
ds4: V4.1 static context buffers 3403.39 MiB (ctx=8192), Engram disk-only
0924 20:38:11 ds4-server: listening on http://127.0.0.1:8016
0924 20:38:14 ds4-server: chat ctx=0..31:31 prompt start
ds4: shared/routed FFN overlap ran, mode 1
ds4: expert residency set on the queue
0924 20:38:14 ds4-server: chat ctx=0..31:31 prefill chunk 1/31 (3.2%) chunk=0.00 t/s avg=5.42 t/s 0.184s
0924 20:38:14 ds4-server: chat ctx=0..31:31 prefill chunk 2/31 (6.5%) chunk=8.69 t/s avg=6.68 t/s 0.299s
0924 20:38:14 ds4-server: chat ctx=0..31:31 prefill chunk 3/31 (9.7%) chunk=8.70 t/s avg=7.24 t/s 0.414s
0924 20:38:14 ds4-server: chat ctx=0..31:31 prefill chunk 4/31 (12.9%) chunk=12.26 t/s avg=8.07 t/s 0.496s
0924 20:38:14 ds4-server: chat ctx=0..31:31 prefill chunk 5/31 (16.1%) chunk=13.35 t/s avg=8.76 t/s 0.571s
0924 20:38:15 ds4-server: chat ctx=0..31:31 prefill chunk 6/31 (19.4%) chunk=11.37 t/s avg=9.11 t/s 0.659s
0924 20:38:15 ds4-server: chat ctx=0..31:31 prefill chunk 7/31 (22.6%) chunk=9.63 t/s avg=9.18 t/s 0.763s
0924 20:38:15 ds4-server: chat ctx=0..31:31 prefill chunk 8/31 (25.8%) chunk=10.63 t/s avg=9.34 t/s 0.857s
0924 20:38:15 ds4-server: chat ctx=0..31:31 prefill chunk 9/31 (29.0%) chunk=13.82 t/s avg=9.69 t/s 0.929s
0924 20:38:15 ds4-server: chat ctx=0..31:31 prefill chunk 10/31 (32.3%) chunk=15.63 t/s avg=10.07 t/s 0.993s
0924 20:38:15 ds4-server: chat ctx=0..31:31 prefill chunk 11/31 (35.5%) chunk=14.46 t/s avg=10.36 t/s 1.062s
0924 20:38:15 ds4-server: chat ctx=0..31:31 prefill chunk 12/31 (38.7%) chunk=18.01 t/s avg=10.74 t/s 1.118s
0924 20:38:15 ds4-server: chat ctx=0..31:31 prefill chunk 13/31 (41.9%) chunk=14.78 t/s avg=10.97 t/s 1.185s
0924 20:38:15 ds4-server: chat ctx=0..31:31 prefill chunk 14/31 (45.2%) chunk=17.61 t/s avg=11.27 t/s 1.242s
0924 20:38:15 ds4-server: chat ctx=0..31:31 prefill chunk 15/31 (48.4%) chunk=17.54 t/s avg=11.55 t/s 1.299s
0924 20:38:15 ds4-server: chat ctx=0..31:31 prefill chunk 16/31 (51.6%) chunk=14.85 t/s avg=11.71 t/s 1.366s
0924 20:38:15 ds4-server: chat ctx=0..31:31 prefill chunk 17/31 (54.8%) chunk=16.10 t/s avg=11.90 t/s 1.429s
0924 20:38:15 ds4-server: chat ctx=0..31:31 prefill chunk 18/31 (58.1%) chunk=14.95 t/s avg=12.04 t/s 1.495s
0924 20:38:15 ds4-server: chat ctx=0..31:31 prefill chunk 19/31 (61.3%) chunk=16.50 t/s avg=12.21 t/s 1.556s
0924 20:38:16 ds4-server: chat ctx=0..31:31 prefill chunk 20/31 (64.5%) chunk=17.84 t/s avg=12.41 t/s 1.612s
0924 20:38:16 ds4-server: chat ctx=0..31:31 prefill chunk 21/31 (67.7%) chunk=18.53 t/s avg=12.60 t/s 1.666s
0924 20:38:16 ds4-server: chat ctx=0..31:31 prefill chunk 22/31 (71.0%) chunk=18.69 t/s avg=12.79 t/s 1.720s
0924 20:38:16 ds4-server: chat ctx=0..31:31 prefill chunk 23/31 (74.2%) chunk=19.66 t/s avg=12.99 t/s 1.770s
0924 20:38:16 ds4-server: chat ctx=0..31:31 prefill chunk 24/31 (77.4%) chunk=17.13 t/s avg=13.12 t/s 1.829s
0924 20:38:16 ds4-server: chat ctx=0..31:31 prefill chunk 25/31 (80.6%) chunk=19.65 t/s avg=13.30 t/s 1.880s
0924 20:38:16 ds4-server: chat ctx=0..31:31 prefill chunk 26/31 (83.9%) chunk=20.63 t/s avg=13.48 t/s 1.928s
0924 20:38:16 ds4-server: chat ctx=0..31:31 prefill chunk 27/31 (87.1%) chunk=18.31 t/s avg=13.62 t/s 1.983s
0924 20:38:16 ds4-server: chat ctx=0..31:31 prefill chunk 28/31 (90.3%) chunk=16.61 t/s avg=13.71 t/s 2.043s
0924 20:38:16 ds4-server: chat ctx=0..31:31 prefill chunk 29/31 (93.5%) chunk=16.28 t/s avg=13.78 t/s 2.104s
0924 20:38:16 ds4-server: chat ctx=0..31:31 prefill chunk 30/31 (96.8%) chunk=16.43 t/s avg=13.85 t/s 2.165s
0924 20:38:16 ds4-server: chat ctx=0..31:31 prefill chunk 31/31 (100.0%) chunk=18.04 t/s avg=13.96 t/s 2.221s
0924 20:38:16 ds4-server: chat ctx=0..31:31 prompt done 2.222s
ds4: gate over tokens 1-64: 34.33 command buffers, 30.23 aborts, 240.0 expert ids accounted, 656.74 MiB loaded a token; 0 the gate failed to switch off, 0 it could not gate
ds4:   one token, exclusive, same window: entry 0.00 + encode 3.16 + commit-to-done 38.86 + repair-load 13.88 + accounting 0.02 + tail 0.75 = 56.68 of a 60.68 ms wall, residual 4.01
ds4:   of the commit-to-done: GPU running 35.92 ms, GPU not running 2.94 ms
ds4:   2038.6 gated dispatches a token, 69.6 of them behind an abort; 2808.7 sent plain ahead of a buffer's first validate
ds4:   encode-ahead: 2.09 segments used, 27.23 dropped, 3.75 ms a token spent encoding under the GPU
ds4:   concurrent sections: 350.53 attempted, 350.53 opened a token
ds4:   speculation: 0.00 layers a token, 0.00 lanes computed, 0.00 matched, 0.00 GEMVs actually saved, 0.00 left to compute; compared 0.00 lanes, 0.00 floats differ, 0.00 by more than an ulp
ds4:   expert cache over the last 64 tokens: 240.00 hits, 69.19 misses, 0.00 evictions a token; 4428 of 7930 entries live (55.8%)
ds4:   of the address-table holes repaired a token: 0.00 already resident, 69.19 genuinely absent
ds4:   residency a token: 69.19 adds, 0.00 removes, 69.19 commits
ds4: V4.1 contiguous-block attention, one session, 8 consecutive positions
ds4: gate over tokens 65-128: 22.31 command buffers, 12.45 aborts, 240.0 expert ids accounted, 193.40 MiB loaded a token; 0 the gate failed to switch off, 0 it could not gate
ds4:   one token, exclusive, same window: entry 0.00 + encode 1.35 + commit-to-done 31.96 + repair-load 4.09 + accounting 0.03 + tail 1.39 = 38.83 of a 41.42 ms wall, residual 2.60
ds4:   of the commit-to-done: GPU running 50.97 ms, GPU not running -19.01 ms
ds4:   1681.7 gated dispatches a token, 27.5 of them behind an abort; 1516.1 sent plain ahead of a buffer's first validate
ds4:   encode-ahead: 7.86 segments used, 11.23 dropped, 2.47 ms a token spent encoding under the GPU
ds4:   concurrent sections: 190.75 attempted, 190.75 opened a token
ds4:   speculation: 0.00 layers a token, 0.00 lanes computed, 0.00 matched, 0.00 GEMVs actually saved, 0.00 left to compute; compared 0.00 lanes, 0.00 floats differ, 0.00 by more than an ulp
ds4:   expert cache over the last 64 tokens: 478.36 hits, 23.66 misses, 0.00 evictions a token; 5837 of 7930 entries live (73.6%)
ds4:   of the address-table holes repaired a token: 0.00 already resident, 20.38 genuinely absent
ds4:   residency a token: 23.66 adds, 1.64 removes, 25.30 commits
ds4: gate over tokens 129-192: 14.00 command buffers, 0.00 aborts, 240.0 expert ids accounted, 0.00 MiB loaded a token; 0 the gate failed to switch off, 0 it could not gate
ds4:   one token, exclusive, same window: entry 0.00 + encode 0.54 + commit-to-done 29.78 + repair-load 0.00 + accounting 0.03 + tail 1.41 = 31.76 of a 34.64 ms wall, residual 2.88
ds4:   of the commit-to-done: GPU running 49.19 ms, GPU not running -19.41 ms
ds4:   1429.8 gated dispatches a token, 0.0 of them behind an abort; 610.3 sent plain ahead of a buffer's first validate
ds4:   encode-ahead: 12.00 segments used, 0.00 dropped, 2.82 ms a token spent encoding under the GPU
ds4:   concurrent sections: 80.00 attempted, 80.00 opened a token
ds4:   speculation: 0.00 layers a token, 0.00 lanes computed, 0.00 matched, 0.00 GEMVs actually saved, 0.00 left to compute; compared 0.00 lanes, 0.00 floats differ, 0.00 by more than an ulp
ds4:   expert cache over the last 64 tokens: 480.00 hits, 0.00 misses, 0.00 evictions a token; 5837 of 7930 entries live (73.6%)
ds4:   of the address-table holes repaired a token: 0.00 already resident, 0.00 genuinely absent
ds4:   residency a token: 0.00 adds, 0.00 removes, 0.00 commits
ds4: gate over tokens 193-256: 14.00 command buffers, 0.00 aborts, 240.0 expert ids accounted, 0.00 MiB loaded a token; 0 the gate failed to switch off, 0 it could not gate
ds4:   one token, exclusive, same window: entry 0.00 + encode 0.67 + commit-to-done 29.54 + repair-load 0.00 + accounting 0.03 + tail 1.40 = 31.65 of a 34.93 ms wall, residual 3.28
ds4:   of the commit-to-done: GPU running 50.24 ms, GPU not running -20.70 ms
ds4:   1429.8 gated dispatches a token, 0.0 of them behind an abort; 610.3 sent plain ahead of a buffer's first validate
ds4:   encode-ahead: 12.00 segments used, 0.00 dropped, 3.22 ms a token spent encoding under the GPU
ds4:   concurrent sections: 80.00 attempted, 80.00 opened a token
ds4:   speculation: 0.00 layers a token, 0.00 lanes computed, 0.00 matched, 0.00 GEMVs actually saved, 0.00 left to compute; compared 0.00 lanes, 0.00 floats differ, 0.00 by more than an ulp
ds4:   expert cache over the last 64 tokens: 480.00 hits, 0.00 misses, 0.00 evictions a token; 5837 of 7930 entries live (73.6%)
ds4:   of the address-table holes repaired a token: 0.00 already resident, 0.00 genuinely absent
ds4:   residency a token: 0.00 adds, 0.00 removes, 0.00 commits
ds4: V4.1 verify selftest k=8, 64 positions from 31 (odd start, pair carry restored), 3 alternating rounds
  round 0: single 35.47 ms/token, batch 202.45 ms/step
  round 1: single 35.02 ms/token, batch 208.45 ms/step
  round 2: single 35.86 ms/token, batch 208.12 ms/step
  median single    : 35.47 ms/token
  median 8-row step: 208.12 ms = 5.87x one single step
  perfect-draft ceiling: 38.44 tok/s (100 tok/s requires <= 80.00 ms/step)
  block width      : 1.36x of 8 (needs 3.55x for 100 tok/s)
  marginal row cost: 24.66 ms = 70% of a standalone token
  rollback         : reproduces its own output
  batch vs single  : DIVERGED (192 rows checked)
  break-even       : accept 73% of drafted tokens to beat single
  rolled-back passes agree with each other: yes
  batch first diverged at offset 3, where the reference led second place by 0.119066
0924 20:38:33 ds4-server: chat ctx=31..35:4 gen=4 THINKING decoding chunk=0.23 t/s avg=0.23 t/s 17.056s
ds4-server: thinking not closed, ignoring incomplete DSML in reasoning
0924 20:38:33 ds4-server: chat ctx=0..31:31 gen=4 THINKING finish=length 19.279s
0924 20:38:35 ds4-server: shutdown requested, draining requests
