ds4: abort gate on for the first 40 layers
ds4: Metal device Apple M5 Max, 128.00 GiB RAM
ds4: Metal 4 tensor API enabled for Tensor kernels
ds4: drift-patch flags hc_stable=on norm_unify=on kv_raw_f32=off rope_exp2_log2=off math_safe=off tensor_matmul=on
ds4: Metal SSD streaming mode enabled; full model residency and warmup are skipped
ds4: SSD streaming auto cache budget
ds4:   metal recommends 107.52 GiB working set
ds4:   using 84% total for model + cached experts: 90.00 GiB
ds4:   non-routed weights: 9.37 GiB
ds4:   routed expert size: 9.49 MiB
ds4:   expert budget before prefill reserve: 8698 (80.63 GiB)
ds4: metal SSD streaming cache target 80.63 GiB; effective 80.63 GiB = 7.12 GiB prefill headroom + 73.51 GiB dynamic cache (7930 experts, 9.49 MiB each)
ds4: Metal SSD static weights locked 9.37 GiB; pageable 0.00 GiB
ds4: SSD streaming initial metal model map (569 spans, 9.37 GiB tensor span)
ds4: metal backend initialized for graph diagnostics
ds4: memory: KV 0.06 GiB (raw 0.01 + compressed 0.05) + buffers 3.27 GiB + resident model 9.37 GiB + expert cache 73.51 GiB + prefill expert reserve 7.12 GiB = 93.32 GiB planned
ds4: memory detail: ctx=8192 prefill_cap=4096 raw_kv_rows=128 compressed_kv_rows=8193 backend=metal
0924 20:41:13 ds4-server: context buffers 3403.39 MiB (ctx=8192, backend=metal, prefill_chunk=4096, raw_kv_rows=128, compressed_kv_rows=8193)
ds4: V4.1 static context buffers 3403.39 MiB (ctx=8192), Engram disk-only
0924 20:41:13 ds4-server: listening on http://127.0.0.1:8016
0924 20:41:16 ds4-server: chat ctx=0..31:31 prompt start
ds4: shared/routed FFN overlap ran, mode 1
ds4: expert residency set on the queue
0924 20:41:16 ds4-server: chat ctx=0..31:31 prefill chunk 1/31 (3.2%) chunk=0.00 t/s avg=5.80 t/s 0.172s
0924 20:41:16 ds4-server: chat ctx=0..31:31 prefill chunk 2/31 (6.5%) chunk=9.83 t/s avg=7.30 t/s 0.274s
0924 20:41:16 ds4-server: chat ctx=0..31:31 prefill chunk 3/31 (9.7%) chunk=9.81 t/s avg=7.98 t/s 0.376s
0924 20:41:17 ds4-server: chat ctx=0..31:31 prefill chunk 4/31 (12.9%) chunk=10.99 t/s avg=8.57 t/s 0.467s
0924 20:41:17 ds4-server: chat ctx=0..31:31 prefill chunk 5/31 (16.1%) chunk=10.19 t/s avg=8.85 t/s 0.565s
0924 20:41:17 ds4-server: chat ctx=0..31:31 prefill chunk 6/31 (19.4%) chunk=12.19 t/s avg=9.27 t/s 0.647s
0924 20:41:17 ds4-server: chat ctx=0..31:31 prefill chunk 7/31 (22.6%) chunk=9.37 t/s avg=9.29 t/s 0.754s
0924 20:41:17 ds4-server: chat ctx=0..31:31 prefill chunk 8/31 (25.8%) chunk=9.60 t/s avg=9.32 t/s 0.858s
0924 20:41:17 ds4-server: chat ctx=0..31:31 prefill chunk 9/31 (29.0%) chunk=9.16 t/s avg=9.30 t/s 0.967s
0924 20:41:17 ds4-server: chat ctx=0..31:31 prefill chunk 10/31 (32.3%) chunk=9.11 t/s avg=9.28 t/s 1.077s
0924 20:41:17 ds4-server: chat ctx=0..31:31 prefill chunk 11/31 (35.5%) chunk=11.41 t/s avg=9.45 t/s 1.165s
0924 20:41:17 ds4-server: chat ctx=0..31:31 prefill chunk 12/31 (38.7%) chunk=13.12 t/s avg=9.67 t/s 1.241s
0924 20:41:17 ds4-server: chat ctx=0..31:31 prefill chunk 13/31 (41.9%) chunk=11.71 t/s avg=9.80 t/s 1.326s
0924 20:41:17 ds4-server: chat ctx=0..31:31 prefill chunk 14/31 (45.2%) chunk=10.93 t/s avg=9.88 t/s 1.418s
0924 20:41:18 ds4-server: chat ctx=0..31:31 prefill chunk 15/31 (48.4%) chunk=10.67 t/s avg=9.92 t/s 1.511s
0924 20:41:18 ds4-server: chat ctx=0..31:31 prefill chunk 16/31 (51.6%) chunk=13.41 t/s avg=10.09 t/s 1.586s
0924 20:41:18 ds4-server: chat ctx=0..31:31 prefill chunk 17/31 (54.8%) chunk=17.21 t/s avg=10.34 t/s 1.644s
0924 20:41:18 ds4-server: chat ctx=0..31:31 prefill chunk 18/31 (58.1%) chunk=14.63 t/s avg=10.51 t/s 1.713s
0924 20:41:18 ds4-server: chat ctx=0..31:31 prefill chunk 19/31 (61.3%) chunk=17.26 t/s avg=10.73 t/s 1.770s
0924 20:41:18 ds4-server: chat ctx=0..31:31 prefill chunk 20/31 (64.5%) chunk=17.52 t/s avg=10.94 t/s 1.828s
0924 20:41:18 ds4-server: chat ctx=0..31:31 prefill chunk 21/31 (67.7%) chunk=17.06 t/s avg=11.13 t/s 1.886s
0924 20:41:18 ds4-server: chat ctx=0..31:31 prefill chunk 22/31 (71.0%) chunk=17.46 t/s avg=11.32 t/s 1.943s
0924 20:41:18 ds4-server: chat ctx=0..31:31 prefill chunk 23/31 (74.2%) chunk=15.26 t/s avg=11.45 t/s 2.009s
0924 20:41:18 ds4-server: chat ctx=0..31:31 prefill chunk 24/31 (77.4%) chunk=16.50 t/s avg=11.60 t/s 2.070s
0924 20:41:18 ds4-server: chat ctx=0..31:31 prefill chunk 25/31 (80.6%) chunk=19.34 t/s avg=11.79 t/s 2.121s
0924 20:41:18 ds4-server: chat ctx=0..31:31 prefill chunk 26/31 (83.9%) chunk=20.71 t/s avg=11.98 t/s 2.170s
0924 20:41:18 ds4-server: chat ctx=0..31:31 prefill chunk 27/31 (87.1%) chunk=18.17 t/s avg=12.14 t/s 2.225s
0924 20:41:18 ds4-server: chat ctx=0..31:31 prefill chunk 28/31 (90.3%) chunk=16.35 t/s avg=12.25 t/s 2.286s
0924 20:41:18 ds4-server: chat ctx=0..31:31 prefill chunk 29/31 (93.5%) chunk=16.22 t/s avg=12.35 t/s 2.347s
0924 20:41:18 ds4-server: chat ctx=0..31:31 prefill chunk 30/31 (96.8%) chunk=16.39 t/s avg=12.46 t/s 2.408s
0924 20:41:19 ds4-server: chat ctx=0..31:31 prefill chunk 31/31 (100.0%) chunk=17.78 t/s avg=12.58 t/s 2.465s
0924 20:41:19 ds4-server: chat ctx=0..31:31 prompt done 2.466s
ds4: gate over tokens 1-64: 34.33 command buffers, 30.23 aborts, 240.0 expert ids accounted, 656.74 MiB loaded a token; 0 the gate failed to switch off, 0 it could not gate
ds4:   one token, exclusive, same window: entry 0.00 + encode 5.14 + commit-to-done 49.69 + repair-load 17.37 + accounting 0.03 + tail 1.01 = 73.24 of a 79.33 ms wall, residual 6.09
ds4:   of the commit-to-done: GPU running 48.42 ms, GPU not running 1.27 ms
ds4:   2038.6 gated dispatches a token, 69.6 of them behind an abort; 2808.7 sent plain ahead of a buffer's first validate
ds4:   encode-ahead: 2.09 segments used, 27.23 dropped, 5.79 ms a token spent encoding under the GPU
ds4:   concurrent sections: 350.53 attempted, 350.53 opened a token
ds4:   speculation: 0.00 layers a token, 0.00 lanes computed, 0.00 matched, 0.00 GEMVs actually saved, 0.00 left to compute; compared 0.00 lanes, 0.00 floats differ, 0.00 by more than an ulp
ds4:   expert cache over the last 64 tokens: 240.00 hits, 69.19 misses, 0.00 evictions a token; 4428 of 7930 entries live (55.8%)
ds4:   of the address-table holes repaired a token: 0.00 already resident, 69.19 genuinely absent
ds4:   residency a token: 69.19 adds, 0.00 removes, 69.19 commits
ds4: V4.1 batch attn_output_b hoisted out of the per-row loop (8 rows)
ds4: gate over tokens 65-128: 22.31 command buffers, 12.45 aborts, 240.0 expert ids accounted, 193.40 MiB loaded a token; 0 the gate failed to switch off, 0 it could not gate
ds4:   one token, exclusive, same window: entry 0.00 + encode 2.72 + commit-to-done 35.68 + repair-load 5.73 + accounting 0.04 + tail 1.55 = 45.71 of a 50.95 ms wall, residual 5.23
ds4:   of the commit-to-done: GPU running 58.76 ms, GPU not running -23.08 ms
ds4:   1681.7 gated dispatches a token, 27.5 of them behind an abort; 1516.1 sent plain ahead of a buffer's first validate
ds4:   encode-ahead: 7.86 segments used, 11.23 dropped, 5.07 ms a token spent encoding under the GPU
ds4:   concurrent sections: 190.75 attempted, 190.75 opened a token
ds4:   speculation: 0.00 layers a token, 0.00 lanes computed, 0.00 matched, 0.00 GEMVs actually saved, 0.00 left to compute; compared 0.00 lanes, 0.00 floats differ, 0.00 by more than an ulp
ds4:   expert cache over the last 64 tokens: 480.00 hits, 20.38 misses, 0.00 evictions a token; 5732 of 7930 entries live (72.3%)
ds4:   of the address-table holes repaired a token: 0.00 already resident, 20.38 genuinely absent
ds4:   residency a token: 20.38 adds, 0.00 removes, 20.38 commits
ds4: gate over tokens 129-192: 14.00 command buffers, 0.00 aborts, 240.0 expert ids accounted, 0.00 MiB loaded a token; 0 the gate failed to switch off, 0 it could not gate
ds4:   one token, exclusive, same window: entry 0.00 + encode 0.69 + commit-to-done 29.29 + repair-load 0.00 + accounting 0.04 + tail 1.41 = 31.43 of a 34.96 ms wall, residual 3.53
ds4:   of the commit-to-done: GPU running 52.03 ms, GPU not running -22.74 ms
ds4:   1429.8 gated dispatches a token, 0.0 of them behind an abort; 610.3 sent plain ahead of a buffer's first validate
ds4:   encode-ahead: 12.00 segments used, 0.00 dropped, 3.47 ms a token spent encoding under the GPU
ds4:   concurrent sections: 80.00 attempted, 80.00 opened a token
ds4:   speculation: 0.00 layers a token, 0.00 lanes computed, 0.00 matched, 0.00 GEMVs actually saved, 0.00 left to compute; compared 0.00 lanes, 0.00 floats differ, 0.00 by more than an ulp
ds4:   expert cache over the last 64 tokens: 480.00 hits, 0.00 misses, 0.00 evictions a token; 5732 of 7930 entries live (72.3%)
ds4:   of the address-table holes repaired a token: 0.00 already resident, 0.00 genuinely absent
ds4:   residency a token: 0.00 adds, 0.00 removes, 0.00 commits
ds4: gate over tokens 193-256: 14.00 command buffers, 0.00 aborts, 240.0 expert ids accounted, 0.00 MiB loaded a token; 0 the gate failed to switch off, 0 it could not gate
ds4:   one token, exclusive, same window: entry 0.00 + encode 0.81 + commit-to-done 28.75 + repair-load 0.00 + accounting 0.04 + tail 1.42 = 31.02 of a 35.11 ms wall, residual 4.09
ds4:   of the commit-to-done: GPU running 52.22 ms, GPU not running -23.47 ms
ds4:   1429.8 gated dispatches a token, 0.0 of them behind an abort; 610.3 sent plain ahead of a buffer's first validate
ds4:   encode-ahead: 12.00 segments used, 0.00 dropped, 4.02 ms a token spent encoding under the GPU
ds4:   concurrent sections: 80.00 attempted, 80.00 opened a token
ds4:   speculation: 0.00 layers a token, 0.00 lanes computed, 0.00 matched, 0.00 GEMVs actually saved, 0.00 left to compute; compared 0.00 lanes, 0.00 floats differ, 0.00 by more than an ulp
ds4:   expert cache over the last 64 tokens: 480.00 hits, 0.00 misses, 0.00 evictions a token; 5732 of 7930 entries live (72.3%)
ds4:   of the address-table holes repaired a token: 0.00 already resident, 0.00 genuinely absent
ds4:   residency a token: 0.00 adds, 0.00 removes, 0.00 commits
ds4: V4.1 verify selftest k=8, 64 positions from 31 (odd start, pair carry restored), 3 alternating rounds
  round 0: single 36.69 ms/token, batch 227.81 ms/step
  round 1: single 35.68 ms/token, batch 229.56 ms/step
  round 2: single 36.41 ms/token, batch 237.41 ms/step
  median single    : 36.41 ms/token
  median 8-row step: 229.56 ms = 6.31x one single step
  perfect-draft ceiling: 34.85 tok/s (100 tok/s requires <= 80.00 ms/step)
  block width      : 1.27x of 8 (needs 3.64x for 100 tok/s)
  marginal row cost: 27.59 ms = 76% of a standalone token
  rollback         : reproduces its own output
  batch vs single  : identical argmax (192 rows checked)
  break-even       : accept 79% of drafted tokens to beat single
  rolled-back passes agree with each other: yes
0924 20:41:38 ds4-server: chat ctx=31..35:4 gen=4 THINKING decoding chunk=0.21 t/s avg=0.21 t/s 19.501s
ds4-server: thinking not closed, ignoring incomplete DSML in reasoning
0924 20:41:38 ds4-server: chat ctx=0..31:31 gen=4 THINKING finish=length 21.967s
0924 20:41:40 ds4-server: shutdown requested, draining requests
