ds4: abort gate on for the first 40 layers
ds4: Metal device Apple M5 Max, 128.00 GiB RAM
ds4: Metal 4 tensor API enabled for Tensor kernels
ds4: drift-patch flags hc_stable=on norm_unify=on kv_raw_f32=off rope_exp2_log2=off math_safe=off tensor_matmul=on
ds4: Metal SSD streaming mode enabled; full model residency and warmup are skipped
ds4: SSD streaming auto cache budget
ds4:   metal recommends 107.52 GiB working set
ds4:   using 84% total for model + cached experts: 90.00 GiB
ds4:   non-routed weights: 9.37 GiB
ds4:   routed expert size: 9.49 MiB
ds4:   expert budget before prefill reserve: 8698 (80.63 GiB)
ds4: metal SSD streaming cache target 80.63 GiB; effective 80.63 GiB = 7.12 GiB prefill headroom + 73.51 GiB dynamic cache (7930 experts, 9.49 MiB each)
ds4: V4.1 SSD cache fitted from 7930 to 6729 experts for context/runtime headroom
ds4: Metal SSD static weights locked 9.37 GiB; pageable 0.00 GiB
ds4: SSD streaming initial metal model map (569 spans, 9.37 GiB tensor span)
ds4: metal backend initialized for graph diagnostics
ds4: memory: KV 0.06 GiB (raw 0.01 + compressed 0.05) + buffers 3.27 GiB + resident model 9.37 GiB + expert cache 62.38 GiB + prefill expert reserve 7.12 GiB = 82.20 GiB planned
ds4: memory detail: ctx=8192 prefill_cap=4096 raw_kv_rows=128 compressed_kv_rows=8193 backend=metal
0925 23:07:40 ds4-server: context buffers 3411.39 MiB (ctx=8192, backend=metal, prefill_chunk=4096, raw_kv_rows=128, compressed_kv_rows=8193)
0925 23:07:40 ds4-server: 8 resident sessions request at least 26.65 GiB of context buffers, or 3.74 GiB when the model shares one prefill workspace
ds4: V4.1 static context buffers 3411.39 MiB (ctx=8192), Engram disk-only
ds4: V4.1 static context buffers 3411.39 MiB (ctx=8192), Engram disk-only
ds4: V4.1 static context buffers 3411.39 MiB (ctx=8192), Engram disk-only
ds4: V4.1 static context buffers 3411.39 MiB (ctx=8192), Engram disk-only
ds4: V4.1 static context buffers 3411.39 MiB (ctx=8192), Engram disk-only
ds4: V4.1 static context buffers 3411.39 MiB (ctx=8192), Engram disk-only
ds4: V4.1 static context buffers 3411.39 MiB (ctx=8192), Engram disk-only
ds4: V4.1 static context buffers 3411.39 MiB (ctx=8192), Engram disk-only
0925 23:07:40 ds4-server: batched mode enabled resident_sessions=8 prefill_quantum=2048 mixed_prefill_quantum=128 decode_coalesce_us=30000
0925 23:07:40 ds4-server: listening on http://127.0.0.1:8017
0925 23:07:43 ds4-server: chat ctx=0..50:50 prompt start
0925 23:07:43 ds4-server: chat ctx=0..50:50 prompt start
0925 23:07:43 ds4-server: chat ctx=0..50:50 prompt start
0925 23:07:43 ds4-server: chat ctx=0..50:50 prompt start
ds4: shared/routed FFN overlap ran, mode 1
ds4: expert residency set on the queue
0925 23:07:43 ds4-server: chat ctx=0..50:50 prefill chunk 1/50 (2.0%) chunk=0.00 t/s avg=5.35 t/s 0.187s
0925 23:07:43 ds4-server: chat ctx=0..50:50 prefill chunk 2/50 (4.0%) chunk=7.72 t/s avg=6.32 t/s 0.317s
0925 23:07:43 ds4-server: chat ctx=0..50:50 prefill chunk 3/50 (6.0%) chunk=10.11 t/s avg=7.22 t/s 0.415s
0925 23:07:43 ds4-server: chat ctx=0..50:50 prefill chunk 4/50 (8.0%) chunk=10.67 t/s avg=7.86 t/s 0.509s
0925 23:07:43 ds4-server: chat ctx=0..50:50 prefill chunk 5/50 (10.0%) chunk=13.12 t/s avg=8.54 t/s 0.585s
0925 23:07:43 ds4-server: chat ctx=0..50:50 prefill chunk 6/50 (12.0%) chunk=17.06 t/s avg=9.32 t/s 0.644s
0925 23:07:43 ds4-server: chat ctx=0..50:50 prefill chunk 7/50 (14.0%) chunk=15.47 t/s avg=9.88 t/s 0.709s
0925 23:07:44 ds4-server: chat ctx=0..50:50 prefill chunk 8/50 (16.0%) chunk=15.19 t/s avg=10.33 t/s 0.774s
0925 23:07:44 ds4-server: chat ctx=0..50:50 prefill chunk 9/50 (18.0%) chunk=17.19 t/s avg=10.81 t/s 0.833s
0925 23:07:44 ds4-server: chat ctx=0..50:50 prefill chunk 10/50 (20.0%) chunk=14.69 t/s avg=11.10 t/s 0.901s
0925 23:07:44 ds4-server: chat ctx=0..50:50 prefill chunk 11/50 (22.0%) chunk=17.18 t/s avg=11.47 t/s 0.959s
0925 23:07:44 ds4-server: chat ctx=0..50:50 prefill chunk 12/50 (24.0%) chunk=17.68 t/s avg=11.82 t/s 1.015s
0925 23:07:44 ds4-server: chat ctx=0..50:50 prefill chunk 13/50 (26.0%) chunk=18.43 t/s avg=12.15 t/s 1.070s
0925 23:07:44 ds4-server: chat ctx=0..50:50 prefill chunk 14/50 (28.0%) chunk=13.36 t/s avg=12.23 t/s 1.144s
0925 23:07:44 ds4-server: chat ctx=0..50:50 prefill chunk 15/50 (30.0%) chunk=11.13 t/s avg=12.15 t/s 1.234s
0925 23:07:44 ds4-server: chat ctx=0..50:50 prefill chunk 16/50 (32.0%) chunk=12.30 t/s avg=12.16 t/s 1.316s
0925 23:07:44 ds4-server: chat ctx=0..50:50 prefill chunk 17/50 (34.0%) chunk=14.87 t/s avg=12.29 t/s 1.383s
0925 23:07:44 ds4-server: chat ctx=0..50:50 prefill chunk 18/50 (36.0%) chunk=13.12 t/s avg=12.34 t/s 1.459s
0925 23:07:44 ds4-server: chat ctx=0..50:50 prefill chunk 19/50 (38.0%) chunk=14.44 t/s avg=12.43 t/s 1.528s
0925 23:07:44 ds4-server: chat ctx=0..50:50 prefill chunk 20/50 (40.0%) chunk=9.86 t/s avg=12.27 t/s 1.630s
0925 23:07:45 ds4-server: chat ctx=0..50:50 prefill chunk 21/50 (42.0%) chunk=7.56 t/s avg=11.92 t/s 1.762s
0925 23:07:45 ds4-server: chat ctx=0..50:50 prefill chunk 22/50 (44.0%) chunk=11.84 t/s avg=11.91 t/s 1.846s
0925 23:07:45 ds4-server: chat ctx=0..50:50 prefill chunk 23/50 (46.0%) chunk=10.38 t/s avg=11.84 t/s 1.943s
0925 23:07:45 ds4-server: chat ctx=0..50:50 prefill chunk 24/50 (48.0%) chunk=10.69 t/s avg=11.79 t/s 2.036s
0925 23:07:45 ds4-server: chat ctx=0..50:50 prefill chunk 25/50 (50.0%) chunk=10.24 t/s avg=11.72 t/s 2.134s
0925 23:07:45 ds4-server: chat ctx=0..50:50 prefill chunk 26/50 (52.0%) chunk=15.19 t/s avg=11.82 t/s 2.200s
0925 23:07:45 ds4-server: chat ctx=0..50:50 prefill chunk 27/50 (54.0%) chunk=18.06 t/s avg=11.97 t/s 2.255s
0925 23:07:45 ds4-server: chat ctx=0..50:50 prefill chunk 28/50 (56.0%) chunk=17.94 t/s avg=12.12 t/s 2.311s
0925 23:07:45 ds4-server: chat ctx=0..50:50 prefill chunk 29/50 (58.0%) chunk=13.87 t/s avg=12.17 t/s 2.383s
0925 23:07:45 ds4-server: chat ctx=0..50:50 prefill chunk 30/50 (60.0%) chunk=17.08 t/s avg=12.29 t/s 2.442s
0925 23:07:45 ds4-server: chat ctx=0..50:50 prefill chunk 31/50 (62.0%) chunk=15.04 t/s avg=12.36 t/s 2.508s
0925 23:07:45 ds4-server: chat ctx=0..50:50 prefill chunk 32/50 (64.0%) chunk=19.35 t/s avg=12.50 t/s 2.560s
0925 23:07:45 ds4-server: chat ctx=0..50:50 prefill chunk 33/50 (66.0%) chunk=18.25 t/s avg=12.62 t/s 2.615s
0925 23:07:45 ds4-server: chat ctx=0..50:50 prefill chunk 34/50 (68.0%) chunk=13.20 t/s avg=12.64 t/s 2.690s
0925 23:07:46 ds4-server: chat ctx=0..50:50 prefill chunk 35/50 (70.0%) chunk=16.52 t/s avg=12.72 t/s 2.751s
0925 23:07:46 ds4-server: chat ctx=0..50:50 prefill chunk 36/50 (72.0%) chunk=14.26 t/s avg=12.76 t/s 2.821s
0925 23:07:46 ds4-server: chat ctx=0..50:50 prefill chunk 37/50 (74.0%) chunk=12.69 t/s avg=12.76 t/s 2.900s
0925 23:07:46 ds4-server: chat ctx=0..50:50 prefill chunk 38/50 (76.0%) chunk=15.71 t/s avg=12.82 t/s 2.963s
0925 23:07:46 ds4-server: chat ctx=0..50:50 prefill chunk 39/50 (78.0%) chunk=16.82 t/s avg=12.90 t/s 3.023s
0925 23:07:46 ds4-server: chat ctx=0..50:50 prefill chunk 40/50 (80.0%) chunk=14.85 t/s avg=12.94 t/s 3.090s
0925 23:07:46 ds4-server: chat ctx=0..50:50 prefill chunk 41/50 (82.0%) chunk=15.43 t/s avg=13.00 t/s 3.155s
0925 23:07:46 ds4-server: chat ctx=0..50:50 prefill chunk 42/50 (84.0%) chunk=15.68 t/s avg=13.05 t/s 3.219s
0925 23:07:46 ds4-server: chat ctx=0..50:50 prefill chunk 43/50 (86.0%) chunk=13.74 t/s avg=13.06 t/s 3.292s
0925 23:07:46 ds4-server: chat ctx=0..50:50 prefill chunk 44/50 (88.0%) chunk=16.40 t/s avg=13.12 t/s 3.353s
0925 23:07:46 ds4-server: chat ctx=0..50:50 prefill chunk 45/50 (90.0%) chunk=15.56 t/s avg=13.17 t/s 3.417s
0925 23:07:46 ds4-server: chat ctx=0..50:50 prefill chunk 46/50 (92.0%) chunk=16.02 t/s avg=13.22 t/s 3.479s
0925 23:07:46 ds4-server: chat ctx=0..50:50 prefill chunk 47/50 (94.0%) chunk=18.40 t/s avg=13.30 t/s 3.534s
0925 23:07:46 ds4-server: chat ctx=0..50:50 prefill chunk 48/50 (96.0%) chunk=16.49 t/s avg=13.35 t/s 3.594s
0925 23:07:46 ds4-server: chat ctx=0..50:50 prefill chunk 49/50 (98.0%) chunk=16.67 t/s avg=13.41 t/s 3.654s
0925 23:07:46 ds4-server: chat ctx=0..50:50 prefill chunk 50/50 (100.0%) chunk=16.81 t/s avg=13.46 t/s 3.714s
0925 23:07:47 ds4-server: chat ctx=0..50:50 prompt done 3.715s
0925 23:07:47 ds4-server: chat ctx=0..50:50 prefill chunk 1/50 (2.0%) chunk=0.00 t/s avg=0.27 t/s 3.755s
0925 23:07:47 ds4-server: chat ctx=0..50:50 prefill chunk 2/50 (4.0%) chunk=25.05 t/s avg=0.53 t/s 3.795s
0925 23:07:47 ds4-server: chat ctx=0..50:50 prefill chunk 3/50 (6.0%) chunk=24.00 t/s avg=0.78 t/s 3.837s
0925 23:07:47 ds4-server: chat ctx=0..50:50 prefill chunk 4/50 (8.0%) chunk=22.71 t/s avg=1.03 t/s 3.881s
0925 23:07:47 ds4-server: chat ctx=0..50:50 prefill chunk 5/50 (10.0%) chunk=21.44 t/s avg=1.27 t/s 3.928s
0925 23:07:47 ds4-server: chat ctx=0..50:50 prefill chunk 6/50 (12.0%) chunk=20.90 t/s avg=1.51 t/s 3.975s
0925 23:07:47 ds4-server: chat ctx=0..50:50 prefill chunk 7/50 (14.0%) chunk=20.30 t/s avg=1.74 t/s 4.025s
0925 23:07:47 ds4-server: chat ctx=0..50:50 prefill chunk 8/50 (16.0%) chunk=21.50 t/s avg=1.96 t/s 4.071s
0925 23:07:47 ds4-server: chat ctx=0..50:50 prefill chunk 9/50 (18.0%) chunk=18.59 t/s avg=2.18 t/s 4.125s
0925 23:07:47 ds4-server: chat ctx=0..50:50 prefill chunk 10/50 (20.0%) chunk=18.63 t/s avg=2.39 t/s 4.179s
0925 23:07:47 ds4-server: chat ctx=0..50:50 prefill chunk 11/50 (22.0%) chunk=17.50 t/s avg=2.60 t/s 4.236s
0925 23:07:47 ds4-server: chat ctx=0..50:50 prefill chunk 12/50 (24.0%) chunk=16.82 t/s avg=2.79 t/s 4.295s
0925 23:07:47 ds4-server: chat ctx=0..50:50 prefill chunk 13/50 (26.0%) chunk=17.86 t/s avg=2.99 t/s 4.351s
ds4:   decode path so far: 64 single-row steps (67.9 ms each inside the graph over the last 64), 0 K-row verification steps over 0 positions, 0 batch-fusion sites taken; candidate K none
ds4: gate over tokens 1-64: 32.55 command buffers, 27.31 aborts, 240.0 expert ids accounted, 632.12 MiB loaded a token; 0 the gate failed to switch off, 0 it could not gate
ds4:   one token, exclusive, same window: entry 0.00 + encode 3.61 + commit-to-done 44.64 + repair-load 14.39 + accounting 0.03 + tail 0.00 = 62.68 of a 67.29 ms wall, residual 4.61
ds4:   of the commit-to-done: GPU running 41.34 ms, GPU not running 3.30 ms
ds4:   1999.6 gated dispatches a token, 65.8 of them behind an abort; 2608.0 sent plain ahead of a buffer's first validate
ds4:   encode-ahead: 3.23 segments used, 24.61 dropped, 4.35 ms a token spent encoding under the GPU
ds4:   concurrent sections: 325.50 attempted, 325.50 opened a token
ds4:   speculation: 0.00 layers a token, 0.00 lanes computed, 0.00 matched, 0.00 GEMVs actually saved, 0.00 left to compute; compared 0.00 lanes, 0.00 floats differ, 0.00 by more than an ulp
ds4:   expert cache over the last 64 tokens: 240.00 hits, 66.59 misses, 0.00 evictions a token; 4262 of 6729 entries live (63.3%)
ds4:   of the address-table holes repaired a token: 0.00 already resident, 66.59 genuinely absent
ds4:   residency a token: 66.59 adds, 0.00 removes, 66.59 commits
0925 23:07:47 ds4-server: chat ctx=0..50:50 prefill chunk 14/50 (28.0%) chunk=17.37 t/s avg=3.18 t/s 4.409s
0925 23:07:47 ds4-server: chat ctx=0..50:50 prefill chunk 15/50 (30.0%) chunk=17.02 t/s avg=3.36 t/s 4.468s
0925 23:07:47 ds4-server: chat ctx=0..50:50 prefill chunk 16/50 (32.0%) chunk=17.32 t/s avg=3.54 t/s 4.525s
0925 23:07:47 ds4-server: chat ctx=0..50:50 prefill chunk 17/50 (34.0%) chunk=17.66 t/s avg=3.71 t/s 4.582s
0925 23:07:47 ds4-server: chat ctx=0..50:50 prefill chunk 18/50 (36.0%) chunk=17.94 t/s avg=3.88 t/s 4.638s
0925 23:07:47 ds4-server: chat ctx=0..50:50 prefill chunk 19/50 (38.0%) chunk=18.22 t/s avg=4.05 t/s 4.693s
0925 23:07:48 ds4-server: chat ctx=0..50:50 prefill chunk 20/50 (40.0%) chunk=18.08 t/s avg=4.21 t/s 4.748s
0925 23:07:48 ds4-server: chat ctx=0..50:50 prefill chunk 21/50 (42.0%) chunk=18.09 t/s avg=4.37 t/s 4.803s
0925 23:07:48 ds4-server: chat ctx=0..50:50 prefill chunk 22/50 (44.0%) chunk=18.17 t/s avg=4.53 t/s 4.858s
0925 23:07:48 ds4-server: chat ctx=0..50:50 prefill chunk 23/50 (46.0%) chunk=18.58 t/s avg=4.68 t/s 4.912s
0925 23:07:48 ds4-server: chat ctx=0..50:50 prefill chunk 24/50 (48.0%) chunk=18.80 t/s avg=4.83 t/s 4.965s
0925 23:07:48 ds4-server: chat ctx=0..50:50 prefill chunk 25/50 (50.0%) chunk=18.89 t/s avg=4.98 t/s 5.018s
0925 23:07:48 ds4-server: chat ctx=0..50:50 prefill chunk 26/50 (52.0%) chunk=19.19 t/s avg=5.13 t/s 5.070s
0925 23:07:48 ds4-server: chat ctx=0..50:50 prefill chunk 27/50 (54.0%) chunk=18.80 t/s avg=5.27 t/s 5.123s
0925 23:07:48 ds4-server: chat ctx=0..50:50 prefill chunk 28/50 (56.0%) chunk=19.35 t/s avg=5.41 t/s 5.175s
0925 23:07:48 ds4-server: chat ctx=0..50:50 prefill chunk 29/50 (58.0%) chunk=20.66 t/s avg=5.55 t/s 5.224s
0925 23:07:48 ds4-server: chat ctx=0..50:50 prefill chunk 30/50 (60.0%) chunk=20.51 t/s avg=5.69 t/s 5.272s
0925 23:07:48 ds4-server: chat ctx=0..50:50 prefill chunk 31/50 (62.0%) chunk=15.89 t/s avg=5.81 t/s 5.335s
0925 23:07:48 ds4-server: chat ctx=0..50:50 prefill chunk 32/50 (64.0%) chunk=17.98 t/s avg=5.94 t/s 5.391s
0925 23:07:48 ds4-server: chat ctx=0..50:50 prefill chunk 33/50 (66.0%) chunk=19.04 t/s avg=6.06 t/s 5.443s
0925 23:07:48 ds4-server: chat ctx=0..50:50 prefill chunk 34/50 (68.0%) chunk=16.18 t/s avg=6.18 t/s 5.505s
0925 23:07:48 ds4-server: chat ctx=0..50:50 prefill chunk 35/50 (70.0%) chunk=17.90 t/s avg=6.29 t/s 5.561s
0925 23:07:48 ds4-server: chat ctx=0..50:50 prefill chunk 36/50 (72.0%) chunk=18.72 t/s avg=6.41 t/s 5.615s
0925 23:07:48 ds4-server: chat ctx=0..50:50 prefill chunk 37/50 (74.0%) chunk=19.49 t/s avg=6.53 t/s 5.666s
0925 23:07:49 ds4-server: chat ctx=0..50:50 prefill chunk 38/50 (76.0%) chunk=18.47 t/s avg=6.64 t/s 5.720s
0925 23:07:49 ds4-server: chat ctx=0..50:50 prefill chunk 39/50 (78.0%) chunk=18.71 t/s avg=6.76 t/s 5.773s
0925 23:07:49 ds4-server: chat ctx=0..50:50 prefill chunk 40/50 (80.0%) chunk=17.45 t/s avg=6.86 t/s 5.831s
0925 23:07:49 ds4-server: chat ctx=0..50:50 prefill chunk 41/50 (82.0%) chunk=18.75 t/s avg=6.97 t/s 5.884s
0925 23:07:49 ds4-server: chat ctx=0..50:50 prefill chunk 42/50 (84.0%) chunk=20.92 t/s avg=7.08 t/s 5.932s
0925 23:07:49 ds4-server: chat ctx=0..50:50 prefill chunk 43/50 (86.0%) chunk=18.50 t/s avg=7.18 t/s 5.986s
0925 23:07:49 ds4-server: chat ctx=0..50:50 prefill chunk 44/50 (88.0%) chunk=23.10 t/s avg=7.30 t/s 6.029s
0925 23:07:49 ds4-server: chat ctx=0..50:50 prefill chunk 45/50 (90.0%) chunk=18.88 t/s avg=7.40 t/s 6.082s
0925 23:07:49 ds4-server: chat ctx=0..50:50 prefill chunk 46/50 (92.0%) chunk=22.12 t/s avg=7.51 t/s 6.127s
0925 23:07:49 ds4-server: chat ctx=0..50:50 prefill chunk 47/50 (94.0%) chunk=19.64 t/s avg=7.61 t/s 6.178s
0925 23:07:49 ds4-server: chat ctx=0..50:50 prefill chunk 48/50 (96.0%) chunk=19.88 t/s avg=7.71 t/s 6.229s
0925 23:07:49 ds4-server: chat ctx=0..50:50 prefill chunk 49/50 (98.0%) chunk=19.77 t/s avg=7.80 t/s 6.279s
0925 23:07:49 ds4-server: chat ctx=0..50:50 prefill chunk 50/50 (100.0%) chunk=22.40 t/s avg=7.91 t/s 6.324s
0925 23:07:49 ds4-server: chat ctx=0..50:50 prompt done 6.325s
0925 23:07:49 ds4-server: chat ctx=0..50:50 prompt start
0925 23:07:49 ds4-server: chat ctx=0..50:50 prompt start
0925 23:07:49 ds4-server: chat ctx=0..50:50 prompt start
0925 23:07:49 ds4-server: decode batch count=1 elapsed=78.846 ms status=ok row0=slot2
0925 23:07:49 ds4-server: chat ctx=0..50:50 prompt start
0925 23:07:49 ds4-server: decode batch count=2 elapsed=122.606 ms status=ok row0=slot2 row1=slot3
0925 23:07:49 ds4-server: chat ctx=0..50:50 prefill chunk 1/50 (2.0%) chunk=0.00 t/s avg=4.12 t/s 0.243s
0925 23:07:49 ds4-server: chat ctx=0..50:50 prefill chunk 2/50 (4.0%) chunk=25.68 t/s avg=7.10 t/s 0.282s
0925 23:07:49 ds4-server: chat ctx=0..50:50 prefill chunk 3/50 (6.0%) chunk=26.06 t/s avg=9.37 t/s 0.320s
0925 23:07:49 ds4-server: chat ctx=0..50:50 prefill chunk 4/50 (8.0%) chunk=22.66 t/s avg=10.98 t/s 0.364s
0925 23:07:50 ds4-server: chat ctx=0..50:50 prefill chunk 5/50 (10.0%) chunk=21.43 t/s avg=12.17 t/s 0.411s
0925 23:07:50 ds4-server: chat ctx=0..50:50 prefill chunk 6/50 (12.0%) chunk=20.40 t/s avg=13.05 t/s 0.460s
0925 23:07:50 ds4-server: chat ctx=0..50:50 prefill chunk 7/50 (14.0%) chunk=21.07 t/s avg=13.80 t/s 0.507s
0925 23:07:50 ds4-server: chat ctx=0..50:50 prefill chunk 8/50 (16.0%) chunk=20.68 t/s avg=14.40 t/s 0.556s
0925 23:07:50 ds4-server: chat ctx=0..50:50 prefill chunk 9/50 (18.0%) chunk=20.94 t/s avg=14.92 t/s 0.603s
0925 23:07:50 ds4-server: chat ctx=0..50:50 prefill chunk 10/50 (20.0%) chunk=20.54 t/s avg=15.34 t/s 0.652s
0925 23:07:50 ds4-server: chat ctx=0..50:50 prefill chunk 11/50 (22.0%) chunk=21.07 t/s avg=15.72 t/s 0.700s
0925 23:07:50 ds4-server: chat ctx=0..50:50 prefill chunk 12/50 (24.0%) chunk=21.32 t/s avg=16.08 t/s 0.746s
0925 23:07:50 ds4-server: chat ctx=0..50:50 prefill chunk 13/50 (26.0%) chunk=20.74 t/s avg=16.36 t/s 0.795s
0925 23:07:50 ds4-server: chat ctx=0..50:50 prefill chunk 14/50 (28.0%) chunk=20.79 t/s avg=16.61 t/s 0.843s
0925 23:07:50 ds4-server: chat ctx=0..50:50 prefill chunk 15/50 (30.0%) chunk=21.15 t/s avg=16.85 t/s 0.890s
0925 23:07:50 ds4-server: chat ctx=0..50:50 prefill chunk 16/50 (32.0%) chunk=21.22 t/s avg=17.07 t/s 0.937s
0925 23:07:50 ds4-server: chat ctx=0..50:50 prefill chunk 17/50 (34.0%) chunk=21.16 t/s avg=17.27 t/s 0.984s
0925 23:07:50 ds4-server: chat ctx=0..50:50 prefill chunk 18/50 (36.0%) chunk=20.78 t/s avg=17.43 t/s 1.033s
0925 23:07:50 ds4-server: chat ctx=0..50:50 prefill chunk 19/50 (38.0%) chunk=21.20 t/s avg=17.60 t/s 1.080s
0925 23:07:50 ds4-server: chat ctx=0..50:50 prefill chunk 20/50 (40.0%) chunk=20.86 t/s avg=17.74 t/s 1.128s
0925 23:07:50 ds4-server: chat ctx=0..50:50 prefill chunk 21/50 (42.0%) chunk=22.89 t/s avg=17.93 t/s 1.171s
0925 23:07:50 ds4-server: chat ctx=0..50:50 prefill chunk 22/50 (44.0%) chunk=20.71 t/s avg=18.04 t/s 1.220s
0925 23:07:50 ds4-server: chat ctx=0..50:50 prefill chunk 23/50 (46.0%) chunk=20.98 t/s avg=18.15 t/s 1.267s
0925 23:07:50 ds4-server: chat ctx=0..50:50 prefill chunk 24/50 (48.0%) chunk=20.61 t/s avg=18.24 t/s 1.316s
ds4:   decode path so far: 128 single-row steps (51.3 ms each inside the graph over the last 64), 0 K-row verification steps over 0 positions, 0 batch-fusion sites taken; candidate K none
ds4: gate over tokens 65-128: 15.78 command buffers, 2.66 aborts, 240.0 expert ids accounted, 33.37 MiB loaded a token; 0 the gate failed to switch off, 0 it could not gate
ds4:   one token, exclusive, same window: entry 0.00 + encode 1.32 + commit-to-done 42.91 + repair-load 1.84 + accounting 0.04 + tail 0.07 = 46.18 of a 50.21 ms wall, residual 4.03
ds4:   of the commit-to-done: GPU running 43.17 ms, GPU not running -0.25 ms
ds4:   1483.8 gated dispatches a token, 8.4 of them behind an abort; 804.4 sent plain ahead of a buffer's first validate
ds4:   encode-ahead: 11.12 segments used, 2.38 dropped, 3.94 ms a token spent encoding under the GPU
ds4:   concurrent sections: 103.59 attempted, 103.59 opened a token
ds4:   speculation: 0.00 layers a token, 0.00 lanes computed, 0.00 matched, 0.00 GEMVs actually saved, 0.00 left to compute; compared 0.00 lanes, 0.00 floats differ, 0.00 by more than an ulp
ds4:   expert cache over the last 64 tokens: 240.00 hits, 3.52 misses, 0.00 evictions a token; 4487 of 6729 entries live (66.7%)
ds4:   of the address-table holes repaired a token: 0.00 already resident, 3.52 genuinely absent
ds4:   residency a token: 3.52 adds, 0.00 removes, 3.52 commits
0925 23:07:50 ds4-server: chat ctx=0..50:50 prefill chunk 25/50 (50.0%) chunk=20.66 t/s avg=18.33 t/s 1.364s
0925 23:07:51 ds4-server: chat ctx=0..50:50 prefill chunk 26/50 (52.0%) chunk=21.22 t/s avg=18.42 t/s 1.411s
0925 23:07:51 ds4-server: chat ctx=0..50:50 prefill chunk 27/50 (54.0%) chunk=20.68 t/s avg=18.50 t/s 1.460s
0925 23:07:51 ds4-server: chat ctx=0..50:50 prefill chunk 28/50 (56.0%) chunk=20.34 t/s avg=18.56 t/s 1.509s
0925 23:07:51 ds4-server: chat ctx=0..50:50 prefill chunk 29/50 (58.0%) chunk=19.95 t/s avg=18.60 t/s 1.559s
0925 23:07:51 ds4-server: chat ctx=0..50:50 prefill chunk 30/50 (60.0%) chunk=20.24 t/s avg=18.65 t/s 1.608s
0925 23:07:51 ds4-server: chat ctx=0..50:50 prefill chunk 31/50 (62.0%) chunk=15.56 t/s avg=18.53 t/s 1.673s
0925 23:07:51 ds4-server: chat ctx=0..50:50 prefill chunk 32/50 (64.0%) chunk=14.68 t/s avg=18.38 t/s 1.741s
0925 23:07:51 ds4-server: chat ctx=0..50:50 prefill chunk 33/50 (66.0%) chunk=16.37 t/s avg=18.31 t/s 1.802s
0925 23:07:51 ds4-server: chat ctx=0..50:50 prefill chunk 34/50 (68.0%) chunk=19.08 t/s avg=18.34 t/s 1.854s
0925 23:07:51 ds4-server: chat ctx=0..50:50 prefill chunk 35/50 (70.0%) chunk=19.94 t/s avg=18.38 t/s 1.904s
0925 23:07:51 ds4-server: chat ctx=0..50:50 prefill chunk 36/50 (72.0%) chunk=20.26 t/s avg=18.43 t/s 1.954s
0925 23:07:51 ds4-server: chat ctx=0..50:50 prefill chunk 37/50 (74.0%) chunk=18.69 t/s avg=18.43 t/s 2.007s
0925 23:07:51 ds4-server: chat ctx=0..50:50 prefill chunk 38/50 (76.0%) chunk=20.29 t/s avg=18.48 t/s 2.057s
0925 23:07:51 ds4-server: chat ctx=0..50:50 prefill chunk 39/50 (78.0%) chunk=20.06 t/s avg=18.51 t/s 2.106s
0925 23:07:51 ds4-server: chat ctx=0..50:50 prefill chunk 40/50 (80.0%) chunk=17.51 t/s avg=18.49 t/s 2.164s
0925 23:07:51 ds4-server: chat ctx=0..50:50 prefill chunk 41/50 (82.0%) chunk=21.25 t/s avg=18.55 t/s 2.211s
0925 23:07:51 ds4-server: chat ctx=0..50:50 prefill chunk 42/50 (84.0%) chunk=20.14 t/s avg=18.58 t/s 2.260s
0925 23:07:51 ds4-server: chat ctx=0..50:50 prefill chunk 43/50 (86.0%) chunk=21.02 t/s avg=18.63 t/s 2.308s
0925 23:07:51 ds4-server: chat ctx=0..50:50 prefill chunk 44/50 (88.0%) chunk=19.69 t/s avg=18.65 t/s 2.359s
0925 23:07:52 ds4-server: chat ctx=0..50:50 prefill chunk 45/50 (90.0%) chunk=20.96 t/s avg=18.70 t/s 2.406s
0925 23:07:52 ds4-server: chat ctx=0..50:50 prefill chunk 46/50 (92.0%) chunk=21.06 t/s avg=18.75 t/s 2.454s
0925 23:07:52 ds4-server: chat ctx=0..50:50 prefill chunk 47/50 (94.0%) chunk=24.87 t/s avg=18.84 t/s 2.494s
0925 23:07:52 ds4-server: chat ctx=0..50:50 prefill chunk 48/50 (96.0%) chunk=22.76 t/s avg=18.91 t/s 2.538s
0925 23:07:52 ds4-server: chat ctx=0..50:50 prefill chunk 49/50 (98.0%) chunk=22.58 t/s avg=18.98 t/s 2.582s
0925 23:07:52 ds4-server: chat ctx=0..50:50 prefill chunk 50/50 (100.0%) chunk=23.11 t/s avg=19.04 t/s 2.626s
0925 23:07:52 ds4-server: chat ctx=0..50:50 prompt done 2.627s
0925 23:07:52 ds4-server: decode batch count=2 elapsed=124.959 ms status=ok row0=slot2 row1=slot3
0925 23:07:52 ds4-server: decode batch count=3 elapsed=171.307 ms status=ok row0=slot2 row1=slot3 row2=slot4
0925 23:07:52 ds4-server: chat ctx=0..50:50 prefill chunk 1/50 (2.0%) chunk=0.00 t/s avg=0.34 t/s 2.973s
0925 23:07:52 ds4-server: chat ctx=0..50:50 prefill chunk 2/50 (4.0%) chunk=21.10 t/s avg=0.66 t/s 3.020s
0925 23:07:52 ds4-server: chat ctx=0..50:50 prefill chunk 3/50 (6.0%) chunk=20.88 t/s avg=0.98 t/s 3.068s
0925 23:07:52 ds4-server: chat ctx=0..50:50 prefill chunk 4/50 (8.0%) chunk=20.71 t/s avg=1.28 t/s 3.116s
0925 23:07:52 ds4-server: chat ctx=0..50:50 prefill chunk 5/50 (10.0%) chunk=19.86 t/s avg=1.58 t/s 3.166s
0925 23:07:52 ds4-server: chat ctx=0..50:50 prefill chunk 6/50 (12.0%) chunk=20.02 t/s avg=1.87 t/s 3.216s
0925 23:07:52 ds4-server: chat ctx=0..50:50 prefill chunk 7/50 (14.0%) chunk=18.75 t/s avg=2.14 t/s 3.270s
0925 23:07:52 ds4-server: chat ctx=0..50:50 prefill chunk 8/50 (16.0%) chunk=18.39 t/s avg=2.41 t/s 3.324s
0925 23:07:52 ds4-server: chat ctx=0..50:50 prefill chunk 9/50 (18.0%) chunk=19.18 t/s avg=2.67 t/s 3.376s
0925 23:07:53 ds4-server: chat ctx=0..50:50 prefill chunk 10/50 (20.0%) chunk=20.12 t/s avg=2.92 t/s 3.426s
0925 23:07:53 ds4-server: chat ctx=0..50:50 prefill chunk 11/50 (22.0%) chunk=19.23 t/s avg=3.16 t/s 3.478s
0925 23:07:53 ds4-server: chat ctx=0..50:50 prefill chunk 12/50 (24.0%) chunk=18.30 t/s avg=3.40 t/s 3.533s
0925 23:07:53 ds4-server: chat ctx=0..50:50 prefill chunk 13/50 (26.0%) chunk=16.79 t/s avg=3.62 t/s 3.592s
0925 23:07:53 ds4-server: chat ctx=0..50:50 prefill chunk 14/50 (28.0%) chunk=17.59 t/s avg=3.84 t/s 3.649s
0925 23:07:53 ds4-server: chat ctx=0..50:50 prefill chunk 15/50 (30.0%) chunk=18.21 t/s avg=4.05 t/s 3.704s
0925 23:07:53 ds4-server: chat ctx=0..50:50 prefill chunk 16/50 (32.0%) chunk=19.17 t/s avg=4.26 t/s 3.756s
0925 23:07:53 ds4-server: chat ctx=0..50:50 prefill chunk 17/50 (34.0%) chunk=19.49 t/s avg=4.46 t/s 3.807s
0925 23:07:53 ds4-server: chat ctx=0..50:50 prefill chunk 18/50 (36.0%) chunk=19.74 t/s avg=4.67 t/s 3.858s
0925 23:07:53 ds4-server: chat ctx=0..50:50 prefill chunk 19/50 (38.0%) chunk=19.85 t/s avg=4.86 t/s 3.908s
0925 23:07:53 ds4-server: chat ctx=0..50:50 prefill chunk 20/50 (40.0%) chunk=20.42 t/s avg=5.05 t/s 3.957s
0925 23:07:53 ds4-server: chat ctx=0..50:50 prefill chunk 21/50 (42.0%) chunk=20.68 t/s avg=5.24 t/s 4.006s
0925 23:07:53 ds4-server: chat ctx=0..50:50 prefill chunk 22/50 (44.0%) chunk=21.24 t/s avg=5.43 t/s 4.053s
0925 23:07:53 ds4-server: chat ctx=0..50:50 prefill chunk 23/50 (46.0%) chunk=21.59 t/s avg=5.61 t/s 4.099s
0925 23:07:53 ds4-server: chat ctx=0..50:50 prefill chunk 24/50 (48.0%) chunk=22.48 t/s avg=5.79 t/s 4.144s
0925 23:07:53 ds4-server: chat ctx=0..50:50 prefill chunk 25/50 (50.0%) chunk=22.93 t/s avg=5.97 t/s 4.187s
0925 23:07:53 ds4-server: chat ctx=0..50:50 prefill chunk 26/50 (52.0%) chunk=22.41 t/s avg=6.14 t/s 4.232s
0925 23:07:53 ds4-server: chat ctx=0..50:50 prefill chunk 27/50 (54.0%) chunk=22.37 t/s avg=6.31 t/s 4.277s
0925 23:07:53 ds4-server: chat ctx=0..50:50 prefill chunk 28/50 (56.0%) chunk=21.09 t/s avg=6.48 t/s 4.324s
0925 23:07:53 ds4-server: chat ctx=0..50:50 prefill chunk 29/50 (58.0%) chunk=21.30 t/s avg=6.63 t/s 4.371s
0925 23:07:54 ds4-server: chat ctx=0..50:50 prefill chunk 30/50 (60.0%) chunk=20.98 t/s avg=6.79 t/s 4.419s
0925 23:07:54 ds4-server: chat ctx=0..50:50 prefill chunk 31/50 (62.0%) chunk=18.57 t/s avg=6.93 t/s 4.472s
0925 23:07:54 ds4-server: chat ctx=0..50:50 prefill chunk 32/50 (64.0%) chunk=19.91 t/s avg=7.08 t/s 4.523s
0925 23:07:54 ds4-server: chat ctx=0..50:50 prefill chunk 33/50 (66.0%) chunk=19.18 t/s avg=7.21 t/s 4.575s
ds4:   decode path so far: 192 single-row steps (50.8 ms each inside the graph over the last 64), 0 K-row verification steps over 0 positions, 0 batch-fusion sites taken; candidate K none
ds4: gate over tokens 129-192: 15.70 command buffers, 2.59 aborts, 240.0 expert ids accounted, 30.11 MiB loaded a token; 0 the gate failed to switch off, 0 it could not gate
ds4:   one token, exclusive, same window: entry 0.00 + encode 1.15 + commit-to-done 43.15 + repair-load 1.62 + accounting 0.03 + tail 0.13 = 46.08 of a 49.91 ms wall, residual 3.83
ds4:   of the commit-to-done: GPU running 43.31 ms, GPU not running -0.15 ms
ds4:   1480.8 gated dispatches a token, 6.1 of them behind an abort; 797.7 sent plain ahead of a buffer's first validate
ds4:   encode-ahead: 11.11 segments used, 2.34 dropped, 3.74 ms a token spent encoding under the GPU
ds4:   concurrent sections: 102.94 attempted, 102.94 opened a token
ds4:   speculation: 0.00 layers a token, 0.00 lanes computed, 0.00 matched, 0.00 GEMVs actually saved, 0.00 left to compute; compared 0.00 lanes, 0.00 floats differ, 0.00 by more than an ulp
ds4:   expert cache over the last 64 tokens: 240.00 hits, 3.17 misses, 0.00 evictions a token; 4690 of 6729 entries live (69.7%)
ds4:   of the address-table holes repaired a token: 0.00 already resident, 3.17 genuinely absent
ds4:   residency a token: 3.17 adds, 0.00 removes, 3.17 commits
0925 23:07:54 ds4-server: chat ctx=0..50:50 prefill chunk 34/50 (68.0%) chunk=21.19 t/s avg=7.36 t/s 4.622s
0925 23:07:54 ds4-server: chat ctx=0..50:50 prefill chunk 35/50 (70.0%) chunk=19.67 t/s avg=7.49 t/s 4.673s
0925 23:07:54 ds4-server: chat ctx=0..50:50 prefill chunk 36/50 (72.0%) chunk=20.59 t/s avg=7.62 t/s 4.721s
0925 23:07:54 ds4-server: chat ctx=0..50:50 prefill chunk 37/50 (74.0%) chunk=20.22 t/s avg=7.76 t/s 4.771s
0925 23:07:54 ds4-server: chat ctx=0..50:50 prefill chunk 38/50 (76.0%) chunk=20.52 t/s avg=7.88 t/s 4.820s
0925 23:07:54 ds4-server: chat ctx=0..50:50 prefill chunk 39/50 (78.0%) chunk=20.73 t/s avg=8.01 t/s 4.868s
0925 23:07:54 ds4-server: chat ctx=0..50:50 prefill chunk 40/50 (80.0%) chunk=21.48 t/s avg=8.14 t/s 4.914s
0925 23:07:54 ds4-server: chat ctx=0..50:50 prefill chunk 41/50 (82.0%) chunk=21.30 t/s avg=8.26 t/s 4.961s
0925 23:07:54 ds4-server: chat ctx=0..50:50 prefill chunk 42/50 (84.0%) chunk=21.21 t/s avg=8.39 t/s 5.009s
0925 23:07:54 ds4-server: chat ctx=0..50:50 prefill chunk 43/50 (86.0%) chunk=18.69 t/s avg=8.49 t/s 5.062s
0925 23:07:54 ds4-server: chat ctx=0..50:50 prefill chunk 44/50 (88.0%) chunk=21.83 t/s avg=8.61 t/s 5.108s
0925 23:07:54 ds4-server: chat ctx=0..50:50 prefill chunk 45/50 (90.0%) chunk=19.93 t/s avg=8.72 t/s 5.158s
0925 23:07:54 ds4-server: chat ctx=0..50:50 prefill chunk 46/50 (92.0%) chunk=20.80 t/s avg=8.84 t/s 5.206s
0925 23:07:54 ds4-server: chat ctx=0..50:50 prefill chunk 47/50 (94.0%) chunk=21.71 t/s avg=8.95 t/s 5.252s
0925 23:07:54 ds4-server: chat ctx=0..50:50 prefill chunk 48/50 (96.0%) chunk=21.93 t/s avg=9.06 t/s 5.298s
0925 23:07:54 ds4-server: chat ctx=0..50:50 prefill chunk 49/50 (98.0%) chunk=20.28 t/s avg=9.16 t/s 5.347s
0925 23:07:55 ds4-server: chat ctx=0..50:50 prefill chunk 50/50 (100.0%) chunk=21.14 t/s avg=9.27 t/s 5.394s
0925 23:07:55 ds4-server: chat ctx=0..50:50 prompt done 5.396s
0925 23:07:55 ds4-server: decode batch count=3 elapsed=193.039 ms status=ok row0=slot2 row1=slot3 row2=slot4
0925 23:07:55 ds4-server: decode batch count=4 elapsed=220.994 ms status=ok row0=slot2 row1=slot3 row2=slot4 row3=slot5
0925 23:07:55 ds4-server: chat ctx=0..50:50 prefill chunk 1/50 (2.0%) chunk=0.00 t/s avg=0.17 t/s 5.853s
0925 23:07:55 ds4-server: chat ctx=0..50:50 prefill chunk 2/50 (4.0%) chunk=23.69 t/s avg=0.34 t/s 5.895s
0925 23:07:55 ds4-server: chat ctx=0..50:50 prefill chunk 3/50 (6.0%) chunk=22.89 t/s avg=0.51 t/s 5.939s
0925 23:07:55 ds4-server: chat ctx=0..50:50 prefill chunk 4/50 (8.0%) chunk=22.68 t/s avg=0.67 t/s 5.983s
0925 23:07:55 ds4-server: chat ctx=0..50:50 prefill chunk 5/50 (10.0%) chunk=22.53 t/s avg=0.83 t/s 6.027s
0925 23:07:55 ds4-server: chat ctx=0..50:50 prefill chunk 6/50 (12.0%) chunk=22.26 t/s avg=0.99 t/s 6.072s
0925 23:07:55 ds4-server: chat ctx=0..50:50 prefill chunk 7/50 (14.0%) chunk=22.14 t/s avg=1.14 t/s 6.117s
0925 23:07:55 ds4-server: chat ctx=0..50:50 prefill chunk 8/50 (16.0%) chunk=22.38 t/s avg=1.30 t/s 6.162s
0925 23:07:55 ds4-server: chat ctx=0..50:50 prefill chunk 9/50 (18.0%) chunk=22.15 t/s avg=1.45 t/s 6.207s
0925 23:07:55 ds4-server: chat ctx=0..50:50 prefill chunk 10/50 (20.0%) chunk=21.59 t/s avg=1.60 t/s 6.253s
0925 23:07:55 ds4-server: chat ctx=0..50:50 prefill chunk 11/50 (22.0%) chunk=21.60 t/s avg=1.75 t/s 6.300s
0925 23:07:55 ds4-server: chat ctx=0..50:50 prefill chunk 12/50 (24.0%) chunk=21.08 t/s avg=1.89 t/s 6.347s
0925 23:07:56 ds4-server: chat ctx=0..50:50 prefill chunk 13/50 (26.0%) chunk=20.82 t/s avg=2.03 t/s 6.395s
0925 23:07:56 ds4-server: chat ctx=0..50:50 prefill chunk 14/50 (28.0%) chunk=21.05 t/s avg=2.17 t/s 6.443s
0925 23:07:56 ds4-server: chat ctx=0..50:50 prefill chunk 15/50 (30.0%) chunk=20.92 t/s avg=2.31 t/s 6.490s
0925 23:07:56 ds4-server: chat ctx=0..50:50 prefill chunk 16/50 (32.0%) chunk=20.86 t/s avg=2.45 t/s 6.538s
0925 23:07:56 ds4-server: chat ctx=0..50:50 prefill chunk 17/50 (34.0%) chunk=21.99 t/s avg=2.58 t/s 6.584s
0925 23:07:56 ds4-server: chat ctx=0..50:50 prefill chunk 18/50 (36.0%) chunk=20.61 t/s avg=2.71 t/s 6.632s
0925 23:07:56 ds4-server: chat ctx=0..50:50 prefill chunk 19/50 (38.0%) chunk=19.50 t/s avg=2.84 t/s 6.684s
0925 23:07:56 ds4-server: chat ctx=0..50:50 prefill chunk 20/50 (40.0%) chunk=20.20 t/s avg=2.97 t/s 6.733s
0925 23:07:56 ds4-server: chat ctx=0..50:50 prefill chunk 21/50 (42.0%) chunk=20.35 t/s avg=3.10 t/s 6.782s
0925 23:07:56 ds4-server: chat ctx=0..50:50 prefill chunk 22/50 (44.0%) chunk=20.23 t/s avg=3.22 t/s 6.832s
0925 23:07:56 ds4-server: chat ctx=0..50:50 prefill chunk 23/50 (46.0%) chunk=20.15 t/s avg=3.34 t/s 6.881s
0925 23:07:56 ds4-server: chat ctx=0..50:50 prefill chunk 24/50 (48.0%) chunk=17.73 t/s avg=3.46 t/s 6.938s
0925 23:07:56 ds4-server: chat ctx=0..50:50 prefill chunk 25/50 (50.0%) chunk=20.67 t/s avg=3.58 t/s 6.986s
0925 23:07:56 ds4-server: chat ctx=0..50:50 prefill chunk 26/50 (52.0%) chunk=20.75 t/s avg=3.70 t/s 7.034s
0925 23:07:56 ds4-server: chat ctx=0..50:50 prefill chunk 27/50 (54.0%) chunk=21.23 t/s avg=3.81 t/s 7.081s
0925 23:07:56 ds4-server: chat ctx=0..50:50 prefill chunk 28/50 (56.0%) chunk=21.20 t/s avg=3.93 t/s 7.129s
0925 23:07:56 ds4-server: chat ctx=0..50:50 prefill chunk 29/50 (58.0%) chunk=20.97 t/s avg=4.04 t/s 7.176s
0925 23:07:56 ds4-server: chat ctx=0..50:50 prefill chunk 30/50 (60.0%) chunk=21.16 t/s avg=4.15 t/s 7.224s
0925 23:07:56 ds4-server: chat ctx=0..50:50 prefill chunk 31/50 (62.0%) chunk=17.38 t/s avg=4.26 t/s 7.281s
0925 23:07:56 ds4-server: chat ctx=0..50:50 prefill chunk 32/50 (64.0%) chunk=20.15 t/s avg=4.37 t/s 7.331s
0925 23:07:56 ds4-server: chat ctx=0..50:50 prefill chunk 33/50 (66.0%) chunk=17.63 t/s avg=4.47 t/s 7.387s
0925 23:07:57 ds4-server: chat ctx=0..50:50 prefill chunk 34/50 (68.0%) chunk=20.60 t/s avg=4.57 t/s 7.436s
0925 23:07:57 ds4-server: chat ctx=0..50:50 prefill chunk 35/50 (70.0%) chunk=20.27 t/s avg=4.68 t/s 7.485s
0925 23:07:57 ds4-server: chat ctx=0..50:50 prefill chunk 36/50 (72.0%) chunk=16.17 t/s avg=4.77 t/s 7.547s
0925 23:07:57 ds4-server: chat ctx=0..50:50 prefill chunk 37/50 (74.0%) chunk=20.74 t/s avg=4.87 t/s 7.595s
0925 23:07:57 ds4-server: chat ctx=0..50:50 prefill chunk 38/50 (76.0%) chunk=19.88 t/s avg=4.97 t/s 7.646s
0925 23:07:57 ds4-server: chat ctx=0..50:50 prefill chunk 39/50 (78.0%) chunk=20.63 t/s avg=5.07 t/s 7.694s
0925 23:07:57 ds4-server: chat ctx=0..50:50 prefill chunk 40/50 (80.0%) chunk=20.70 t/s avg=5.17 t/s 7.743s
ds4:   decode path so far: 256 single-row steps (49.4 ms each inside the graph over the last 64), 0 K-row verification steps over 0 positions, 0 batch-fusion sites taken; candidate K none
ds4: gate over tokens 193-256: 15.69 command buffers, 2.55 aborts, 240.0 expert ids accounted, 30.26 MiB loaded a token; 0 the gate failed to switch off, 0 it could not gate
ds4:   one token, exclusive, same window: entry 0.00 + encode 0.59 + commit-to-done 44.32 + repair-load 1.31 + accounting 0.03 + tail 0.17 = 46.43 of a 48.42 ms wall, residual 1.99
ds4:   of the commit-to-done: GPU running 43.17 ms, GPU not running 1.15 ms
ds4:   1479.8 gated dispatches a token, 5.3 of them behind an abort; 799.5 sent plain ahead of a buffer's first validate
ds4:   encode-ahead: 11.14 segments used, 2.36 dropped, 1.93 ms a token spent encoding under the GPU
ds4:   concurrent sections: 103.31 attempted, 103.31 opened a token
ds4:   speculation: 0.00 layers a token, 0.00 lanes computed, 0.00 matched, 0.00 GEMVs actually saved, 0.00 left to compute; compared 0.00 lanes, 0.00 floats differ, 0.00 by more than an ulp
ds4:   expert cache over the last 64 tokens: 240.00 hits, 3.19 misses, 0.00 evictions a token; 4894 of 6729 entries live (72.7%)
ds4:   of the address-table holes repaired a token: 0.00 already resident, 3.19 genuinely absent
ds4:   residency a token: 3.19 adds, 0.00 removes, 3.19 commits
0925 23:07:57 ds4-server: chat ctx=0..50:50 prefill chunk 41/50 (82.0%) chunk=21.73 t/s avg=5.26 t/s 7.789s
0925 23:07:57 ds4-server: chat ctx=0..50:50 prefill chunk 42/50 (84.0%) chunk=21.57 t/s avg=5.36 t/s 7.835s
0925 23:07:57 ds4-server: chat ctx=0..50:50 prefill chunk 43/50 (86.0%) chunk=19.70 t/s avg=5.45 t/s 7.886s
0925 23:07:57 ds4-server: chat ctx=0..50:50 prefill chunk 44/50 (88.0%) chunk=21.27 t/s avg=5.55 t/s 7.933s
0925 23:07:57 ds4-server: chat ctx=0..50:50 prefill chunk 45/50 (90.0%) chunk=20.39 t/s avg=5.64 t/s 7.982s
0925 23:07:57 ds4-server: chat ctx=0..50:50 prefill chunk 46/50 (92.0%) chunk=21.05 t/s avg=5.73 t/s 8.029s
0925 23:07:57 ds4-server: chat ctx=0..50:50 prefill chunk 47/50 (94.0%) chunk=19.83 t/s avg=5.82 t/s 8.080s
0925 23:07:57 ds4-server: chat ctx=0..50:50 prefill chunk 48/50 (96.0%) chunk=20.50 t/s avg=5.91 t/s 8.128s
0925 23:07:57 ds4-server: chat ctx=0..50:50 prefill chunk 49/50 (98.0%) chunk=19.96 t/s avg=5.99 t/s 8.179s
0925 23:07:57 ds4-server: chat ctx=0..50:50 prefill chunk 50/50 (100.0%) chunk=21.37 t/s avg=6.08 t/s 8.225s
0925 23:07:57 ds4-server: chat ctx=0..50:50 prompt done 8.227s
0925 23:07:58 ds4-server: decode batch count=4 elapsed=294.243 ms status=ok row0=slot2 row1=slot3 row2=slot4 row3=slot5
0925 23:07:58 ds4-server: decode batch count=5 elapsed=263.347 ms status=ok row0=slot2 row1=slot3 row2=slot4 row3=slot5 row4=slot6
0925 23:07:58 ds4-server: chat ctx=0..50:50 prefill chunk 1/50 (2.0%) chunk=0.00 t/s avg=0.11 t/s 8.753s
0925 23:07:58 ds4-server: chat ctx=0..50:50 prefill chunk 2/50 (4.0%) chunk=22.42 t/s avg=0.23 t/s 8.798s
0925 23:07:58 ds4-server: chat ctx=0..50:50 prefill chunk 3/50 (6.0%) chunk=21.09 t/s avg=0.34 t/s 8.845s
0925 23:07:58 ds4-server: chat ctx=0..50:50 prefill chunk 4/50 (8.0%) chunk=21.22 t/s avg=0.45 t/s 8.892s
0925 23:07:58 ds4-server: chat ctx=0..50:50 prefill chunk 5/50 (10.0%) chunk=21.30 t/s avg=0.56 t/s 8.939s
0925 23:07:58 ds4-server: chat ctx=0..50:50 prefill chunk 6/50 (12.0%) chunk=20.86 t/s avg=0.67 t/s 8.987s
0925 23:07:58 ds4-server: chat ctx=0..50:50 prefill chunk 7/50 (14.0%) chunk=21.34 t/s avg=0.77 t/s 9.034s
0925 23:07:58 ds4-server: chat ctx=0..50:50 prefill chunk 8/50 (16.0%) chunk=20.68 t/s avg=0.88 t/s 9.082s
0925 23:07:58 ds4-server: chat ctx=0..50:50 prefill chunk 9/50 (18.0%) chunk=20.46 t/s avg=0.99 t/s 9.131s
0925 23:07:58 ds4-server: chat ctx=0..50:50 prefill chunk 10/50 (20.0%) chunk=20.55 t/s avg=1.09 t/s 9.180s
0925 23:07:58 ds4-server: chat ctx=0..50:50 prefill chunk 11/50 (22.0%) chunk=20.83 t/s avg=1.19 t/s 9.228s
0925 23:07:58 ds4-server: chat ctx=0..50:50 prefill chunk 12/50 (24.0%) chunk=21.52 t/s avg=1.29 t/s 9.274s
0925 23:07:59 ds4-server: chat ctx=0..50:50 prefill chunk 13/50 (26.0%) chunk=22.52 t/s avg=1.40 t/s 9.319s
0925 23:07:59 ds4-server: chat ctx=0..50:50 prefill chunk 14/50 (28.0%) chunk=19.46 t/s avg=1.49 t/s 9.370s
0925 23:07:59 ds4-server: chat ctx=0..50:50 prefill chunk 15/50 (30.0%) chunk=19.86 t/s avg=1.59 t/s 9.421s
0925 23:07:59 ds4-server: chat ctx=0..50:50 prefill chunk 16/50 (32.0%) chunk=20.05 t/s avg=1.69 t/s 9.470s
0925 23:07:59 ds4-server: chat ctx=0..50:50 prefill chunk 17/50 (34.0%) chunk=20.35 t/s avg=1.79 t/s 9.520s
0925 23:07:59 ds4-server: chat ctx=0..50:50 prefill chunk 18/50 (36.0%) chunk=19.84 t/s avg=1.88 t/s 9.570s
0925 23:07:59 ds4-server: chat ctx=0..50:50 prefill chunk 19/50 (38.0%) chunk=21.59 t/s avg=1.98 t/s 9.616s
0925 23:07:59 ds4-server: chat ctx=0..50:50 prefill chunk 20/50 (40.0%) chunk=22.84 t/s avg=2.07 t/s 9.660s
0925 23:07:59 ds4-server: chat ctx=0..50:50 prefill chunk 21/50 (42.0%) chunk=19.66 t/s avg=2.16 t/s 9.711s
0925 23:07:59 ds4-server: chat ctx=0..50:50 prefill chunk 22/50 (44.0%) chunk=18.50 t/s avg=2.25 t/s 9.765s
0925 23:07:59 ds4-server: chat ctx=0..50:50 prefill chunk 23/50 (46.0%) chunk=17.58 t/s avg=2.34 t/s 9.822s
0925 23:07:59 ds4-server: chat ctx=0..50:50 prefill chunk 24/50 (48.0%) chunk=18.93 t/s avg=2.43 t/s 9.875s
0925 23:07:59 ds4-server: chat ctx=0..50:50 prefill chunk 25/50 (50.0%) chunk=19.94 t/s avg=2.52 t/s 9.925s
0925 23:07:59 ds4-server: chat ctx=0..50:50 prefill chunk 26/50 (52.0%) chunk=18.82 t/s avg=2.61 t/s 9.978s
0925 23:07:59 ds4-server: chat ctx=0..50:50 prefill chunk 27/50 (54.0%) chunk=20.91 t/s avg=2.69 t/s 10.026s
0925 23:07:59 ds4-server: chat ctx=0..50:50 prefill chunk 28/50 (56.0%) chunk=20.52 t/s avg=2.78 t/s 10.075s
0925 23:07:59 ds4-server: chat ctx=0..50:50 prefill chunk 29/50 (58.0%) chunk=20.61 t/s avg=2.86 t/s 10.123s
0925 23:07:59 ds4-server: chat ctx=0..50:50 prefill chunk 30/50 (60.0%) chunk=20.29 t/s avg=2.95 t/s 10.172s
0925 23:07:59 ds4-server: chat ctx=0..50:50 prefill chunk 31/50 (62.0%) chunk=17.52 t/s avg=3.03 t/s 10.229s
0925 23:07:59 ds4-server: chat ctx=0..50:50 prefill chunk 32/50 (64.0%) chunk=21.04 t/s avg=3.11 t/s 10.277s
0925 23:08:00 ds4-server: chat ctx=0..50:50 prefill chunk 33/50 (66.0%) chunk=17.00 t/s avg=3.19 t/s 10.336s
0925 23:08:00 ds4-server: chat ctx=0..50:50 prefill chunk 34/50 (68.0%) chunk=18.36 t/s avg=3.27 t/s 10.390s
0925 23:08:00 ds4-server: chat ctx=0..50:50 prefill chunk 35/50 (70.0%) chunk=21.25 t/s avg=3.35 t/s 10.437s
0925 23:08:00 ds4-server: chat ctx=0..50:50 prefill chunk 36/50 (72.0%) chunk=22.26 t/s avg=3.43 t/s 10.482s
0925 23:08:00 ds4-server: chat ctx=0..50:50 prefill chunk 37/50 (74.0%) chunk=21.09 t/s avg=3.51 t/s 10.530s
0925 23:08:00 ds4-server: chat ctx=0..50:50 prefill chunk 38/50 (76.0%) chunk=21.47 t/s avg=3.59 t/s 10.576s
0925 23:08:00 ds4-server: chat ctx=0..50:50 prefill chunk 39/50 (78.0%) chunk=22.09 t/s avg=3.67 t/s 10.622s
0925 23:08:00 ds4-server: chat ctx=0..50:50 prefill chunk 40/50 (80.0%) chunk=21.52 t/s avg=3.75 t/s 10.668s
0925 23:08:00 ds4-server: chat ctx=0..50:50 prefill chunk 41/50 (82.0%) chunk=20.61 t/s avg=3.83 t/s 10.717s
0925 23:08:00 ds4-server: chat ctx=0..50:50 prefill chunk 42/50 (84.0%) chunk=22.63 t/s avg=3.90 t/s 10.761s
0925 23:08:00 ds4-server: chat ctx=0..50:50 prefill chunk 43/50 (86.0%) chunk=21.09 t/s avg=3.98 t/s 10.808s
0925 23:08:00 ds4-server: chat ctx=0..50:50 prefill chunk 44/50 (88.0%) chunk=22.91 t/s avg=4.05 t/s 10.852s
0925 23:08:00 ds4-server: chat ctx=0..50:50 prefill chunk 45/50 (90.0%) chunk=22.22 t/s avg=4.13 t/s 10.897s
ds4:   decode path so far: 320 single-row steps (50.5 ms each inside the graph over the last 64), 0 K-row verification steps over 0 positions, 0 batch-fusion sites taken; candidate K none
ds4: gate over tokens 257-320: 15.34 command buffers, 2.17 aborts, 240.0 expert ids accounted, 26.99 MiB loaded a token; 0 the gate failed to switch off, 0 it could not gate
ds4:   one token, exclusive, same window: entry 0.00 + encode 0.54 + commit-to-done 44.74 + repair-load 1.91 + accounting 0.03 + tail 0.24 = 47.45 of a 49.45 ms wall, residual 2.00
ds4:   of the commit-to-done: GPU running 43.51 ms, GPU not running 1.22 ms
ds4:   1461.7 gated dispatches a token, 7.7 of them behind an abort; 759.9 sent plain ahead of a buffer's first validate
ds4:   encode-ahead: 11.17 segments used, 1.91 dropped, 1.94 ms a token spent encoding under the GPU
ds4:   concurrent sections: 98.59 attempted, 98.59 opened a token
ds4:   speculation: 0.00 layers a token, 0.00 lanes computed, 0.00 matched, 0.00 GEMVs actually saved, 0.00 left to compute; compared 0.00 lanes, 0.00 floats differ, 0.00 by more than an ulp
ds4:   expert cache over the last 64 tokens: 240.00 hits, 2.84 misses, 0.00 evictions a token; 5076 of 6729 entries live (75.4%)
ds4:   of the address-table holes repaired a token: 0.00 already resident, 2.84 genuinely absent
ds4:   residency a token: 2.84 adds, 0.00 removes, 2.84 commits
0925 23:08:00 ds4-server: chat ctx=0..50:50 prefill chunk 46/50 (92.0%) chunk=22.45 t/s avg=4.20 t/s 10.941s
0925 23:08:00 ds4-server: chat ctx=0..50:50 prefill chunk 47/50 (94.0%) chunk=22.22 t/s avg=4.28 t/s 10.986s
0925 23:08:00 ds4-server: chat ctx=0..50:50 prefill chunk 48/50 (96.0%) chunk=20.52 t/s avg=4.35 t/s 11.035s
0925 23:08:00 ds4-server: chat ctx=0..50:50 prefill chunk 49/50 (98.0%) chunk=22.35 t/s avg=4.42 t/s 11.080s
0925 23:08:00 ds4-server: chat ctx=0..50:50 prefill chunk 50/50 (100.0%) chunk=22.15 t/s avg=4.49 t/s 11.125s
0925 23:08:00 ds4-server: chat ctx=0..50:50 prompt done 11.127s
0925 23:08:01 ds4-server: decode batch count=5 elapsed=272.863 ms status=ok row0=slot2 row1=slot3 row2=slot4 row3=slot5 row4=slot6
0925 23:08:01 ds4-server: decode batch count=6 elapsed=318.824 ms status=ok row0=slot2 row1=slot3 row2=slot4 row3=slot5 row4=slot6 row5=slot7
0925 23:08:01 ds4-server: chat ctx=0..50:50 prefill chunk 1/50 (2.0%) chunk=0.00 t/s avg=0.06 t/s 18.168s
0925 23:08:01 ds4-server: chat ctx=0..50:50 prefill chunk 2/50 (4.0%) chunk=22.23 t/s avg=0.11 t/s 18.213s
0925 23:08:01 ds4-server: chat ctx=0..50:50 prefill chunk 3/50 (6.0%) chunk=22.00 t/s avg=0.16 t/s 18.258s
0925 23:08:01 ds4-server: chat ctx=0..50:50 prefill chunk 4/50 (8.0%) chunk=21.96 t/s avg=0.22 t/s 18.304s
0925 23:08:01 ds4-server: chat ctx=0..50:50 prefill chunk 5/50 (10.0%) chunk=22.06 t/s avg=0.27 t/s 18.349s
0925 23:08:01 ds4-server: chat ctx=0..50:50 prefill chunk 6/50 (12.0%) chunk=20.45 t/s avg=0.33 t/s 18.398s
0925 23:08:01 ds4-server: chat ctx=0..50:50 prefill chunk 7/50 (14.0%) chunk=20.85 t/s avg=0.38 t/s 18.446s
0925 23:08:01 ds4-server: chat ctx=0..50:50 prefill chunk 8/50 (16.0%) chunk=20.58 t/s avg=0.43 t/s 18.495s
0925 23:08:01 ds4-server: chat ctx=0..50:50 prefill chunk 9/50 (18.0%) chunk=20.39 t/s avg=0.49 t/s 18.544s
0925 23:08:01 ds4-server: chat ctx=0..50:50 prefill chunk 10/50 (20.0%) chunk=20.49 t/s avg=0.54 t/s 18.593s
0925 23:08:01 ds4-server: chat ctx=0..50:50 prefill chunk 11/50 (22.0%) chunk=20.24 t/s avg=0.59 t/s 18.642s
0925 23:08:01 ds4-server: chat ctx=0..50:50 prefill chunk 12/50 (24.0%) chunk=20.93 t/s avg=0.64 t/s 18.690s
0925 23:08:02 ds4-server: chat ctx=0..50:50 prefill chunk 13/50 (26.0%) chunk=20.14 t/s avg=0.69 t/s 18.739s
0925 23:08:02 ds4-server: chat ctx=0..50:50 prefill chunk 14/50 (28.0%) chunk=20.19 t/s avg=0.75 t/s 18.789s
0925 23:08:02 ds4-server: chat ctx=0..50:50 prefill chunk 15/50 (30.0%) chunk=20.29 t/s avg=0.80 t/s 18.838s
0925 23:08:02 ds4-server: chat ctx=0..50:50 prefill chunk 16/50 (32.0%) chunk=20.58 t/s avg=0.85 t/s 18.887s
0925 23:08:02 ds4-server: chat ctx=0..50:50 prefill chunk 17/50 (34.0%) chunk=20.49 t/s avg=0.90 t/s 18.936s
0925 23:08:02 ds4-server: chat ctx=0..50:50 prefill chunk 18/50 (36.0%) chunk=21.29 t/s avg=0.95 t/s 18.982s
0925 23:08:02 ds4-server: chat ctx=0..50:50 prefill chunk 19/50 (38.0%) chunk=20.58 t/s avg=1.00 t/s 19.031s
0925 23:08:02 ds4-server: chat ctx=0..50:50 prefill chunk 20/50 (40.0%) chunk=20.57 t/s avg=1.05 t/s 19.080s
0925 23:08:02 ds4-server: chat ctx=0..50:50 prefill chunk 21/50 (42.0%) chunk=20.46 t/s avg=1.10 t/s 19.129s
0925 23:08:02 ds4-server: chat ctx=0..50:50 prefill chunk 22/50 (44.0%) chunk=21.48 t/s avg=1.15 t/s 19.175s
0925 23:08:02 ds4-server: chat ctx=0..50:50 prefill chunk 23/50 (46.0%) chunk=23.11 t/s avg=1.20 t/s 19.218s
0925 23:08:02 ds4-server: chat ctx=0..50:50 prefill chunk 24/50 (48.0%) chunk=19.54 t/s avg=1.25 t/s 19.270s
0925 23:08:02 ds4-server: chat ctx=0..50:50 prefill chunk 25/50 (50.0%) chunk=18.09 t/s avg=1.29 t/s 19.325s
0925 23:08:02 ds4-server: chat ctx=0..50:50 prefill chunk 26/50 (52.0%) chunk=19.46 t/s avg=1.34 t/s 19.376s
0925 23:08:02 ds4-server: chat ctx=0..50:50 prefill chunk 27/50 (54.0%) chunk=20.62 t/s avg=1.39 t/s 19.425s
0925 23:08:02 ds4-server: chat ctx=0..50:50 prefill chunk 28/50 (56.0%) chunk=20.32 t/s avg=1.44 t/s 19.474s
0925 23:08:02 ds4-server: chat ctx=0..50:50 prefill chunk 29/50 (58.0%) chunk=19.79 t/s avg=1.49 t/s 19.525s
0925 23:08:02 ds4-server: chat ctx=0..50:50 prefill chunk 30/50 (60.0%) chunk=20.21 t/s avg=1.53 t/s 19.574s
0925 23:08:02 ds4-server: chat ctx=0..50:50 prefill chunk 31/50 (62.0%) chunk=16.90 t/s avg=1.58 t/s 19.633s
0925 23:08:02 ds4-server: chat ctx=0..50:50 prefill chunk 32/50 (64.0%) chunk=19.04 t/s avg=1.63 t/s 19.686s
0925 23:08:03 ds4-server: chat ctx=0..50:50 prefill chunk 33/50 (66.0%) chunk=19.16 t/s avg=1.67 t/s 19.738s
0925 23:08:03 ds4-server: chat ctx=0..50:50 prefill chunk 34/50 (68.0%) chunk=21.67 t/s avg=1.72 t/s 19.784s
0925 23:08:03 ds4-server: chat ctx=0..50:50 prefill chunk 35/50 (70.0%) chunk=19.39 t/s avg=1.76 t/s 19.836s
0925 23:08:03 ds4-server: chat ctx=0..50:50 prefill chunk 36/50 (72.0%) chunk=20.71 t/s avg=1.81 t/s 19.884s
0925 23:08:03 ds4-server: chat ctx=0..50:50 prefill chunk 37/50 (74.0%) chunk=21.11 t/s avg=1.86 t/s 19.931s
0925 23:08:03 ds4-server: chat ctx=0..50:50 prefill chunk 38/50 (76.0%) chunk=19.15 t/s avg=1.90 t/s 19.983s
0925 23:08:03 ds4-server: chat ctx=0..50:50 prefill chunk 39/50 (78.0%) chunk=20.97 t/s avg=1.95 t/s 20.031s
0925 23:08:03 ds4-server: chat ctx=0..50:50 prefill chunk 40/50 (80.0%) chunk=20.56 t/s avg=1.99 t/s 20.080s
0925 23:08:03 ds4-server: chat ctx=0..50:50 prefill chunk 41/50 (82.0%) chunk=21.15 t/s avg=2.04 t/s 20.127s
0925 23:08:03 ds4-server: chat ctx=0..50:50 prefill chunk 42/50 (84.0%) chunk=20.76 t/s avg=2.08 t/s 20.175s
0925 23:08:03 ds4-server: chat ctx=0..50:50 prefill chunk 43/50 (86.0%) chunk=21.71 t/s avg=2.13 t/s 20.221s
0925 23:08:03 ds4-server: chat ctx=0..50:50 prefill chunk 44/50 (88.0%) chunk=19.51 t/s avg=2.17 t/s 20.273s
0925 23:08:03 ds4-server: chat ctx=0..50:50 prefill chunk 45/50 (90.0%) chunk=20.58 t/s avg=2.21 t/s 20.321s
0925 23:08:03 ds4-server: chat ctx=0..50:50 prefill chunk 46/50 (92.0%) chunk=21.41 t/s avg=2.26 t/s 20.368s
0925 23:08:03 ds4-server: chat ctx=0..50:50 prefill chunk 47/50 (94.0%) chunk=19.85 t/s avg=2.30 t/s 20.418s
0925 23:08:03 ds4-server: chat ctx=0..50:50 prefill chunk 48/50 (96.0%) chunk=21.81 t/s avg=2.35 t/s 20.464s
ds4:   decode path so far: 384 single-row steps (49.4 ms each inside the graph over the last 64), 0 K-row verification steps over 0 positions, 0 batch-fusion sites taken; candidate K none
ds4: gate over tokens 321-384: 15.12 command buffers, 1.73 aborts, 240.0 expert ids accounted, 21.65 MiB loaded a token; 0 the gate failed to switch off, 0 it could not gate
ds4:   one token, exclusive, same window: entry 0.00 + encode 0.49 + commit-to-done 44.83 + repair-load 1.08 + accounting 0.03 + tail 0.28 = 46.71 of a 48.73 ms wall, residual 2.02
ds4:   of the commit-to-done: GPU running 43.62 ms, GPU not running 1.20 ms
ds4:   1463.5 gated dispatches a token, 6.9 of them behind an abort; 730.0 sent plain ahead of a buffer's first validate
ds4:   encode-ahead: 11.39 segments used, 1.48 dropped, 1.96 ms a token spent encoding under the GPU
ds4:   concurrent sections: 94.69 attempted, 94.69 opened a token
ds4:   speculation: 0.00 layers a token, 0.00 lanes computed, 0.00 matched, 0.00 GEMVs actually saved, 0.00 left to compute; compared 0.00 lanes, 0.00 floats differ, 0.00 by more than an ulp
ds4:   expert cache over the last 64 tokens: 240.00 hits, 2.28 misses, 0.00 evictions a token; 5222 of 6729 entries live (77.6%)
ds4:   of the address-table holes repaired a token: 0.00 already resident, 2.28 genuinely absent
ds4:   residency a token: 2.28 adds, 0.00 removes, 2.28 commits
0925 23:08:03 ds4-server: chat ctx=0..50:50 prefill chunk 49/50 (98.0%) chunk=19.64 t/s avg=2.39 t/s 20.515s
0925 23:08:03 ds4-server: chat ctx=0..50:50 prefill chunk 50/50 (100.0%) chunk=20.83 t/s avg=2.43 t/s 20.563s
0925 23:08:03 ds4-server: chat ctx=0..50:50 prompt done 20.565s
0925 23:08:04 ds4-server: decode batch count=6 elapsed=318.276 ms status=ok row0=slot2 row1=slot3 row2=slot4 row3=slot5 row4=slot6 row5=slot7
0925 23:08:04 ds4-server: decode batch count=7 elapsed=362.639 ms status=ok row0=slot0 row1=slot2 row2=slot3 row3=slot4 row4=slot5 row5=slot6 row6=slot7
0925 23:08:04 ds4-server: chat ctx=0..50:50 prefill chunk 1/50 (2.0%) chunk=0.00 t/s avg=0.05 t/s 21.293s
0925 23:08:04 ds4-server: chat ctx=0..50:50 prefill chunk 2/50 (4.0%) chunk=21.68 t/s avg=0.09 t/s 21.339s
0925 23:08:04 ds4-server: chat ctx=0..50:50 prefill chunk 3/50 (6.0%) chunk=21.59 t/s avg=0.14 t/s 21.385s
0925 23:08:04 ds4-server: chat ctx=0..50:50 prefill chunk 4/50 (8.0%) chunk=22.14 t/s avg=0.19 t/s 21.430s
0925 23:08:04 ds4-server: chat ctx=0..50:50 prefill chunk 5/50 (10.0%) chunk=21.78 t/s avg=0.23 t/s 21.476s
0925 23:08:04 ds4-server: chat ctx=0..50:50 prefill chunk 6/50 (12.0%) chunk=21.24 t/s avg=0.28 t/s 21.523s
0925 23:08:04 ds4-server: chat ctx=0..50:50 prefill chunk 7/50 (14.0%) chunk=20.93 t/s avg=0.32 t/s 21.571s
0925 23:08:04 ds4-server: chat ctx=0..50:50 prefill chunk 8/50 (16.0%) chunk=20.54 t/s avg=0.37 t/s 21.620s
0925 23:08:04 ds4-server: chat ctx=0..50:50 prefill chunk 9/50 (18.0%) chunk=21.03 t/s avg=0.42 t/s 21.667s
0925 23:08:04 ds4-server: chat ctx=0..50:50 prefill chunk 10/50 (20.0%) chunk=21.55 t/s avg=0.46 t/s 21.714s
0925 23:08:05 ds4-server: chat ctx=0..50:50 prefill chunk 11/50 (22.0%) chunk=20.97 t/s avg=0.51 t/s 21.761s
0925 23:08:05 ds4-server: chat ctx=0..50:50 prefill chunk 12/50 (24.0%) chunk=20.71 t/s avg=0.55 t/s 21.810s
0925 23:08:05 ds4-server: chat ctx=0..50:50 prefill chunk 13/50 (26.0%) chunk=22.61 t/s avg=0.59 t/s 21.854s
0925 23:08:05 ds4-server: chat ctx=0..50:50 prefill chunk 14/50 (28.0%) chunk=19.73 t/s avg=0.64 t/s 21.905s
0925 23:08:05 ds4-server: chat ctx=0..50:50 prefill chunk 15/50 (30.0%) chunk=19.97 t/s avg=0.68 t/s 21.955s
0925 23:08:05 ds4-server: chat ctx=0..50:50 prefill chunk 16/50 (32.0%) chunk=21.38 t/s avg=0.73 t/s 22.001s
0925 23:08:05 ds4-server: chat ctx=0..50:50 prefill chunk 17/50 (34.0%) chunk=22.76 t/s avg=0.77 t/s 22.045s
0925 23:08:05 ds4-server: chat ctx=0..50:50 prefill chunk 18/50 (36.0%) chunk=20.98 t/s avg=0.81 t/s 22.093s
0925 23:08:05 ds4-server: chat ctx=0..50:50 prefill chunk 19/50 (38.0%) chunk=18.82 t/s avg=0.86 t/s 22.146s
0925 23:08:05 ds4-server: chat ctx=0..50:50 prefill chunk 20/50 (40.0%) chunk=18.19 t/s avg=0.90 t/s 22.201s
0925 23:08:05 ds4-server: chat ctx=0..50:50 prefill chunk 21/50 (42.0%) chunk=17.63 t/s avg=0.94 t/s 22.258s
0925 23:08:05 ds4-server: chat ctx=0..50:50 prefill chunk 22/50 (44.0%) chunk=19.29 t/s avg=0.99 t/s 22.310s
0925 23:08:05 ds4-server: chat ctx=0..50:50 prefill chunk 23/50 (46.0%) chunk=20.95 t/s avg=1.03 t/s 22.357s
0925 23:08:05 ds4-server: chat ctx=0..50:50 prefill chunk 24/50 (48.0%) chunk=17.59 t/s avg=1.07 t/s 22.414s
0925 23:08:05 ds4-server: chat ctx=0..50:50 prefill chunk 25/50 (50.0%) chunk=18.05 t/s avg=1.11 t/s 22.470s
0925 23:08:05 ds4-server: chat ctx=0..50:50 prefill chunk 26/50 (52.0%) chunk=18.23 t/s avg=1.15 t/s 22.525s
0925 23:08:05 ds4-server: chat ctx=0..50:50 prefill chunk 27/50 (54.0%) chunk=19.91 t/s avg=1.20 t/s 22.575s
0925 23:08:05 ds4-server: chat ctx=0..50:50 prefill chunk 28/50 (56.0%) chunk=20.88 t/s avg=1.24 t/s 22.623s
0925 23:08:05 ds4-server: chat ctx=0..50:50 prefill chunk 29/50 (58.0%) chunk=20.93 t/s avg=1.28 t/s 22.670s
0925 23:08:06 ds4-server: chat ctx=0..50:50 prefill chunk 30/50 (60.0%) chunk=20.77 t/s avg=1.32 t/s 22.719s
0925 23:08:06 ds4-server: chat ctx=0..50:50 prefill chunk 31/50 (62.0%) chunk=17.31 t/s avg=1.36 t/s 22.776s
0925 23:08:06 ds4-server: chat ctx=0..50:50 prefill chunk 32/50 (64.0%) chunk=19.14 t/s avg=1.40 t/s 22.829s
0925 23:08:06 ds4-server: chat ctx=0..50:50 prefill chunk 33/50 (66.0%) chunk=20.49 t/s avg=1.44 t/s 22.877s
0925 23:08:06 ds4-server: chat ctx=0..50:50 prefill chunk 34/50 (68.0%) chunk=22.12 t/s avg=1.48 t/s 22.923s
0925 23:08:06 ds4-server: chat ctx=0..50:50 prefill chunk 35/50 (70.0%) chunk=21.21 t/s avg=1.52 t/s 22.970s
0925 23:08:06 ds4-server: chat ctx=0..50:50 prefill chunk 36/50 (72.0%) chunk=23.10 t/s avg=1.56 t/s 23.013s
0925 23:08:06 ds4-server: chat ctx=0..50:50 prefill chunk 37/50 (74.0%) chunk=20.10 t/s avg=1.60 t/s 23.063s
0925 23:08:06 ds4-server: chat ctx=0..50:50 prefill chunk 38/50 (76.0%) chunk=21.57 t/s avg=1.64 t/s 23.109s
0925 23:08:06 ds4-server: chat ctx=0..50:50 prefill chunk 39/50 (78.0%) chunk=20.73 t/s avg=1.68 t/s 23.157s
0925 23:08:06 ds4-server: chat ctx=0..50:50 prefill chunk 40/50 (80.0%) chunk=22.04 t/s avg=1.72 t/s 23.203s
0925 23:08:06 ds4-server: chat ctx=0..50:50 prefill chunk 41/50 (82.0%) chunk=20.84 t/s avg=1.76 t/s 23.251s
0925 23:08:06 ds4-server: chat ctx=0..50:50 prefill chunk 42/50 (84.0%) chunk=21.78 t/s avg=1.80 t/s 23.297s
0925 23:08:06 ds4-server: chat ctx=0..50:50 prefill chunk 43/50 (86.0%) chunk=20.38 t/s avg=1.84 t/s 23.346s
0925 23:08:06 ds4-server: chat ctx=0..50:50 prefill chunk 44/50 (88.0%) chunk=21.10 t/s avg=1.88 t/s 23.393s
0925 23:08:06 ds4-server: chat ctx=0..50:50 prefill chunk 45/50 (90.0%) chunk=20.77 t/s avg=1.92 t/s 23.441s
0925 23:08:06 ds4-server: chat ctx=0..50:50 prefill chunk 46/50 (92.0%) chunk=21.06 t/s avg=1.96 t/s 23.489s
0925 23:08:06 ds4-server: chat ctx=0..50:50 prefill chunk 47/50 (94.0%) chunk=18.50 t/s avg=2.00 t/s 23.543s
0925 23:08:06 ds4-server: chat ctx=0..50:50 prefill chunk 48/50 (96.0%) chunk=20.24 t/s avg=2.03 t/s 23.592s
0925 23:08:06 ds4-server: chat ctx=0..50:50 prefill chunk 49/50 (98.0%) chunk=18.48 t/s avg=2.07 t/s 23.646s
ds4:   decode path so far: 448 single-row steps (49.7 ms each inside the graph over the last 64), 0 K-row verification steps over 0 positions, 0 batch-fusion sites taken; candidate K none
ds4: gate over tokens 385-448: 15.73 command buffers, 2.64 aborts, 240.0 expert ids accounted, 27.59 MiB loaded a token; 0 the gate failed to switch off, 0 it could not gate
ds4:   one token, exclusive, same window: entry 0.00 + encode 0.57 + commit-to-done 44.65 + repair-load 1.24 + accounting 0.03 + tail 0.34 = 46.83 of a 48.90 ms wall, residual 2.07
ds4:   of the commit-to-done: GPU running 43.40 ms, GPU not running 1.26 ms
ds4:   1473.8 gated dispatches a token, 6.9 of them behind an abort; 793.6 sent plain ahead of a buffer's first validate
ds4:   encode-ahead: 11.09 segments used, 2.28 dropped, 2.00 ms a token spent encoding under the GPU
ds4:   concurrent sections: 102.53 attempted, 102.53 opened a token
ds4:   speculation: 0.00 layers a token, 0.00 lanes computed, 0.00 matched, 0.00 GEMVs actually saved, 0.00 left to compute; compared 0.00 lanes, 0.00 floats differ, 0.00 by more than an ulp
ds4:   expert cache over the last 64 tokens: 240.00 hits, 2.91 misses, 0.00 evictions a token; 5408 of 6729 entries live (80.4%)
ds4:   of the address-table holes repaired a token: 0.00 already resident, 2.91 genuinely absent
ds4:   residency a token: 2.91 adds, 0.00 removes, 2.91 commits
0925 23:08:06 ds4-server: chat ctx=0..50:50 prefill chunk 50/50 (100.0%) chunk=20.30 t/s avg=2.11 t/s 23.696s
0925 23:08:06 ds4-server: chat ctx=0..50:50 prompt done 23.697s
0925 23:08:07 ds4-server: decode batch count=7 elapsed=367.707 ms status=ok row0=slot0 row1=slot2 row2=slot3 row3=slot4 row4=slot5 row5=slot6 row6=slot7
0925 23:08:07 ds4-server: decode batch count=8 elapsed=407.330 ms status=ok row0=slot0 row1=slot1 row2=slot2 row3=slot3 row4=slot4 row5=slot5 row6=slot6 row7=slot7
0925 23:08:08 ds4-server: decode batch count=8 elapsed=416.606 ms status=ok row0=slot0 row1=slot1 row2=slot2 row3=slot3 row4=slot4 row5=slot5 row6=slot6 row7=slot7
0925 23:08:08 ds4-server: decode batch count=8 elapsed=409.145 ms status=ok row0=slot0 row1=slot1 row2=slot2 row3=slot3 row4=slot4 row5=slot5 row6=slot6 row7=slot7
0925 23:08:09 ds4-server: decode batch count=8 elapsed=426.463 ms status=ok row0=slot0 row1=slot1 row2=slot2 row3=slot3 row4=slot4 row5=slot5 row6=slot6 row7=slot7
0925 23:08:09 ds4-server: decode batch count=8 elapsed=416.989 ms status=ok row0=slot0 row1=slot1 row2=slot2 row3=slot3 row4=slot4 row5=slot5 row6=slot6 row7=slot7
0925 23:08:09 ds4-server: decode batch count=8 elapsed=414.629 ms status=ok row0=slot0 row1=slot1 row2=slot2 row3=slot3 row4=slot4 row5=slot5 row6=slot6 row7=slot7
0925 23:08:10 ds4-server: decode batch count=8 elapsed=420.083 ms status=ok row0=slot0 row1=slot1 row2=slot2 row3=slot3 row4=slot4 row5=slot5 row6=slot6 row7=slot7
ds4:   decode path so far: 512 single-row steps (52.0 ms each inside the graph over the last 64), 0 K-row verification steps over 0 positions, 0 batch-fusion sites taken; candidate K none
ds4: gate over tokens 449-512: 17.41 command buffers, 5.00 aborts, 240.0 expert ids accounted, 56.06 MiB loaded a token; 0 the gate failed to switch off, 0 it could not gate
ds4:   one token, exclusive, same window: entry 0.00 + encode 0.78 + commit-to-done 44.36 + repair-load 2.23 + accounting 0.03 + tail 1.64 = 49.04 of a 51.27 ms wall, residual 2.22
ds4:   of the commit-to-done: GPU running 43.91 ms, GPU not running 0.45 ms
ds4:   1531.9 gated dispatches a token, 14.5 of them behind an abort; 971.5 sent plain ahead of a buffer's first validate
ds4:   encode-ahead: 10.41 segments used, 4.44 dropped, 2.14 ms a token spent encoding under the GPU
ds4:   concurrent sections: 124.06 attempted, 124.06 opened a token
ds4:   speculation: 0.00 layers a token, 0.00 lanes computed, 0.00 matched, 0.00 GEMVs actually saved, 0.00 left to compute; compared 0.00 lanes, 0.00 floats differ, 0.00 by more than an ulp
ds4:   expert cache over the last 64 tokens: 240.00 hits, 5.91 misses, 0.00 evictions a token; 5786 of 6729 entries live (86.0%)
ds4:   of the address-table holes repaired a token: 0.00 already resident, 5.91 genuinely absent
ds4:   residency a token: 5.91 adds, 0.00 removes, 5.91 commits
0925 23:08:10 ds4-server: decode batch count=8 elapsed=410.481 ms status=ok row0=slot0 row1=slot1 row2=slot2 row3=slot3 row4=slot4 row5=slot5 row6=slot6 row7=slot7
0925 23:08:11 ds4-server: decode batch count=8 elapsed=419.600 ms status=ok row0=slot0 row1=slot1 row2=slot2 row3=slot3 row4=slot4 row5=slot5 row6=slot6 row7=slot7
0925 23:08:11 ds4-server: decode batch count=8 elapsed=405.527 ms status=ok row0=slot0 row1=slot1 row2=slot2 row3=slot3 row4=slot4 row5=slot5 row6=slot6 row7=slot7
0925 23:08:11 ds4-server: decode batch count=8 elapsed=420.596 ms status=ok row0=slot0 row1=slot1 row2=slot2 row3=slot3 row4=slot4 row5=slot5 row6=slot6 row7=slot7
0925 23:08:12 ds4-server: decode batch count=8 elapsed=459.532 ms status=ok row0=slot0 row1=slot1 row2=slot2 row3=slot3 row4=slot4 row5=slot5 row6=slot6 row7=slot7
0925 23:08:12 ds4-server: decode batch count=8 elapsed=421.141 ms status=ok row0=slot0 row1=slot1 row2=slot2 row3=slot3 row4=slot4 row5=slot5 row6=slot6 row7=slot7
0925 23:08:13 ds4-server: decode batch count=8 elapsed=406.390 ms status=ok row0=slot0 row1=slot1 row2=slot2 row3=slot3 row4=slot4 row5=slot5 row6=slot6 row7=slot7
0925 23:08:13 ds4-server: decode batch count=8 elapsed=408.523 ms status=ok row0=slot0 row1=slot1 row2=slot2 row3=slot3 row4=slot4 row5=slot5 row6=slot6 row7=slot7
ds4:   decode path so far: 576 single-row steps (52.4 ms each inside the graph over the last 64), 0 K-row verification steps over 0 positions, 0 batch-fusion sites taken; candidate K none
ds4: gate over tokens 513-576: 16.62 command buffers, 3.92 aborts, 240.0 expert ids accounted, 43.16 MiB loaded a token; 0 the gate failed to switch off, 0 it could not gate
ds4:   one token, exclusive, same window: entry 0.00 + encode 0.74 + commit-to-done 44.69 + repair-load 2.17 + accounting 0.03 + tail 1.69 = 49.33 of a 51.62 ms wall, residual 2.29
ds4:   of the commit-to-done: GPU running 44.33 ms, GPU not running 0.36 ms
ds4:   1518.8 gated dispatches a token, 12.2 of them behind an abort; 889.4 sent plain ahead of a buffer's first validate
ds4:   encode-ahead: 10.70 segments used, 3.47 dropped, 2.19 ms a token spent encoding under the GPU
ds4:   concurrent sections: 115.16 attempted, 115.16 opened a token
ds4:   speculation: 0.00 layers a token, 0.00 lanes computed, 0.00 matched, 0.00 GEMVs actually saved, 0.00 left to compute; compared 0.00 lanes, 0.00 floats differ, 0.00 by more than an ulp
ds4:   expert cache over the last 64 tokens: 240.00 hits, 4.55 misses, 0.00 evictions a token; 6077 of 6729 entries live (90.3%)
ds4:   of the address-table holes repaired a token: 0.00 already resident, 4.55 genuinely absent
ds4:   residency a token: 4.55 adds, 0.00 removes, 4.55 commits
0925 23:08:14 ds4-server: decode batch count=8 elapsed=417.992 ms status=ok row0=slot0 row1=slot1 row2=slot2 row3=slot3 row4=slot4 row5=slot5 row6=slot6 row7=slot7
0925 23:08:14 ds4-server: decode batch count=8 elapsed=414.420 ms status=ok row0=slot0 row1=slot1 row2=slot2 row3=slot3 row4=slot4 row5=slot5 row6=slot6 row7=slot7
0925 23:08:14 ds4-server: decode batch count=8 elapsed=403.819 ms status=ok row0=slot0 row1=slot1 row2=slot2 row3=slot3 row4=slot4 row5=slot5 row6=slot6 row7=slot7
0925 23:08:15 ds4-server: decode batch count=8 elapsed=411.044 ms status=ok row0=slot0 row1=slot1 row2=slot2 row3=slot3 row4=slot4 row5=slot5 row6=slot6 row7=slot7
0925 23:08:15 ds4-server: decode batch count=8 elapsed=417.767 ms status=ok row0=slot0 row1=slot1 row2=slot2 row3=slot3 row4=slot4 row5=slot5 row6=slot6 row7=slot7
0925 23:08:16 ds4-server: decode batch count=8 elapsed=408.113 ms status=ok row0=slot0 row1=slot1 row2=slot2 row3=slot3 row4=slot4 row5=slot5 row6=slot6 row7=slot7
0925 23:08:16 ds4-server: decode batch count=8 elapsed=425.642 ms status=ok row0=slot0 row1=slot1 row2=slot2 row3=slot3 row4=slot4 row5=slot5 row6=slot6 row7=slot7
0925 23:08:16 ds4-server: decode batch count=8 elapsed=404.543 ms status=ok row0=slot0 row1=slot1 row2=slot2 row3=slot3 row4=slot4 row5=slot5 row6=slot6 row7=slot7
ds4:   decode path so far: 640 single-row steps (51.6 ms each inside the graph over the last 64), 0 K-row verification steps over 0 positions, 0 batch-fusion sites taken; candidate K none
ds4: gate over tokens 577-640: 16.67 command buffers, 3.83 aborts, 240.0 expert ids accounted, 44.05 MiB loaded a token; 0 the gate failed to switch off, 0 it could not gate
ds4:   one token, exclusive, same window: entry 0.00 + encode 0.65 + commit-to-done 44.37 + repair-load 2.07 + accounting 0.03 + tail 1.64 = 48.77 of a 50.93 ms wall, residual 2.16
ds4:   of the commit-to-done: GPU running 43.98 ms, GPU not running 0.39 ms
ds4:   1501.0 gated dispatches a token, 8.4 of them behind an abort; 883.7 sent plain ahead of a buffer's first validate
ds4:   encode-ahead: 10.84 segments used, 3.33 dropped, 2.09 ms a token spent encoding under the GPU
ds4:   concurrent sections: 113.28 attempted, 113.28 opened a token
ds4:   speculation: 0.00 layers a token, 0.00 lanes computed, 0.00 matched, 0.00 GEMVs actually saved, 0.00 left to compute; compared 0.00 lanes, 0.00 floats differ, 0.00 by more than an ulp
ds4:   expert cache over the last 64 tokens: 240.00 hits, 4.64 misses, 0.00 evictions a token; 6374 of 6729 entries live (94.7%)
ds4:   of the address-table holes repaired a token: 0.00 already resident, 4.64 genuinely absent
ds4:   residency a token: 4.64 adds, 0.00 removes, 4.64 commits
0925 23:08:17 ds4-server: decode batch count=8 elapsed=416.300 ms status=ok row0=slot0 row1=slot1 row2=slot2 row3=slot3 row4=slot4 row5=slot5 row6=slot6 row7=slot7
0925 23:08:17 ds4-server: decode batch count=8 elapsed=407.679 ms status=ok row0=slot0 row1=slot1 row2=slot2 row3=slot3 row4=slot4 row5=slot5 row6=slot6 row7=slot7
0925 23:08:18 ds4-server: decode batch count=8 elapsed=429.633 ms status=ok row0=slot0 row1=slot1 row2=slot2 row3=slot3 row4=slot4 row5=slot5 row6=slot6 row7=slot7
0925 23:08:18 ds4-server: decode batch count=8 elapsed=430.245 ms status=ok row0=slot0 row1=slot1 row2=slot2 row3=slot3 row4=slot4 row5=slot5 row6=slot6 row7=slot7
0925 23:08:19 ds4-server: decode batch count=8 elapsed=413.239 ms status=ok row0=slot0 row1=slot1 row2=slot2 row3=slot3 row4=slot4 row5=slot5 row6=slot6 row7=slot7
0925 23:08:19 ds4-server: decode batch count=8 elapsed=404.583 ms status=ok row0=slot0 row1=slot1 row2=slot2 row3=slot3 row4=slot4 row5=slot5 row6=slot6 row7=slot7
0925 23:08:19 ds4-server: decode batch count=8 elapsed=420.055 ms status=ok row0=slot0 row1=slot1 row2=slot2 row3=slot3 row4=slot4 row5=slot5 row6=slot6 row7=slot7
0925 23:08:20 ds4-server: decode batch count=8 elapsed=405.388 ms status=ok row0=slot0 row1=slot1 row2=slot2 row3=slot3 row4=slot4 row5=slot5 row6=slot6 row7=slot7
ds4:   decode path so far: 704 single-row steps (52.0 ms each inside the graph over the last 64), 0 K-row verification steps over 0 positions, 0 batch-fusion sites taken; candidate K none
ds4: gate over tokens 641-704: 16.83 command buffers, 4.22 aborts, 240.0 expert ids accounted, 46.57 MiB loaded a token; 0 the gate failed to switch off, 0 it could not gate
ds4:   one token, exclusive, same window: entry 0.00 + encode 0.72 + commit-to-done 44.27 + repair-load 2.44 + accounting 0.04 + tail 1.62 = 49.08 of a 51.26 ms wall, residual 2.18
ds4:   of the commit-to-done: GPU running 43.90 ms, GPU not running 0.37 ms
ds4:   1518.7 gated dispatches a token, 13.8 of them behind an abort; 922.5 sent plain ahead of a buffer's first validate
ds4:   encode-ahead: 10.61 segments used, 3.83 dropped, 2.10 ms a token spent encoding under the GPU
ds4:   concurrent sections: 117.53 attempted, 117.53 opened a token
ds4:   speculation: 0.00 layers a token, 0.00 lanes computed, 0.00 matched, 0.00 GEMVs actually saved, 0.00 left to compute; compared 0.00 lanes, 0.00 floats differ, 0.00 by more than an ulp
ds4:   expert cache over the last 64 tokens: 240.00 hits, 4.91 misses, 0.00 evictions a token; 6688 of 6729 entries live (99.4%)
ds4:   of the address-table holes repaired a token: 0.00 already resident, 4.91 genuinely absent
ds4:   residency a token: 4.91 adds, 0.00 removes, 4.91 commits
0925 23:08:20 ds4-server: decode batch count=8 elapsed=410.259 ms status=ok row0=slot0 row1=slot1 row2=slot2 row3=slot3 row4=slot4 row5=slot5 row6=slot6 row7=slot7
0925 23:08:21 ds4-server: decode batch count=8 elapsed=415.107 ms status=ok row0=slot0 row1=slot1 row2=slot2 row3=slot3 row4=slot4 row5=slot5 row6=slot6 row7=slot7
0925 23:08:21 ds4-server: decode batch count=8 elapsed=422.976 ms status=ok row0=slot0 row1=slot1 row2=slot2 row3=slot3 row4=slot4 row5=slot5 row6=slot6 row7=slot7
0925 23:08:21 ds4-server: decode batch count=8 elapsed=419.679 ms status=ok row0=slot0 row1=slot1 row2=slot2 row3=slot3 row4=slot4 row5=slot5 row6=slot6 row7=slot7
0925 23:08:22 ds4-server: decode batch count=8 elapsed=400.309 ms status=ok row0=slot0 row1=slot1 row2=slot2 row3=slot3 row4=slot4 row5=slot5 row6=slot6 row7=slot7
0925 23:08:22 ds4-server: decode batch count=8 elapsed=398.871 ms status=ok row0=slot0 row1=slot1 row2=slot2 row3=slot3 row4=slot4 row5=slot5 row6=slot6 row7=slot7
0925 23:08:22 ds4-server: chat ctx=50..100:50 gen=50 THINKING decoding chunk=1.40 t/s avg=1.40 t/s 35.720s
0925 23:08:23 ds4-server: decode batch count=8 elapsed=413.683 ms status=ok row0=slot0 row1=slot1 row2=slot2 row3=slot3 row4=slot4 row5=slot5 row6=slot6 row7=slot7
0925 23:08:23 ds4-server: chat ctx=50..100:50 gen=50 THINKING decoding chunk=1.49 t/s avg=1.49 t/s 33.524s
0925 23:08:23 ds4-server: decode batch count=8 elapsed=418.238 ms status=ok row0=slot0 row1=slot1 row2=slot2 row3=slot3 row4=slot4 row5=slot5 row6=slot6 row7=slot7
ds4:   decode path so far: 768 single-row steps (51.5 ms each inside the graph over the last 64), 0 K-row verification steps over 0 positions, 0 batch-fusion sites taken; candidate K none
ds4: gate over tokens 705-768: 16.23 command buffers, 3.39 aborts, 240.0 expert ids accounted, 37.97 MiB loaded a token; 0 the gate failed to switch off, 0 it could not gate
ds4:   one token, exclusive, same window: entry 0.00 + encode 0.63 + commit-to-done 44.07 + repair-load 2.15 + accounting 0.17 + tail 1.64 = 48.66 of a 50.80 ms wall, residual 2.14
ds4:   of the commit-to-done: GPU running 43.73 ms, GPU not running 0.34 ms
ds4:   1494.0 gated dispatches a token, 7.7 of them behind an abort; 863.2 sent plain ahead of a buffer's first validate
ds4:   encode-ahead: 10.84 segments used, 3.12 dropped, 2.07 ms a token spent encoding under the GPU
ds4:   concurrent sections: 110.44 attempted, 110.44 opened a token
ds4:   speculation: 0.00 layers a token, 0.00 lanes computed, 0.00 matched, 0.00 GEMVs actually saved, 0.00 left to compute; compared 0.00 lanes, 0.00 floats differ, 0.00 by more than an ulp
ds4:   expert cache over the last 64 tokens: 239.98 hits, 4.00 misses, 3.36 evictions a token; 6729 of 6729 entries live (100.0%)
ds4:   of the address-table holes repaired a token: 0.00 already resident, 4.00 genuinely absent
ds4:   residency a token: 4.00 adds, 3.36 removes, 7.36 commits
0925 23:08:23 ds4-server: decode batch count=8 elapsed=413.827 ms status=ok row0=slot0 row1=slot1 row2=slot2 row3=slot3 row4=slot4 row5=slot5 row6=slot6 row7=slot7
0925 23:08:23 ds4-server: chat ctx=50..100:50 gen=50 THINKING decoding chunk=1.58 t/s avg=1.58 t/s 31.730s
0925 23:08:24 ds4-server: decode batch count=8 elapsed=396.226 ms status=ok row0=slot0 row1=slot1 row2=slot2 row3=slot3 row4=slot4 row5=slot5 row6=slot6 row7=slot7
0925 23:08:24 ds4-server: decode batch count=8 elapsed=428.449 ms status=ok row0=slot0 row1=slot1 row2=slot2 row3=slot3 row4=slot4 row5=slot5 row6=slot6 row7=slot7
0925 23:08:24 ds4-server: chat ctx=50..100:50 gen=50 THINKING decoding chunk=1.68 t/s avg=1.68 t/s 29.786s
0925 23:08:25 ds4-server: decode batch count=8 elapsed=414.359 ms status=ok row0=slot0 row1=slot1 row2=slot2 row3=slot3 row4=slot4 row5=slot5 row6=slot6 row7=slot7
0925 23:08:25 ds4-server: decode batch count=8 elapsed=412.851 ms status=ok row0=slot0 row1=slot1 row2=slot2 row3=slot3 row4=slot4 row5=slot5 row6=slot6 row7=slot7
0925 23:08:25 ds4-server: chat ctx=50..100:50 gen=50 THINKING decoding chunk=1.80 t/s avg=1.80 t/s 27.782s
0925 23:08:26 ds4-server: decode batch count=8 elapsed=429.914 ms status=ok row0=slot0 row1=slot1 row2=slot2 row3=slot3 row4=slot4 row5=slot5 row6=slot6 row7=slot7
0925 23:08:26 ds4-server: decode batch count=8 elapsed=423.310 ms status=ok row0=slot0 row1=slot1 row2=slot2 row3=slot3 row4=slot4 row5=slot5 row6=slot6 row7=slot7
0925 23:08:26 ds4-server: chat ctx=50..100:50 gen=50 THINKING decoding chunk=1.95 t/s avg=1.95 t/s 25.658s
0925 23:08:26 ds4-server: decode batch count=8 elapsed=412.142 ms status=ok row0=slot0 row1=slot1 row2=slot2 row3=slot3 row4=slot4 row5=slot5 row6=slot6 row7=slot7
ds4:   decode path so far: 832 single-row steps (52.0 ms each inside the graph over the last 64), 0 K-row verification steps over 0 positions, 0 batch-fusion sites taken; candidate K none
ds4: gate over tokens 769-832: 16.70 command buffers, 4.23 aborts, 240.0 expert ids accounted, 44.64 MiB loaded a token; 0 the gate failed to switch off, 0 it could not gate
ds4:   one token, exclusive, same window: entry 0.00 + encode 0.73 + commit-to-done 43.97 + repair-load 2.58 + accounting 0.24 + tail 1.64 = 49.15 of a 51.34 ms wall, residual 2.19
ds4:   of the commit-to-done: GPU running 43.64 ms, GPU not running 0.34 ms
ds4:   1496.0 gated dispatches a token, 4.6 of them behind an abort; 918.9 sent plain ahead of a buffer's first validate
ds4:   encode-ahead: 10.47 segments used, 3.94 dropped, 2.11 ms a token spent encoding under the GPU
ds4:   concurrent sections: 117.00 attempted, 117.00 opened a token
ds4:   speculation: 0.00 layers a token, 0.00 lanes computed, 0.00 matched, 0.00 GEMVs actually saved, 0.00 left to compute; compared 0.00 lanes, 0.00 floats differ, 0.00 by more than an ulp
ds4:   expert cache over the last 64 tokens: 240.00 hits, 4.70 misses, 4.70 evictions a token; 6729 of 6729 entries live (100.0%)
ds4:   of the address-table holes repaired a token: 0.00 already resident, 4.70 genuinely absent
ds4:   residency a token: 4.70 adds, 4.70 removes, 9.41 commits
0925 23:08:27 ds4-server: decode batch count=8 elapsed=408.379 ms status=ok row0=slot0 row1=slot1 row2=slot2 row3=slot3 row4=slot4 row5=slot5 row6=slot6 row7=slot7
0925 23:08:27 ds4-server: chat ctx=50..100:50 gen=50 THINKING decoding chunk=2.13 t/s avg=2.13 t/s 23.445s
0925 23:08:27 ds4-server: decode batch count=8 elapsed=447.881 ms status=ok row0=slot0 row1=slot1 row2=slot2 row3=slot3 row4=slot4 row5=slot5 row6=slot6 row7=slot7
0925 23:08:28 ds4-server: decode batch count=8 elapsed=418.857 ms status=ok row0=slot0 row1=slot1 row2=slot2 row3=slot3 row4=slot4 row5=slot5 row6=slot6 row7=slot7
0925 23:08:28 ds4-server: chat ctx=50..100:50 gen=50 THINKING decoding chunk=2.36 t/s avg=2.36 t/s 21.180s
0925 23:08:28 ds4-server: decode batch count=8 elapsed=408.784 ms status=ok row0=slot0 row1=slot1 row2=slot2 row3=slot3 row4=slot4 row5=slot5 row6=slot6 row7=slot7
0925 23:08:28 ds4-server: decode batch count=8 elapsed=409.707 ms status=ok row0=slot0 row1=slot1 row2=slot2 row3=slot3 row4=slot4 row5=slot5 row6=slot6 row7=slot7
0925 23:08:29 ds4-server: decode batch count=8 elapsed=415.800 ms status=ok row0=slot0 row1=slot1 row2=slot2 row3=slot3 row4=slot4 row5=slot5 row6=slot6 row7=slot7
0925 23:08:29 ds4-server: decode batch count=8 elapsed=411.147 ms status=ok row0=slot0 row1=slot1 row2=slot2 row3=slot3 row4=slot4 row5=slot5 row6=slot6 row7=slot7
0925 23:08:30 ds4-server: decode batch count=8 elapsed=428.868 ms status=ok row0=slot0 row1=slot1 row2=slot2 row3=slot3 row4=slot4 row5=slot5 row6=slot6 row7=slot7
ds4:   decode path so far: 896 single-row steps (52.3 ms each inside the graph over the last 64), 0 K-row verification steps over 0 positions, 0 batch-fusion sites taken; candidate K none
ds4: gate over tokens 833-896: 16.53 command buffers, 3.73 aborts, 240.0 expert ids accounted, 39.90 MiB loaded a token; 0 the gate failed to switch off, 0 it could not gate
ds4:   one token, exclusive, same window: entry 0.00 + encode 0.68 + commit-to-done 44.21 + repair-load 2.63 + accounting 0.21 + tail 1.65 = 49.38 of a 51.55 ms wall, residual 2.17
ds4:   of the commit-to-done: GPU running 43.85 ms, GPU not running 0.36 ms
ds4:   1507.2 gated dispatches a token, 16.1 of them behind an abort; 879.0 sent plain ahead of a buffer's first validate
ds4:   encode-ahead: 10.80 segments used, 3.27 dropped, 2.10 ms a token spent encoding under the GPU
ds4:   concurrent sections: 112.75 attempted, 112.75 opened a token
ds4:   speculation: 0.00 layers a token, 0.00 lanes computed, 0.00 matched, 0.00 GEMVs actually saved, 0.00 left to compute; compared 0.00 lanes, 0.00 floats differ, 0.00 by more than an ulp
ds4:   expert cache over the last 64 tokens: 240.00 hits, 4.20 misses, 4.20 evictions a token; 6729 of 6729 entries live (100.0%)
ds4:   of the address-table holes repaired a token: 0.00 already resident, 4.20 genuinely absent
ds4:   residency a token: 4.20 adds, 4.20 removes, 8.41 commits
0925 23:08:30 ds4-server: decode batch count=8 elapsed=405.248 ms status=ok row0=slot0 row1=slot1 row2=slot2 row3=slot3 row4=slot4 row5=slot5 row6=slot6 row7=slot7
0925 23:08:31 ds4-server: decode batch count=8 elapsed=425.833 ms status=ok row0=slot0 row1=slot1 row2=slot2 row3=slot3 row4=slot4 row5=slot5 row6=slot6 row7=slot7
0925 23:08:31 ds4-server: decode batch count=8 elapsed=410.772 ms status=ok row0=slot0 row1=slot1 row2=slot2 row3=slot3 row4=slot4 row5=slot5 row6=slot6 row7=slot7
0925 23:08:31 ds4-server: decode batch count=8 elapsed=422.576 ms status=ok row0=slot0 row1=slot1 row2=slot2 row3=slot3 row4=slot4 row5=slot5 row6=slot6 row7=slot7
0925 23:08:32 ds4-server: decode batch count=8 elapsed=442.246 ms status=ok row0=slot0 row1=slot1 row2=slot2 row3=slot3 row4=slot4 row5=slot5 row6=slot6 row7=slot7
0925 23:08:32 ds4-server: decode batch count=8 elapsed=433.998 ms status=ok row0=slot0 row1=slot1 row2=slot2 row3=slot3 row4=slot4 row5=slot5 row6=slot6 row7=slot7
0925 23:08:33 ds4-server: decode batch count=8 elapsed=431.472 ms status=ok row0=slot0 row1=slot1 row2=slot2 row3=slot3 row4=slot4 row5=slot5 row6=slot6 row7=slot7
0925 23:08:33 ds4-server: decode batch count=8 elapsed=435.830 ms status=ok row0=slot0 row1=slot1 row2=slot2 row3=slot3 row4=slot4 row5=slot5 row6=slot6 row7=slot7
ds4:   decode path so far: 960 single-row steps (53.2 ms each inside the graph over the last 64), 0 K-row verification steps over 0 positions, 0 batch-fusion sites taken; candidate K none
ds4: gate over tokens 897-960: 18.66 command buffers, 6.95 aborts, 240.0 expert ids accounted, 82.02 MiB loaded a token; 0 the gate failed to switch off, 0 it could not gate
ds4:   one token, exclusive, same window: entry 0.00 + encode 0.96 + commit-to-done 43.56 + repair-load 3.91 + accounting 0.29 + tail 1.62 = 50.33 of a 52.74 ms wall, residual 2.41
ds4:   of the commit-to-done: GPU running 42.85 ms, GPU not running 0.71 ms
ds4:   1577.6 gated dispatches a token, 12.2 of them behind an abort; 1121.7 sent plain ahead of a buffer's first validate
ds4:   encode-ahead: 9.70 segments used, 6.34 dropped, 2.32 ms a token spent encoding under the GPU
ds4:   concurrent sections: 142.75 attempted, 142.75 opened a token
ds4:   speculation: 0.00 layers a token, 0.00 lanes computed, 0.00 matched, 0.00 GEMVs actually saved, 0.00 left to compute; compared 0.00 lanes, 0.00 floats differ, 0.00 by more than an ulp
ds4:   expert cache over the last 64 tokens: 240.00 hits, 8.64 misses, 8.64 evictions a token; 6729 of 6729 entries live (100.0%)
ds4:   of the address-table holes repaired a token: 0.00 already resident, 8.64 genuinely absent
ds4:   residency a token: 8.64 adds, 8.64 removes, 17.28 commits
0925 23:08:34 ds4-server: decode batch count=8 elapsed=444.525 ms status=ok row0=slot0 row1=slot1 row2=slot2 row3=slot3 row4=slot4 row5=slot5 row6=slot6 row7=slot7
0925 23:08:34 ds4-server: decode batch count=8 elapsed=437.924 ms status=ok row0=slot0 row1=slot1 row2=slot2 row3=slot3 row4=slot4 row5=slot5 row6=slot6 row7=slot7
0925 23:08:34 ds4-server: decode batch count=8 elapsed=413.698 ms status=ok row0=slot0 row1=slot1 row2=slot2 row3=slot3 row4=slot4 row5=slot5 row6=slot6 row7=slot7
0925 23:08:35 ds4-server: decode batch count=8 elapsed=421.711 ms status=ok row0=slot0 row1=slot1 row2=slot2 row3=slot3 row4=slot4 row5=slot5 row6=slot6 row7=slot7
0925 23:08:35 ds4-server: decode batch count=8 elapsed=421.381 ms status=ok row0=slot0 row1=slot1 row2=slot2 row3=slot3 row4=slot4 row5=slot5 row6=slot6 row7=slot7
0925 23:08:36 ds4-server: decode batch count=8 elapsed=410.688 ms status=ok row0=slot0 row1=slot1 row2=slot2 row3=slot3 row4=slot4 row5=slot5 row6=slot6 row7=slot7
0925 23:08:36 ds4-server: decode batch count=8 elapsed=438.688 ms status=ok row0=slot0 row1=slot1 row2=slot2 row3=slot3 row4=slot4 row5=slot5 row6=slot6 row7=slot7
0925 23:08:37 ds4-server: decode batch count=8 elapsed=424.003 ms status=ok row0=slot0 row1=slot1 row2=slot2 row3=slot3 row4=slot4 row5=slot5 row6=slot6 row7=slot7
ds4:   decode path so far: 1024 single-row steps (53.3 ms each inside the graph over the last 64), 0 K-row verification steps over 0 positions, 0 batch-fusion sites taken; candidate K none
ds4: gate over tokens 961-1024: 18.20 command buffers, 6.31 aborts, 240.0 expert ids accounted, 69.56 MiB loaded a token; 0 the gate failed to switch off, 0 it could not gate
ds4:   one token, exclusive, same window: entry 0.00 + encode 0.91 + commit-to-done 43.78 + repair-load 3.55 + accounting 0.30 + tail 1.60 = 50.14 of a 52.52 ms wall, residual 2.38
ds4:   of the commit-to-done: GPU running 43.15 ms, GPU not running 0.62 ms
ds4:   1567.3 gated dispatches a token, 13.8 of them behind an abort; 1078.0 sent plain ahead of a buffer's first validate
ds4:   encode-ahead: 9.89 segments used, 5.73 dropped, 2.30 ms a token spent encoding under the GPU
ds4:   concurrent sections: 136.62 attempted, 136.62 opened a token
ds4:   speculation: 0.00 layers a token, 0.00 lanes computed, 0.00 matched, 0.00 GEMVs actually saved, 0.00 left to compute; compared 0.00 lanes, 0.00 floats differ, 0.00 by more than an ulp
ds4:   expert cache over the last 64 tokens: 239.97 hits, 7.33 misses, 7.33 evictions a token; 6729 of 6729 entries live (100.0%)
ds4:   of the address-table holes repaired a token: 0.00 already resident, 7.33 genuinely absent
ds4:   residency a token: 7.33 adds, 7.33 removes, 14.66 commits
0925 23:08:37 ds4-server: decode batch count=8 elapsed=419.294 ms status=ok row0=slot0 row1=slot1 row2=slot2 row3=slot3 row4=slot4 row5=slot5 row6=slot6 row7=slot7
0925 23:08:37 ds4-server: decode batch count=8 elapsed=418.508 ms status=ok row0=slot0 row1=slot1 row2=slot2 row3=slot3 row4=slot4 row5=slot5 row6=slot6 row7=slot7
0925 23:08:38 ds4-server: decode batch count=8 elapsed=425.211 ms status=ok row0=slot0 row1=slot1 row2=slot2 row3=slot3 row4=slot4 row5=slot5 row6=slot6 row7=slot7
0925 23:08:38 ds4-server: decode batch count=8 elapsed=426.086 ms status=ok row0=slot0 row1=slot1 row2=slot2 row3=slot3 row4=slot4 row5=slot5 row6=slot6 row7=slot7
0925 23:08:39 ds4-server: decode batch count=8 elapsed=417.352 ms status=ok row0=slot0 row1=slot1 row2=slot2 row3=slot3 row4=slot4 row5=slot5 row6=slot6 row7=slot7
0925 23:08:39 ds4-server: decode batch count=8 elapsed=422.332 ms status=ok row0=slot0 row1=slot1 row2=slot2 row3=slot3 row4=slot4 row5=slot5 row6=slot6 row7=slot7
0925 23:08:40 ds4-server: decode batch count=8 elapsed=427.697 ms status=ok row0=slot0 row1=slot1 row2=slot2 row3=slot3 row4=slot4 row5=slot5 row6=slot6 row7=slot7
0925 23:08:40 ds4-server: decode batch count=8 elapsed=430.066 ms status=ok row0=slot0 row1=slot1 row2=slot2 row3=slot3 row4=slot4 row5=slot5 row6=slot6 row7=slot7
ds4:   decode path so far: 1088 single-row steps (52.9 ms each inside the graph over the last 64), 0 K-row verification steps over 0 positions, 0 batch-fusion sites taken; candidate K none
ds4: gate over tokens 1025-1088: 17.56 command buffers, 5.41 aborts, 240.0 expert ids accounted, 56.66 MiB loaded a token; 0 the gate failed to switch off, 0 it could not gate
ds4:   one token, exclusive, same window: entry 0.00 + encode 0.83 + commit-to-done 44.07 + repair-load 2.95 + accounting 0.29 + tail 1.63 = 49.77 of a 52.06 ms wall, residual 2.29
ds4:   of the commit-to-done: GPU running 43.58 ms, GPU not running 0.49 ms
ds4:   1552.3 gated dispatches a token, 16.3 of them behind an abort; 1013.6 sent plain ahead of a buffer's first validate
ds4:   encode-ahead: 10.16 segments used, 4.84 dropped, 2.21 ms a token spent encoding under the GPU
ds4:   concurrent sections: 127.72 attempted, 127.72 opened a token
ds4:   speculation: 0.00 layers a token, 0.00 lanes computed, 0.00 matched, 0.00 GEMVs actually saved, 0.00 left to compute; compared 0.00 lanes, 0.00 floats differ, 0.00 by more than an ulp
ds4:   expert cache over the last 64 tokens: 240.00 hits, 5.97 misses, 5.97 evictions a token; 6729 of 6729 entries live (100.0%)
ds4:   of the address-table holes repaired a token: 0.00 already resident, 5.97 genuinely absent
ds4:   residency a token: 5.97 adds, 5.97 removes, 11.94 commits
0925 23:08:40 ds4-server: decode batch count=8 elapsed=409.927 ms status=ok row0=slot0 row1=slot1 row2=slot2 row3=slot3 row4=slot4 row5=slot5 row6=slot6 row7=slot7
0925 23:08:41 ds4-server: decode batch count=8 elapsed=415.271 ms status=ok row0=slot0 row1=slot1 row2=slot2 row3=slot3 row4=slot4 row5=slot5 row6=slot6 row7=slot7
0925 23:08:41 ds4-server: decode batch count=8 elapsed=417.700 ms status=ok row0=slot0 row1=slot1 row2=slot2 row3=slot3 row4=slot4 row5=slot5 row6=slot6 row7=slot7
0925 23:08:42 ds4-server: decode batch count=8 elapsed=420.822 ms status=ok row0=slot0 row1=slot1 row2=slot2 row3=slot3 row4=slot4 row5=slot5 row6=slot6 row7=slot7
0925 23:08:42 ds4-server: chat ctx=100..146:46 gen=96 THINKING decoding chunk=2.37 t/s avg=1.74 t/s 55.114s
ds4-server: thinking not closed, ignoring incomplete DSML in reasoning
0925 23:08:42 ds4-server: chat ctx=0..50:50 gen=96 THINKING finish=length 58.830s
0925 23:08:42 ds4-server: decode batch count=7 elapsed=374.836 ms status=ok row0=slot0 row1=slot1 row2=slot3 row3=slot4 row4=slot5 row5=slot6 row6=slot7
0925 23:08:42 ds4-server: chat ctx=100..146:46 gen=96 THINKING decoding chunk=2.38 t/s avg=1.82 t/s 52.879s
ds4-server: thinking not closed, ignoring incomplete DSML in reasoning
0925 23:08:42 ds4-server: chat ctx=0..50:50 gen=96 THINKING finish=length 59.204s
0925 23:08:42 ds4-server: decode batch count=6 elapsed=316.171 ms status=ok row0=slot0 row1=slot1 row2=slot4 row3=slot5 row4=slot6 row5=slot7
0925 23:08:43 ds4-server: decode batch count=6 elapsed=314.439 ms status=ok row0=slot0 row1=slot1 row2=slot4 row3=slot5 row4=slot6 row5=slot7
0925 23:08:43 ds4-server: chat ctx=100..146:46 gen=96 THINKING decoding chunk=2.40 t/s avg=1.89 t/s 50.883s
ds4-server: thinking not closed, ignoring incomplete DSML in reasoning
0925 23:08:43 ds4-server: chat ctx=0..50:50 gen=96 THINKING finish=length 53.510s
0925 23:08:43 ds4-server: decode batch count=5 elapsed=269.307 ms status=ok row0=slot0 row1=slot1 row2=slot5 row3=slot6 row4=slot7
0925 23:08:43 ds4-server: decode batch count=5 elapsed=262.510 ms status=ok row0=slot0 row1=slot1 row2=slot5 row3=slot6 row4=slot7
0925 23:08:43 ds4-server: chat ctx=100..146:46 gen=96 THINKING decoding chunk=2.44 t/s avg=1.97 t/s 48.646s
ds4-server: thinking not closed, ignoring incomplete DSML in reasoning
0925 23:08:43 ds4-server: chat ctx=0..50:50 gen=96 THINKING finish=length 54.042s
ds4:   decode path so far: 1152 single-row steps (52.6 ms each inside the graph over the last 64), 0 K-row verification steps over 0 positions, 0 batch-fusion sites taken; candidate K none
ds4: gate over tokens 1089-1152: 17.31 command buffers, 5.00 aborts, 240.0 expert ids accounted, 53.39 MiB loaded a token; 0 the gate failed to switch off, 0 it could not gate
ds4:   one token, exclusive, same window: entry 0.00 + encode 0.82 + commit-to-done 44.03 + repair-load 2.87 + accounting 0.26 + tail 1.62 = 49.60 of a 51.90 ms wall, residual 2.30
ds4:   of the commit-to-done: GPU running 43.54 ms, GPU not running 0.48 ms
ds4:   1554.6 gated dispatches a token, 14.1 of them behind an abort; 996.7 sent plain ahead of a buffer's first validate
ds4:   encode-ahead: 10.31 segments used, 4.47 dropped, 2.22 ms a token spent encoding under the GPU
ds4:   concurrent sections: 123.88 attempted, 123.88 opened a token
ds4:   speculation: 0.00 layers a token, 0.00 lanes computed, 0.00 matched, 0.00 GEMVs actually saved, 0.00 left to compute; compared 0.00 lanes, 0.00 floats differ, 0.00 by more than an ulp
ds4:   expert cache over the last 64 tokens: 239.94 hits, 5.62 misses, 5.62 evictions a token; 6729 of 6729 entries live (100.0%)
ds4:   of the address-table holes repaired a token: 0.00 already resident, 5.62 genuinely absent
ds4:   residency a token: 5.62 adds, 5.62 removes, 11.25 commits
0925 23:08:43 ds4-server: decode batch count=4 elapsed=215.510 ms status=ok row0=slot0 row1=slot1 row2=slot6 row3=slot7
0925 23:08:44 ds4-server: decode batch count=4 elapsed=198.716 ms status=ok row0=slot0 row1=slot1 row2=slot6 row3=slot7
0925 23:08:44 ds4-server: chat ctx=100..146:46 gen=96 THINKING decoding chunk=2.49 t/s avg=2.08 t/s 46.229s
ds4-server: thinking not closed, ignoring incomplete DSML in reasoning
0925 23:08:44 ds4-server: chat ctx=0..50:50 gen=96 THINKING finish=length 54.456s
0925 23:08:44 ds4-server: decode batch count=3 elapsed=148.115 ms status=ok row0=slot0 row1=slot1 row2=slot7
0925 23:08:44 ds4-server: decode batch count=3 elapsed=153.821 ms status=ok row0=slot0 row1=slot1 row2=slot7
0925 23:08:44 ds4-server: chat ctx=100..146:46 gen=96 THINKING decoding chunk=2.57 t/s avg=2.20 t/s 43.553s
ds4-server: thinking not closed, ignoring incomplete DSML in reasoning
0925 23:08:44 ds4-server: chat ctx=0..50:50 gen=96 THINKING finish=length 54.680s
0925 23:08:44 ds4-server: decode batch count=2 elapsed=107.408 ms status=ok row0=slot0 row1=slot1
0925 23:08:44 ds4-server: decode batch count=2 elapsed=102.948 ms status=ok row0=slot0 row1=slot1
0925 23:08:44 ds4-server: chat ctx=100..146:46 gen=96 THINKING decoding chunk=2.66 t/s avg=2.36 t/s 40.729s
ds4-server: thinking not closed, ignoring incomplete DSML in reasoning
0925 23:08:44 ds4-server: chat ctx=0..50:50 gen=96 THINKING finish=length 61.294s
0925 23:08:44 ds4-server: decode batch count=1 elapsed=48.938 ms status=ok row0=slot1
0925 23:08:44 ds4-server: decode batch count=1 elapsed=49.172 ms status=ok row0=slot1
0925 23:08:44 ds4-server: chat ctx=100..146:46 gen=96 THINKING decoding chunk=2.79 t/s avg=2.55 t/s 37.695s
ds4-server: thinking not closed, ignoring incomplete DSML in reasoning
0925 23:08:44 ds4-server: chat ctx=0..50:50 gen=96 THINKING finish=length 61.393s
0925 23:08:46 ds4-server: shutdown requested, draining requests
