ds4: abort gate on for the first 40 layers
ds4: Metal device Apple M5 Max, 128.00 GiB RAM
ds4: Metal 4 tensor API enabled for Tensor kernels
ds4: drift-patch flags hc_stable=on norm_unify=on kv_raw_f32=off rope_exp2_log2=off math_safe=off tensor_matmul=on
ds4: Metal SSD streaming mode enabled; full model residency and warmup are skipped
ds4: SSD streaming auto cache budget
ds4:   metal recommends 107.52 GiB working set
ds4:   using 84% total for model + cached experts: 90.00 GiB
ds4:   non-routed weights: 9.37 GiB
ds4:   routed expert size: 9.49 MiB
ds4:   expert budget before prefill reserve: 8698 (80.63 GiB)
ds4: metal SSD streaming cache target 80.63 GiB; effective 80.63 GiB = 7.12 GiB prefill headroom + 73.51 GiB dynamic cache (7930 experts, 9.49 MiB each)
ds4: Metal SSD static weights locked 9.37 GiB; pageable 0.00 GiB
ds4: SSD streaming initial metal model map (569 spans, 9.37 GiB tensor span)
ds4: metal backend initialized for graph diagnostics
ds4: memory: KV 0.06 GiB (raw 0.01 + compressed 0.05) + buffers 3.27 GiB + resident model 9.37 GiB + expert cache 73.51 GiB + prefill expert reserve 7.12 GiB = 93.33 GiB planned
ds4: memory detail: ctx=8192 prefill_cap=4096 raw_kv_rows=128 compressed_kv_rows=8193 backend=metal
0925 18:46:19 ds4-server: context buffers 3411.39 MiB (ctx=8192, backend=metal, prefill_chunk=4096, raw_kv_rows=128, compressed_kv_rows=8193)
ds4: V4.1 static context buffers 3411.39 MiB (ctx=8192), Engram disk-only
0925 18:46:19 ds4-server: listening on http://127.0.0.1:8017
0925 18:46:21 ds4-server: chat ctx=0..50:50 prompt start
ds4: shared/routed FFN overlap ran, mode 1
ds4: expert residency set on the queue
0925 18:46:21 ds4-server: chat ctx=0..50:50 prefill chunk 1/50 (2.0%) chunk=0.00 t/s avg=5.24 t/s 0.191s
0925 18:46:21 ds4-server: chat ctx=0..50:50 prefill chunk 2/50 (4.0%) chunk=8.97 t/s avg=6.62 t/s 0.302s
0925 18:46:21 ds4-server: chat ctx=0..50:50 prefill chunk 3/50 (6.0%) chunk=9.94 t/s avg=7.45 t/s 0.403s
0925 18:46:22 ds4-server: chat ctx=0..50:50 prefill chunk 4/50 (8.0%) chunk=13.09 t/s avg=8.34 t/s 0.479s
0925 18:46:22 ds4-server: chat ctx=0..50:50 prefill chunk 5/50 (10.0%) chunk=13.33 t/s avg=9.02 t/s 0.554s
0925 18:46:22 ds4-server: chat ctx=0..50:50 prefill chunk 6/50 (12.0%) chunk=16.26 t/s avg=9.74 t/s 0.616s
0925 18:46:22 ds4-server: chat ctx=0..50:50 prefill chunk 7/50 (14.0%) chunk=16.47 t/s avg=10.35 t/s 0.677s
0925 18:46:22 ds4-server: chat ctx=0..50:50 prefill chunk 8/50 (16.0%) chunk=15.73 t/s avg=10.81 t/s 0.740s
0925 18:46:22 ds4-server: chat ctx=0..50:50 prefill chunk 9/50 (18.0%) chunk=14.81 t/s avg=11.14 t/s 0.808s
0925 18:46:22 ds4-server: chat ctx=0..50:50 prefill chunk 10/50 (20.0%) chunk=15.88 t/s avg=11.48 t/s 0.871s
0925 18:46:22 ds4-server: chat ctx=0..50:50 prefill chunk 11/50 (22.0%) chunk=14.83 t/s avg=11.73 t/s 0.938s
0925 18:46:22 ds4-server: chat ctx=0..50:50 prefill chunk 12/50 (24.0%) chunk=18.64 t/s avg=12.10 t/s 0.992s
0925 18:46:22 ds4-server: chat ctx=0..50:50 prefill chunk 13/50 (26.0%) chunk=15.79 t/s avg=12.32 t/s 1.055s
0925 18:46:22 ds4-server: chat ctx=0..50:50 prefill chunk 14/50 (28.0%) chunk=13.60 t/s avg=12.40 t/s 1.129s
0925 18:46:22 ds4-server: chat ctx=0..50:50 prefill chunk 15/50 (30.0%) chunk=13.65 t/s avg=12.48 t/s 1.202s
0925 18:46:22 ds4-server: chat ctx=0..50:50 prefill chunk 16/50 (32.0%) chunk=10.02 t/s avg=12.29 t/s 1.302s
0925 18:46:22 ds4-server: chat ctx=0..50:50 prefill chunk 17/50 (34.0%) chunk=8.51 t/s avg=11.98 t/s 1.419s
0925 18:46:23 ds4-server: chat ctx=0..50:50 prefill chunk 18/50 (36.0%) chunk=7.74 t/s avg=11.62 t/s 1.549s
0925 18:46:23 ds4-server: chat ctx=0..50:50 prefill chunk 19/50 (38.0%) chunk=11.45 t/s avg=11.61 t/s 1.636s
0925 18:46:23 ds4-server: chat ctx=0..50:50 prefill chunk 20/50 (40.0%) chunk=17.94 t/s avg=11.82 t/s 1.692s
0925 18:46:23 ds4-server: chat ctx=0..50:50 prefill chunk 21/50 (42.0%) chunk=17.91 t/s avg=12.02 t/s 1.748s
0925 18:46:23 ds4-server: chat ctx=0..50:50 prefill chunk 22/50 (44.0%) chunk=16.83 t/s avg=12.18 t/s 1.807s
0925 18:46:23 ds4-server: chat ctx=0..50:50 prefill chunk 23/50 (46.0%) chunk=17.79 t/s avg=12.34 t/s 1.863s
0925 18:46:23 ds4-server: chat ctx=0..50:50 prefill chunk 24/50 (48.0%) chunk=14.92 t/s avg=12.43 t/s 1.930s
0925 18:46:23 ds4-server: chat ctx=0..50:50 prefill chunk 25/50 (50.0%) chunk=18.95 t/s avg=12.61 t/s 1.983s
0925 18:46:23 ds4-server: chat ctx=0..50:50 prefill chunk 26/50 (52.0%) chunk=17.76 t/s avg=12.75 t/s 2.039s
0925 18:46:23 ds4-server: chat ctx=0..50:50 prefill chunk 27/50 (54.0%) chunk=13.26 t/s avg=12.77 t/s 2.115s
0925 18:46:23 ds4-server: chat ctx=0..50:50 prefill chunk 28/50 (56.0%) chunk=11.28 t/s avg=12.71 t/s 2.203s
0925 18:46:23 ds4-server: chat ctx=0..50:50 prefill chunk 29/50 (58.0%) chunk=7.16 t/s avg=12.38 t/s 2.343s
0925 18:46:23 ds4-server: chat ctx=0..50:50 prefill chunk 30/50 (60.0%) chunk=10.64 t/s avg=12.31 t/s 2.437s
0925 18:46:24 ds4-server: chat ctx=0..50:50 prefill chunk 31/50 (62.0%) chunk=11.89 t/s avg=12.30 t/s 2.521s
0925 18:46:24 ds4-server: chat ctx=0..50:50 prefill chunk 32/50 (64.0%) chunk=15.13 t/s avg=12.37 t/s 2.587s
0925 18:46:24 ds4-server: chat ctx=0..50:50 prefill chunk 33/50 (66.0%) chunk=15.42 t/s avg=12.44 t/s 2.652s
0925 18:46:24 ds4-server: chat ctx=0..50:50 prefill chunk 34/50 (68.0%) chunk=19.14 t/s avg=12.57 t/s 2.704s
0925 18:46:24 ds4-server: chat ctx=0..50:50 prefill chunk 35/50 (70.0%) chunk=17.46 t/s avg=12.67 t/s 2.761s
0925 18:46:24 ds4-server: chat ctx=0..50:50 prefill chunk 36/50 (72.0%) chunk=17.88 t/s avg=12.78 t/s 2.817s
0925 18:46:24 ds4-server: chat ctx=0..50:50 prefill chunk 37/50 (74.0%) chunk=17.69 t/s avg=12.87 t/s 2.874s
0925 18:46:24 ds4-server: chat ctx=0..50:50 prefill chunk 38/50 (76.0%) chunk=17.72 t/s avg=12.97 t/s 2.930s
0925 18:46:24 ds4-server: chat ctx=0..50:50 prefill chunk 39/50 (78.0%) chunk=19.33 t/s avg=13.08 t/s 2.982s
0925 18:46:24 ds4-server: chat ctx=0..50:50 prefill chunk 40/50 (80.0%) chunk=16.11 t/s avg=13.14 t/s 3.044s
0925 18:46:24 ds4-server: chat ctx=0..50:50 prefill chunk 41/50 (82.0%) chunk=14.71 t/s avg=13.17 t/s 3.112s
0925 18:46:24 ds4-server: chat ctx=0..50:50 prefill chunk 42/50 (84.0%) chunk=15.44 t/s avg=13.22 t/s 3.177s
0925 18:46:24 ds4-server: chat ctx=0..50:50 prefill chunk 43/50 (86.0%) chunk=15.91 t/s avg=13.27 t/s 3.240s
0925 18:46:24 ds4-server: chat ctx=0..50:50 prefill chunk 44/50 (88.0%) chunk=18.55 t/s avg=13.36 t/s 3.294s
0925 18:46:24 ds4-server: chat ctx=0..50:50 prefill chunk 45/50 (90.0%) chunk=14.50 t/s avg=13.38 t/s 3.363s
0925 18:46:24 ds4-server: chat ctx=0..50:50 prefill chunk 46/50 (92.0%) chunk=15.82 t/s avg=13.43 t/s 3.426s
0925 18:46:25 ds4-server: chat ctx=0..50:50 prefill chunk 47/50 (94.0%) chunk=18.92 t/s avg=13.51 t/s 3.479s
0925 18:46:25 ds4-server: chat ctx=0..50:50 prefill chunk 48/50 (96.0%) chunk=19.02 t/s avg=13.59 t/s 3.531s
0925 18:46:25 ds4-server: chat ctx=0..50:50 prefill chunk 49/50 (98.0%) chunk=20.46 t/s avg=13.69 t/s 3.580s
0925 18:46:25 ds4-server: chat ctx=0..50:50 prefill chunk 50/50 (100.0%) chunk=19.81 t/s avg=13.77 t/s 3.631s
0925 18:46:25 ds4-server: chat ctx=0..50:50 prompt done 3.632s
ds4:   decode path so far: 64 single-row steps (68.0 ms each inside the graph), 0 K-row verification steps over 0 positions, 0 batch-fusion sites taken; candidate K none
ds4: gate over tokens 1-64: 36.61 command buffers, 33.59 aborts, 240.0 expert ids accounted, 729.71 MiB loaded a token; 0 the gate failed to switch off, 0 it could not gate
ds4:   one token, exclusive, same window: entry 0.00 + encode 3.91 + commit-to-done 41.77 + repair-load 15.84 + accounting 0.02 + tail 0.32 = 61.86 of a 66.44 ms wall, residual 4.58
ds4:   of the commit-to-done: GPU running 38.63 ms, GPU not running 3.13 ms
ds4:   2110.5 gated dispatches a token, 81.1 of them behind an abort; 3054.7 sent plain ahead of a buffer's first validate
ds4:   encode-ahead: 1.02 segments used, 30.25 dropped, 4.31 ms a token spent encoding under the GPU
ds4:   concurrent sections: 380.59 attempted, 380.59 opened a token
ds4:   speculation: 0.00 layers a token, 0.00 lanes computed, 0.00 matched, 0.00 GEMVs actually saved, 0.00 left to compute; compared 0.00 lanes, 0.00 floats differ, 0.00 by more than an ulp
ds4:   expert cache over the last 64 tokens: 240.00 hits, 76.88 misses, 0.00 evictions a token; 4920 of 7930 entries live (62.0%)
ds4:   of the address-table holes repaired a token: 0.00 already resident, 76.88 genuinely absent
ds4:   residency a token: 76.88 adds, 0.00 removes, 76.88 commits
0925 18:46:28 ds4-server: chat ctx=50..100:50 gen=50 THINKING decoding chunk=16.56 t/s avg=16.56 t/s 3.019s
ds4:   decode path so far: 128 single-row steps (64.5 ms each inside the graph), 0 K-row verification steps over 0 positions, 0 batch-fusion sites taken; candidate K none
ds4: gate over tokens 65-128: 25.59 command buffers, 17.36 aborts, 240.0 expert ids accounted, 220.99 MiB loaded a token; 0 the gate failed to switch off, 0 it could not gate
ds4:   one token, exclusive, same window: entry 0.00 + encode 2.97 + commit-to-done 43.19 + repair-load 6.20 + accounting 0.03 + tail 1.68 = 54.07 of a 58.38 ms wall, residual 4.31
ds4:   of the commit-to-done: GPU running 43.35 ms, GPU not running -0.16 ms
ds4:   1777.5 gated dispatches a token, 49.0 of them behind an abort; 1872.2 sent plain ahead of a buffer's first validate
ds4:   encode-ahead: 6.23 segments used, 15.58 dropped, 4.13 ms a token spent encoding under the GPU
ds4:   concurrent sections: 235.09 attempted, 235.09 opened a token
ds4:   speculation: 0.00 layers a token, 0.00 lanes computed, 0.00 matched, 0.00 GEMVs actually saved, 0.00 left to compute; compared 0.00 lanes, 0.00 floats differ, 0.00 by more than an ulp
ds4:   expert cache over the last 64 tokens: 240.00 hits, 23.28 misses, 0.00 evictions a token; 6410 of 7930 entries live (80.8%)
ds4:   of the address-table holes repaired a token: 0.00 already resident, 23.28 genuinely absent
ds4:   residency a token: 23.28 adds, 0.00 removes, 23.28 commits
0925 18:46:30 ds4-server: chat ctx=100..150:50 gen=100 THINKING decoding chunk=19.72 t/s avg=18.00 t/s 5.554s
ds4:   decode path so far: 192 single-row steps (56.5 ms each inside the graph), 0 K-row verification steps over 0 positions, 0 batch-fusion sites taken; candidate K none
ds4: gate over tokens 129-192: 21.30 command buffers, 10.98 aborts, 240.0 expert ids accounted, 125.33 MiB loaded a token; 0 the gate failed to switch off, 0 it could not gate
ds4:   one token, exclusive, same window: entry 0.00 + encode 1.36 + commit-to-done 31.51 + repair-load 2.92 + accounting 0.03 + tail 1.39 = 37.21 of a 39.90 ms wall, residual 2.70
ds4:   of the commit-to-done: GPU running 31.11 ms, GPU not running 0.40 ms
ds4:   1665.2 gated dispatches a token, 28.1 of them behind an abort; 1435.2 sent plain ahead of a buffer's first validate
ds4:   encode-ahead: 8.31 segments used, 9.89 dropped, 2.57 ms a token spent encoding under the GPU
ds4:   concurrent sections: 176.91 attempted, 176.91 opened a token
ds4:   speculation: 0.00 layers a token, 0.00 lanes computed, 0.00 matched, 0.00 GEMVs actually saved, 0.00 left to compute; compared 0.00 lanes, 0.00 floats differ, 0.00 by more than an ulp
ds4:   expert cache over the last 64 tokens: 240.00 hits, 13.20 misses, 0.00 evictions a token; 7255 of 7930 entries live (91.5%)
ds4:   of the address-table holes repaired a token: 0.00 already resident, 13.20 genuinely absent
ds4:   residency a token: 13.20 adds, 0.00 removes, 13.20 commits
0925 18:46:32 ds4-server: chat ctx=150..200:50 gen=150 THINKING decoding chunk=24.58 t/s avg=19.77 t/s 7.589s
0925 18:46:34 ds4-server: chat ctx=200..242:42 gen=192 THINKING decoding chunk=24.88 t/s avg=20.70 t/s 9.277s
ds4-server: thinking not closed, ignoring incomplete DSML in reasoning
0925 18:46:34 ds4-server: chat ctx=0..50:50 gen=192 THINKING finish=length 12.910s
0925 21:44:22 ds4-server: shutdown requested, draining requests
