ds4: abort gate on for the first 40 layers
ds4: Metal device Apple M5 Max, 128.00 GiB RAM
ds4: Metal 4 tensor API enabled for Tensor kernels
ds4: drift-patch flags hc_stable=on norm_unify=on kv_raw_f32=off rope_exp2_log2=off math_safe=off tensor_matmul=on
ds4: Metal SSD streaming mode enabled; full model residency and warmup are skipped
ds4: SSD streaming auto cache budget
ds4:   metal recommends 107.52 GiB working set
ds4:   using 84% total for model + cached experts: 90.00 GiB
ds4:   non-routed weights: 9.37 GiB
ds4:   routed expert size: 9.49 MiB
ds4:   expert budget before prefill reserve: 8698 (80.63 GiB)
ds4: metal SSD streaming cache target 80.63 GiB; effective 80.63 GiB = 7.12 GiB prefill headroom + 73.51 GiB dynamic cache (7930 experts, 9.49 MiB each)
ds4: V4.1 SSD cache fitted from 7930 to 6729 experts for context/runtime headroom
ds4: Metal SSD static weights locked 9.37 GiB; pageable 0.00 GiB
ds4: SSD streaming initial metal model map (569 spans, 9.37 GiB tensor span)
ds4: metal backend initialized for graph diagnostics
ds4: memory: KV 0.06 GiB (raw 0.01 + compressed 0.05) + buffers 3.27 GiB + resident model 9.37 GiB + expert cache 62.38 GiB + prefill expert reserve 7.12 GiB = 82.20 GiB planned
ds4: memory detail: ctx=8192 prefill_cap=4096 raw_kv_rows=128 compressed_kv_rows=8193 backend=metal
0926 01:23:06 ds4-server: context buffers 3411.39 MiB (ctx=8192, backend=metal, prefill_chunk=4096, raw_kv_rows=128, compressed_kv_rows=8193)
0926 01:23:06 ds4-server: 8 resident sessions request at least 26.65 GiB of context buffers, or 3.74 GiB when the model shares one prefill workspace
ds4: V4.1 static context buffers 3411.39 MiB (ctx=8192), Engram disk-only
ds4: V4.1 static context buffers 3411.39 MiB (ctx=8192), Engram disk-only
ds4: V4.1 static context buffers 3411.39 MiB (ctx=8192), Engram disk-only
ds4: V4.1 static context buffers 3411.39 MiB (ctx=8192), Engram disk-only
ds4: V4.1 static context buffers 3411.39 MiB (ctx=8192), Engram disk-only
ds4: V4.1 static context buffers 3411.39 MiB (ctx=8192), Engram disk-only
ds4: V4.1 static context buffers 3411.39 MiB (ctx=8192), Engram disk-only
ds4: V4.1 static context buffers 3411.39 MiB (ctx=8192), Engram disk-only
0926 01:23:06 ds4-server: batched mode enabled resident_sessions=8 prefill_quantum=2048 mixed_prefill_quantum=128 decode_coalesce_us=30000
0926 01:23:06 ds4-server: listening on http://127.0.0.1:8017
0926 01:23:08 ds4-server: chat ctx=0..50:50 prompt start
0926 01:23:08 ds4-server: chat ctx=0..50:50 prompt start
0926 01:23:08 ds4-server: chat ctx=0..50:50 prompt start
0926 01:23:08 ds4-server: chat ctx=0..50:50 prompt start
ds4: shared/routed FFN overlap ran, mode 1
ds4: expert residency set on the queue
0926 01:23:08 ds4-server: chat ctx=0..50:50 prefill chunk 1/50 (2.0%) chunk=0.00 t/s avg=5.69 t/s 0.176s
0926 01:23:08 ds4-server: chat ctx=0..50:50 prefill chunk 2/50 (4.0%) chunk=7.30 t/s avg=6.40 t/s 0.313s
0926 01:23:09 ds4-server: chat ctx=0..50:50 prefill chunk 3/50 (6.0%) chunk=14.19 t/s avg=7.83 t/s 0.383s
0926 01:23:09 ds4-server: chat ctx=0..50:50 prefill chunk 4/50 (8.0%) chunk=17.17 t/s avg=9.06 t/s 0.441s
0926 01:23:09 ds4-server: chat ctx=0..50:50 prefill chunk 5/50 (10.0%) chunk=17.54 t/s avg=10.03 t/s 0.498s
0926 01:23:09 ds4-server: chat ctx=0..50:50 prefill chunk 6/50 (12.0%) chunk=19.40 t/s avg=10.91 t/s 0.550s
0926 01:23:09 ds4-server: chat ctx=0..50:50 prefill chunk 7/50 (14.0%) chunk=17.83 t/s avg=11.55 t/s 0.606s
0926 01:23:09 ds4-server: chat ctx=0..50:50 prefill chunk 8/50 (16.0%) chunk=16.47 t/s avg=12.00 t/s 0.667s
0926 01:23:09 ds4-server: chat ctx=0..50:50 prefill chunk 9/50 (18.0%) chunk=15.26 t/s avg=12.29 t/s 0.732s
0926 01:23:09 ds4-server: chat ctx=0..50:50 prefill chunk 10/50 (20.0%) chunk=16.55 t/s avg=12.61 t/s 0.793s
0926 01:23:09 ds4-server: chat ctx=0..50:50 prefill chunk 11/50 (22.0%) chunk=15.66 t/s avg=12.84 t/s 0.857s
0926 01:23:09 ds4-server: chat ctx=0..50:50 prefill chunk 12/50 (24.0%) chunk=17.40 t/s avg=13.13 t/s 0.914s
0926 01:23:09 ds4-server: chat ctx=0..50:50 prefill chunk 13/50 (26.0%) chunk=16.44 t/s avg=13.33 t/s 0.975s
0926 01:23:09 ds4-server: chat ctx=0..50:50 prefill chunk 14/50 (28.0%) chunk=14.94 t/s avg=13.44 t/s 1.042s
0926 01:23:09 ds4-server: chat ctx=0..50:50 prefill chunk 15/50 (30.0%) chunk=13.65 t/s avg=13.45 t/s 1.115s
0926 01:23:09 ds4-server: chat ctx=0..50:50 prefill chunk 16/50 (32.0%) chunk=11.39 t/s avg=13.30 t/s 1.203s
0926 01:23:09 ds4-server: chat ctx=0..50:50 prefill chunk 17/50 (34.0%) chunk=10.85 t/s avg=13.13 t/s 1.295s
0926 01:23:10 ds4-server: chat ctx=0..50:50 prefill chunk 18/50 (36.0%) chunk=15.72 t/s avg=13.25 t/s 1.359s
0926 01:23:10 ds4-server: chat ctx=0..50:50 prefill chunk 19/50 (38.0%) chunk=17.86 t/s avg=13.43 t/s 1.415s
0926 01:23:10 ds4-server: chat ctx=0..50:50 prefill chunk 20/50 (40.0%) chunk=18.04 t/s avg=13.61 t/s 1.470s
0926 01:23:10 ds4-server: chat ctx=0..50:50 prefill chunk 21/50 (42.0%) chunk=17.83 t/s avg=13.76 t/s 1.526s
0926 01:23:10 ds4-server: chat ctx=0..50:50 prefill chunk 22/50 (44.0%) chunk=17.11 t/s avg=13.88 t/s 1.585s
0926 01:23:10 ds4-server: chat ctx=0..50:50 prefill chunk 23/50 (46.0%) chunk=18.10 t/s avg=14.03 t/s 1.640s
0926 01:23:10 ds4-server: chat ctx=0..50:50 prefill chunk 24/50 (48.0%) chunk=13.02 t/s avg=13.98 t/s 1.717s
0926 01:23:10 ds4-server: chat ctx=0..50:50 prefill chunk 25/50 (50.0%) chunk=19.19 t/s avg=14.13 t/s 1.769s
0926 01:23:10 ds4-server: chat ctx=0..50:50 prefill chunk 26/50 (52.0%) chunk=19.07 t/s avg=14.28 t/s 1.821s
0926 01:23:10 ds4-server: chat ctx=0..50:50 prefill chunk 27/50 (54.0%) chunk=16.87 t/s avg=14.36 t/s 1.880s
0926 01:23:10 ds4-server: chat ctx=0..50:50 prefill chunk 28/50 (56.0%) chunk=16.08 t/s avg=14.41 t/s 1.943s
0926 01:23:10 ds4-server: chat ctx=0..50:50 prefill chunk 29/50 (58.0%) chunk=15.10 t/s avg=14.44 t/s 2.009s
0926 01:23:10 ds4-server: chat ctx=0..50:50 prefill chunk 30/50 (60.0%) chunk=15.26 t/s avg=14.46 t/s 2.074s
0926 01:23:10 ds4-server: chat ctx=0..50:50 prefill chunk 31/50 (62.0%) chunk=14.97 t/s avg=14.48 t/s 2.141s
0926 01:23:10 ds4-server: chat ctx=0..50:50 prefill chunk 32/50 (64.0%) chunk=16.71 t/s avg=14.54 t/s 2.201s
0926 01:23:10 ds4-server: chat ctx=0..50:50 prefill chunk 33/50 (66.0%) chunk=15.47 t/s avg=14.57 t/s 2.266s
0926 01:23:11 ds4-server: chat ctx=0..50:50 prefill chunk 34/50 (68.0%) chunk=15.80 t/s avg=14.60 t/s 2.329s
0926 01:23:11 ds4-server: chat ctx=0..50:50 prefill chunk 35/50 (70.0%) chunk=13.52 t/s avg=14.57 t/s 2.403s
0926 01:23:11 ds4-server: chat ctx=0..50:50 prefill chunk 36/50 (72.0%) chunk=13.87 t/s avg=14.55 t/s 2.475s
0926 01:23:11 ds4-server: chat ctx=0..50:50 prefill chunk 37/50 (74.0%) chunk=14.15 t/s avg=14.53 t/s 2.546s
0926 01:23:11 ds4-server: chat ctx=0..50:50 prefill chunk 38/50 (76.0%) chunk=14.20 t/s avg=14.53 t/s 2.616s
0926 01:23:11 ds4-server: chat ctx=0..50:50 prefill chunk 39/50 (78.0%) chunk=14.70 t/s avg=14.53 t/s 2.684s
0926 01:23:11 ds4-server: chat ctx=0..50:50 prefill chunk 40/50 (80.0%) chunk=13.29 t/s avg=14.50 t/s 2.759s
0926 01:23:11 ds4-server: chat ctx=0..50:50 prefill chunk 41/50 (82.0%) chunk=12.21 t/s avg=14.43 t/s 2.841s
0926 01:23:11 ds4-server: chat ctx=0..50:50 prefill chunk 42/50 (84.0%) chunk=13.60 t/s avg=14.41 t/s 2.915s
0926 01:23:11 ds4-server: chat ctx=0..50:50 prefill chunk 43/50 (86.0%) chunk=12.88 t/s avg=14.37 t/s 2.992s
0926 01:23:11 ds4-server: chat ctx=0..50:50 prefill chunk 44/50 (88.0%) chunk=14.40 t/s avg=14.37 t/s 3.062s
0926 01:23:11 ds4-server: chat ctx=0..50:50 prefill chunk 45/50 (90.0%) chunk=13.03 t/s avg=14.34 t/s 3.138s
0926 01:23:11 ds4-server: chat ctx=0..50:50 prefill chunk 46/50 (92.0%) chunk=12.23 t/s avg=14.28 t/s 3.220s
0926 01:23:11 ds4-server: chat ctx=0..50:50 prefill chunk 47/50 (94.0%) chunk=15.25 t/s avg=14.30 t/s 3.286s
0926 01:23:12 ds4-server: chat ctx=0..50:50 prefill chunk 48/50 (96.0%) chunk=14.07 t/s avg=14.30 t/s 3.357s
0926 01:23:12 ds4-server: chat ctx=0..50:50 prefill chunk 49/50 (98.0%) chunk=14.17 t/s avg=14.30 t/s 3.427s
0926 01:23:12 ds4-server: chat ctx=0..50:50 prefill chunk 50/50 (100.0%) chunk=15.59 t/s avg=14.32 t/s 3.492s
0926 01:23:12 ds4-server: chat ctx=0..50:50 prompt done 3.494s
0926 01:23:12 ds4-server: chat ctx=0..50:50 prefill chunk 1/50 (2.0%) chunk=0.00 t/s avg=0.28 t/s 3.547s
0926 01:23:12 ds4-server: chat ctx=0..50:50 prefill chunk 2/50 (4.0%) chunk=19.73 t/s avg=0.56 t/s 3.598s
0926 01:23:12 ds4-server: chat ctx=0..50:50 prefill chunk 3/50 (6.0%) chunk=20.03 t/s avg=0.82 t/s 3.648s
0926 01:23:12 ds4-server: chat ctx=0..50:50 prefill chunk 4/50 (8.0%) chunk=19.26 t/s avg=1.08 t/s 3.700s
0926 01:23:12 ds4-server: chat ctx=0..50:50 prefill chunk 5/50 (10.0%) chunk=19.14 t/s avg=1.33 t/s 3.752s
0926 01:23:12 ds4-server: chat ctx=0..50:50 prefill chunk 6/50 (12.0%) chunk=17.04 t/s avg=1.57 t/s 3.811s
0926 01:23:12 ds4-server: chat ctx=0..50:50 prefill chunk 7/50 (14.0%) chunk=17.65 t/s avg=1.81 t/s 3.867s
0926 01:23:12 ds4-server: chat ctx=0..50:50 prefill chunk 8/50 (16.0%) chunk=17.07 t/s avg=2.04 t/s 3.926s
0926 01:23:12 ds4-server: chat ctx=0..50:50 prefill chunk 9/50 (18.0%) chunk=16.99 t/s avg=2.26 t/s 3.985s
0926 01:23:12 ds4-server: chat ctx=0..50:50 prefill chunk 10/50 (20.0%) chunk=16.82 t/s avg=2.47 t/s 4.044s
0926 01:23:12 ds4-server: chat ctx=0..50:50 prefill chunk 11/50 (22.0%) chunk=17.25 t/s avg=2.68 t/s 4.102s
0926 01:23:12 ds4-server: chat ctx=0..50:50 prefill chunk 12/50 (24.0%) chunk=16.82 t/s avg=2.88 t/s 4.162s
0926 01:23:12 ds4-server: chat ctx=0..50:50 prefill chunk 13/50 (26.0%) chunk=16.63 t/s avg=3.08 t/s 4.222s
ds4:   decode path so far: 64 single-row steps (65.9 ms each inside the graph over the last 64), 0 K-row verification steps over 0 positions, 0 batch-fusion sites taken; candidate K none
ds4: gate over tokens 1-64: 32.36 command buffers, 27.12 aborts, 240.0 expert ids accounted, 633.75 MiB loaded a token; 0 the gate failed to switch off, 0 it could not gate
ds4:   one token, exclusive, same window: entry 0.00 + encode 3.35 + commit-to-done 48.87 + repair-load 8.43 + accounting 0.03 + tail 0.00 = 60.68 of a 64.94 ms wall, residual 4.26
ds4:   of the commit-to-done: GPU running 45.81 ms, GPU not running 3.06 ms
ds4:   1991.3 gated dispatches a token, 65.8 of them behind an abort; 2591.0 sent plain ahead of a buffer's first validate
ds4:   encode-ahead: 3.23 segments used, 24.44 dropped, 4.02 ms a token spent encoding under the GPU
ds4:   concurrent sections: 323.41 attempted, 323.41 opened a token
ds4:   speculation: 0.00 layers a token, 0.00 lanes computed, 0.00 matched, 0.00 GEMVs actually saved, 0.00 left to compute; compared 0.00 lanes, 0.00 floats differ, 0.00 by more than an ulp
ds4:   expert cache over the last 64 tokens: 240.00 hits, 66.77 misses, 0.00 evictions a token; 4273 of 6729 entries live (63.5%)
ds4:   of the address-table holes repaired a token: 0.00 already resident, 66.77 genuinely absent
ds4:   residency a token: 66.77 adds, 0.00 removes, 66.77 commits
0926 01:23:12 ds4-server: chat ctx=0..50:50 prefill chunk 14/50 (28.0%) chunk=16.75 t/s avg=3.27 t/s 4.281s
0926 01:23:13 ds4-server: chat ctx=0..50:50 prefill chunk 15/50 (30.0%) chunk=17.47 t/s avg=3.46 t/s 4.339s
0926 01:23:13 ds4-server: chat ctx=0..50:50 prefill chunk 16/50 (32.0%) chunk=17.02 t/s avg=3.64 t/s 4.397s
0926 01:23:13 ds4-server: chat ctx=0..50:50 prefill chunk 17/50 (34.0%) chunk=17.04 t/s avg=3.82 t/s 4.456s
0926 01:23:13 ds4-server: chat ctx=0..50:50 prefill chunk 18/50 (36.0%) chunk=17.11 t/s avg=3.99 t/s 4.515s
0926 01:23:13 ds4-server: chat ctx=0..50:50 prefill chunk 19/50 (38.0%) chunk=17.00 t/s avg=4.15 t/s 4.573s
0926 01:23:13 ds4-server: chat ctx=0..50:50 prefill chunk 20/50 (40.0%) chunk=17.48 t/s avg=4.32 t/s 4.631s
0926 01:23:13 ds4-server: chat ctx=0..50:50 prefill chunk 21/50 (42.0%) chunk=17.14 t/s avg=4.48 t/s 4.689s
0926 01:23:13 ds4-server: chat ctx=0..50:50 prefill chunk 22/50 (44.0%) chunk=17.13 t/s avg=4.63 t/s 4.747s
0926 01:23:13 ds4-server: chat ctx=0..50:50 prefill chunk 23/50 (46.0%) chunk=17.69 t/s avg=4.79 t/s 4.804s
0926 01:23:13 ds4-server: chat ctx=0..50:50 prefill chunk 24/50 (48.0%) chunk=16.78 t/s avg=4.93 t/s 4.863s
0926 01:23:13 ds4-server: chat ctx=0..50:50 prefill chunk 25/50 (50.0%) chunk=16.93 t/s avg=5.08 t/s 4.922s
0926 01:23:13 ds4-server: chat ctx=0..50:50 prefill chunk 26/50 (52.0%) chunk=17.56 t/s avg=5.22 t/s 4.979s
0926 01:23:13 ds4-server: chat ctx=0..50:50 prefill chunk 27/50 (54.0%) chunk=18.70 t/s avg=5.36 t/s 5.033s
0926 01:23:13 ds4-server: chat ctx=0..50:50 prefill chunk 28/50 (56.0%) chunk=16.59 t/s avg=5.50 t/s 5.093s
0926 01:23:13 ds4-server: chat ctx=0..50:50 prefill chunk 29/50 (58.0%) chunk=16.38 t/s avg=5.63 t/s 5.154s
0926 01:23:13 ds4-server: chat ctx=0..50:50 prefill chunk 30/50 (60.0%) chunk=16.24 t/s avg=5.75 t/s 5.216s
0926 01:23:13 ds4-server: chat ctx=0..50:50 prefill chunk 31/50 (62.0%) chunk=15.05 t/s avg=5.87 t/s 5.282s
0926 01:23:14 ds4-server: chat ctx=0..50:50 prefill chunk 32/50 (64.0%) chunk=15.98 t/s avg=5.99 t/s 5.345s
0926 01:23:14 ds4-server: chat ctx=0..50:50 prefill chunk 33/50 (66.0%) chunk=15.45 t/s avg=6.10 t/s 5.410s
0926 01:23:14 ds4-server: chat ctx=0..50:50 prefill chunk 34/50 (68.0%) chunk=16.54 t/s avg=6.22 t/s 5.470s
0926 01:23:14 ds4-server: chat ctx=0..50:50 prefill chunk 35/50 (70.0%) chunk=16.70 t/s avg=6.33 t/s 5.530s
0926 01:23:14 ds4-server: chat ctx=0..50:50 prefill chunk 36/50 (72.0%) chunk=18.38 t/s avg=6.45 t/s 5.584s
0926 01:23:14 ds4-server: chat ctx=0..50:50 prefill chunk 37/50 (74.0%) chunk=16.98 t/s avg=6.56 t/s 5.643s
0926 01:23:14 ds4-server: chat ctx=0..50:50 prefill chunk 38/50 (76.0%) chunk=16.28 t/s avg=6.66 t/s 5.705s
0926 01:23:14 ds4-server: chat ctx=0..50:50 prefill chunk 39/50 (78.0%) chunk=14.83 t/s avg=6.76 t/s 5.772s
0926 01:23:14 ds4-server: chat ctx=0..50:50 prefill chunk 40/50 (80.0%) chunk=15.35 t/s avg=6.85 t/s 5.837s
0926 01:23:14 ds4-server: chat ctx=0..50:50 prefill chunk 41/50 (82.0%) chunk=16.35 t/s avg=6.95 t/s 5.898s
0926 01:23:14 ds4-server: chat ctx=0..50:50 prefill chunk 42/50 (84.0%) chunk=15.82 t/s avg=7.05 t/s 5.962s
0926 01:23:14 ds4-server: chat ctx=0..50:50 prefill chunk 43/50 (86.0%) chunk=16.52 t/s avg=7.14 t/s 6.022s
0926 01:23:14 ds4-server: chat ctx=0..50:50 prefill chunk 44/50 (88.0%) chunk=15.85 t/s avg=7.23 t/s 6.085s
0926 01:23:14 ds4-server: chat ctx=0..50:50 prefill chunk 45/50 (90.0%) chunk=17.39 t/s avg=7.33 t/s 6.143s
0926 01:23:14 ds4-server: chat ctx=0..50:50 prefill chunk 46/50 (92.0%) chunk=16.40 t/s avg=7.42 t/s 6.204s
0926 01:23:14 ds4-server: chat ctx=0..50:50 prefill chunk 47/50 (94.0%) chunk=16.90 t/s avg=7.50 t/s 6.263s
0926 01:23:15 ds4-server: chat ctx=0..50:50 prefill chunk 48/50 (96.0%) chunk=16.54 t/s avg=7.59 t/s 6.323s
0926 01:23:15 ds4-server: chat ctx=0..50:50 prefill chunk 49/50 (98.0%) chunk=17.18 t/s avg=7.68 t/s 6.381s
0926 01:23:15 ds4-server: chat ctx=0..50:50 prefill chunk 50/50 (100.0%) chunk=18.07 t/s avg=7.77 t/s 6.437s
0926 01:23:15 ds4-server: chat ctx=0..50:50 prompt done 6.439s
0926 01:23:15 ds4-server: chat ctx=0..50:50 prompt start
0926 01:23:15 ds4-server: chat ctx=0..50:50 prompt start
0926 01:23:15 ds4-server: chat ctx=0..50:50 prompt start
0926 01:23:15 ds4-server: chat ctx=0..50:50 prompt start
ds4: V4.1 batch attn_output_b hoisted out of the per-row loop (2 rows)
ds4: V4.1 batch step rows=2 pre 0.0 ms, per-row attention 0.0 ms, moe 0.0 ms, head 0.0 ms, setup 0.0 ms, publish 0.0 ms
0926 01:23:15 ds4-server: chat ctx=0..50:50 prefill chunk 1/50 (2.0%) chunk=0.00 t/s avg=0.14 t/s 6.940s
0926 01:23:15 ds4-server: chat ctx=0..50:50 prefill chunk 2/50 (4.0%) chunk=24.20 t/s avg=0.29 t/s 6.982s
0926 01:23:15 ds4-server: chat ctx=0..50:50 prefill chunk 3/50 (6.0%) chunk=24.66 t/s avg=0.43 t/s 7.022s
0926 01:23:15 ds4-server: chat ctx=0..50:50 prefill chunk 4/50 (8.0%) chunk=23.57 t/s avg=0.57 t/s 7.065s
0926 01:23:15 ds4-server: chat ctx=0..50:50 prefill chunk 5/50 (10.0%) chunk=23.23 t/s avg=0.70 t/s 7.108s
0926 01:23:15 ds4-server: chat ctx=0..50:50 prefill chunk 6/50 (12.0%) chunk=22.50 t/s avg=0.84 t/s 7.152s
0926 01:23:15 ds4-server: chat ctx=0..50:50 prefill chunk 7/50 (14.0%) chunk=21.07 t/s avg=0.97 t/s 7.200s
0926 01:23:15 ds4-server: chat ctx=0..50:50 prefill chunk 8/50 (16.0%) chunk=21.35 t/s avg=1.10 t/s 7.246s
0926 01:23:15 ds4-server: chat ctx=0..50:50 prefill chunk 9/50 (18.0%) chunk=20.45 t/s avg=1.23 t/s 7.295s
0926 01:23:16 ds4-server: chat ctx=0..50:50 prefill chunk 10/50 (20.0%) chunk=20.56 t/s avg=1.36 t/s 7.344s
0926 01:23:16 ds4-server: chat ctx=0..50:50 prefill chunk 11/50 (22.0%) chunk=19.08 t/s avg=1.49 t/s 7.396s
0926 01:23:16 ds4-server: chat ctx=0..50:50 prefill chunk 12/50 (24.0%) chunk=16.28 t/s avg=1.61 t/s 7.458s
0926 01:23:16 ds4-server: chat ctx=0..50:50 prefill chunk 13/50 (26.0%) chunk=16.85 t/s avg=1.73 t/s 7.517s
0926 01:23:16 ds4-server: chat ctx=0..50:50 prefill chunk 14/50 (28.0%) chunk=16.38 t/s avg=1.85 t/s 7.578s
0926 01:23:16 ds4-server: chat ctx=0..50:50 prefill chunk 15/50 (30.0%) chunk=17.02 t/s avg=1.96 t/s 7.637s
0926 01:23:16 ds4-server: chat ctx=0..50:50 prefill chunk 16/50 (32.0%) chunk=17.67 t/s avg=2.08 t/s 7.694s
0926 01:23:16 ds4-server: chat ctx=0..50:50 prefill chunk 17/50 (34.0%) chunk=15.07 t/s avg=2.19 t/s 7.760s
0926 01:23:16 ds4-server: chat ctx=0..50:50 prefill chunk 18/50 (36.0%) chunk=12.42 t/s avg=2.30 t/s 7.840s
0926 01:23:16 ds4-server: chat ctx=0..50:50 prefill chunk 19/50 (38.0%) chunk=11.09 t/s avg=2.40 t/s 7.931s
0926 01:23:16 ds4-server: chat ctx=0..50:50 prefill chunk 20/50 (40.0%) chunk=10.64 t/s avg=2.49 t/s 8.025s
0926 01:23:16 ds4-server: chat ctx=0..50:50 prefill chunk 21/50 (42.0%) chunk=12.95 t/s avg=2.59 t/s 8.102s
0926 01:23:16 ds4-server: chat ctx=0..50:50 prefill chunk 22/50 (44.0%) chunk=12.20 t/s avg=2.69 t/s 8.184s
0926 01:23:16 ds4-server: chat ctx=0..50:50 prefill chunk 23/50 (46.0%) chunk=12.38 t/s avg=2.78 t/s 8.264s
0926 01:23:17 ds4-server: chat ctx=0..50:50 prefill chunk 24/50 (48.0%) chunk=13.79 t/s avg=2.88 t/s 8.337s
0926 01:23:17 ds4-server: chat ctx=0..50:50 prefill chunk 25/50 (50.0%) chunk=15.95 t/s avg=2.98 t/s 8.400s
0926 01:23:17 ds4-server: chat ctx=0..50:50 prefill chunk 26/50 (52.0%) chunk=15.81 t/s avg=3.07 t/s 8.463s
ds4:   decode path so far: 128 single-row steps (60.2 ms each inside the graph over the last 64), 1 K-row verification steps over 2 positions, 0 batch-fusion sites taken; candidate K 2:1
ds4: gate over tokens 65-128: 15.80 command buffers, 2.67 aborts, 240.0 expert ids accounted, 31.44 MiB loaded a token; 0 the gate failed to switch off, 0 it could not gate
ds4:   one token, exclusive, same window: entry 0.00 + encode 0.62 + commit-to-done 54.44 + repair-load 0.59 + accounting 0.03 + tail 0.03 = 55.72 of a 57.95 ms wall, residual 2.23
ds4:   of the commit-to-done: GPU running 54.37 ms, GPU not running 0.07 ms
ds4:   1487.1 gated dispatches a token, 9.9 of them behind an abort; 804.7 sent plain ahead of a buffer's first validate
ds4:   encode-ahead: 11.12 segments used, 2.38 dropped, 2.16 ms a token spent encoding under the GPU
ds4:   concurrent sections: 104.19 attempted, 104.19 opened a token
ds4:   speculation: 0.00 layers a token, 0.00 lanes computed, 0.00 matched, 0.00 GEMVs actually saved, 0.00 left to compute; compared 0.00 lanes, 0.00 floats differ, 0.00 by more than an ulp
ds4:   expert cache over the last 64 tokens: 246.55 hits, 4.27 misses, 0.00 evictions a token; 4546 of 6729 entries live (67.6%)
ds4:   of the address-table holes repaired a token: 0.00 already resident, 3.31 genuinely absent
ds4:   residency a token: 3.31 adds, 0.00 removes, 3.31 commits
0926 01:23:17 ds4-server: chat ctx=0..50:50 prefill chunk 27/50 (54.0%) chunk=15.69 t/s avg=3.17 t/s 8.527s
0926 01:23:17 ds4-server: chat ctx=0..50:50 prefill chunk 28/50 (56.0%) chunk=16.39 t/s avg=3.26 t/s 8.588s
0926 01:23:17 ds4-server: chat ctx=0..50:50 prefill chunk 29/50 (58.0%) chunk=16.94 t/s avg=3.35 t/s 8.647s
0926 01:23:17 ds4-server: chat ctx=0..50:50 prefill chunk 30/50 (60.0%) chunk=16.29 t/s avg=3.45 t/s 8.708s
0926 01:23:17 ds4-server: chat ctx=0..50:50 prefill chunk 31/50 (62.0%) chunk=14.05 t/s avg=3.53 t/s 8.779s
0926 01:23:17 ds4-server: chat ctx=0..50:50 prefill chunk 32/50 (64.0%) chunk=15.80 t/s avg=3.62 t/s 8.842s
0926 01:23:17 ds4-server: chat ctx=0..50:50 prefill chunk 33/50 (66.0%) chunk=14.37 t/s avg=3.70 t/s 8.912s
0926 01:23:17 ds4-server: chat ctx=0..50:50 prefill chunk 34/50 (68.0%) chunk=15.36 t/s avg=3.79 t/s 8.977s
0926 01:23:17 ds4-server: chat ctx=0..50:50 prefill chunk 35/50 (70.0%) chunk=14.38 t/s avg=3.87 t/s 9.047s
0926 01:23:17 ds4-server: chat ctx=0..50:50 prefill chunk 36/50 (72.0%) chunk=15.67 t/s avg=3.95 t/s 9.111s
0926 01:23:17 ds4-server: chat ctx=0..50:50 prefill chunk 37/50 (74.0%) chunk=16.21 t/s avg=4.03 t/s 9.172s
0926 01:23:17 ds4-server: chat ctx=0..50:50 prefill chunk 38/50 (76.0%) chunk=16.20 t/s avg=4.12 t/s 9.234s
0926 01:23:17 ds4-server: chat ctx=0..50:50 prefill chunk 39/50 (78.0%) chunk=15.38 t/s avg=4.19 t/s 9.299s
0926 01:23:18 ds4-server: chat ctx=0..50:50 prefill chunk 40/50 (80.0%) chunk=16.71 t/s avg=4.27 t/s 9.359s
0926 01:23:18 ds4-server: chat ctx=0..50:50 prefill chunk 41/50 (82.0%) chunk=17.81 t/s avg=4.35 t/s 9.415s
0926 01:23:18 ds4-server: chat ctx=0..50:50 prefill chunk 42/50 (84.0%) chunk=17.46 t/s avg=4.43 t/s 9.472s
0926 01:23:18 ds4-server: chat ctx=0..50:50 prefill chunk 43/50 (86.0%) chunk=17.13 t/s avg=4.51 t/s 9.531s
0926 01:23:18 ds4-server: chat ctx=0..50:50 prefill chunk 44/50 (88.0%) chunk=16.74 t/s avg=4.59 t/s 9.590s
0926 01:23:18 ds4-server: chat ctx=0..50:50 prefill chunk 45/50 (90.0%) chunk=16.47 t/s avg=4.66 t/s 9.651s
0926 01:23:18 ds4-server: chat ctx=0..50:50 prefill chunk 46/50 (92.0%) chunk=15.13 t/s avg=4.73 t/s 9.717s
0926 01:23:18 ds4-server: chat ctx=0..50:50 prefill chunk 47/50 (94.0%) chunk=15.43 t/s avg=4.80 t/s 9.782s
0926 01:23:18 ds4-server: chat ctx=0..50:50 prefill chunk 48/50 (96.0%) chunk=14.70 t/s avg=4.87 t/s 9.850s
0926 01:23:18 ds4-server: chat ctx=0..50:50 prefill chunk 49/50 (98.0%) chunk=14.32 t/s avg=4.94 t/s 9.920s
0926 01:23:18 ds4-server: chat ctx=0..50:50 prefill chunk 50/50 (100.0%) chunk=14.45 t/s avg=5.01 t/s 9.989s
0926 01:23:18 ds4-server: chat ctx=0..50:50 prompt done 9.992s
ds4: V4.1 batch step rows=2 pre 0.0 ms, per-row attention 0.0 ms, moe 0.0 ms, head 0.0 ms, setup 0.0 ms, publish 0.0 ms
ds4: V4.1 batch step rows=3 pre 0.0 ms, per-row attention 0.0 ms, moe 0.0 ms, head 0.0 ms, setup 0.0 ms, publish 0.0 ms
0926 01:23:19 ds4-server: chat ctx=0..50:50 prefill chunk 1/50 (2.0%) chunk=0.00 t/s avg=0.24 t/s 4.083s
0926 01:23:19 ds4-server: chat ctx=0..50:50 prefill chunk 2/50 (4.0%) chunk=18.70 t/s avg=0.48 t/s 4.136s
0926 01:23:19 ds4-server: chat ctx=0..50:50 prefill chunk 3/50 (6.0%) chunk=17.28 t/s avg=0.72 t/s 4.194s
0926 01:23:19 ds4-server: chat ctx=0..50:50 prefill chunk 4/50 (8.0%) chunk=16.95 t/s avg=0.94 t/s 4.253s
0926 01:23:19 ds4-server: chat ctx=0..50:50 prefill chunk 5/50 (10.0%) chunk=17.07 t/s avg=1.16 t/s 4.312s
0926 01:23:19 ds4-server: chat ctx=0..50:50 prefill chunk 6/50 (12.0%) chunk=17.03 t/s avg=1.37 t/s 4.371s
0926 01:23:19 ds4-server: chat ctx=0..50:50 prefill chunk 7/50 (14.0%) chunk=18.15 t/s avg=1.58 t/s 4.426s
0926 01:23:19 ds4-server: chat ctx=0..50:50 prefill chunk 8/50 (16.0%) chunk=17.91 t/s avg=1.79 t/s 4.481s
0926 01:23:19 ds4-server: chat ctx=0..50:50 prefill chunk 9/50 (18.0%) chunk=18.10 t/s avg=1.98 t/s 4.537s
0926 01:23:19 ds4-server: chat ctx=0..50:50 prefill chunk 10/50 (20.0%) chunk=18.23 t/s avg=2.18 t/s 4.592s
0926 01:23:19 ds4-server: chat ctx=0..50:50 prefill chunk 11/50 (22.0%) chunk=16.21 t/s avg=2.36 t/s 4.653s
0926 01:23:19 ds4-server: chat ctx=0..50:50 prefill chunk 12/50 (24.0%) chunk=16.24 t/s avg=2.55 t/s 4.715s
0926 01:23:19 ds4-server: chat ctx=0..50:50 prefill chunk 13/50 (26.0%) chunk=15.04 t/s avg=2.72 t/s 4.781s
0926 01:23:19 ds4-server: chat ctx=0..50:50 prefill chunk 14/50 (28.0%) chunk=13.48 t/s avg=2.88 t/s 4.856s
0926 01:23:20 ds4-server: chat ctx=0..50:50 prefill chunk 15/50 (30.0%) chunk=13.67 t/s avg=3.04 t/s 4.929s
0926 01:23:20 ds4-server: chat ctx=0..50:50 prefill chunk 16/50 (32.0%) chunk=13.96 t/s avg=3.20 t/s 5.000s
0926 01:23:20 ds4-server: chat ctx=0..50:50 prefill chunk 17/50 (34.0%) chunk=16.69 t/s avg=3.36 t/s 5.060s
0926 01:23:20 ds4-server: chat ctx=0..50:50 prefill chunk 18/50 (36.0%) chunk=16.09 t/s avg=3.51 t/s 5.122s
0926 01:23:20 ds4-server: chat ctx=0..50:50 prefill chunk 19/50 (38.0%) chunk=16.81 t/s avg=3.67 t/s 5.182s
0926 01:23:20 ds4-server: chat ctx=0..50:50 prefill chunk 20/50 (40.0%) chunk=16.02 t/s avg=3.81 t/s 5.244s
0926 01:23:20 ds4-server: chat ctx=0..50:50 prefill chunk 21/50 (42.0%) chunk=16.33 t/s avg=3.96 t/s 5.305s
0926 01:23:20 ds4-server: chat ctx=0..50:50 prefill chunk 22/50 (44.0%) chunk=15.03 t/s avg=4.10 t/s 5.372s
0926 01:23:20 ds4-server: chat ctx=0..50:50 prefill chunk 23/50 (46.0%) chunk=15.23 t/s avg=4.23 t/s 5.438s
0926 01:23:20 ds4-server: chat ctx=0..50:50 prefill chunk 24/50 (48.0%) chunk=15.03 t/s avg=4.36 t/s 5.504s
0926 01:23:20 ds4-server: chat ctx=0..50:50 prefill chunk 25/50 (50.0%) chunk=14.97 t/s avg=4.49 t/s 5.571s
0926 01:23:20 ds4-server: chat ctx=0..50:50 prefill chunk 26/50 (52.0%) chunk=15.10 t/s avg=4.61 t/s 5.637s
0926 01:23:20 ds4-server: chat ctx=0..50:50 prefill chunk 27/50 (54.0%) chunk=15.10 t/s avg=4.73 t/s 5.703s
0926 01:23:20 ds4-server: chat ctx=0..50:50 prefill chunk 28/50 (56.0%) chunk=15.32 t/s avg=4.85 t/s 5.769s
0926 01:23:20 ds4-server: chat ctx=0..50:50 prefill chunk 29/50 (58.0%) chunk=15.32 t/s avg=4.97 t/s 5.834s
0926 01:23:21 ds4-server: chat ctx=0..50:50 prefill chunk 30/50 (60.0%) chunk=15.51 t/s avg=5.09 t/s 5.898s
0926 01:23:21 ds4-server: chat ctx=0..50:50 prefill chunk 31/50 (62.0%) chunk=14.46 t/s avg=5.19 t/s 5.968s
0926 01:23:21 ds4-server: chat ctx=0..50:50 prefill chunk 32/50 (64.0%) chunk=15.29 t/s avg=5.30 t/s 6.033s
0926 01:23:21 ds4-server: chat ctx=0..50:50 prefill chunk 33/50 (66.0%) chunk=15.22 t/s avg=5.41 t/s 6.099s
0926 01:23:21 ds4-server: chat ctx=0..50:50 prefill chunk 34/50 (68.0%) chunk=15.96 t/s avg=5.52 t/s 6.161s
0926 01:23:21 ds4-server: chat ctx=0..50:50 prefill chunk 35/50 (70.0%) chunk=16.31 t/s avg=5.62 t/s 6.223s
0926 01:23:21 ds4-server: chat ctx=0..50:50 prefill chunk 36/50 (72.0%) chunk=15.68 t/s avg=5.73 t/s 6.286s
0926 01:23:21 ds4-server: chat ctx=0..50:50 prefill chunk 37/50 (74.0%) chunk=16.49 t/s avg=5.83 t/s 6.347s
0926 01:23:21 ds4-server: chat ctx=0..50:50 prefill chunk 38/50 (76.0%) chunk=16.76 t/s avg=5.93 t/s 6.407s
0926 01:23:21 ds4-server: chat ctx=0..50:50 prefill chunk 39/50 (78.0%) chunk=17.52 t/s avg=6.03 t/s 6.464s
0926 01:23:21 ds4-server: chat ctx=0..50:50 prefill chunk 40/50 (80.0%) chunk=17.30 t/s avg=6.13 t/s 6.522s
ds4:   decode path so far: 192 single-row steps (62.7 ms each inside the graph over the last 64), 3 K-row verification steps over 7 positions, 0 batch-fusion sites taken; candidate K 2:2 3:1
ds4: gate over tokens 129-192: 14.89 command buffers, 1.17 aborts, 240.0 expert ids accounted, 11.72 MiB loaded a token; 0 the gate failed to switch off, 0 it could not gate
ds4:   one token, exclusive, same window: entry 0.00 + encode 0.54 + commit-to-done 56.77 + repair-load 0.30 + accounting 0.03 + tail 0.00 = 57.65 of a 59.76 ms wall, residual 2.11
ds4:   of the commit-to-done: GPU running 58.23 ms, GPU not running -1.46 ms
ds4:   1459.7 gated dispatches a token, 6.9 of them behind an abort; 694.2 sent plain ahead of a buffer's first validate
ds4:   encode-ahead: 11.72 segments used, 0.95 dropped, 2.05 ms a token spent encoding under the GPU
ds4:   concurrent sections: 89.84 attempted, 89.84 opened a token
ds4:   speculation: 0.00 layers a token, 0.00 lanes computed, 0.00 matched, 0.00 GEMVs actually saved, 0.00 left to compute; compared 0.00 lanes, 0.00 floats differ, 0.00 by more than an ulp
ds4:   expert cache over the last 64 tokens: 257.39 hits, 2.59 misses, 0.00 evictions a token; 4712 of 6729 entries live (70.0%)
ds4:   of the address-table holes repaired a token: 0.00 already resident, 1.23 genuinely absent
ds4:   residency a token: 1.23 adds, 0.00 removes, 1.23 commits
0926 01:23:21 ds4-server: chat ctx=0..50:50 prefill chunk 41/50 (82.0%) chunk=19.85 t/s avg=6.24 t/s 6.572s
0926 01:23:21 ds4-server: chat ctx=0..50:50 prefill chunk 42/50 (84.0%) chunk=17.84 t/s avg=6.34 t/s 6.628s
0926 01:23:21 ds4-server: chat ctx=0..50:50 prefill chunk 43/50 (86.0%) chunk=18.03 t/s avg=6.43 t/s 6.684s
0926 01:23:21 ds4-server: chat ctx=0..50:50 prefill chunk 44/50 (88.0%) chunk=17.75 t/s avg=6.53 t/s 6.740s
0926 01:23:21 ds4-server: chat ctx=0..50:50 prefill chunk 45/50 (90.0%) chunk=17.80 t/s avg=6.62 t/s 6.796s
0926 01:23:21 ds4-server: chat ctx=0..50:50 prefill chunk 46/50 (92.0%) chunk=17.73 t/s avg=6.71 t/s 6.852s
0926 01:23:22 ds4-server: chat ctx=0..50:50 prefill chunk 47/50 (94.0%) chunk=18.37 t/s avg=6.80 t/s 6.907s
0926 01:23:22 ds4-server: chat ctx=0..50:50 prefill chunk 48/50 (96.0%) chunk=19.21 t/s avg=6.90 t/s 6.959s
0926 01:23:22 ds4-server: chat ctx=0..50:50 prefill chunk 49/50 (98.0%) chunk=19.94 t/s avg=6.99 t/s 7.009s
0926 01:23:22 ds4-server: chat ctx=0..50:50 prefill chunk 50/50 (100.0%) chunk=19.81 t/s avg=7.08 t/s 7.060s
0926 01:23:22 ds4-server: chat ctx=0..50:50 prompt done 7.061s
ds4: V4.1 batch step rows=3 pre 0.0 ms, per-row attention 0.0 ms, moe 0.0 ms, head 0.0 ms, setup 0.0 ms, publish 0.0 ms
ds4: V4.1 batch step rows=4 pre 0.0 ms, per-row attention 0.0 ms, moe 0.0 ms, head 0.0 ms, setup 0.0 ms, publish 0.0 ms
0926 01:23:22 ds4-server: chat ctx=0..50:50 prefill chunk 1/50 (2.0%) chunk=0.00 t/s avg=0.13 t/s 7.550s
0926 01:23:22 ds4-server: chat ctx=0..50:50 prefill chunk 2/50 (4.0%) chunk=26.29 t/s avg=0.26 t/s 7.588s
0926 01:23:22 ds4-server: chat ctx=0..50:50 prefill chunk 3/50 (6.0%) chunk=26.50 t/s avg=0.39 t/s 7.626s
0926 01:23:22 ds4-server: chat ctx=0..50:50 prefill chunk 4/50 (8.0%) chunk=24.71 t/s avg=0.52 t/s 7.666s
0926 01:23:22 ds4-server: chat ctx=0..50:50 prefill chunk 5/50 (10.0%) chunk=22.08 t/s avg=0.65 t/s 7.711s
0926 01:23:22 ds4-server: chat ctx=0..50:50 prefill chunk 6/50 (12.0%) chunk=20.60 t/s avg=0.77 t/s 7.760s
0926 01:23:23 ds4-server: chat ctx=0..50:50 prefill chunk 7/50 (14.0%) chunk=19.66 t/s avg=0.90 t/s 7.811s
0926 01:23:23 ds4-server: chat ctx=0..50:50 prefill chunk 8/50 (16.0%) chunk=19.69 t/s avg=1.02 t/s 7.862s
0926 01:23:23 ds4-server: chat ctx=0..50:50 prefill chunk 9/50 (18.0%) chunk=17.61 t/s avg=1.14 t/s 7.918s
0926 01:23:23 ds4-server: chat ctx=0..50:50 prefill chunk 10/50 (20.0%) chunk=15.93 t/s avg=1.25 t/s 7.981s
0926 01:23:23 ds4-server: chat ctx=0..50:50 prefill chunk 11/50 (22.0%) chunk=13.87 t/s avg=1.37 t/s 8.053s
0926 01:23:23 ds4-server: chat ctx=0..50:50 prefill chunk 12/50 (24.0%) chunk=14.42 t/s avg=1.48 t/s 8.123s
0926 01:23:23 ds4-server: chat ctx=0..50:50 prefill chunk 13/50 (26.0%) chunk=16.10 t/s avg=1.59 t/s 8.185s
0926 01:23:23 ds4-server: chat ctx=0..50:50 prefill chunk 14/50 (28.0%) chunk=15.69 t/s avg=1.70 t/s 8.248s
0926 01:23:23 ds4-server: chat ctx=0..50:50 prefill chunk 15/50 (30.0%) chunk=12.64 t/s avg=1.80 t/s 8.327s
0926 01:23:23 ds4-server: chat ctx=0..50:50 prefill chunk 16/50 (32.0%) chunk=11.74 t/s avg=1.90 t/s 8.413s
0926 01:23:23 ds4-server: chat ctx=0..50:50 prefill chunk 17/50 (34.0%) chunk=12.01 t/s avg=2.00 t/s 8.496s
0926 01:23:23 ds4-server: chat ctx=0..50:50 prefill chunk 18/50 (36.0%) chunk=13.24 t/s avg=2.10 t/s 8.571s
0926 01:23:23 ds4-server: chat ctx=0..50:50 prefill chunk 19/50 (38.0%) chunk=12.78 t/s avg=2.20 t/s 8.650s
0926 01:23:23 ds4-server: chat ctx=0..50:50 prefill chunk 20/50 (40.0%) chunk=14.85 t/s avg=2.29 t/s 8.717s
0926 01:23:23 ds4-server: chat ctx=0..50:50 prefill chunk 21/50 (42.0%) chunk=15.55 t/s avg=2.39 t/s 8.781s
0926 01:23:24 ds4-server: chat ctx=0..50:50 prefill chunk 22/50 (44.0%) chunk=17.34 t/s avg=2.49 t/s 8.839s
0926 01:23:24 ds4-server: chat ctx=0..50:50 prefill chunk 23/50 (46.0%) chunk=16.58 t/s avg=2.58 t/s 8.899s
0926 01:23:24 ds4-server: chat ctx=0..50:50 prefill chunk 24/50 (48.0%) chunk=17.66 t/s avg=2.68 t/s 8.956s
0926 01:23:24 ds4-server: chat ctx=0..50:50 prefill chunk 25/50 (50.0%) chunk=17.40 t/s avg=2.77 t/s 9.013s
0926 01:23:24 ds4-server: chat ctx=0..50:50 prefill chunk 26/50 (52.0%) chunk=16.63 t/s avg=2.87 t/s 9.073s
0926 01:23:24 ds4-server: chat ctx=0..50:50 prefill chunk 27/50 (54.0%) chunk=16.94 t/s avg=2.96 t/s 9.133s
0926 01:23:24 ds4-server: chat ctx=0..50:50 prefill chunk 28/50 (56.0%) chunk=17.33 t/s avg=3.05 t/s 9.190s
0926 01:23:24 ds4-server: chat ctx=0..50:50 prefill chunk 29/50 (58.0%) chunk=17.03 t/s avg=3.14 t/s 9.249s
0926 01:23:24 ds4-server: chat ctx=0..50:50 prefill chunk 30/50 (60.0%) chunk=16.94 t/s avg=3.22 t/s 9.308s
0926 01:23:24 ds4-server: chat ctx=0..50:50 prefill chunk 31/50 (62.0%) chunk=16.78 t/s avg=3.31 t/s 9.368s
0926 01:23:24 ds4-server: chat ctx=0..50:50 prefill chunk 32/50 (64.0%) chunk=16.99 t/s avg=3.39 t/s 9.426s
0926 01:23:24 ds4-server: chat ctx=0..50:50 prefill chunk 33/50 (66.0%) chunk=17.09 t/s avg=3.48 t/s 9.485s
0926 01:23:24 ds4-server: chat ctx=0..50:50 prefill chunk 34/50 (68.0%) chunk=16.93 t/s avg=3.56 t/s 9.544s
0926 01:23:24 ds4-server: chat ctx=0..50:50 prefill chunk 35/50 (70.0%) chunk=17.28 t/s avg=3.65 t/s 9.602s
0926 01:23:24 ds4-server: chat ctx=0..50:50 prefill chunk 36/50 (72.0%) chunk=18.29 t/s avg=3.73 t/s 9.657s
0926 01:23:24 ds4-server: chat ctx=0..50:50 prefill chunk 37/50 (74.0%) chunk=17.81 t/s avg=3.81 t/s 9.713s
0926 01:23:24 ds4-server: chat ctx=0..50:50 prefill chunk 38/50 (76.0%) chunk=18.39 t/s avg=3.89 t/s 9.767s
0926 01:23:25 ds4-server: chat ctx=0..50:50 prefill chunk 39/50 (78.0%) chunk=18.07 t/s avg=3.97 t/s 9.822s
0926 01:23:25 ds4-server: chat ctx=0..50:50 prefill chunk 40/50 (80.0%) chunk=14.51 t/s avg=4.04 t/s 9.891s
0926 01:23:25 ds4-server: chat ctx=0..50:50 prefill chunk 41/50 (82.0%) chunk=14.46 t/s avg=4.12 t/s 9.960s
0926 01:23:25 ds4-server: chat ctx=0..50:50 prefill chunk 42/50 (84.0%) chunk=14.35 t/s avg=4.19 t/s 10.030s
0926 01:23:25 ds4-server: chat ctx=0..50:50 prefill chunk 43/50 (86.0%) chunk=15.62 t/s avg=4.26 t/s 10.094s
0926 01:23:25 ds4-server: chat ctx=0..50:50 prefill chunk 44/50 (88.0%) chunk=17.07 t/s avg=4.33 t/s 10.153s
0926 01:23:25 ds4-server: chat ctx=0..50:50 prefill chunk 45/50 (90.0%) chunk=15.22 t/s avg=4.40 t/s 10.218s
0926 01:23:25 ds4-server: chat ctx=0..50:50 prefill chunk 46/50 (92.0%) chunk=15.40 t/s avg=4.47 t/s 10.283s
0926 01:23:25 ds4-server: chat ctx=0..50:50 prefill chunk 47/50 (94.0%) chunk=16.01 t/s avg=4.54 t/s 10.346s
0926 01:23:25 ds4-server: chat ctx=0..50:50 prefill chunk 48/50 (96.0%) chunk=15.78 t/s avg=4.61 t/s 10.409s
0926 01:23:25 ds4-server: chat ctx=0..50:50 prefill chunk 49/50 (98.0%) chunk=15.99 t/s avg=4.68 t/s 10.472s
0926 01:23:25 ds4-server: chat ctx=0..50:50 prefill chunk 50/50 (100.0%) chunk=16.49 t/s avg=4.75 t/s 10.532s
0926 01:23:25 ds4-server: chat ctx=0..50:50 prompt done 10.534s
ds4: V4.1 batch step rows=4 pre 0.0 ms, per-row attention 0.0 ms, moe 0.0 ms, head 0.0 ms, setup 0.0 ms, publish 0.0 ms
ds4: V4.1 batch step rows=5 pre 0.0 ms, per-row attention 0.0 ms, moe 0.0 ms, head 0.0 ms, setup 0.0 ms, publish 0.0 ms
0926 01:23:26 ds4-server: chat ctx=0..50:50 prefill chunk 1/50 (2.0%) chunk=0.00 t/s avg=0.09 t/s 11.176s
0926 01:23:26 ds4-server: chat ctx=0..50:50 prefill chunk 2/50 (4.0%) chunk=19.25 t/s avg=0.18 t/s 11.228s
0926 01:23:26 ds4-server: chat ctx=0..50:50 prefill chunk 3/50 (6.0%) chunk=21.37 t/s avg=0.27 t/s 11.275s
0926 01:23:26 ds4-server: chat ctx=0..50:50 prefill chunk 4/50 (8.0%) chunk=20.50 t/s avg=0.35 t/s 11.324s
ds4:   decode path so far: 256 single-row steps (58.8 ms each inside the graph over the last 64), 7 K-row verification steps over 23 positions, 0 batch-fusion sites taken; candidate K 2:2 3:2 4:2 5:1
ds4: gate over tokens 193-256: 14.42 command buffers, 0.64 aborts, 240.0 expert ids accounted, 6.23 MiB loaded a token; 0 the gate failed to switch off, 0 it could not gate
ds4:   one token, exclusive, same window: entry -0.00 + encode 0.42 + commit-to-done 53.89 + repair-load 0.11 + accounting 0.03 + tail 0.00 = 54.45 of a 56.42 ms wall, residual 1.97
ds4:   of the commit-to-done: GPU running 59.40 ms, GPU not running -5.51 ms
ds4:   1443.4 gated dispatches a token, 4.6 of them behind an abort; 652.0 sent plain ahead of a buffer's first validate
ds4:   encode-ahead: 11.78 segments used, 0.52 dropped, 1.91 ms a token spent encoding under the GPU
ds4:   concurrent sections: 85.34 attempted, 85.34 opened a token
ds4:   speculation: 0.00 layers a token, 0.00 lanes computed, 0.00 matched, 0.00 GEMVs actually saved, 0.00 left to compute; compared 0.00 lanes, 0.00 floats differ, 0.00 by more than an ulp
ds4:   expert cache over the last 64 tokens: 295.56 hits, 5.09 misses, 0.00 evictions a token; 5038 of 6729 entries live (74.9%)
ds4:   of the address-table holes repaired a token: 0.00 already resident, 0.66 genuinely absent
ds4:   residency a token: 0.66 adds, 0.00 removes, 0.66 commits
0926 01:23:26 ds4-server: chat ctx=0..50:50 prefill chunk 5/50 (10.0%) chunk=20.76 t/s avg=0.44 t/s 11.372s
0926 01:23:26 ds4-server: chat ctx=0..50:50 prefill chunk 6/50 (12.0%) chunk=20.49 t/s avg=0.53 t/s 11.421s
0926 01:23:26 ds4-server: chat ctx=0..50:50 prefill chunk 7/50 (14.0%) chunk=20.52 t/s avg=0.61 t/s 11.470s
0926 01:23:26 ds4-server: chat ctx=0..50:50 prefill chunk 8/50 (16.0%) chunk=19.82 t/s avg=0.69 t/s 11.520s
0926 01:23:26 ds4-server: chat ctx=0..50:50 prefill chunk 9/50 (18.0%) chunk=19.47 t/s avg=0.78 t/s 11.572s
0926 01:23:26 ds4-server: chat ctx=0..50:50 prefill chunk 10/50 (20.0%) chunk=19.62 t/s avg=0.86 t/s 11.622s
0926 01:23:26 ds4-server: chat ctx=0..50:50 prefill chunk 11/50 (22.0%) chunk=19.02 t/s avg=0.94 t/s 11.675s
0926 01:23:26 ds4-server: chat ctx=0..50:50 prefill chunk 12/50 (24.0%) chunk=18.84 t/s avg=1.02 t/s 11.728s
0926 01:23:26 ds4-server: chat ctx=0..50:50 prefill chunk 13/50 (26.0%) chunk=18.52 t/s avg=1.10 t/s 11.782s
0926 01:23:27 ds4-server: chat ctx=0..50:50 prefill chunk 14/50 (28.0%) chunk=18.42 t/s avg=1.18 t/s 11.836s
0926 01:23:27 ds4-server: chat ctx=0..50:50 prefill chunk 15/50 (30.0%) chunk=16.97 t/s avg=1.26 t/s 11.895s
0926 01:23:27 ds4-server: chat ctx=0..50:50 prefill chunk 16/50 (32.0%) chunk=17.60 t/s avg=1.34 t/s 11.952s
0926 01:23:27 ds4-server: chat ctx=0..50:50 prefill chunk 17/50 (34.0%) chunk=16.23 t/s avg=1.42 t/s 12.014s
0926 01:23:27 ds4-server: chat ctx=0..50:50 prefill chunk 18/50 (36.0%) chunk=16.94 t/s avg=1.49 t/s 12.073s
0926 01:23:27 ds4-server: chat ctx=0..50:50 prefill chunk 19/50 (38.0%) chunk=16.49 t/s avg=1.57 t/s 12.133s
0926 01:23:27 ds4-server: chat ctx=0..50:50 prefill chunk 20/50 (40.0%) chunk=14.97 t/s avg=1.64 t/s 12.200s
0926 01:23:27 ds4-server: chat ctx=0..50:50 prefill chunk 21/50 (42.0%) chunk=14.20 t/s avg=1.71 t/s 12.271s
0926 01:23:27 ds4-server: chat ctx=0..50:50 prefill chunk 22/50 (44.0%) chunk=14.98 t/s avg=1.78 t/s 12.337s
0926 01:23:27 ds4-server: chat ctx=0..50:50 prefill chunk 23/50 (46.0%) chunk=15.76 t/s avg=1.85 t/s 12.401s
0926 01:23:27 ds4-server: chat ctx=0..50:50 prefill chunk 24/50 (48.0%) chunk=15.65 t/s avg=1.93 t/s 12.465s
0926 01:23:27 ds4-server: chat ctx=0..50:50 prefill chunk 25/50 (50.0%) chunk=16.35 t/s avg=2.00 t/s 12.526s
0926 01:23:27 ds4-server: chat ctx=0..50:50 prefill chunk 26/50 (52.0%) chunk=17.68 t/s avg=2.07 t/s 12.582s
0926 01:23:27 ds4-server: chat ctx=0..50:50 prefill chunk 27/50 (54.0%) chunk=17.03 t/s avg=2.14 t/s 12.641s
0926 01:23:27 ds4-server: chat ctx=0..50:50 prefill chunk 28/50 (56.0%) chunk=15.95 t/s avg=2.20 t/s 12.704s
0926 01:23:27 ds4-server: chat ctx=0..50:50 prefill chunk 29/50 (58.0%) chunk=16.48 t/s avg=2.27 t/s 12.765s
0926 01:23:28 ds4-server: chat ctx=0..50:50 prefill chunk 30/50 (60.0%) chunk=16.75 t/s avg=2.34 t/s 12.824s
0926 01:23:28 ds4-server: chat ctx=0..50:50 prefill chunk 31/50 (62.0%) chunk=15.29 t/s avg=2.41 t/s 12.890s
0926 01:23:28 ds4-server: chat ctx=0..50:50 prefill chunk 32/50 (64.0%) chunk=16.18 t/s avg=2.47 t/s 12.951s
0926 01:23:28 ds4-server: chat ctx=0..50:50 prefill chunk 33/50 (66.0%) chunk=16.28 t/s avg=2.54 t/s 13.013s
0926 01:23:28 ds4-server: chat ctx=0..50:50 prefill chunk 34/50 (68.0%) chunk=18.25 t/s avg=2.60 t/s 13.068s
0926 01:23:28 ds4-server: chat ctx=0..50:50 prefill chunk 35/50 (70.0%) chunk=17.53 t/s avg=2.67 t/s 13.125s
0926 01:23:28 ds4-server: chat ctx=0..50:50 prefill chunk 36/50 (72.0%) chunk=17.20 t/s avg=2.73 t/s 13.183s
0926 01:23:28 ds4-server: chat ctx=0..50:50 prefill chunk 37/50 (74.0%) chunk=17.19 t/s avg=2.79 t/s 13.241s
0926 01:23:28 ds4-server: chat ctx=0..50:50 prefill chunk 38/50 (76.0%) chunk=17.18 t/s avg=2.86 t/s 13.299s
0926 01:23:28 ds4-server: chat ctx=0..50:50 prefill chunk 39/50 (78.0%) chunk=17.56 t/s avg=2.92 t/s 13.356s
0926 01:23:28 ds4-server: chat ctx=0..50:50 prefill chunk 40/50 (80.0%) chunk=16.98 t/s avg=2.98 t/s 13.415s
0926 01:23:28 ds4-server: chat ctx=0..50:50 prefill chunk 41/50 (82.0%) chunk=17.83 t/s avg=3.04 t/s 13.471s
0926 01:23:28 ds4-server: chat ctx=0..50:50 prefill chunk 42/50 (84.0%) chunk=17.50 t/s avg=3.10 t/s 13.528s
0926 01:23:28 ds4-server: chat ctx=0..50:50 prefill chunk 43/50 (86.0%) chunk=18.50 t/s avg=3.17 t/s 13.582s
0926 01:23:28 ds4-server: chat ctx=0..50:50 prefill chunk 44/50 (88.0%) chunk=16.60 t/s avg=3.23 t/s 13.643s
0926 01:23:28 ds4-server: chat ctx=0..50:50 prefill chunk 45/50 (90.0%) chunk=17.43 t/s avg=3.28 t/s 13.700s
0926 01:23:28 ds4-server: chat ctx=0..50:50 prefill chunk 46/50 (92.0%) chunk=19.43 t/s avg=3.35 t/s 13.751s
0926 01:23:29 ds4-server: chat ctx=0..50:50 prefill chunk 47/50 (94.0%) chunk=18.44 t/s avg=3.40 t/s 13.806s
0926 01:23:29 ds4-server: chat ctx=0..50:50 prefill chunk 48/50 (96.0%) chunk=16.76 t/s avg=3.46 t/s 13.865s
0926 01:23:29 ds4-server: chat ctx=0..50:50 prefill chunk 49/50 (98.0%) chunk=16.34 t/s avg=3.52 t/s 13.926s
0926 01:23:29 ds4-server: chat ctx=0..50:50 prefill chunk 50/50 (100.0%) chunk=16.47 t/s avg=3.57 t/s 13.987s
0926 01:23:29 ds4-server: chat ctx=0..50:50 prompt done 13.989s
ds4: V4.1 batch step rows=5 pre 0.0 ms, per-row attention 0.0 ms, moe 0.0 ms, head 0.0 ms, setup 0.0 ms, publish 0.0 ms
ds4: V4.1 batch step rows=6 pre 0.0 ms, per-row attention 0.0 ms, moe 0.0 ms, head 0.0 ms, setup 0.0 ms, publish 0.0 ms
0926 01:23:29 ds4-server: chat ctx=0..50:50 prefill chunk 1/50 (2.0%) chunk=0.00 t/s avg=0.07 t/s 14.607s
0926 01:23:29 ds4-server: chat ctx=0..50:50 prefill chunk 2/50 (4.0%) chunk=18.50 t/s avg=0.14 t/s 14.662s
0926 01:23:29 ds4-server: chat ctx=0..50:50 prefill chunk 3/50 (6.0%) chunk=18.37 t/s avg=0.20 t/s 14.716s
0926 01:23:29 ds4-server: chat ctx=0..50:50 prefill chunk 4/50 (8.0%) chunk=17.42 t/s avg=0.27 t/s 14.773s
0926 01:23:30 ds4-server: chat ctx=0..50:50 prefill chunk 5/50 (10.0%) chunk=16.98 t/s avg=0.34 t/s 14.832s
0926 01:23:30 ds4-server: chat ctx=0..50:50 prefill chunk 6/50 (12.0%) chunk=17.63 t/s avg=0.40 t/s 14.889s
0926 01:23:30 ds4-server: chat ctx=0..50:50 prefill chunk 7/50 (14.0%) chunk=17.36 t/s avg=0.47 t/s 14.947s
0926 01:23:30 ds4-server: chat ctx=0..50:50 prefill chunk 8/50 (16.0%) chunk=18.01 t/s avg=0.53 t/s 15.002s
0926 01:23:30 ds4-server: chat ctx=0..50:50 prefill chunk 9/50 (18.0%) chunk=18.54 t/s avg=0.60 t/s 15.056s
0926 01:23:30 ds4-server: chat ctx=0..50:50 prefill chunk 10/50 (20.0%) chunk=20.11 t/s avg=0.66 t/s 15.106s
0926 01:23:30 ds4-server: chat ctx=0..50:50 prefill chunk 11/50 (22.0%) chunk=17.14 t/s avg=0.73 t/s 15.164s
0926 01:23:30 ds4-server: chat ctx=0..50:50 prefill chunk 12/50 (24.0%) chunk=15.49 t/s avg=0.79 t/s 15.229s
0926 01:23:30 ds4-server: chat ctx=0..50:50 prefill chunk 13/50 (26.0%) chunk=15.09 t/s avg=0.85 t/s 15.295s
0926 01:23:30 ds4-server: chat ctx=0..50:50 prefill chunk 14/50 (28.0%) chunk=15.57 t/s avg=0.91 t/s 15.359s
0926 01:23:30 ds4-server: chat ctx=0..50:50 prefill chunk 15/50 (30.0%) chunk=16.63 t/s avg=0.97 t/s 15.419s
0926 01:23:30 ds4-server: chat ctx=0..50:50 prefill chunk 16/50 (32.0%) chunk=16.92 t/s avg=1.03 t/s 15.478s
0926 01:23:30 ds4-server: chat ctx=0..50:50 prefill chunk 17/50 (34.0%) chunk=17.67 t/s avg=1.09 t/s 15.535s
0926 01:23:30 ds4-server: chat ctx=0..50:50 prefill chunk 18/50 (36.0%) chunk=17.78 t/s avg=1.15 t/s 15.591s
ds4:   decode path so far: 320 single-row steps (57.8 ms each inside the graph over the last 64), 9 K-row verification steps over 34 positions, 0 batch-fusion sites taken; candidate K 2:2 3:2 4:2 5:2 6:1
ds4: gate over tokens 257-320: 14.45 command buffers, 0.70 aborts, 240.0 expert ids accounted, 6.82 MiB loaded a token; 0 the gate failed to switch off, 0 it could not gate
ds4:   one token, exclusive, same window: entry 0.00 + encode 0.41 + commit-to-done 52.98 + repair-load 0.12 + accounting 0.03 + tail 0.00 = 53.53 of a 55.50 ms wall, residual 1.97
ds4:   of the commit-to-done: GPU running 57.44 ms, GPU not running -4.47 ms
ds4:   1442.3 gated dispatches a token, 0.8 of them behind an abort; 662.2 sent plain ahead of a buffer's first validate
ds4:   encode-ahead: 11.75 segments used, 0.66 dropped, 1.91 ms a token spent encoding under the GPU
ds4:   concurrent sections: 86.41 attempted, 86.41 opened a token
ds4:   speculation: 0.00 layers a token, 0.00 lanes computed, 0.00 matched, 0.00 GEMVs actually saved, 0.00 left to compute; compared 0.00 lanes, 0.00 floats differ, 0.00 by more than an ulp
ds4:   expert cache over the last 64 tokens: 279.55 hits, 2.42 misses, 0.00 evictions a token; 5193 of 6729 entries live (77.2%)
ds4:   of the address-table holes repaired a token: 0.00 already resident, 0.72 genuinely absent
ds4:   residency a token: 0.72 adds, 0.00 removes, 0.72 commits
0926 01:23:30 ds4-server: chat ctx=0..50:50 prefill chunk 19/50 (38.0%) chunk=18.26 t/s avg=1.21 t/s 15.646s
0926 01:23:30 ds4-server: chat ctx=0..50:50 prefill chunk 20/50 (40.0%) chunk=18.02 t/s avg=1.27 t/s 15.702s
0926 01:23:30 ds4-server: chat ctx=0..50:50 prefill chunk 21/50 (42.0%) chunk=19.29 t/s avg=1.33 t/s 15.753s
0926 01:23:31 ds4-server: chat ctx=0..50:50 prefill chunk 22/50 (44.0%) chunk=19.46 t/s avg=1.39 t/s 15.805s
0926 01:23:31 ds4-server: chat ctx=0..50:50 prefill chunk 23/50 (46.0%) chunk=19.39 t/s avg=1.45 t/s 15.856s
0926 01:23:31 ds4-server: chat ctx=0..50:50 prefill chunk 24/50 (48.0%) chunk=19.10 t/s avg=1.51 t/s 15.909s
0926 01:23:31 ds4-server: chat ctx=0..50:50 prefill chunk 25/50 (50.0%) chunk=19.21 t/s avg=1.57 t/s 15.961s
0926 01:23:31 ds4-server: chat ctx=0..50:50 prefill chunk 26/50 (52.0%) chunk=19.22 t/s avg=1.62 t/s 16.013s
0926 01:23:31 ds4-server: chat ctx=0..50:50 prefill chunk 27/50 (54.0%) chunk=19.24 t/s avg=1.68 t/s 16.065s
0926 01:23:31 ds4-server: chat ctx=0..50:50 prefill chunk 28/50 (56.0%) chunk=19.49 t/s avg=1.74 t/s 16.116s
0926 01:23:31 ds4-server: chat ctx=0..50:50 prefill chunk 29/50 (58.0%) chunk=19.11 t/s avg=1.79 t/s 16.168s
0926 01:23:31 ds4-server: chat ctx=0..50:50 prefill chunk 30/50 (60.0%) chunk=18.98 t/s avg=1.85 t/s 16.221s
0926 01:23:31 ds4-server: chat ctx=0..50:50 prefill chunk 31/50 (62.0%) chunk=17.74 t/s avg=1.90 t/s 16.277s
0926 01:23:31 ds4-server: chat ctx=0..50:50 prefill chunk 32/50 (64.0%) chunk=15.91 t/s avg=1.96 t/s 16.340s
0926 01:23:31 ds4-server: chat ctx=0..50:50 prefill chunk 33/50 (66.0%) chunk=18.10 t/s avg=2.01 t/s 16.396s
0926 01:23:31 ds4-server: chat ctx=0..50:50 prefill chunk 34/50 (68.0%) chunk=17.34 t/s avg=2.07 t/s 16.453s
0926 01:23:31 ds4-server: chat ctx=0..50:50 prefill chunk 35/50 (70.0%) chunk=17.48 t/s avg=2.12 t/s 16.510s
0926 01:23:31 ds4-server: chat ctx=0..50:50 prefill chunk 36/50 (72.0%) chunk=17.23 t/s avg=2.17 t/s 16.569s
0926 01:23:31 ds4-server: chat ctx=0..50:50 prefill chunk 37/50 (74.0%) chunk=17.55 t/s avg=2.23 t/s 16.625s
0926 01:23:31 ds4-server: chat ctx=0..50:50 prefill chunk 38/50 (76.0%) chunk=18.09 t/s avg=2.28 t/s 16.681s
0926 01:23:31 ds4-server: chat ctx=0..50:50 prefill chunk 39/50 (78.0%) chunk=18.78 t/s avg=2.33 t/s 16.734s
0926 01:23:31 ds4-server: chat ctx=0..50:50 prefill chunk 40/50 (80.0%) chunk=19.18 t/s avg=2.38 t/s 16.786s
0926 01:23:32 ds4-server: chat ctx=0..50:50 prefill chunk 41/50 (82.0%) chunk=18.76 t/s avg=2.43 t/s 16.839s
0926 01:23:32 ds4-server: chat ctx=0..50:50 prefill chunk 42/50 (84.0%) chunk=16.66 t/s avg=2.49 t/s 16.899s
0926 01:23:32 ds4-server: chat ctx=0..50:50 prefill chunk 43/50 (86.0%) chunk=15.16 t/s avg=2.53 t/s 16.965s
0926 01:23:32 ds4-server: chat ctx=0..50:50 prefill chunk 44/50 (88.0%) chunk=15.25 t/s avg=2.58 t/s 17.031s
0926 01:23:32 ds4-server: chat ctx=0..50:50 prefill chunk 45/50 (90.0%) chunk=16.19 t/s avg=2.63 t/s 17.093s
0926 01:23:32 ds4-server: chat ctx=0..50:50 prefill chunk 46/50 (92.0%) chunk=15.38 t/s avg=2.68 t/s 17.158s
0926 01:23:32 ds4-server: chat ctx=0..50:50 prefill chunk 47/50 (94.0%) chunk=15.71 t/s avg=2.73 t/s 17.221s
0926 01:23:32 ds4-server: chat ctx=0..50:50 prefill chunk 48/50 (96.0%) chunk=15.63 t/s avg=2.78 t/s 17.285s
0926 01:23:32 ds4-server: chat ctx=0..50:50 prefill chunk 49/50 (98.0%) chunk=16.24 t/s avg=2.82 t/s 17.347s
0926 01:23:32 ds4-server: chat ctx=0..50:50 prefill chunk 50/50 (100.0%) chunk=16.43 t/s avg=2.87 t/s 17.408s
0926 01:23:32 ds4-server: chat ctx=0..50:50 prompt done 17.410s
ds4: V4.1 batch step rows=6 pre 0.0 ms, per-row attention 0.0 ms, moe 0.0 ms, head 0.0 ms, setup 0.0 ms, publish 0.0 ms
ds4: V4.1 batch step rows=7 pre 0.0 ms, per-row attention 0.0 ms, moe 0.0 ms, head 0.0 ms, setup 0.0 ms, publish 0.0 ms
ds4: V4.1 batch step rows=7 pre 0.0 ms, per-row attention 0.0 ms, moe 0.0 ms, head 0.0 ms, setup 0.0 ms, publish 0.0 ms
0926 01:23:33 ds4-server: chat ctx=0..50:50 prefill chunk 1/50 (2.0%) chunk=0.00 t/s avg=0.04 t/s 24.852s
0926 01:23:33 ds4-server: chat ctx=0..50:50 prefill chunk 2/50 (4.0%) chunk=17.43 t/s avg=0.08 t/s 24.910s
0926 01:23:33 ds4-server: chat ctx=0..50:50 prefill chunk 3/50 (6.0%) chunk=17.48 t/s avg=0.12 t/s 24.967s
0926 01:23:33 ds4-server: chat ctx=0..50:50 prefill chunk 4/50 (8.0%) chunk=17.76 t/s avg=0.16 t/s 25.023s
0926 01:23:33 ds4-server: chat ctx=0..50:50 prefill chunk 5/50 (10.0%) chunk=17.78 t/s avg=0.20 t/s 25.079s
0926 01:23:33 ds4-server: chat ctx=0..50:50 prefill chunk 6/50 (12.0%) chunk=17.83 t/s avg=0.24 t/s 25.136s
0926 01:23:33 ds4-server: chat ctx=0..50:50 prefill chunk 7/50 (14.0%) chunk=18.07 t/s avg=0.28 t/s 25.191s
0926 01:23:33 ds4-server: chat ctx=0..50:50 prefill chunk 8/50 (16.0%) chunk=17.81 t/s avg=0.32 t/s 25.247s
0926 01:23:33 ds4-server: chat ctx=0..50:50 prefill chunk 9/50 (18.0%) chunk=19.99 t/s avg=0.36 t/s 25.297s
0926 01:23:34 ds4-server: chat ctx=0..50:50 prefill chunk 10/50 (20.0%) chunk=20.90 t/s avg=0.39 t/s 25.345s
0926 01:23:34 ds4-server: chat ctx=0..50:50 prefill chunk 11/50 (22.0%) chunk=18.57 t/s avg=0.43 t/s 25.399s
0926 01:23:34 ds4-server: chat ctx=0..50:50 prefill chunk 12/50 (24.0%) chunk=19.11 t/s avg=0.47 t/s 25.451s
0926 01:23:34 ds4-server: chat ctx=0..50:50 prefill chunk 13/50 (26.0%) chunk=19.30 t/s avg=0.51 t/s 25.503s
0926 01:23:34 ds4-server: chat ctx=0..50:50 prefill chunk 14/50 (28.0%) chunk=19.11 t/s avg=0.55 t/s 25.555s
0926 01:23:34 ds4-server: chat ctx=0..50:50 prefill chunk 15/50 (30.0%) chunk=17.84 t/s avg=0.59 t/s 25.611s
0926 01:23:34 ds4-server: chat ctx=0..50:50 prefill chunk 16/50 (32.0%) chunk=19.93 t/s avg=0.62 t/s 25.661s
0926 01:23:34 ds4-server: chat ctx=0..50:50 prefill chunk 17/50 (34.0%) chunk=19.71 t/s avg=0.66 t/s 25.712s
0926 01:23:34 ds4-server: chat ctx=0..50:50 prefill chunk 18/50 (36.0%) chunk=17.79 t/s avg=0.70 t/s 25.768s
0926 01:23:34 ds4-server: chat ctx=0..50:50 prefill chunk 19/50 (38.0%) chunk=17.29 t/s avg=0.74 t/s 25.826s
0926 01:23:34 ds4-server: chat ctx=0..50:50 prefill chunk 20/50 (40.0%) chunk=17.28 t/s avg=0.77 t/s 25.884s
0926 01:23:34 ds4-server: chat ctx=0..50:50 prefill chunk 21/50 (42.0%) chunk=17.77 t/s avg=0.81 t/s 25.940s
0926 01:23:34 ds4-server: chat ctx=0..50:50 prefill chunk 22/50 (44.0%) chunk=18.16 t/s avg=0.85 t/s 25.995s
0926 01:23:34 ds4-server: chat ctx=0..50:50 prefill chunk 23/50 (46.0%) chunk=17.48 t/s avg=0.88 t/s 26.053s
0926 01:23:34 ds4-server: chat ctx=0..50:50 prefill chunk 24/50 (48.0%) chunk=18.84 t/s avg=0.92 t/s 26.106s
0926 01:23:34 ds4-server: chat ctx=0..50:50 prefill chunk 25/50 (50.0%) chunk=19.78 t/s avg=0.96 t/s 26.156s
0926 01:23:34 ds4-server: chat ctx=0..50:50 prefill chunk 26/50 (52.0%) chunk=19.13 t/s avg=0.99 t/s 26.209s
0926 01:23:34 ds4-server: chat ctx=0..50:50 prefill chunk 27/50 (54.0%) chunk=19.20 t/s avg=1.03 t/s 26.261s
0926 01:23:35 ds4-server: chat ctx=0..50:50 prefill chunk 28/50 (56.0%) chunk=17.87 t/s avg=1.06 t/s 26.317s
0926 01:23:35 ds4-server: chat ctx=0..50:50 prefill chunk 29/50 (58.0%) chunk=19.65 t/s avg=1.10 t/s 26.367s
0926 01:23:35 ds4-server: chat ctx=0..50:50 prefill chunk 30/50 (60.0%) chunk=20.06 t/s avg=1.14 t/s 26.417s
0926 01:23:35 ds4-server: chat ctx=0..50:50 prefill chunk 31/50 (62.0%) chunk=15.64 t/s avg=1.17 t/s 26.481s
0926 01:23:35 ds4-server: chat ctx=0..50:50 prefill chunk 32/50 (64.0%) chunk=14.58 t/s avg=1.21 t/s 26.550s
ds4:   decode path so far: 384 single-row steps (55.7 ms each inside the graph over the last 64), 12 K-row verification steps over 54 positions, 0 batch-fusion sites taken; candidate K 2:2 3:2 4:2 5:2 6:2 7:2
ds4: gate over tokens 321-384: 14.58 command buffers, 0.83 aborts, 240.0 expert ids accounted, 8.16 MiB loaded a token; 0 the gate failed to switch off, 0 it could not gate
ds4:   one token, exclusive, same window: entry 0.00 + encode 0.40 + commit-to-done 51.25 + repair-load 0.20 + accounting 0.03 + tail 0.00 = 51.88 of a 53.82 ms wall, residual 1.94
ds4:   of the commit-to-done: GPU running 59.46 ms, GPU not running -8.21 ms
ds4:   1443.8 gated dispatches a token, 1.5 of them behind an abort; 669.8 sent plain ahead of a buffer's first validate
ds4:   encode-ahead: 11.75 segments used, 0.73 dropped, 1.89 ms a token spent encoding under the GPU
ds4:   concurrent sections: 87.28 attempted, 87.28 opened a token
ds4:   speculation: 0.00 layers a token, 0.00 lanes computed, 0.00 matched, 0.00 GEMVs actually saved, 0.00 left to compute; compared 0.00 lanes, 0.00 floats differ, 0.00 by more than an ulp
ds4:   expert cache over the last 64 tokens: 313.05 hits, 2.81 misses, 0.00 evictions a token; 5373 of 6729 entries live (79.8%)
ds4:   of the address-table holes repaired a token: 0.00 already resident, 0.86 genuinely absent
ds4:   residency a token: 0.86 adds, 0.00 removes, 0.86 commits
0926 01:23:35 ds4-server: chat ctx=0..50:50 prefill chunk 33/50 (66.0%) chunk=16.74 t/s avg=1.24 t/s 26.610s
0926 01:23:35 ds4-server: chat ctx=0..50:50 prefill chunk 34/50 (68.0%) chunk=16.80 t/s avg=1.27 t/s 26.669s
0926 01:23:35 ds4-server: chat ctx=0..50:50 prefill chunk 35/50 (70.0%) chunk=16.38 t/s avg=1.31 t/s 26.730s
0926 01:23:35 ds4-server: chat ctx=0..50:50 prefill chunk 36/50 (72.0%) chunk=16.71 t/s avg=1.34 t/s 26.790s
0926 01:23:35 ds4-server: chat ctx=0..50:50 prefill chunk 37/50 (74.0%) chunk=16.91 t/s avg=1.38 t/s 26.849s
0926 01:23:35 ds4-server: chat ctx=0..50:50 prefill chunk 38/50 (76.0%) chunk=17.65 t/s avg=1.41 t/s 26.906s
0926 01:23:35 ds4-server: chat ctx=0..50:50 prefill chunk 39/50 (78.0%) chunk=17.93 t/s avg=1.45 t/s 26.962s
0926 01:23:35 ds4-server: chat ctx=0..50:50 prefill chunk 40/50 (80.0%) chunk=17.14 t/s avg=1.48 t/s 27.020s
0926 01:23:35 ds4-server: chat ctx=0..50:50 prefill chunk 41/50 (82.0%) chunk=15.66 t/s avg=1.51 t/s 27.084s
0926 01:23:35 ds4-server: chat ctx=0..50:50 prefill chunk 42/50 (84.0%) chunk=13.49 t/s avg=1.55 t/s 27.158s
0926 01:23:35 ds4-server: chat ctx=0..50:50 prefill chunk 43/50 (86.0%) chunk=12.99 t/s avg=1.58 t/s 27.235s
0926 01:23:36 ds4-server: chat ctx=0..50:50 prefill chunk 44/50 (88.0%) chunk=12.07 t/s avg=1.61 t/s 27.318s
0926 01:23:36 ds4-server: chat ctx=0..50:50 prefill chunk 45/50 (90.0%) chunk=13.26 t/s avg=1.64 t/s 27.393s
0926 01:23:36 ds4-server: chat ctx=0..50:50 prefill chunk 46/50 (92.0%) chunk=13.36 t/s avg=1.67 t/s 27.468s
0926 01:23:36 ds4-server: chat ctx=0..50:50 prefill chunk 47/50 (94.0%) chunk=15.52 t/s avg=1.71 t/s 27.532s
0926 01:23:36 ds4-server: chat ctx=0..50:50 prefill chunk 48/50 (96.0%) chunk=15.20 t/s avg=1.74 t/s 27.598s
0926 01:23:36 ds4-server: chat ctx=0..50:50 prefill chunk 49/50 (98.0%) chunk=15.66 t/s avg=1.77 t/s 27.662s
0926 01:23:36 ds4-server: chat ctx=0..50:50 prefill chunk 50/50 (100.0%) chunk=16.32 t/s avg=1.80 t/s 27.723s
0926 01:23:36 ds4-server: chat ctx=0..50:50 prompt done 27.725s
ds4: V4.1 batch step rows=7 pre 0.0 ms, per-row attention 0.0 ms, moe 0.0 ms, head 0.0 ms, setup 0.0 ms, publish 0.0 ms
ds4: V4.1 batch step rows=8 pre 0.0 ms, per-row attention 0.0 ms, moe 0.0 ms, head 0.0 ms, setup 0.0 ms, publish 0.0 ms
ds4: V4.1 batch step rows=8 pre 0.0 ms, per-row attention 0.0 ms, moe 0.0 ms, head 0.0 ms, setup 0.0 ms, publish 0.0 ms
ds4: V4.1 batch step rows=8 pre 0.0 ms, per-row attention 0.0 ms, moe 0.0 ms, head 0.0 ms, setup 0.0 ms, publish 0.0 ms
ds4: V4.1 batch step rows=8 pre 0.0 ms, per-row attention 0.0 ms, moe 0.0 ms, head 0.0 ms, setup 0.0 ms, publish 0.0 ms
ds4: V4.1 batch step rows=8 pre 0.0 ms, per-row attention 0.0 ms, moe 0.0 ms, head 0.0 ms, setup 0.0 ms, publish 0.0 ms
ds4: V4.1 batch step rows=8 pre 0.0 ms, per-row attention 0.0 ms, moe 0.0 ms, head 0.0 ms, setup 0.0 ms, publish 0.0 ms
ds4: V4.1 batch step rows=8 pre 0.0 ms, per-row attention 0.0 ms, moe 0.0 ms, head 0.0 ms, setup 0.0 ms, publish 0.0 ms
ds4: V4.1 batch step rows=8 pre 0.0 ms, per-row attention 0.0 ms, moe 0.0 ms, head 0.0 ms, setup 0.0 ms, publish 0.0 ms
ds4: V4.1 batch step rows=8 pre 0.0 ms, per-row attention 0.0 ms, moe 0.0 ms, head 0.0 ms, setup 0.0 ms, publish 0.0 ms
ds4: V4.1 batch step rows=8 pre 0.0 ms, per-row attention 0.0 ms, moe 0.0 ms, head 0.0 ms, setup 0.0 ms, publish 0.0 ms
ds4: V4.1 batch step rows=8 pre 0.0 ms, per-row attention 0.0 ms, moe 0.0 ms, head 0.0 ms, setup 0.0 ms, publish 0.0 ms
ds4: V4.1 batch step rows=8 pre 0.0 ms, per-row attention 0.0 ms, moe 0.0 ms, head 0.0 ms, setup 0.0 ms, publish 0.0 ms
ds4: V4.1 batch step rows=8 pre 0.0 ms, per-row attention 0.0 ms, moe 0.0 ms, head 0.0 ms, setup 0.0 ms, publish 0.0 ms
ds4: V4.1 batch step rows=8 pre 0.0 ms, per-row attention 0.0 ms, moe 0.0 ms, head 0.0 ms, setup 0.0 ms, publish 0.0 ms
ds4: V4.1 batch step rows=8 pre 0.0 ms, per-row attention 0.0 ms, moe 0.0 ms, head 0.0 ms, setup 0.0 ms, publish 0.0 ms
ds4: V4.1 batch step rows=8 pre 0.0 ms, per-row attention 0.0 ms, moe 0.0 ms, head 0.0 ms, setup 0.0 ms, publish 0.0 ms
ds4: V4.1 batch step rows=8 pre 0.0 ms, per-row attention 0.0 ms, moe 0.0 ms, head 0.0 ms, setup 0.0 ms, publish 0.0 ms
ds4: V4.1 batch step rows=8 pre 0.0 ms, per-row attention 0.0 ms, moe 0.0 ms, head 0.0 ms, setup 0.0 ms, publish 0.0 ms
ds4: V4.1 batch step rows=8 pre 0.0 ms, per-row attention 0.0 ms, moe 0.0 ms, head 0.0 ms, setup 0.0 ms, publish 0.0 ms
ds4: V4.1 batch step rows=8 pre 0.0 ms, per-row attention 0.0 ms, moe 0.0 ms, head 0.0 ms, setup 0.0 ms, publish 0.0 ms
ds4: V4.1 batch step rows=8 pre 0.0 ms, per-row attention 0.0 ms, moe 0.0 ms, head 0.0 ms, setup 0.0 ms, publish 0.0 ms
ds4: V4.1 batch step rows=8 pre 0.0 ms, per-row attention 0.0 ms, moe 0.0 ms, head 0.0 ms, setup 0.0 ms, publish 0.0 ms
ds4: V4.1 batch step rows=8 pre 0.0 ms, per-row attention 0.0 ms, moe 0.0 ms, head 0.0 ms, setup 0.0 ms, publish 0.0 ms
ds4: V4.1 batch step rows=8 pre 0.0 ms, per-row attention 0.0 ms, moe 0.0 ms, head 0.0 ms, setup 0.0 ms, publish 0.0 ms
ds4: V4.1 batch step rows=8 pre 0.0 ms, per-row attention 0.0 ms, moe 0.0 ms, head 0.0 ms, setup 0.0 ms, publish 0.0 ms
ds4: V4.1 batch step rows=8 pre 0.0 ms, per-row attention 0.0 ms, moe 0.0 ms, head 0.0 ms, setup 0.0 ms, publish 0.0 ms
ds4: V4.1 batch step rows=8 pre 0.0 ms, per-row attention 0.0 ms, moe 0.0 ms, head 0.0 ms, setup 0.0 ms, publish 0.0 ms
ds4: V4.1 batch step rows=8 pre 0.0 ms, per-row attention 0.0 ms, moe 0.0 ms, head 0.0 ms, setup 0.0 ms, publish 0.0 ms
ds4: V4.1 batch step rows=8 pre 0.0 ms, per-row attention 0.0 ms, moe 0.0 ms, head 0.0 ms, setup 0.0 ms, publish 0.0 ms
ds4: V4.1 batch step rows=8 pre 0.0 ms, per-row attention 0.0 ms, moe 0.0 ms, head 0.0 ms, setup 0.0 ms, publish 0.0 ms
ds4: V4.1 batch step rows=8 pre 0.0 ms, per-row attention 0.0 ms, moe 0.0 ms, head 0.0 ms, setup 0.0 ms, publish 0.0 ms
ds4: V4.1 batch step rows=8 pre 0.0 ms, per-row attention 0.0 ms, moe 0.0 ms, head 0.0 ms, setup 0.0 ms, publish 0.0 ms
ds4: Metal streaming expert explicit pread failed offset=124.13 GiB len=2.90 MiB read=0.00 MiB
ds4: Metal streaming expert explicit pread failed offset=123.04 GiB len=2.90 MiB read=0.00 MiB
ds4: Metal streaming expert explicit pread failed offset=125.50 GiB len=3.69 MiB read=0.00 MiB
ds4: Metal streaming expert explicit pread failed offset=122.36 GiB len=2.90 MiB read=0.00 MiB
ds4: Metal streaming expert explicit pread failed offset=123.45 GiB len=2.90 MiB read=0.00 MiB
ds4: Metal streaming expert explicit pread failed offset=124.63 GiB len=3.69 MiB read=0.00 MiB
ds4: V4.1 batch step rows=8 pre 0.0 ms, per-row attention 0.0 ms, moe 0.0 ms, head 0.0 ms, setup 0.0 ms, publish 0.0 ms
ds4: V4.1 session batch failed at layer 33 (8 rows)
0926 01:23:48 ds4-server: chat ctx=50..93:43 gen=43 THINKING decoding chunk=1.46 t/s avg=1.46 t/s 29.404s
0926 01:23:48 ds4-server: chat ctx=50..96:46 gen=46 THINKING decoding chunk=1.28 t/s avg=1.28 t/s 35.902s
0926 01:23:48 ds4-server: chat ctx=50..85:35 gen=35 THINKING decoding chunk=2.26 t/s avg=2.26 t/s 15.469s
ds4-server: thinking not closed, ignoring incomplete DSML in reasoning
0926 01:23:48 ds4-server: chat ctx=50..87:37 gen=37 THINKING decoding chunk=1.96 t/s avg=1.96 t/s 18.890s
ds4-server: thinking not closed, ignoring incomplete DSML in reasoning
0926 01:23:48 ds4-server: chat ctx=50..82:32 gen=32 THINKING decoding chunk=2.74 t/s avg=2.74 t/s 11.670s
ds4-server: thinking not closed, ignoring incomplete DSML in reasoning
ds4-server: thinking not closed, ignoring incomplete DSML in reasoning
0926 01:23:48 ds4-server: chat ctx=0..50:50 gen=46 THINKING finish=error error="metal batched decode failed" 39.395s
ds4-server: thinking not closed, ignoring incomplete DSML in reasoning
0926 01:23:48 ds4-server: chat ctx=50..89:39 gen=39 THINKING decoding chunk=1.75 t/s avg=1.75 t/s 22.345s
ds4-server: thinking not closed, ignoring incomplete DSML in reasoning
0926 01:23:48 ds4-server: chat ctx=0..50:50 gen=39 THINKING finish=error error="metal batched decode failed" 32.879s
0926 01:23:48 ds4-server: chat ctx=50..95:45 gen=45 THINKING decoding chunk=1.37 t/s avg=1.37 t/s 32.957s
ds4-server: thinking not closed, ignoring incomplete DSML in reasoning
0926 01:23:48 ds4-server: chat ctx=0..50:50 gen=45 THINKING finish=error error="metal batched decode failed" 39.396s
0926 01:23:48 ds4-server: chat ctx=0..50:50 gen=43 THINKING finish=error error="metal batched decode failed" 39.395s
0926 01:23:48 ds4-server: chat ctx=50..91:41 gen=41 THINKING decoding chunk=1.58 t/s avg=1.58 t/s 25.895s
ds4-server: thinking not closed, ignoring incomplete DSML in reasoning
0926 01:23:48 ds4-server: chat ctx=0..50:50 gen=41 THINKING finish=error error="metal batched decode failed" 32.957s
0926 01:23:48 ds4-server: chat ctx=0..50:50 gen=37 THINKING finish=error error="metal batched decode failed" 32.879s
0926 01:23:48 ds4-server: chat ctx=0..50:50 gen=35 THINKING finish=error error="metal batched decode failed" 32.879s
0926 01:23:48 ds4-server: chat ctx=0..50:50 gen=32 THINKING finish=error error="metal batched decode failed" 39.395s
0926 01:23:50 ds4-server: shutdown requested, draining requests
