ds4: abort gate on for the first 40 layers
ds4: Metal device Apple M5 Max, 128.00 GiB RAM
ds4: Metal 4 tensor API enabled for Tensor kernels
ds4: drift-patch flags hc_stable=on norm_unify=on kv_raw_f32=off rope_exp2_log2=off math_safe=off tensor_matmul=on
ds4: Metal SSD streaming mode enabled; full model residency and warmup are skipped
ds4: SSD streaming auto cache budget
ds4:   metal recommends 107.52 GiB working set
ds4:   using 84% total for model + cached experts: 90.00 GiB
ds4:   non-routed weights: 9.37 GiB
ds4:   routed expert size: 9.49 MiB
ds4:   expert budget before prefill reserve: 8698 (80.63 GiB)
ds4: metal SSD streaming cache target 80.63 GiB; effective 80.63 GiB = 7.12 GiB prefill headroom + 73.51 GiB dynamic cache (7930 experts, 9.49 MiB each)
ds4: Metal SSD static weights locked 9.37 GiB; pageable 0.00 GiB
ds4: SSD streaming initial metal model map (569 spans, 9.37 GiB tensor span)
ds4: metal backend initialized for graph diagnostics
ds4: memory: KV 0.06 GiB (raw 0.01 + compressed 0.05) + buffers 3.27 GiB + resident model 9.37 GiB + expert cache 73.51 GiB + prefill expert reserve 7.12 GiB = 93.33 GiB planned
ds4: memory detail: ctx=8192 prefill_cap=4096 raw_kv_rows=128 compressed_kv_rows=8193 backend=metal
0925 21:44:37 ds4-server: context buffers 3411.39 MiB (ctx=8192, backend=metal, prefill_chunk=4096, raw_kv_rows=128, compressed_kv_rows=8193)
ds4: V4.1 static context buffers 3411.39 MiB (ctx=8192), Engram disk-only
0925 21:44:37 ds4-server: listening on http://127.0.0.1:8017
0925 21:44:40 ds4-server: chat ctx=0..50:50 prompt start
ds4: shared/routed FFN overlap ran, mode 1
ds4: expert residency set on the queue
0925 21:44:40 ds4-server: chat ctx=0..50:50 prefill chunk 1/50 (2.0%) chunk=0.00 t/s avg=4.92 t/s 0.203s
0925 21:44:40 ds4-server: chat ctx=0..50:50 prefill chunk 2/50 (4.0%) chunk=8.29 t/s avg=6.18 t/s 0.324s
0925 21:44:40 ds4-server: chat ctx=0..50:50 prefill chunk 3/50 (6.0%) chunk=9.70 t/s avg=7.03 t/s 0.427s
0925 21:44:40 ds4-server: chat ctx=0..50:50 prefill chunk 4/50 (8.0%) chunk=13.99 t/s avg=8.02 t/s 0.499s
0925 21:44:40 ds4-server: chat ctx=0..50:50 prefill chunk 5/50 (10.0%) chunk=13.33 t/s avg=8.72 t/s 0.573s
0925 21:44:40 ds4-server: chat ctx=0..50:50 prefill chunk 6/50 (12.0%) chunk=16.09 t/s avg=9.44 t/s 0.636s
0925 21:44:41 ds4-server: chat ctx=0..50:50 prefill chunk 7/50 (14.0%) chunk=15.30 t/s avg=9.99 t/s 0.701s
0925 21:44:41 ds4-server: chat ctx=0..50:50 prefill chunk 8/50 (16.0%) chunk=13.63 t/s avg=10.33 t/s 0.774s
0925 21:44:41 ds4-server: chat ctx=0..50:50 prefill chunk 9/50 (18.0%) chunk=12.25 t/s avg=10.51 t/s 0.856s
0925 21:44:41 ds4-server: chat ctx=0..50:50 prefill chunk 10/50 (20.0%) chunk=10.82 t/s avg=10.54 t/s 0.948s
0925 21:44:41 ds4-server: chat ctx=0..50:50 prefill chunk 11/50 (22.0%) chunk=7.16 t/s avg=10.11 t/s 1.088s
0925 21:44:41 ds4-server: chat ctx=0..50:50 prefill chunk 12/50 (24.0%) chunk=12.35 t/s avg=10.27 t/s 1.169s
0925 21:44:41 ds4-server: chat ctx=0..50:50 prefill chunk 13/50 (26.0%) chunk=11.23 t/s avg=10.33 t/s 1.258s
0925 21:44:41 ds4-server: chat ctx=0..50:50 prefill chunk 14/50 (28.0%) chunk=11.12 t/s avg=10.39 t/s 1.348s
0925 21:44:41 ds4-server: chat ctx=0..50:50 prefill chunk 15/50 (30.0%) chunk=11.89 t/s avg=10.47 t/s 1.432s
0925 21:44:41 ds4-server: chat ctx=0..50:50 prefill chunk 16/50 (32.0%) chunk=9.88 t/s avg=10.44 t/s 1.533s
0925 21:44:41 ds4-server: chat ctx=0..50:50 prefill chunk 17/50 (34.0%) chunk=9.64 t/s avg=10.38 t/s 1.637s
0925 21:44:42 ds4-server: chat ctx=0..50:50 prefill chunk 18/50 (36.0%) chunk=7.81 t/s avg=10.20 t/s 1.765s
0925 21:44:42 ds4-server: chat ctx=0..50:50 prefill chunk 19/50 (38.0%) chunk=9.35 t/s avg=10.15 t/s 1.872s
0925 21:44:42 ds4-server: chat ctx=0..50:50 prefill chunk 20/50 (40.0%) chunk=16.43 t/s avg=10.35 t/s 1.933s
0925 21:44:42 ds4-server: chat ctx=0..50:50 prefill chunk 21/50 (42.0%) chunk=16.91 t/s avg=10.54 t/s 1.992s
0925 21:44:42 ds4-server: chat ctx=0..50:50 prefill chunk 22/50 (44.0%) chunk=15.88 t/s avg=10.71 t/s 2.055s
0925 21:44:42 ds4-server: chat ctx=0..50:50 prefill chunk 23/50 (46.0%) chunk=16.64 t/s avg=10.87 t/s 2.115s
0925 21:44:42 ds4-server: chat ctx=0..50:50 prefill chunk 24/50 (48.0%) chunk=13.76 t/s avg=10.97 t/s 2.188s
0925 21:44:42 ds4-server: chat ctx=0..50:50 prefill chunk 25/50 (50.0%) chunk=16.48 t/s avg=11.12 t/s 2.248s
0925 21:44:42 ds4-server: chat ctx=0..50:50 prefill chunk 26/50 (52.0%) chunk=14.42 t/s avg=11.22 t/s 2.318s
0925 21:44:42 ds4-server: chat ctx=0..50:50 prefill chunk 27/50 (54.0%) chunk=11.16 t/s avg=11.22 t/s 2.407s
0925 21:44:42 ds4-server: chat ctx=0..50:50 prefill chunk 28/50 (56.0%) chunk=12.12 t/s avg=11.25 t/s 2.490s
0925 21:44:42 ds4-server: chat ctx=0..50:50 prefill chunk 29/50 (58.0%) chunk=15.67 t/s avg=11.36 t/s 2.554s
0925 21:44:42 ds4-server: chat ctx=0..50:50 prefill chunk 30/50 (60.0%) chunk=15.92 t/s avg=11.47 t/s 2.616s
0925 21:44:43 ds4-server: chat ctx=0..50:50 prefill chunk 31/50 (62.0%) chunk=16.72 t/s avg=11.58 t/s 2.676s
0925 21:44:43 ds4-server: chat ctx=0..50:50 prefill chunk 32/50 (64.0%) chunk=19.21 t/s avg=11.73 t/s 2.728s
0925 21:44:43 ds4-server: chat ctx=0..50:50 prefill chunk 33/50 (66.0%) chunk=17.66 t/s avg=11.85 t/s 2.785s
0925 21:44:43 ds4-server: chat ctx=0..50:50 prefill chunk 34/50 (68.0%) chunk=19.13 t/s avg=11.98 t/s 2.837s
0925 21:44:43 ds4-server: chat ctx=0..50:50 prefill chunk 35/50 (70.0%) chunk=17.30 t/s avg=12.09 t/s 2.895s
0925 21:44:43 ds4-server: chat ctx=0..50:50 prefill chunk 36/50 (72.0%) chunk=17.62 t/s avg=12.20 t/s 2.952s
0925 21:44:43 ds4-server: chat ctx=0..50:50 prefill chunk 37/50 (74.0%) chunk=17.33 t/s avg=12.29 t/s 3.009s
0925 21:44:43 ds4-server: chat ctx=0..50:50 prefill chunk 38/50 (76.0%) chunk=17.70 t/s avg=12.39 t/s 3.066s
0925 21:44:43 ds4-server: chat ctx=0..50:50 prefill chunk 39/50 (78.0%) chunk=18.15 t/s avg=12.50 t/s 3.121s
0925 21:44:43 ds4-server: chat ctx=0..50:50 prefill chunk 40/50 (80.0%) chunk=15.06 t/s avg=12.55 t/s 3.187s
0925 21:44:43 ds4-server: chat ctx=0..50:50 prefill chunk 41/50 (82.0%) chunk=14.54 t/s avg=12.59 t/s 3.256s
0925 21:44:43 ds4-server: chat ctx=0..50:50 prefill chunk 42/50 (84.0%) chunk=16.52 t/s avg=12.66 t/s 3.317s
0925 21:44:43 ds4-server: chat ctx=0..50:50 prefill chunk 43/50 (86.0%) chunk=16.79 t/s avg=12.74 t/s 3.376s
0925 21:44:43 ds4-server: chat ctx=0..50:50 prefill chunk 44/50 (88.0%) chunk=18.22 t/s avg=12.82 t/s 3.431s
0925 21:44:43 ds4-server: chat ctx=0..50:50 prefill chunk 45/50 (90.0%) chunk=15.63 t/s avg=12.87 t/s 3.495s
0925 21:44:43 ds4-server: chat ctx=0..50:50 prefill chunk 46/50 (92.0%) chunk=15.84 t/s avg=12.93 t/s 3.558s
0925 21:44:43 ds4-server: chat ctx=0..50:50 prefill chunk 47/50 (94.0%) chunk=19.95 t/s avg=13.03 t/s 3.608s
0925 21:44:44 ds4-server: chat ctx=0..50:50 prefill chunk 48/50 (96.0%) chunk=18.82 t/s avg=13.11 t/s 3.662s
0925 21:44:44 ds4-server: chat ctx=0..50:50 prefill chunk 49/50 (98.0%) chunk=18.60 t/s avg=13.19 t/s 3.715s
0925 21:44:44 ds4-server: chat ctx=0..50:50 prefill chunk 50/50 (100.0%) chunk=19.90 t/s avg=13.28 t/s 3.766s
0925 21:44:44 ds4-server: chat ctx=0..50:50 prompt done 3.767s
ds4:   decode path so far: 64 single-row steps (69.4 ms each inside the graph over the last 64), 0 K-row verification steps over 0 positions, 0 batch-fusion sites taken; candidate K none
ds4: gate over tokens 1-64: 36.61 command buffers, 33.59 aborts, 240.0 expert ids accounted, 729.71 MiB loaded a token; 0 the gate failed to switch off, 0 it could not gate
ds4:   one token, exclusive, same window: entry 0.00 + encode 3.98 + commit-to-done 42.50 + repair-load 16.04 + accounting 0.02 + tail 0.31 = 62.86 of a 67.52 ms wall, residual 4.67
ds4:   of the commit-to-done: GPU running 39.37 ms, GPU not running 3.13 ms
ds4:   2110.5 gated dispatches a token, 81.1 of them behind an abort; 3054.7 sent plain ahead of a buffer's first validate
ds4:   encode-ahead: 1.02 segments used, 30.25 dropped, 4.39 ms a token spent encoding under the GPU
ds4:   concurrent sections: 380.59 attempted, 380.59 opened a token
ds4:   speculation: 0.00 layers a token, 0.00 lanes computed, 0.00 matched, 0.00 GEMVs actually saved, 0.00 left to compute; compared 0.00 lanes, 0.00 floats differ, 0.00 by more than an ulp
ds4:   expert cache over the last 64 tokens: 240.00 hits, 76.88 misses, 0.00 evictions a token; 4920 of 7930 entries live (62.0%)
ds4:   of the address-table holes repaired a token: 0.00 already resident, 76.88 genuinely absent
ds4:   residency a token: 76.88 adds, 0.00 removes, 76.88 commits
0925 21:44:46 ds4-server: chat ctx=50..100:50 gen=50 THINKING decoding chunk=21.42 t/s avg=21.42 t/s 2.334s
ds4:   decode path so far: 128 single-row steps (64.8 ms each inside the graph over the last 64), 0 K-row verification steps over 0 positions, 0 batch-fusion sites taken; candidate K none
ds4: gate over tokens 65-128: 25.59 command buffers, 17.36 aborts, 240.0 expert ids accounted, 220.99 MiB loaded a token; 0 the gate failed to switch off, 0 it could not gate
ds4:   one token, exclusive, same window: entry 0.00 + encode 3.29 + commit-to-done 46.73 + repair-load 7.02 + accounting 0.03 + tail 1.76 = 58.82 of a 63.56 ms wall, residual 4.74
ds4:   of the commit-to-done: GPU running 46.77 ms, GPU not running -0.04 ms
ds4:   1777.5 gated dispatches a token, 49.0 of them behind an abort; 1872.2 sent plain ahead of a buffer's first validate
ds4:   encode-ahead: 6.23 segments used, 15.58 dropped, 4.55 ms a token spent encoding under the GPU
ds4:   concurrent sections: 235.09 attempted, 235.09 opened a token
ds4:   speculation: 0.00 layers a token, 0.00 lanes computed, 0.00 matched, 0.00 GEMVs actually saved, 0.00 left to compute; compared 0.00 lanes, 0.00 floats differ, 0.00 by more than an ulp
ds4:   expert cache over the last 64 tokens: 240.00 hits, 23.28 misses, 0.00 evictions a token; 6410 of 7930 entries live (80.8%)
ds4:   of the address-table holes repaired a token: 0.00 already resident, 23.28 genuinely absent
ds4:   residency a token: 23.28 adds, 0.00 removes, 23.28 commits
0925 21:44:50 ds4-server: chat ctx=100..150:50 gen=100 THINKING decoding chunk=12.98 t/s avg=16.16 t/s 6.186s
ds4:   decode path so far: 192 single-row steps (53.1 ms each inside the graph over the last 64), 0 K-row verification steps over 0 positions, 0 batch-fusion sites taken; candidate K none
ds4: gate over tokens 129-192: 21.30 command buffers, 10.98 aborts, 240.0 expert ids accounted, 125.33 MiB loaded a token; 0 the gate failed to switch off, 0 it could not gate
ds4:   one token, exclusive, same window: entry 0.00 + encode 2.35 + commit-to-done 38.72 + repair-load 4.10 + accounting 0.03 + tail 1.56 = 46.76 of a 50.78 ms wall, residual 4.02
ds4:   of the commit-to-done: GPU running 39.34 ms, GPU not running -0.62 ms
ds4:   1665.2 gated dispatches a token, 28.1 of them behind an abort; 1435.2 sent plain ahead of a buffer's first validate
ds4:   encode-ahead: 8.31 segments used, 9.89 dropped, 3.88 ms a token spent encoding under the GPU
ds4:   concurrent sections: 176.91 attempted, 176.91 opened a token
ds4:   speculation: 0.00 layers a token, 0.00 lanes computed, 0.00 matched, 0.00 GEMVs actually saved, 0.00 left to compute; compared 0.00 lanes, 0.00 floats differ, 0.00 by more than an ulp
ds4:   expert cache over the last 64 tokens: 240.00 hits, 13.20 misses, 0.00 evictions a token; 7255 of 7930 entries live (91.5%)
ds4:   of the address-table holes repaired a token: 0.00 already resident, 13.20 genuinely absent
ds4:   residency a token: 13.20 adds, 0.00 removes, 13.20 commits
0925 21:44:52 ds4-server: chat ctx=150..200:50 gen=150 THINKING decoding chunk=20.80 t/s avg=17.46 t/s 8.590s
0925 21:44:54 ds4-server: chat ctx=200..250:50 gen=200 THINKING decoding chunk=23.33 t/s avg=18.63 t/s 10.734s
ds4:   decode path so far: 256 single-row steps (43.5 ms each inside the graph over the last 64), 0 K-row verification steps over 0 positions, 0 batch-fusion sites taken; candidate K none
ds4: gate over tokens 193-256: 20.52 command buffers, 9.36 aborts, 240.0 expert ids accounted, 103.23 MiB loaded a token; 0 the gate failed to switch off, 0 it could not gate
ds4:   one token, exclusive, same window: entry 0.00 + encode 1.15 + commit-to-done 32.83 + repair-load 5.32 + accounting 0.05 + tail 1.40 = 40.75 of a 43.27 ms wall, residual 2.52
ds4:   of the commit-to-done: GPU running 31.81 ms, GPU not running 1.02 ms
ds4:   1662.3 gated dispatches a token, 28.9 of them behind an abort; 1321.4 sent plain ahead of a buffer's first validate
ds4:   encode-ahead: 9.16 segments used, 8.27 dropped, 2.42 ms a token spent encoding under the GPU
ds4:   concurrent sections: 163.59 attempted, 163.59 opened a token
ds4:   speculation: 0.00 layers a token, 0.00 lanes computed, 0.00 matched, 0.00 GEMVs actually saved, 0.00 left to compute; compared 0.00 lanes, 0.00 floats differ, 0.00 by more than an ulp
ds4:   expert cache over the last 64 tokens: 240.00 hits, 10.88 misses, 0.33 evictions a token; 7930 of 7930 entries live (100.0%)
ds4:   of the address-table holes repaired a token: 0.00 already resident, 10.88 genuinely absent
ds4:   residency a token: 10.88 adds, 0.33 removes, 11.20 commits
0925 21:44:57 ds4-server: chat ctx=250..300:50 gen=250 THINKING decoding chunk=16.63 t/s avg=18.19 t/s 13.741s
0925 21:44:58 ds4-server: chat ctx=300..306:6 gen=256 THINKING decoding chunk=19.42 t/s avg=18.22 t/s 14.050s
ds4-server: thinking not closed, ignoring incomplete DSML in reasoning
0925 21:44:58 ds4-server: chat ctx=0..50:50 gen=256 THINKING finish=length 17.818s
0925 21:59:37 ds4-server: shutdown requested, draining requests
