ds4: abort gate on for the first 40 layers
ds4: Metal device Apple M5 Max, 128.00 GiB RAM
ds4: Metal 4 tensor API enabled for Tensor kernels
ds4: drift-patch flags hc_stable=on norm_unify=on kv_raw_f32=off rope_exp2_log2=off math_safe=off tensor_matmul=on
ds4: V4.1 SSD cache fitted from 10268 to 6665 experts for context/runtime headroom
ds4: Metal backend: Metal 4
ds4: Metal SSD streaming mode enabled; full model residency and warmup are skipped
ds4: metal SSD streaming cache target 61.78 GiB; effective 61.78 GiB = 7.12 GiB prefill headroom + 54.66 GiB dynamic cache (5897 experts, 9.49 MiB each)
ds4: Metal SSD static weights locked 9.37 GiB; pageable 0.00 GiB
ds4: SSD streaming initial metal model map (569 spans, 9.37 GiB tensor span)
ds4: metal backend initialized for graph diagnostics
ds4: expert cache prewarmed from the built-in V4.1 hotlist: 5892 experts (0 failed), 54.62 GiB in 5.65 s; stopped where the cache was full
ds4: memory: KV 0.06 GiB (raw 0.01 + compressed 0.05) + buffers 3.36 GiB + resident model 9.37 GiB + expert cache 54.66 GiB + prefill expert reserve 7.12 GiB = 74.57 GiB planned
ds4: memory detail: ctx=8192 prefill_cap=4096 raw_kv_rows=128 compressed_kv_rows=8193 backend=metal
ds4: Q8_0 row tiles against the single-row arithmetic: 0 of 2112 combinations differ
ds4:   attn_output_a   4096x8192    699 rows: t4 18.63 t48 10.57 t416 11.67 t432 25.02 t216 12.54 t808 15.21 t816 27.90 t4800 12.84 ms
ds4:   attn_output_a   4096x8192   2048 rows: t4 58.36 t48 33.26 t416 35.60 t432 76.07 t216 38.17 t808 45.71 t816 83.09 t4800 38.76 ms
ds4:   attn_output_b   8192x5120    699 rows: t4 24.00 t48 12.25 t416 13.26 t432 31.33 t216 14.56 t808 16.87 t816 33.46 t4800 15.14 ms
ds4:   attn_output_b   8192x5120   2048 rows: t4 74.45 t48 37.57 t416 39.54 t432 93.12 t216 43.79 t808 50.34 t816 97.77 t4800 46.44 ms
ds4:   shexp_gate      5120x2304    699 rows: t4 6.51 t48 3.78 t416 4.17 t432 8.93 t216 4.46 t808 5.45 t816 9.83 t4800 4.46 ms
ds4:   shexp_gate      5120x2304   2048 rows: t4 19.42 t48 10.99 t416 12.17 t432 26.17 t216 12.96 t808 15.80 t816 28.56 t4800 13.26 ms
ds4:   shexp_up        5120x2304    699 rows: t4 6.52 t48 3.77 t416 4.19 t432 8.98 t216 4.47 t808 5.49 t816 9.91 t4800 4.51 ms
ds4:   shexp_up        5120x2304   2048 rows: t4 19.31 t48 10.89 t416 11.97 t432 26.17 t216 12.80 t808 16.10 t816 29.17 t4800 13.11 ms
ds4:   shexp_down      2304x5120    699 rows: t4 7.96 t48 4.39 t416 5.32 t432 11.43 t216 5.56 t808 6.71 t816 11.73 t4800 5.13 ms
ds4:   shexp_down      2304x5120   2048 rows: t4 23.05 t48 13.10 t416 15.22 t432 32.27 t216 15.81 t808 20.02 t816 33.18 t4800 14.76 ms
ds4:   attn_q_a        5120x1280    699 rows: t4 3.59 t48 2.07 t416 2.32 t432 4.90 t216 2.45 t808 3.03 t816 5.43 t4800 2.45 ms
ds4:   attn_q_a        5120x1280   2048 rows: t4 10.65 t48 6.08 t416 6.78 t432 14.53 t216 7.16 t808 8.68 t816 15.60 t4800 7.11 ms
ds4:   attn_q_b        1280x32768   699 rows: t4 35.02 t48 20.82 t416 24.62 t432 50.01 t216 24.48 t808 31.37 t816 50.92 t4800 21.93 ms
ds4:   attn_q_b        1280x32768  2048 rows: t4 111.12 t48 62.33 t416 71.70 t432 147.19 t216 74.03 t808 91.87 t816 142.92 t4800 62.54 ms
ds4:   attn_kv         5120x512     699 rows: t4 1.54 t48 0.95 t416 1.04 t432 2.08 t216 1.08 t808 1.30 t816 2.29 t4800 1.08 ms
ds4:   attn_kv         5120x512    2048 rows: t4 4.73 t48 2.72 t416 2.82 t432 6.02 t216 2.86 t808 3.65 t816 6.39 t4800 2.94 ms
tiles    0 combination(s) differ from the single-row arithmetic -> PASS
ds4: memory budget: peak 69.40 GiB allocated of 80.00 GiB; 0 slab(s) given back, 0 allocation(s) refused, cache growth stopped 0 time(s)
ds4: expert directory: 0 pinned hits, 0 cache hits, 5892 loads; 0 address mismatches, 0 missing with a non-zero slot, 0 selected and missing; 0 pinned experts given back to the budget
