ds4: abort gate on for the first 40 layers
ds4: Metal device Apple M5 Max, 128.00 GiB RAM
ds4: Metal 4 tensor API enabled for Tensor kernels
ds4: drift-patch flags hc_stable=on norm_unify=on kv_raw_f32=off rope_exp2_log2=off math_safe=off tensor_matmul=on
ds4: V4.1 SSD cache fitted from 10268 to 6679 experts for context/runtime headroom
ds4: Metal backend: Metal 4
ds4: Metal SSD streaming mode enabled; full model residency and warmup are skipped
ds4: metal SSD streaming cache target 61.91 GiB; effective 61.91 GiB = 7.12 GiB prefill headroom + 54.79 GiB dynamic cache (5911 experts, 9.49 MiB each)
ds4: Metal SSD static weights locked 9.37 GiB; pageable 0.00 GiB
ds4: SSD streaming initial metal model map (569 spans, 9.37 GiB tensor span)
ds4: metal backend initialized for graph diagnostics
ds4: expert cache prewarmed from the built-in V4.1 hotlist: 5910 experts (0 failed), 54.78 GiB in 5.78 s; stopped where the cache was full
ds4: memory: KV 0.06 GiB (raw 0.01 + compressed 0.05) + buffers 3.30 GiB + resident model 9.37 GiB + expert cache 54.79 GiB + prefill expert reserve 7.12 GiB = 74.64 GiB planned
ds4: memory detail: ctx=8192 prefill_cap=4096 raw_kv_rows=128 compressed_kv_rows=8193 backend=metal
ds4: Q8_0 row tiles against the single-row arithmetic: 0 of 1848 combinations differ
ds4:   attn_output_a   4096x8192    699 rows: t4 18.49 t48 10.66 t842 16.72 t844 14.00 t848 14.10 t448 18.39 t828 19.13 ms
ds4:   attn_output_a   4096x8192   2048 rows: t4 56.35 t48 32.29 t842 50.79 t844 41.44 t848 42.16 t448 55.82 t828 59.61 ms
ds4:   attn_output_b   8192x5120    699 rows: t4 23.68 t48 12.33 t842 19.62 t844 15.54 t848 15.65 t448 20.26 t828 22.52 ms
ds4:   attn_output_b   8192x5120   2048 rows: t4 70.68 t48 36.01 t842 62.18 t844 46.54 t848 47.25 t448 61.10 t828 69.69 ms
ds4:   shexp_gate      5120x2304    699 rows: t4 6.46 t48 3.74 t842 5.82 t844 4.84 t848 4.81 t448 6.40 t828 6.87 ms
ds4:   shexp_gate      5120x2304   2048 rows: t4 19.49 t48 11.16 t842 18.25 t844 14.20 t848 14.31 t448 18.86 t828 19.88 ms
ds4:   shexp_up        5120x2304    699 rows: t4 6.44 t48 3.69 t842 5.83 t844 4.83 t848 4.83 t448 6.27 t828 6.71 ms
ds4:   shexp_up        5120x2304   2048 rows: t4 19.01 t48 10.76 t842 17.70 t844 14.13 t848 14.10 t448 18.54 t828 19.85 ms
ds4:   shexp_down      2304x5120    699 rows: t4 7.91 t48 4.31 t842 7.24 t844 6.42 t848 6.84 t448 8.68 t828 8.97 ms
ds4:   shexp_down      2304x5120   2048 rows: t4 22.96 t48 13.03 t842 21.12 t844 18.39 t848 19.55 t448 25.57 t828 26.35 ms
ds4:   attn_q_a        5120x1280    699 rows: t4 3.52 t48 2.05 t842 3.22 t844 2.69 t848 2.67 t448 3.49 t828 3.70 ms
ds4:   attn_q_a        5120x1280   2048 rows: t4 10.49 t48 5.99 t842 9.79 t844 7.89 t848 7.81 t448 10.26 t828 11.19 ms
ds4:   attn_q_b        1280x32768   699 rows: t4 36.01 t48 21.27 t842 32.60 t844 31.09 t848 32.77 t448 40.86 t828 41.21 ms
ds4:   attn_q_b        1280x32768  2048 rows: t4 111.00 t48 61.10 t842 94.35 t844 87.91 t848 93.87 t448 117.90 t828 117.63 ms
ds4:   attn_kv         5120x512     699 rows: t4 1.46 t48 0.87 t842 1.35 t844 1.14 t848 1.15 t448 1.44 t828 1.53 ms
ds4:   attn_kv         5120x512    2048 rows: t4 4.22 t48 2.42 t842 3.95 t844 3.16 t848 3.15 t448 4.09 t828 4.33 ms
tiles    0 combination(s) differ from the single-row arithmetic -> PASS
ds4: memory budget: peak 69.53 GiB allocated of 80.00 GiB; 0 slab(s) given back, 0 allocation(s) refused, cache growth stopped 0 time(s)
ds4: expert directory: 0 pinned hits, 0 cache hits, 5910 loads; 0 address mismatches, 0 missing with a non-zero slot, 0 selected and missing; 0 pinned experts given back to the budget
