ds4: abort gate on for the first 40 layers
ds4: Metal device Apple M5 Max, 128.00 GiB RAM
ds4: Metal 4 tensor API enabled for Tensor kernels
ds4: drift-patch flags hc_stable=on norm_unify=on kv_raw_f32=off rope_exp2_log2=off math_safe=off tensor_matmul=on
ds4: V4.1 SSD cache fitted from 10268 to 7034 experts for context/runtime headroom
ds4: Metal backend: Metal 4
ds4: Metal SSD streaming mode enabled; full model residency and warmup are skipped
ds4: metal SSD streaming cache target 65.20 GiB; effective 65.20 GiB = 7.12 GiB prefill headroom + 58.08 GiB dynamic cache (6266 experts, 9.49 MiB each)
ds4: Metal SSD static weights locked 9.37 GiB; pageable 0.00 GiB
ds4: SSD streaming initial metal model map (569 spans, 9.37 GiB tensor span)
ds4: metal backend initialized for graph diagnostics
ds4: expert cache prewarmed from the built-in V4.1 hotlist: 6264 experts (0 failed), 58.07 GiB in 6.01 s; stopped where the cache was full
ds4: memory: KV 0.06 GiB (raw 0.01 + compressed 0.05) + buffers 3.36 GiB + resident model 9.37 GiB + expert cache 58.08 GiB + prefill expert reserve 7.12 GiB = 77.99 GiB planned
ds4: memory detail: ctx=8192 prefill_cap=4096 raw_kv_rows=128 compressed_kv_rows=8193 backend=metal
1006 11:15:18 ds4-server: context buffers 3503.03 MiB (ctx=8192, backend=metal, prefill_chunk=4096, raw_kv_rows=128, compressed_kv_rows=8193)
ds4: V4.1 executor ABI 3, arena align 256, rev 84909ac2aa4e-dirty, built Oct  6 2026 09:03:25
ds4: V4.1 static context buffers 3503.03 MiB (ctx=8192), Engram disk-only
1006 11:15:18 ds4-server: listening on http://127.0.0.1:8017
1006 11:15:21 ds4-server: chat ctx=0..50:50 prompt start
1006 11:15:21 ds4-server: metal 4 at request start: 0 commits, 0 feedback, 0 errors, residency 0 entries 0.0 MiB
ds4: shared/routed FFN overlap ran, mode 1
1006 11:15:22 ds4-server: chat ctx=0..50:50 prefill chunk 1/50 (2.0%) chunk=0.00 t/s avg=3.61 t/s 0.277s
1006 11:15:22 ds4-server: chat ctx=0..50:50 prefill chunk 2/50 (4.0%) chunk=4.85 t/s avg=4.14 t/s 0.483s
1006 11:15:22 ds4-server: chat ctx=0..50:50 prefill chunk 3/50 (6.0%) chunk=5.99 t/s avg=4.62 t/s 0.650s
1006 11:15:22 ds4-server: chat ctx=0..50:50 prefill chunk 4/50 (8.0%) chunk=7.56 t/s avg=5.12 t/s 0.782s
1006 11:15:22 ds4-server: chat ctx=0..50:50 prefill chunk 5/50 (10.0%) chunk=6.58 t/s avg=5.35 t/s 0.934s
1006 11:15:22 ds4-server: chat ctx=0..50:50 prefill chunk 6/50 (12.0%) chunk=10.90 t/s avg=5.85 t/s 1.026s
1006 11:15:22 ds4-server: chat ctx=0..50:50 prefill chunk 7/50 (14.0%) chunk=10.06 t/s avg=6.22 t/s 1.125s
1006 11:15:23 ds4-server: chat ctx=0..50:50 prefill chunk 8/50 (16.0%) chunk=8.83 t/s avg=6.46 t/s 1.238s
1006 11:15:23 ds4-server: chat ctx=0..50:50 prefill chunk 9/50 (18.0%) chunk=7.44 t/s avg=6.56 t/s 1.373s
1006 11:15:23 ds4-server: chat ctx=0..50:50 prefill chunk 10/50 (20.0%) chunk=8.64 t/s avg=6.72 t/s 1.488s
1006 11:15:23 ds4-server: chat ctx=0..50:50 prefill chunk 11/50 (22.0%) chunk=9.99 t/s avg=6.92 t/s 1.589s
1006 11:15:23 ds4-server: chat ctx=0..50:50 prefill chunk 12/50 (24.0%) chunk=9.73 t/s avg=7.10 t/s 1.691s
1006 11:15:23 ds4-server: chat ctx=0..50:50 prefill chunk 13/50 (26.0%) chunk=5.30 t/s avg=6.92 t/s 1.880s
1006 11:15:23 ds4-server: chat ctx=0..50:50 prefill chunk 14/50 (28.0%) chunk=9.45 t/s avg=7.05 t/s 1.986s
1006 11:15:23 ds4-server: chat ctx=0..50:50 prefill chunk 15/50 (30.0%) chunk=10.63 t/s avg=7.21 t/s 2.080s
1006 11:15:24 ds4-server: chat ctx=0..50:50 prefill chunk 16/50 (32.0%) chunk=8.53 t/s avg=7.28 t/s 2.197s
1006 11:15:24 ds4-server: chat ctx=0..50:50 prefill chunk 17/50 (34.0%) chunk=10.78 t/s avg=7.42 t/s 2.290s
1006 11:15:24 ds4-server: chat ctx=0..50:50 prefill chunk 18/50 (36.0%) chunk=10.76 t/s avg=7.56 t/s 2.382s
1006 11:15:24 ds4-server: chat ctx=0..50:50 prefill chunk 19/50 (38.0%) chunk=11.50 t/s avg=7.69 t/s 2.469s
1006 11:15:24 ds4-server: chat ctx=0..50:50 prefill chunk 20/50 (40.0%) chunk=13.99 t/s avg=7.87 t/s 2.541s
1006 11:15:24 ds4-server: chat ctx=0..50:50 prefill chunk 21/50 (42.0%) chunk=12.72 t/s avg=8.02 t/s 2.620s
1006 11:15:24 ds4-server: chat ctx=0..50:50 prefill chunk 22/50 (44.0%) chunk=13.02 t/s avg=8.16 t/s 2.696s
1006 11:15:24 ds4-server: chat ctx=0..50:50 prefill chunk 23/50 (46.0%) chunk=12.56 t/s avg=8.29 t/s 2.776s
1006 11:15:24 ds4-server: chat ctx=0..50:50 prefill chunk 24/50 (48.0%) chunk=12.96 t/s avg=8.41 t/s 2.853s
1006 11:15:24 ds4-server: chat ctx=0..50:50 prefill chunk 25/50 (50.0%) chunk=19.06 t/s avg=8.60 t/s 2.906s
1006 11:15:24 ds4-server: chat ctx=0..50:50 prefill chunk 26/50 (52.0%) chunk=13.88 t/s avg=8.73 t/s 2.978s
1006 11:15:24 ds4-server: chat ctx=0..50:50 prefill chunk 27/50 (54.0%) chunk=15.00 t/s avg=8.87 t/s 3.044s
1006 11:15:24 ds4-server: chat ctx=0..50:50 prefill chunk 28/50 (56.0%) chunk=10.75 t/s avg=8.92 t/s 3.137s
1006 11:15:25 ds4-server: chat ctx=0..50:50 prefill chunk 29/50 (58.0%) chunk=10.75 t/s avg=8.98 t/s 3.230s
1006 11:15:25 ds4-server: chat ctx=0..50:50 prefill chunk 30/50 (60.0%) chunk=9.95 t/s avg=9.01 t/s 3.331s
1006 11:15:25 ds4-server: chat ctx=0..50:50 prefill chunk 31/50 (62.0%) chunk=13.88 t/s avg=9.11 t/s 3.403s
1006 11:15:25 ds4-server: chat ctx=0..50:50 prefill chunk 32/50 (64.0%) chunk=15.35 t/s avg=9.23 t/s 3.468s
1006 11:15:25 ds4-server: chat ctx=0..50:50 prefill chunk 33/50 (66.0%) chunk=12.37 t/s avg=9.30 t/s 3.549s
1006 11:15:25 ds4-server: chat ctx=0..50:50 prefill chunk 34/50 (68.0%) chunk=11.26 t/s avg=9.35 t/s 3.638s
1006 11:15:25 ds4-server: chat ctx=0..50:50 prefill chunk 35/50 (70.0%) chunk=11.90 t/s avg=9.40 t/s 3.722s
1006 11:15:25 ds4-server: chat ctx=0..50:50 prefill chunk 36/50 (72.0%) chunk=13.54 t/s avg=9.48 t/s 3.796s
1006 11:15:25 ds4-server: chat ctx=0..50:50 prefill chunk 37/50 (74.0%) chunk=13.47 t/s avg=9.56 t/s 3.870s
1006 11:15:25 ds4-server: chat ctx=0..50:50 prefill chunk 38/50 (76.0%) chunk=13.78 t/s avg=9.64 t/s 3.942s
1006 11:15:25 ds4-server: chat ctx=0..50:50 prefill chunk 39/50 (78.0%) chunk=16.57 t/s avg=9.74 t/s 4.003s
1006 11:15:26 ds4-server: chat ctx=0..50:50 prefill chunk 40/50 (80.0%) chunk=5.41 t/s avg=9.55 t/s 4.187s
1006 11:15:26 ds4-server: chat ctx=0..50:50 prefill chunk 41/50 (82.0%) chunk=5.74 t/s avg=9.40 t/s 4.362s
1006 11:15:26 ds4-server: chat ctx=0..50:50 prefill chunk 42/50 (84.0%) chunk=10.52 t/s avg=9.42 t/s 4.457s
1006 11:15:26 ds4-server: chat ctx=0..50:50 prefill chunk 43/50 (86.0%) chunk=12.39 t/s avg=9.48 t/s 4.537s
1006 11:15:26 ds4-server: chat ctx=0..50:50 prefill chunk 44/50 (88.0%) chunk=16.90 t/s avg=9.57 t/s 4.597s
1006 11:15:26 ds4-server: chat ctx=0..50:50 prefill chunk 45/50 (90.0%) chunk=11.50 t/s avg=9.61 t/s 4.684s
1006 11:15:26 ds4-server: chat ctx=0..50:50 prefill chunk 46/50 (92.0%) chunk=10.89 t/s avg=9.63 t/s 4.775s
1006 11:15:26 ds4-server: chat ctx=0..50:50 prefill chunk 47/50 (94.0%) chunk=14.37 t/s avg=9.70 t/s 4.845s
1006 11:15:26 ds4-server: chat ctx=0..50:50 prefill chunk 48/50 (96.0%) chunk=12.19 t/s avg=9.74 t/s 4.927s
1006 11:15:26 ds4-server: chat ctx=0..50:50 prefill chunk 49/50 (98.0%) chunk=15.72 t/s avg=9.82 t/s 4.991s
1006 11:15:26 ds4-server: chat ctx=0..50:50 prefill chunk 50/50 (100.0%) chunk=13.76 t/s avg=9.87 t/s 5.063s
ds4: expert cache lent the prefill headroom for decode: 6266 -> 7034 experts
1006 11:15:26 ds4-server: chat ctx=0..50:50 prompt done 5.065s
ds4:   decode path so far: 64 single-row steps (95.3 ms each inside the graph over the last 64), 0 K-row verification steps over 0 positions, 0 batch-fusion sites taken; candidate K none
ds4: gate over tokens 1-64: 32.88 command buffers, 28.17 aborts, 240.0 expert ids accounted, 491.07 MiB loaded a token; 0 the gate failed to switch off, 0 it could not gate
ds4:   one token, exclusive, same window: entry 0.00 + encode 2.78 + commit-to-done 41.76 + repair-load 46.17 + accounting 0.04 + tail 0.31 = 91.07 of a 97.17 ms wall, residual 6.09
ds4:   GPU busy 36.92 ms of the token's wall (the union of its buffers' spans), idle 60.24 ms
ds4:   1438.4 gated dispatches a token, 24.3 of them behind an abort; 876.0 sent plain ahead of a buffer's first validate
ds4:   encode-ahead: 3.70 segments used, 26.73 dropped, 5.27 ms a token spent encoding under the GPU
ds4:   concurrent sections: 340.25 attempted, 340.25 opened a token
ds4:   speculation: 0.00 layers a token, 0.00 lanes computed, 0.00 matched, 0.00 GEMVs actually saved, 0.00 left to compute; compared 0.00 lanes, 0.00 floats differ, 0.00 by more than an ulp
ds4:   Metal 4: 59.84 command buffers sent, 4751.2 dispatches a token; 0 pieces of Metal 3 work so far
ds4:   Metal 4 a token: 59.84 contexts in 59.84 command buffers (0.00 split); 5016.9 nodes = 4751.2 dispatches + 265.7 copies; barriers 3646.5 from the graph, 119.7 queue; engine asked for 172.4 barriers and 712.2 section ends, neither encoded; 19869.9 buffer and 5516.0 constant bindings (504789 B), 0.0 with no stated length; 59.84 blocking waits, 39.78 ms
ds4:   expert cache over the last 64 tokens: 223.44 hits, 149.61 misses, 44.86 evictions a token; 6704 of 7034 entries live (95.3%)
ds4:   of the address-table holes repaired a token: 0.00 already resident, 149.61 genuinely absent
ds4:   of the repair a token: readahead 44.38 ms, slot preparation 36.50 ms, reads 57.76 ms, install 0.20 ms, over 149.61 loads
ds4:   Engram rows written at step start in 64 steps; layer-13 drains 0
ds4:   residency a token: 0.00 adds, 0.00 removes, 0.00 commits
1006 11:15:30 ds4-server: chat ctx=50..100:50 gen=50 THINKING decoding chunk=15.42 t/s avg=15.42 t/s 3.242s
ds4:   decode path so far: 128 single-row steps (55.6 ms each inside the graph over the last 64), 0 K-row verification steps over 0 positions, 0 batch-fusion sites taken; candidate K none
ds4: gate over tokens 65-128: 22.42 command buffers, 12.70 aborts, 240.0 expert ids accounted, 148.17 MiB loaded a token; 0 the gate failed to switch off, 0 it could not gate
ds4:   one token, exclusive, same window: entry 0.00 + encode 1.27 + commit-to-done 29.48 + repair-load 17.22 + accounting 0.04 + tail 1.40 = 49.40 of a 52.97 ms wall, residual 3.57
ds4:   GPU busy 30.27 ms of the token's wall (the union of its buffers' spans), idle 22.71 ms
ds4:   1328.4 gated dispatches a token, 13.1 of them behind an abort; 408.7 sent plain ahead of a buffer's first validate
ds4:   encode-ahead: 8.72 segments used, 12.02 dropped, 3.25 ms a token spent encoding under the GPU
ds4:   concurrent sections: 196.00 attempted, 196.00 opened a token
ds4:   speculation: 0.00 layers a token, 0.00 lanes computed, 0.00 matched, 0.00 GEMVs actually saved, 0.00 left to compute; compared 0.00 lanes, 0.00 floats differ, 0.00 by more than an ulp
ds4:   Metal 4: 35.44 command buffers sent, 2832.0 dispatches a token; 0 pieces of Metal 3 work so far
ds4:   Metal 4 a token: 35.44 contexts in 35.44 command buffers (0.00 split); 2950.6 nodes = 2832.0 dispatches + 118.5 copies; barriers 2178.4 from the graph, 70.9 queue; engine asked for 106.0 barriers and 414.7 section ends, neither encoded; 11817.2 buffer and 3276.9 constant bindings (300196 B), 0.0 with no stated length; 35.44 blocking waits, 29.54 ms
ds4:   expert cache over the last 64 tokens: 239.98 hits, 15.61 misses, 10.45 evictions a token; 7034 of 7034 entries live (100.0%)
ds4:   of the address-table holes repaired a token: 0.00 already resident, 15.61 genuinely absent
ds4:   of the repair a token: readahead 7.93 ms, slot preparation 1.54 ms, reads 7.55 ms, install 0.03 ms, over 15.61 loads
ds4:   Engram rows written at step start in 128 steps; layer-13 drains 0
ds4:   residency a token: 0.00 adds, 0.00 removes, 0.00 commits
1006 11:15:32 ds4-server: chat ctx=100..150:50 gen=100 THINKING decoding chunk=18.19 t/s avg=16.69 t/s 5.990s
ds4:   decode path so far: 192 single-row steps (56.1 ms each inside the graph over the last 64), 0 K-row verification steps over 0 positions, 0 batch-fusion sites taken; candidate K none
ds4: gate over tokens 129-192: 23.25 command buffers, 14.17 aborts, 240.0 expert ids accounted, 167.45 MiB loaded a token; 0 the gate failed to switch off, 0 it could not gate
ds4:   one token, exclusive, same window: entry 0.00 + encode 1.44 + commit-to-done 30.51 + repair-load 18.26 + accounting 0.04 + tail 1.43 = 51.68 of a 55.54 ms wall, residual 3.86
ds4:   GPU busy 31.07 ms of the token's wall (the union of its buffers' spans), idle 24.47 ms
ds4:   1364.5 gated dispatches a token, 13.1 of them behind an abort; 468.3 sent plain ahead of a buffer's first validate
ds4:   encode-ahead: 8.08 segments used, 13.56 dropped, 3.46 ms a token spent encoding under the GPU
ds4:   concurrent sections: 210.44 attempted, 210.44 opened a token
ds4:   speculation: 0.00 layers a token, 0.00 lanes computed, 0.00 matched, 0.00 GEMVs actually saved, 0.00 left to compute; compared 0.00 lanes, 0.00 floats differ, 0.00 by more than an ulp
ds4:   Metal 4: 37.81 command buffers sent, 3123.9 dispatches a token; 0 pieces of Metal 3 work so far
ds4:   Metal 4 a token: 37.81 contexts in 37.81 command buffers (0.00 split); 3269.6 nodes = 3123.9 dispatches + 145.8 copies; barriers 2332.8 from the graph, 75.6 queue; engine asked for 112.7 barriers and 444.5 section ends, neither encoded; 12827.4 buffer and 3601.0 constant bindings (321867 B), 0.0 with no stated length; 37.81 blocking waits, 30.49 ms
ds4:   expert cache over the last 64 tokens: 240.00 hits, 17.64 misses, 17.64 evictions a token; 7034 of 7034 entries live (100.0%)
ds4:   of the address-table holes repaired a token: 0.00 already resident, 17.64 genuinely absent
ds4:   of the repair a token: readahead 8.08 ms, slot preparation 0.64 ms, reads 9.23 ms, install 0.03 ms, over 17.64 loads
ds4:   Engram rows written at step start in 192 steps; layer-13 drains 0
ds4:   residency a token: 0.00 adds, 0.00 removes, 0.00 commits
1006 11:15:35 ds4-server: chat ctx=150..200:50 gen=150 THINKING decoding chunk=18.39 t/s avg=17.22 t/s 8.709s
1006 11:15:38 ds4-server: chat ctx=200..250:50 gen=200 THINKING decoding chunk=21.09 t/s avg=18.05 t/s 11.080s
ds4:   decode path so far: 256 single-row steps (48.1 ms each inside the graph over the last 64), 0 K-row verification steps over 0 positions, 0 batch-fusion sites taken; candidate K none
ds4: gate over tokens 193-256: 20.34 command buffers, 9.53 aborts, 240.0 expert ids accounted, 106.34 MiB loaded a token; 0 the gate failed to switch off, 0 it could not gate
ds4:   one token, exclusive, same window: entry 0.00 + encode 1.02 + commit-to-done 27.91 + repair-load 13.17 + accounting 0.04 + tail 1.40 = 43.54 of a 46.94 ms wall, residual 3.40
ds4:   GPU busy 29.50 ms of the token's wall (the union of its buffers' spans), idle 17.44 ms
ds4:   1346.1 gated dispatches a token, 5.8 of them behind an abort; 319.6 sent plain ahead of a buffer's first validate
ds4:   encode-ahead: 9.81 segments used, 9.22 dropped, 3.15 ms a token spent encoding under the GPU
ds4:   concurrent sections: 168.31 attempted, 168.31 opened a token
ds4:   speculation: 0.00 layers a token, 0.00 lanes computed, 0.00 matched, 0.00 GEMVs actually saved, 0.00 left to compute; compared 0.00 lanes, 0.00 floats differ, 0.00 by more than an ulp
ds4:   Metal 4: 30.56 command buffers sent, 2544.5 dispatches a token; 0 pieces of Metal 3 work so far
ds4:   Metal 4 a token: 30.56 contexts in 30.56 command buffers (0.00 split); 2650.7 nodes = 2544.5 dispatches + 106.2 copies; barriers 1902.6 from the graph, 61.1 queue; engine asked for 93.7 barriers and 357.7 section ends, neither encoded; 10441.3 buffer and 2928.2 constant bindings (261864 B), 0.0 with no stated length; 30.56 blocking waits, 28.14 ms
ds4:   expert cache over the last 64 tokens: 239.98 hits, 11.20 misses, 11.20 evictions a token; 7034 of 7034 entries live (100.0%)
ds4:   of the address-table holes repaired a token: 0.00 already resident, 11.20 genuinely absent
ds4:   of the repair a token: readahead 6.68 ms, slot preparation 0.47 ms, reads 5.86 ms, install 0.02 ms, over 11.20 loads
ds4:   Engram rows written at step start in 256 steps; layer-13 drains 0
ds4:   residency a token: 0.00 adds, 0.00 removes, 0.00 commits
1006 11:15:39 ds4-server: chat ctx=250..300:50 gen=250 THINKING decoding chunk=26.58 t/s avg=19.29 t/s 12.961s
ds4:   decode path so far: 320 single-row steps (38.9 ms each inside the graph over the last 64), 0 K-row verification steps over 0 positions, 0 batch-fusion sites taken; candidate K none
ds4: gate over tokens 257-320: 17.75 command buffers, 5.58 aborts, 240.0 expert ids accounted, 56.36 MiB loaded a token; 0 the gate failed to switch off, 0 it could not gate
ds4:   one token, exclusive, same window: entry 0.00 + encode 0.63 + commit-to-done 26.49 + repair-load 6.88 + accounting 0.04 + tail 1.41 = 35.46 of a 38.33 ms wall, residual 2.88
ds4:   GPU busy 28.95 ms of the token's wall (the union of its buffers' spans), idle 9.39 ms
ds4:   1329.7 gated dispatches a token, 4.4 of them behind an abort; 195.6 sent plain ahead of a buffer's first validate
ds4:   encode-ahead: 11.17 segments used, 5.36 dropped, 2.73 ms a token spent encoding under the GPU
ds4:   concurrent sections: 131.66 attempted, 131.66 opened a token
ds4:   speculation: 0.00 layers a token, 0.00 lanes computed, 0.00 matched, 0.00 GEMVs actually saved, 0.00 left to compute; compared 0.00 lanes, 0.00 floats differ, 0.00 by more than an ulp
ds4:   Metal 4: 24.11 command buffers sent, 2038.9 dispatches a token; 0 pieces of Metal 3 work so far
ds4:   Metal 4 a token: 24.11 contexts in 24.11 command buffers (0.00 split); 2109.6 nodes = 2038.9 dispatches + 70.7 copies; barriers 1526.3 from the graph, 48.2 queue; engine asked for 76.8 barriers and 281.8 section ends, neither encoded; 8355.3 buffer and 2341.3 constant bindings (209409 B), 0.0 with no stated length; 24.11 blocking waits, 27.03 ms
ds4:   expert cache over the last 64 tokens: 240.00 hits, 5.94 misses, 5.94 evictions a token; 7034 of 7034 entries live (100.0%)
ds4:   of the address-table holes repaired a token: 0.00 already resident, 5.94 genuinely absent
ds4:   of the repair a token: readahead 2.98 ms, slot preparation 0.29 ms, reads 3.55 ms, install 0.01 ms, over 5.94 loads
ds4:   Engram rows written at step start in 320 steps; layer-13 drains 0
ds4:   residency a token: 0.00 adds, 0.00 removes, 0.00 commits
1006 11:15:41 ds4-server: chat ctx=300..350:50 gen=300 THINKING decoding chunk=25.17 t/s avg=20.07 t/s 14.947s
ds4:   decode path so far: 384 single-row steps (41.2 ms each inside the graph over the last 64), 0 K-row verification steps over 0 positions, 0 batch-fusion sites taken; candidate K none
ds4: gate over tokens 321-384: 18.55 command buffers, 6.55 aborts, 240.0 expert ids accounted, 68.37 MiB loaded a token; 0 the gate failed to switch off, 0 it could not gate
ds4:   one token, exclusive, same window: entry 0.00 + encode 0.73 + commit-to-done 27.09 + repair-load 8.17 + accounting 0.04 + tail 1.41 = 37.45 of a 40.41 ms wall, residual 2.96
ds4:   GPU busy 29.33 ms of the token's wall (the union of its buffers' spans), idle 11.08 ms
ds4:   1344.6 gated dispatches a token, 4.8 of them behind an abort; 223.5 sent plain ahead of a buffer's first validate
ds4:   encode-ahead: 11.00 segments used, 6.17 dropped, 2.80 ms a token spent encoding under the GPU
ds4:   concurrent sections: 140.12 attempted, 140.12 opened a token
ds4:   speculation: 0.00 layers a token, 0.00 lanes computed, 0.00 matched, 0.00 GEMVs actually saved, 0.00 left to compute; compared 0.00 lanes, 0.00 floats differ, 0.00 by more than an ulp
ds4:   Metal 4: 25.72 command buffers sent, 2153.0 dispatches a token; 0 pieces of Metal 3 work so far
ds4:   Metal 4 a token: 25.72 contexts in 25.72 command buffers (0.00 split); 2232.4 nodes = 2153.0 dispatches + 79.5 copies; barriers 1612.3 from the graph, 51.4 queue; engine asked for 80.7 barriers and 299.4 section ends, neither encoded; 8829.1 buffer and 2474.0 constant bindings (221386 B), 0.0 with no stated length; 25.72 blocking waits, 27.54 ms
ds4:   expert cache over the last 64 tokens: 239.98 hits, 7.20 misses, 7.20 evictions a token; 7034 of 7034 entries live (100.0%)
ds4:   of the address-table holes repaired a token: 0.00 already resident, 7.20 genuinely absent
ds4:   of the repair a token: readahead 3.81 ms, slot preparation 0.35 ms, reads 3.93 ms, install 0.01 ms, over 7.20 loads
ds4:   Engram rows written at step start in 384 steps; layer-13 drains 0
ds4:   residency a token: 0.00 adds, 0.00 removes, 0.00 commits
1006 11:15:43 ds4-server: chat ctx=350..400:50 gen=350 THINKING decoding chunk=23.82 t/s avg=20.53 t/s 17.047s
ds4:   decode path so far: 448 single-row steps (40.3 ms each inside the graph over the last 64), 0 K-row verification steps over 0 positions, 0 batch-fusion sites taken; candidate K none
ds4: gate over tokens 385-448: 17.92 command buffers, 5.94 aborts, 240.0 expert ids accounted, 63.33 MiB loaded a token; 0 the gate failed to switch off, 0 it could not gate
ds4:   one token, exclusive, same window: entry 0.00 + encode 0.68 + commit-to-done 26.99 + repair-load 7.38 + accounting 0.04 + tail 1.41 = 36.49 of a 39.42 ms wall, residual 2.93
ds4:   GPU busy 29.32 ms of the token's wall (the union of its buffers' spans), idle 10.10 ms
ds4:   1318.0 gated dispatches a token, 3.9 of them behind an abort; 208.4 sent plain ahead of a buffer's first validate
ds4:   encode-ahead: 10.98 segments used, 5.69 dropped, 2.77 ms a token spent encoding under the GPU
ds4:   concurrent sections: 134.72 attempted, 134.72 opened a token
ds4:   speculation: 0.00 layers a token, 0.00 lanes computed, 0.00 matched, 0.00 GEMVs actually saved, 0.00 left to compute; compared 0.00 lanes, 0.00 floats differ, 0.00 by more than an ulp
ds4:   Metal 4: 24.61 command buffers sent, 2084.4 dispatches a token; 0 pieces of Metal 3 work so far
ds4:   Metal 4 a token: 24.61 contexts in 24.61 command buffers (0.00 split); 2160.0 nodes = 2084.4 dispatches + 75.6 copies; barriers 1561.0 from the graph, 49.2 queue; engine asked for 78.1 barriers and 288.1 section ends, neither encoded; 8537.1 buffer and 2393.6 constant bindings (214128 B), 0.0 with no stated length; 24.61 blocking waits, 27.47 ms
ds4:   expert cache over the last 64 tokens: 239.97 hits, 6.67 misses, 6.67 evictions a token; 7034 of 7034 entries live (100.0%)
ds4:   of the address-table holes repaired a token: 0.00 already resident, 6.67 genuinely absent
ds4:   of the repair a token: readahead 3.54 ms, slot preparation 0.33 ms, reads 3.43 ms, install 0.01 ms, over 6.67 loads
ds4:   Engram rows written at step start in 448 steps; layer-13 drains 0
ds4:   residency a token: 0.00 adds, 0.00 removes, 0.00 commits
1006 11:15:46 ds4-server: chat ctx=400..450:50 gen=400 THINKING decoding chunk=24.41 t/s avg=20.95 t/s 19.095s
1006 11:15:48 ds4-server: chat ctx=450..500:50 gen=450 THINKING decoding chunk=24.27 t/s avg=21.27 t/s 21.156s
ds4:   decode path so far: 512 single-row steps (40.6 ms each inside the graph over the last 64), 0 K-row verification steps over 0 positions, 0 batch-fusion sites taken; candidate K none
ds4: gate over tokens 449-512: 17.81 command buffers, 5.72 aborts, 240.0 expert ids accounted, 58.29 MiB loaded a token; 0 the gate failed to switch off, 0 it could not gate
ds4:   one token, exclusive, same window: entry 0.00 + encode 0.66 + commit-to-done 27.52 + repair-load 7.47 + accounting 0.04 + tail 1.43 = 37.12 of a 39.99 ms wall, residual 2.88
ds4:   GPU busy 29.82 ms of the token's wall (the union of its buffers' spans), idle 10.17 ms
ds4:   1325.6 gated dispatches a token, 1.9 of them behind an abort; 199.8 sent plain ahead of a buffer's first validate
ds4:   encode-ahead: 11.09 segments used, 5.53 dropped, 2.73 ms a token spent encoding under the GPU
ds4:   concurrent sections: 132.56 attempted, 132.56 opened a token
ds4:   speculation: 0.00 layers a token, 0.00 lanes computed, 0.00 matched, 0.00 GEMVs actually saved, 0.00 left to compute; compared 0.00 lanes, 0.00 floats differ, 0.00 by more than an ulp
ds4:   Metal 4: 24.34 command buffers sent, 2048.1 dispatches a token; 0 pieces of Metal 3 work so far
ds4:   Metal 4 a token: 24.34 contexts in 24.34 command buffers (0.00 split); 2120.6 nodes = 2048.1 dispatches + 72.5 copies; barriers 1534.1 from the graph, 48.7 queue; engine asked for 77.2 barriers and 283.8 section ends, neither encoded; 8398.2 buffer and 2352.5 constant bindings (210502 B), 0.0 with no stated length; 24.34 blocking waits, 28.04 ms
ds4:   expert cache over the last 64 tokens: 240.00 hits, 6.14 misses, 6.14 evictions a token; 7034 of 7034 entries live (100.0%)
ds4:   of the address-table holes repaired a token: 0.00 already resident, 6.14 genuinely absent
ds4:   of the repair a token: readahead 3.82 ms, slot preparation 0.33 ms, reads 3.25 ms, install 0.01 ms, over 6.14 loads
ds4:   Engram rows written at step start in 512 steps; layer-13 drains 0
ds4:   residency a token: 0.00 adds, 0.00 removes, 0.00 commits
1006 11:15:50 ds4-server: chat ctx=500..550:50 gen=500 THINKING decoding chunk=25.57 t/s avg=21.63 t/s 23.111s
ds4:   decode path so far: 576 single-row steps (39.2 ms each inside the graph over the last 64), 0 K-row verification steps over 0 positions, 0 batch-fusion sites taken; candidate K none
ds4: gate over tokens 513-576: 16.83 command buffers, 4.25 aborts, 240.0 expert ids accounted, 43.46 MiB loaded a token; 0 the gate failed to switch off, 0 it could not gate
ds4:   one token, exclusive, same window: entry 0.00 + encode 0.52 + commit-to-done 28.55 + repair-load 5.33 + accounting 0.04 + tail 1.43 = 35.87 of a 38.49 ms wall, residual 2.62
ds4:   GPU busy 30.96 ms of the token's wall (the union of its buffers' spans), idle 7.53 ms
ds4:   1300.5 gated dispatches a token, 4.7 of them behind an abort; 151.2 sent plain ahead of a buffer's first validate
ds4:   encode-ahead: 11.58 segments used, 4.06 dropped, 2.51 ms a token spent encoding under the GPU
ds4:   concurrent sections: 119.12 attempted, 119.12 opened a token
ds4:   speculation: 0.00 layers a token, 0.00 lanes computed, 0.00 matched, 0.00 GEMVs actually saved, 0.00 left to compute; compared 0.00 lanes, 0.00 floats differ, 0.00 by more than an ulp
ds4:   Metal 4: 21.89 command buffers sent, 1836.2 dispatches a token; 0 pieces of Metal 3 work so far
ds4:   Metal 4 a token: 21.89 contexts in 21.89 command buffers (0.00 split); 1896.1 nodes = 1836.2 dispatches + 59.9 copies; barriers 1368.8 from the graph, 43.8 queue; engine asked for 71.0 barriers and 255.9 section ends, neither encoded; 7524.5 buffer and 2110.9 constant bindings (188452 B), 0.0 with no stated length; 21.89 blocking waits, 29.17 ms
ds4:   expert cache over the last 64 tokens: 239.98 hits, 4.58 misses, 4.58 evictions a token; 7034 of 7034 entries live (100.0%)
ds4:   of the address-table holes repaired a token: 0.00 already resident, 4.58 genuinely absent
ds4:   of the repair a token: readahead 2.36 ms, slot preparation 0.26 ms, reads 2.67 ms, install 0.01 ms, over 4.58 loads
ds4:   Engram rows written at step start in 576 steps; layer-13 drains 0
ds4:   residency a token: 0.00 adds, 0.00 removes, 0.00 commits
1006 11:15:52 ds4-server: chat ctx=550..600:50 gen=550 THINKING decoding chunk=23.98 t/s avg=21.83 t/s 25.196s
ds4:   decode path so far: 640 single-row steps (42.0 ms each inside the graph over the last 64), 0 K-row verification steps over 0 positions, 0 batch-fusion sites taken; candidate K none
ds4: gate over tokens 577-640: 18.25 command buffers, 6.06 aborts, 240.0 expert ids accounted, 65.11 MiB loaded a token; 0 the gate failed to switch off, 0 it could not gate
ds4:   one token, exclusive, same window: entry 0.00 + encode 0.67 + commit-to-done 28.18 + repair-load 7.91 + accounting 0.04 + tail 1.43 = 38.23 of a 41.03 ms wall, residual 2.80
ds4:   GPU busy 30.26 ms of the token's wall (the union of its buffers' spans), idle 10.78 ms
ds4:   1316.2 gated dispatches a token, 6.6 of them behind an abort; 205.9 sent plain ahead of a buffer's first validate
ds4:   encode-ahead: 11.19 segments used, 5.67 dropped, 2.64 ms a token spent encoding under the GPU
ds4:   concurrent sections: 135.84 attempted, 135.84 opened a token
ds4:   speculation: 0.00 layers a token, 0.00 lanes computed, 0.00 matched, 0.00 GEMVs actually saved, 0.00 left to compute; compared 0.00 lanes, 0.00 floats differ, 0.00 by more than an ulp
ds4:   Metal 4: 24.92 command buffers sent, 2061.8 dispatches a token; 0 pieces of Metal 3 work so far
ds4:   Metal 4 a token: 24.92 contexts in 24.92 command buffers (0.00 split); 2137.6 nodes = 2061.8 dispatches + 75.8 copies; barriers 1535.4 from the graph, 49.8 queue; engine asked for 78.7 barriers and 290.5 section ends, neither encoded; 8457.2 buffer and 2373.5 constant bindings (211849 B), 0.0 with no stated length; 24.92 blocking waits, 28.71 ms
ds4:   expert cache over the last 64 tokens: 239.95 hits, 6.86 misses, 6.86 evictions a token; 7034 of 7034 entries live (100.0%)
ds4:   of the address-table holes repaired a token: 0.00 already resident, 6.86 genuinely absent
ds4:   of the repair a token: readahead 3.51 ms, slot preparation 0.33 ms, reads 3.99 ms, install 0.01 ms, over 6.86 loads
ds4:   Engram rows written at step start in 640 steps; layer-13 drains 0
ds4:   residency a token: 0.00 adds, 0.00 removes, 0.00 commits
1006 11:15:54 ds4-server: chat ctx=600..650:50 gen=600 THINKING decoding chunk=24.58 t/s avg=22.03 t/s 27.231s
1006 11:15:56 ds4-server: chat ctx=650..700:50 gen=650 THINKING decoding chunk=25.13 t/s avg=22.24 t/s 29.221s
ds4:   decode path so far: 704 single-row steps (39.7 ms each inside the graph over the last 64), 0 K-row verification steps over 0 positions, 0 batch-fusion sites taken; candidate K none
ds4: gate over tokens 641-704: 16.84 command buffers, 4.12 aborts, 240.0 expert ids accounted, 41.68 MiB loaded a token; 0 the gate failed to switch off, 0 it could not gate
ds4:   one token, exclusive, same window: entry 0.00 + encode 0.50 + commit-to-done 29.04 + repair-load 5.32 + accounting 0.04 + tail 1.44 = 36.34 of a 38.97 ms wall, residual 2.63
ds4:   GPU busy 31.51 ms of the token's wall (the union of its buffers' spans), idle 7.46 ms
ds4:   1303.9 gated dispatches a token, 0.9 of them behind an abort; 149.1 sent plain ahead of a buffer's first validate
ds4:   encode-ahead: 11.72 segments used, 4.03 dropped, 2.52 ms a token spent encoding under the GPU
ds4:   concurrent sections: 119.22 attempted, 119.22 opened a token
ds4:   speculation: 0.00 layers a token, 0.00 lanes computed, 0.00 matched, 0.00 GEMVs actually saved, 0.00 left to compute; compared 0.00 lanes, 0.00 floats differ, 0.00 by more than an ulp
ds4:   Metal 4: 21.88 command buffers sent, 1845.9 dispatches a token; 0 pieces of Metal 3 work so far
ds4:   Metal 4 a token: 21.88 contexts in 21.88 command buffers (0.00 split); 1905.5 nodes = 1845.9 dispatches + 59.7 copies; barriers 1377.1 from the graph, 43.8 queue; engine asked for 71.2 barriers and 256.2 section ends, neither encoded; 7559.0 buffer and 2120.9 constant bindings (189407 B), 0.0 with no stated length; 21.88 blocking waits, 29.70 ms
ds4:   expert cache over the last 64 tokens: 239.98 hits, 4.39 misses, 4.39 evictions a token; 7034 of 7034 entries live (100.0%)
ds4:   of the address-table holes repaired a token: 0.00 already resident, 4.39 genuinely absent
ds4:   of the repair a token: readahead 2.74 ms, slot preparation 0.24 ms, reads 2.30 ms, install 0.01 ms, over 4.39 loads
ds4:   Engram rows written at step start in 704 steps; layer-13 drains 0
ds4:   residency a token: 0.00 adds, 0.00 removes, 0.00 commits
1006 11:15:58 ds4-server: chat ctx=700..750:50 gen=700 THINKING decoding chunk=25.50 t/s avg=22.45 t/s 31.181s
ds4:   decode path so far: 768 single-row steps (41.0 ms each inside the graph over the last 64), 0 K-row verification steps over 0 positions, 0 batch-fusion sites taken; candidate K none
ds4: gate over tokens 705-768: 16.39 command buffers, 3.62 aborts, 240.0 expert ids accounted, 37.38 MiB loaded a token; 0 the gate failed to switch off, 0 it could not gate
ds4:   one token, exclusive, same window: entry 0.00 + encode 0.47 + commit-to-done 29.40 + repair-load 6.49 + accounting 0.04 + tail 1.44 = 37.84 of a 40.42 ms wall, residual 2.58
ds4:   GPU busy 31.91 ms of the token's wall (the union of its buffers' spans), idle 8.51 ms
ds4:   1298.6 gated dispatches a token, 3.8 of them behind an abort; 132.4 sent plain ahead of a buffer's first validate
ds4:   encode-ahead: 11.77 segments used, 3.44 dropped, 2.48 ms a token spent encoding under the GPU
ds4:   concurrent sections: 113.53 attempted, 113.53 opened a token
ds4:   speculation: 0.00 layers a token, 0.00 lanes computed, 0.00 matched, 0.00 GEMVs actually saved, 0.00 left to compute; compared 0.00 lanes, 0.00 floats differ, 0.00 by more than an ulp
ds4:   Metal 4: 20.83 command buffers sent, 1762.0 dispatches a token; 0 pieces of Metal 3 work so far
ds4:   Metal 4 a token: 20.83 contexts in 20.83 command buffers (0.00 split); 1816.9 nodes = 1762.0 dispatches + 54.9 copies; barriers 1315.3 from the graph, 41.7 queue; engine asked for 68.3 barriers and 244.3 section ends, neither encoded; 7217.6 buffer and 2024.4 constant bindings (180860 B), 0.0 with no stated length; 20.83 blocking waits, 30.08 ms
ds4:   expert cache over the last 64 tokens: 240.00 hits, 3.94 misses, 3.94 evictions a token; 7034 of 7034 entries live (100.0%)
ds4:   of the address-table holes repaired a token: 0.00 already resident, 3.94 genuinely absent
ds4:   of the repair a token: readahead 3.09 ms, slot preparation 0.22 ms, reads 3.14 ms, install 0.01 ms, over 3.94 loads
ds4:   Engram rows written at step start in 768 steps; layer-13 drains 0
ds4:   residency a token: 0.00 adds, 0.00 removes, 0.00 commits
1006 11:16:00 ds4-server: chat ctx=750..800:50 gen=750 THINKING decoding chunk=24.60 t/s avg=22.58 t/s 33.214s
ds4:   decode path so far: 832 single-row steps (40.3 ms each inside the graph over the last 64), 0 K-row verification steps over 0 positions, 0 batch-fusion sites taken; candidate K none
ds4: gate over tokens 769-832: 16.94 command buffers, 4.22 aborts, 240.0 expert ids accounted, 43.31 MiB loaded a token; 0 the gate failed to switch off, 0 it could not gate
ds4:   one token, exclusive, same window: entry 0.00 + encode 0.53 + commit-to-done 28.91 + repair-load 5.76 + accounting 0.04 + tail 1.42 = 36.65 of a 39.36 ms wall, residual 2.70
ds4:   GPU busy 31.40 ms of the token's wall (the union of its buffers' spans), idle 7.95 ms
ds4:   1309.0 gated dispatches a token, 2.3 of them behind an abort; 151.9 sent plain ahead of a buffer's first validate
ds4:   encode-ahead: 11.72 segments used, 4.08 dropped, 2.60 ms a token spent encoding under the GPU
ds4:   concurrent sections: 120.00 attempted, 120.00 opened a token
ds4:   speculation: 0.00 layers a token, 0.00 lanes computed, 0.00 matched, 0.00 GEMVs actually saved, 0.00 left to compute; compared 0.00 lanes, 0.00 floats differ, 0.00 by more than an ulp
ds4:   Metal 4: 22.02 command buffers sent, 1851.5 dispatches a token; 0 pieces of Metal 3 work so far
ds4:   Metal 4 a token: 22.02 contexts in 22.02 command buffers (0.00 split); 1911.1 nodes = 1851.5 dispatches + 59.6 copies; barriers 1380.2 from the graph, 44.0 queue; engine asked for 71.6 barriers and 257.8 section ends, neither encoded; 7587.3 buffer and 2128.3 constant bindings (189990 B), 0.0 with no stated length; 22.02 blocking waits, 29.52 ms
ds4:   expert cache over the last 64 tokens: 240.00 hits, 4.56 misses, 4.56 evictions a token; 7034 of 7034 entries live (100.0%)
ds4:   of the address-table holes repaired a token: 0.00 already resident, 4.56 genuinely absent
ds4:   of the repair a token: readahead 2.74 ms, slot preparation 0.26 ms, reads 2.72 ms, install 0.01 ms, over 4.56 loads
ds4:   Engram rows written at step start in 832 steps; layer-13 drains 0
ds4:   residency a token: 0.00 adds, 0.00 removes, 0.00 commits
1006 11:16:02 ds4-server: chat ctx=800..850:50 gen=800 THINKING decoding chunk=24.36 t/s avg=22.68 t/s 35.267s
ds4:   decode path so far: 896 single-row steps (38.8 ms each inside the graph over the last 64), 0 K-row verification steps over 0 positions, 0 batch-fusion sites taken; candidate K none
ds4: gate over tokens 833-896: 16.12 command buffers, 3.14 aborts, 240.0 expert ids accounted, 32.18 MiB loaded a token; 0 the gate failed to switch off, 0 it could not gate
ds4:   one token, exclusive, same window: entry 0.00 + encode 0.42 + commit-to-done 29.34 + repair-load 4.40 + accounting 0.04 + tail 1.44 = 35.62 of a 38.16 ms wall, residual 2.54
ds4:   GPU busy 31.89 ms of the token's wall (the union of its buffers' spans), idle 6.27 ms
ds4:   1297.6 gated dispatches a token, 1.4 of them behind an abort; 116.8 sent plain ahead of a buffer's first validate
ds4:   encode-ahead: 11.98 segments used, 3.02 dropped, 2.45 ms a token spent encoding under the GPU
ds4:   concurrent sections: 109.25 attempted, 109.25 opened a token
ds4:   speculation: 0.00 layers a token, 0.00 lanes computed, 0.00 matched, 0.00 GEMVs actually saved, 0.00 left to compute; compared 0.00 lanes, 0.00 floats differ, 0.00 by more than an ulp
ds4:   Metal 4: 20.14 command buffers sent, 1705.2 dispatches a token; 0 pieces of Metal 3 work so far
ds4:   Metal 4 a token: 20.14 contexts in 20.14 command buffers (0.00 split); 1755.9 nodes = 1705.2 dispatches + 50.7 copies; barriers 1273.3 from the graph, 40.3 queue; engine asked for 66.5 barriers and 235.5 section ends, neither encoded; 6982.1 buffer and 1958.0 constant bindings (174939 B), 0.0 with no stated length; 20.14 blocking waits, 30.05 ms
ds4:   expert cache over the last 64 tokens: 240.00 hits, 3.39 misses, 3.39 evictions a token; 7034 of 7034 entries live (100.0%)
ds4:   of the address-table holes repaired a token: 0.00 already resident, 3.39 genuinely absent
ds4:   of the repair a token: readahead 2.39 ms, slot preparation 0.19 ms, reads 1.78 ms, install 0.01 ms, over 3.39 loads
ds4:   Engram rows written at step start in 896 steps; layer-13 drains 0
ds4:   residency a token: 0.00 adds, 0.00 removes, 0.00 commits
1006 11:16:04 ds4-server: chat ctx=850..900:50 gen=850 THINKING decoding chunk=25.57 t/s avg=22.84 t/s 37.223s
1006 11:16:06 ds4-server: chat ctx=900..950:50 gen=900 THINKING decoding chunk=24.87 t/s avg=22.94 t/s 39.233s
ds4:   decode path so far: 960 single-row steps (39.9 ms each inside the graph over the last 64), 0 K-row verification steps over 0 positions, 0 batch-fusion sites taken; candidate K none
ds4: gate over tokens 897-960: 16.62 command buffers, 3.77 aborts, 240.0 expert ids accounted, 37.97 MiB loaded a token; 0 the gate failed to switch off, 0 it could not gate
ds4:   one token, exclusive, same window: entry 0.00 + encode 0.49 + commit-to-done 29.19 + repair-load 5.22 + accounting 0.04 + tail 1.44 = 36.37 of a 39.01 ms wall, residual 2.64
ds4:   GPU busy 31.75 ms of the token's wall (the union of its buffers' spans), idle 7.26 ms
ds4:   1299.2 gated dispatches a token, 3.8 of them behind an abort; 134.8 sent plain ahead of a buffer's first validate
ds4:   encode-ahead: 11.86 segments used, 3.56 dropped, 2.54 ms a token spent encoding under the GPU
ds4:   concurrent sections: 114.59 attempted, 114.59 opened a token
ds4:   speculation: 0.00 layers a token, 0.00 lanes computed, 0.00 matched, 0.00 GEMVs actually saved, 0.00 left to compute; compared 0.00 lanes, 0.00 floats differ, 0.00 by more than an ulp
ds4:   Metal 4: 21.19 command buffers sent, 1774.5 dispatches a token; 0 pieces of Metal 3 work so far
ds4:   Metal 4 a token: 21.19 contexts in 21.19 command buffers (0.00 split); 1829.7 nodes = 1774.5 dispatches + 55.3 copies; barriers 1322.9 from the graph, 42.4 queue; engine asked for 69.0 barriers and 246.6 section ends, neither encoded; 7270.4 buffer and 2039.0 constant bindings (182022 B), 0.0 with no stated length; 21.19 blocking waits, 29.85 ms
ds4:   expert cache over the last 64 tokens: 240.00 hits, 4.00 misses, 4.00 evictions a token; 7034 of 7034 entries live (100.0%)
ds4:   of the address-table holes repaired a token: 0.00 already resident, 4.00 genuinely absent
ds4:   of the repair a token: readahead 2.62 ms, slot preparation 0.24 ms, reads 2.32 ms, install 0.01 ms, over 4.00 loads
ds4:   Engram rows written at step start in 960 steps; layer-13 drains 0
ds4:   residency a token: 0.00 adds, 0.00 removes, 0.00 commits
1006 11:16:08 ds4-server: chat ctx=950..1000:50 gen=950 THINKING decoding chunk=25.22 t/s avg=23.05 t/s 41.215s
ds4:   decode path so far: 1024 single-row steps (40.4 ms each inside the graph over the last 64), 0 K-row verification steps over 0 positions, 0 batch-fusion sites taken; candidate K none
ds4: gate over tokens 961-1024: 16.84 command buffers, 4.03 aborts, 240.0 expert ids accounted, 41.23 MiB loaded a token; 0 the gate failed to switch off, 0 it could not gate
ds4:   one token, exclusive, same window: entry 0.00 + encode 0.50 + commit-to-done 29.35 + repair-load 5.40 + accounting 0.04 + tail 1.43 = 36.73 of a 39.45 ms wall, residual 2.72
ds4:   GPU busy 31.90 ms of the token's wall (the union of its buffers' spans), idle 7.55 ms
ds4:   1310.1 gated dispatches a token, 3.8 of them behind an abort; 142.9 sent plain ahead of a buffer's first validate
ds4:   encode-ahead: 11.81 segments used, 3.80 dropped, 2.61 ms a token spent encoding under the GPU
ds4:   concurrent sections: 117.94 attempted, 117.94 opened a token
ds4:   speculation: 0.00 layers a token, 0.00 lanes computed, 0.00 matched, 0.00 GEMVs actually saved, 0.00 left to compute; compared 0.00 lanes, 0.00 floats differ, 0.00 by more than an ulp
ds4:   Metal 4: 21.64 command buffers sent, 1824.4 dispatches a token; 0 pieces of Metal 3 work so far
ds4:   Metal 4 a token: 21.64 contexts in 21.64 command buffers (0.00 split); 1882.6 nodes = 1824.4 dispatches + 58.2 copies; barriers 1361.0 from the graph, 43.3 queue; engine asked for 70.5 barriers and 253.5 section ends, neither encoded; 7473.3 buffer and 2096.6 constant bindings (187247 B), 0.0 with no stated length; 21.64 blocking waits, 29.98 ms
ds4:   expert cache over the last 64 tokens: 239.97 hits, 4.34 misses, 4.34 evictions a token; 7034 of 7034 entries live (100.0%)
ds4:   of the address-table holes repaired a token: 0.00 already resident, 4.34 genuinely absent
ds4:   of the repair a token: readahead 2.73 ms, slot preparation 0.25 ms, reads 2.38 ms, install 0.01 ms, over 4.34 loads
ds4:   Engram rows written at step start in 1024 steps; layer-13 drains 0
ds4:   residency a token: 0.00 adds, 0.00 removes, 0.00 commits
1006 11:16:10 ds4-server: chat ctx=1000..1050:50 gen=1000 THINKING decoding chunk=25.21 t/s avg=23.15 t/s 43.198s
ds4:   decode path so far: 1088 single-row steps (39.2 ms each inside the graph over the last 64), 0 K-row verification steps over 0 positions, 0 batch-fusion sites taken; candidate K none
ds4: gate over tokens 1025-1088: 16.06 command buffers, 3.17 aborts, 240.0 expert ids accounted, 31.74 MiB loaded a token; 0 the gate failed to switch off, 0 it could not gate
ds4:   one token, exclusive, same window: entry 0.00 + encode 0.42 + commit-to-done 29.50 + repair-load 4.26 + accounting 0.04 + tail 1.45 = 35.66 of a 38.23 ms wall, residual 2.57
ds4:   GPU busy 32.13 ms of the token's wall (the union of its buffers' spans), idle 6.10 ms
ds4:   1272.0 gated dispatches a token, 0.9 of them behind an abort; 116.1 sent plain ahead of a buffer's first validate
ds4:   encode-ahead: 11.89 segments used, 3.06 dropped, 2.48 ms a token spent encoding under the GPU
ds4:   concurrent sections: 109.12 attempted, 109.12 opened a token
ds4:   speculation: 0.00 layers a token, 0.00 lanes computed, 0.00 matched, 0.00 GEMVs actually saved, 0.00 left to compute; compared 0.00 lanes, 0.00 floats differ, 0.00 by more than an ulp
ds4:   Metal 4: 20.12 command buffers sent, 1685.9 dispatches a token; 0 pieces of Metal 3 work so far
ds4:   Metal 4 a token: 20.12 contexts in 20.12 command buffers (0.00 split); 1736.3 nodes = 1685.9 dispatches + 50.4 copies; barriers 1253.8 from the graph, 40.2 queue; engine asked for 66.3 barriers and 235.2 section ends, neither encoded; 6899.6 buffer and 1938.4 constant bindings (172922 B), 0.0 with no stated length; 20.12 blocking waits, 30.21 ms
ds4:   expert cache over the last 64 tokens: 240.00 hits, 3.34 misses, 3.34 evictions a token; 7034 of 7034 entries live (100.0%)
ds4:   of the address-table holes repaired a token: 0.00 already resident, 3.34 genuinely absent
ds4:   of the repair a token: readahead 2.12 ms, slot preparation 0.20 ms, reads 1.91 ms, install 0.01 ms, over 3.34 loads
ds4:   Engram rows written at step start in 1088 steps; layer-13 drains 0
ds4:   residency a token: 0.00 adds, 0.00 removes, 0.00 commits
1006 11:16:12 ds4-server: chat ctx=1050..1100:50 gen=1050 THINKING decoding chunk=24.24 t/s avg=23.20 t/s 45.261s
1006 11:16:14 ds4-server: chat ctx=1100..1150:50 gen=1100 THINKING decoding chunk=24.23 t/s avg=23.24 t/s 47.325s
ds4:   decode path so far: 1152 single-row steps (42.0 ms each inside the graph over the last 64), 0 K-row verification steps over 0 positions, 0 batch-fusion sites taken; candidate K none
ds4: gate over tokens 1089-1152: 17.30 command buffers, 4.95 aborts, 240.0 expert ids accounted, 52.36 MiB loaded a token; 0 the gate failed to switch off, 0 it could not gate
ds4:   one token, exclusive, same window: entry 0.00 + encode 0.63 + commit-to-done 29.57 + repair-load 6.69 + accounting 0.04 + tail 1.44 = 38.37 of a 41.26 ms wall, residual 2.89
ds4:   GPU busy 31.94 ms of the token's wall (the union of its buffers' spans), idle 9.32 ms
ds4:   1288.1 gated dispatches a token, 2.8 of them behind an abort; 172.0 sent plain ahead of a buffer's first validate
ds4:   encode-ahead: 11.34 segments used, 4.80 dropped, 2.76 ms a token spent encoding under the GPU
ds4:   concurrent sections: 125.88 attempted, 125.88 opened a token
ds4:   speculation: 0.00 layers a token, 0.00 lanes computed, 0.00 matched, 0.00 GEMVs actually saved, 0.00 left to compute; compared 0.00 lanes, 0.00 floats differ, 0.00 by more than an ulp
ds4:   Metal 4: 23.09 command buffers sent, 1913.3 dispatches a token; 0 pieces of Metal 3 work so far
ds4:   Metal 4 a token: 23.09 contexts in 23.09 command buffers (0.00 split); 1979.8 nodes = 1913.3 dispatches + 66.5 copies; barriers 1422.2 from the graph, 46.2 queue; engine asked for 74.1 barriers and 269.9 section ends, neither encoded; 7835.2 buffer and 2202.9 constant bindings (196513 B), 0.0 with no stated length; 23.09 blocking waits, 30.11 ms
ds4:   expert cache over the last 64 tokens: 240.00 hits, 5.52 misses, 5.52 evictions a token; 7034 of 7034 entries live (100.0%)
ds4:   of the address-table holes repaired a token: 0.00 already resident, 5.52 genuinely absent
ds4:   of the repair a token: readahead 3.42 ms, slot preparation 0.31 ms, reads 2.88 ms, install 0.01 ms, over 5.52 loads
ds4:   Engram rows written at step start in 1152 steps; layer-13 drains 0
ds4:   residency a token: 0.00 adds, 0.00 removes, 0.00 commits
1006 11:16:16 ds4-server: chat ctx=1150..1200:50 gen=1150 THINKING decoding chunk=23.00 t/s avg=23.23 t/s 49.500s
ds4:   decode path so far: 1216 single-row steps (42.5 ms each inside the graph over the last 64), 0 K-row verification steps over 0 positions, 0 batch-fusion sites taken; candidate K none
ds4: gate over tokens 1153-1216: 17.39 command buffers, 5.08 aborts, 240.0 expert ids accounted, 55.47 MiB loaded a token; 0 the gate failed to switch off, 0 it could not gate
ds4:   one token, exclusive, same window: entry 0.00 + encode 0.61 + commit-to-done 30.00 + repair-load 6.66 + accounting 0.04 + tail 1.45 = 38.76 of a 41.58 ms wall, residual 2.82
ds4:   GPU busy 32.33 ms of the token's wall (the union of its buffers' spans), idle 9.26 ms
ds4:   1290.6 gated dispatches a token, 6.6 of them behind an abort; 175.3 sent plain ahead of a buffer's first validate
ds4:   encode-ahead: 11.31 segments used, 4.69 dropped, 2.70 ms a token spent encoding under the GPU
ds4:   concurrent sections: 125.69 attempted, 125.69 opened a token
ds4:   speculation: 0.00 layers a token, 0.00 lanes computed, 0.00 matched, 0.00 GEMVs actually saved, 0.00 left to compute; compared 0.00 lanes, 0.00 floats differ, 0.00 by more than an ulp
ds4:   Metal 4: 23.08 command buffers sent, 1905.6 dispatches a token; 0 pieces of Metal 3 work so far
ds4:   Metal 4 a token: 23.08 contexts in 23.08 command buffers (0.00 split); 1973.2 nodes = 1905.6 dispatches + 67.6 copies; barriers 1415.3 from the graph, 46.2 queue; engine asked for 73.8 barriers and 269.4 section ends, neither encoded; 7806.1 buffer and 2194.7 constant bindings (195698 B), 0.0 with no stated length; 23.08 blocking waits, 30.57 ms
ds4:   expert cache over the last 64 tokens: 239.98 hits, 5.84 misses, 5.84 evictions a token; 7034 of 7034 entries live (100.0%)
ds4:   of the address-table holes repaired a token: 0.00 already resident, 5.84 genuinely absent
ds4:   of the repair a token: readahead 3.53 ms, slot preparation 0.30 ms, reads 2.74 ms, install 0.01 ms, over 5.84 loads
ds4:   Engram rows written at step start in 1216 steps; layer-13 drains 0
ds4:   residency a token: 0.00 adds, 0.00 removes, 0.00 commits
1006 11:16:18 ds4-server: chat ctx=1200..1250:50 gen=1200 THINKING decoding chunk=23.56 t/s avg=23.25 t/s 51.622s
ds4:   decode path so far: 1280 single-row steps (41.9 ms each inside the graph over the last 64), 0 K-row verification steps over 0 positions, 0 batch-fusion sites taken; candidate K none
ds4: gate over tokens 1217-1280: 16.77 command buffers, 4.14 aborts, 240.0 expert ids accounted, 43.46 MiB loaded a token; 0 the gate failed to switch off, 0 it could not gate
ds4:   one token, exclusive, same window: entry 0.00 + encode 0.54 + commit-to-done 30.27 + repair-load 6.03 + accounting 0.04 + tail 1.46 = 38.34 of a 41.17 ms wall, residual 2.83
ds4:   GPU busy 32.86 ms of the token's wall (the union of its buffers' spans), idle 8.32 ms
ds4:   1280.4 gated dispatches a token, 3.3 of them behind an abort; 147.1 sent plain ahead of a buffer's first validate
ds4:   encode-ahead: 11.62 segments used, 3.92 dropped, 2.72 ms a token spent encoding under the GPU
ds4:   concurrent sections: 117.38 attempted, 117.38 opened a token
ds4:   speculation: 0.00 layers a token, 0.00 lanes computed, 0.00 matched, 0.00 GEMVs actually saved, 0.00 left to compute; compared 0.00 lanes, 0.00 floats differ, 0.00 by more than an ulp
ds4:   Metal 4: 21.69 command buffers sent, 1795.0 dispatches a token; 0 pieces of Metal 3 work so far
ds4:   Metal 4 a token: 21.69 contexts in 21.69 command buffers (0.00 split); 1853.9 nodes = 1795.0 dispatches + 58.9 copies; barriers 1334.8 from the graph, 43.4 queue; engine asked for 70.1 barriers and 252.3 section ends, neither encoded; 7350.2 buffer and 2065.6 constant bindings (184295 B), 0.0 with no stated length; 21.69 blocking waits, 30.89 ms
ds4:   expert cache over the last 64 tokens: 239.98 hits, 4.58 misses, 4.58 evictions a token; 7034 of 7034 entries live (100.0%)
ds4:   of the address-table holes repaired a token: 0.00 already resident, 4.58 genuinely absent
ds4:   of the repair a token: readahead 3.10 ms, slot preparation 0.28 ms, reads 2.60 ms, install 0.01 ms, over 4.58 loads
ds4:   Engram rows written at step start in 1280 steps; layer-13 drains 0
ds4:   residency a token: 0.00 adds, 0.00 removes, 0.00 commits
1006 11:16:20 ds4-server: chat ctx=1250..1300:50 gen=1250 THINKING decoding chunk=24.07 t/s avg=23.28 t/s 53.699s
ds4:   decode path so far: 1344 single-row steps (41.8 ms each inside the graph over the last 64), 0 K-row verification steps over 0 positions, 0 batch-fusion sites taken; candidate K none
ds4: gate over tokens 1281-1344: 16.25 command buffers, 3.31 aborts, 240.0 expert ids accounted, 34.26 MiB loaded a token; 0 the gate failed to switch off, 0 it could not gate
ds4:   one token, exclusive, same window: entry 0.00 + encode 0.46 + commit-to-done 30.85 + repair-load 5.39 + accounting 0.04 + tail 1.46 = 38.20 of a 40.92 ms wall, residual 2.72
ds4:   GPU busy 33.45 ms of the token's wall (the union of its buffers' spans), idle 7.47 ms
ds4:   1281.6 gated dispatches a token, 5.6 of them behind an abort; 118.8 sent plain ahead of a buffer's first validate
ds4:   encode-ahead: 11.94 segments used, 3.02 dropped, 2.63 ms a token spent encoding under the GPU
ds4:   concurrent sections: 109.59 attempted, 109.59 opened a token
ds4:   speculation: 0.00 layers a token, 0.00 lanes computed, 0.00 matched, 0.00 GEMVs actually saved, 0.00 left to compute; compared 0.00 lanes, 0.00 floats differ, 0.00 by more than an ulp
ds4:   Metal 4: 20.27 command buffers sent, 1690.9 dispatches a token; 0 pieces of Metal 3 work so far
ds4:   Metal 4 a token: 20.27 contexts in 20.27 command buffers (0.00 split); 1742.8 nodes = 1690.9 dispatches + 51.9 copies; barriers 1257.4 from the graph, 40.5 queue; engine asked for 66.4 barriers and 236.1 section ends, neither encoded; 6919.8 buffer and 1944.3 constant bindings (173442 B), 0.0 with no stated length; 20.27 blocking waits, 31.53 ms
ds4:   expert cache over the last 64 tokens: 240.00 hits, 3.61 misses, 3.61 evictions a token; 7034 of 7034 entries live (100.0%)
ds4:   of the address-table holes repaired a token: 0.00 already resident, 3.61 genuinely absent
ds4:   of the repair a token: readahead 3.09 ms, slot preparation 0.22 ms, reads 2.04 ms, install 0.01 ms, over 3.61 loads
ds4:   Engram rows written at step start in 1344 steps; layer-13 drains 0
ds4:   residency a token: 0.00 adds, 0.00 removes, 0.00 commits
1006 11:16:22 ds4-server: chat ctx=1300..1350:50 gen=1300 THINKING decoding chunk=23.72 t/s avg=23.29 t/s 55.806s
1006 11:16:24 ds4-server: chat ctx=1350..1400:50 gen=1350 THINKING decoding chunk=23.55 t/s avg=23.30 t/s 57.929s
ds4:   decode path so far: 1408 single-row steps (43.2 ms each inside the graph over the last 64), 0 K-row verification steps over 0 positions, 0 batch-fusion sites taken; candidate K none
ds4: gate over tokens 1345-1408: 16.70 command buffers, 4.09 aborts, 240.0 expert ids accounted, 42.86 MiB loaded a token; 0 the gate failed to switch off, 0 it could not gate
ds4:   one token, exclusive, same window: entry 0.00 + encode 0.54 + commit-to-done 31.60 + repair-load 6.19 + accounting 0.04 + tail 1.49 = 39.85 of a 42.62 ms wall, residual 2.77
ds4:   GPU busy 34.16 ms of the token's wall (the union of its buffers' spans), idle 8.45 ms
ds4:   1285.1 gated dispatches a token, 5.2 of them behind an abort; 145.6 sent plain ahead of a buffer's first validate
ds4:   encode-ahead: 11.61 segments used, 3.84 dropped, 2.66 ms a token spent encoding under the GPU
ds4:   concurrent sections: 117.31 attempted, 117.31 opened a token
ds4:   speculation: 0.00 layers a token, 0.00 lanes computed, 0.00 matched, 0.00 GEMVs actually saved, 0.00 left to compute; compared 0.00 lanes, 0.00 floats differ, 0.00 by more than an ulp
ds4:   Metal 4: 21.55 command buffers sent, 1794.1 dispatches a token; 0 pieces of Metal 3 work so far
ds4:   Metal 4 a token: 21.55 contexts in 21.55 command buffers (0.00 split); 1852.7 nodes = 1794.1 dispatches + 58.6 copies; barriers 1334.2 from the graph, 43.1 queue; engine asked for 70.0 barriers and 252.1 section ends, neither encoded; 7347.8 buffer and 2064.7 constant bindings (184238 B), 0.0 with no stated length; 21.55 blocking waits, 32.27 ms
ds4:   expert cache over the last 64 tokens: 239.98 hits, 4.52 misses, 4.52 evictions a token; 7034 of 7034 entries live (100.0%)
ds4:   of the address-table holes repaired a token: 0.00 already resident, 4.52 genuinely absent
ds4:   of the repair a token: readahead 3.44 ms, slot preparation 0.27 ms, reads 2.43 ms, install 0.01 ms, over 4.52 loads
ds4:   Engram rows written at step start in 1408 steps; layer-13 drains 0
ds4:   residency a token: 0.00 adds, 0.00 removes, 0.00 commits
1006 11:16:26 ds4-server: chat ctx=1400..1450:50 gen=1400 THINKING decoding chunk=23.35 t/s avg=23.31 t/s 60.070s
ds4:   decode path so far: 1472 single-row steps (43.9 ms each inside the graph over the last 64), 0 K-row verification steps over 0 positions, 0 batch-fusion sites taken; candidate K none
ds4: gate over tokens 1409-1472: 16.17 command buffers, 3.03 aborts, 240.0 expert ids accounted, 30.11 MiB loaded a token; 0 the gate failed to switch off, 0 it could not gate
ds4:   one token, exclusive, same window: entry 0.00 + encode 0.45 + commit-to-done 33.01 + repair-load 5.05 + accounting 0.04 + tail 1.50 = 40.05 of a 42.88 ms wall, residual 2.83
ds4:   GPU busy 36.00 ms of the token's wall (the union of its buffers' spans), idle 6.88 ms
ds4:   1290.3 gated dispatches a token, 4.2 of them behind an abort; 111.4 sent plain ahead of a buffer's first validate
ds4:   encode-ahead: 12.14 segments used, 2.80 dropped, 2.72 ms a token spent encoding under the GPU
ds4:   concurrent sections: 108.19 attempted, 108.19 opened a token
ds4:   speculation: 0.00 layers a token, 0.00 lanes computed, 0.00 matched, 0.00 GEMVs actually saved, 0.00 left to compute; compared 0.00 lanes, 0.00 floats differ, 0.00 by more than an ulp
ds4:   Metal 4: 19.97 command buffers sent, 1678.5 dispatches a token; 0 pieces of Metal 3 work so far
ds4:   Metal 4 a token: 19.97 contexts in 19.97 command buffers (0.00 split); 1728.5 nodes = 1678.5 dispatches + 50.0 copies; barriers 1249.2 from the graph, 39.9 queue; engine asked for 66.0 barriers and 233.3 section ends, neither encoded; 6862.1 buffer and 1929.0 constant bindings (172111 B), 0.0 with no stated length; 19.97 blocking waits, 33.81 ms
ds4:   expert cache over the last 64 tokens: 240.00 hits, 3.17 misses, 3.17 evictions a token; 7034 of 7034 entries live (100.0%)
ds4:   of the address-table holes repaired a token: 0.00 already resident, 3.17 genuinely absent
ds4:   of the repair a token: readahead 2.82 ms, slot preparation 0.23 ms, reads 1.98 ms, install 0.01 ms, over 3.17 loads
ds4:   Engram rows written at step start in 1472 steps; layer-13 drains 0
ds4:   residency a token: 0.00 adds, 0.00 removes, 0.00 commits
1006 11:16:29 ds4-server: chat ctx=1450..1500:50 gen=1450 THINKING decoding chunk=22.64 t/s avg=23.28 t/s 62.279s
ds4:   decode path so far: 1536 single-row steps (45.3 ms each inside the graph over the last 64), 0 K-row verification steps over 0 positions, 0 batch-fusion sites taken; candidate K none
ds4: gate over tokens 1473-1536: 16.64 command buffers, 3.84 aborts, 240.0 expert ids accounted, 39.90 MiB loaded a token; 0 the gate failed to switch off, 0 it could not gate
ds4:   one token, exclusive, same window: entry 0.00 + encode 0.52 + commit-to-done 33.81 + repair-load 5.62 + accounting 0.04 + tail 1.48 = 41.46 of a 44.31 ms wall, residual 2.85
ds4:   GPU busy 36.51 ms of the token's wall (the union of its buffers' spans), idle 7.81 ms
ds4:   1288.0 gated dispatches a token, 3.3 of them behind an abort; 139.0 sent plain ahead of a buffer's first validate
ds4:   encode-ahead: 11.80 segments used, 3.62 dropped, 2.73 ms a token spent encoding under the GPU
ds4:   concurrent sections: 115.94 attempted, 115.94 opened a token
ds4:   speculation: 0.00 layers a token, 0.00 lanes computed, 0.00 matched, 0.00 GEMVs actually saved, 0.00 left to compute; compared 0.00 lanes, 0.00 floats differ, 0.00 by more than an ulp
ds4:   Metal 4: 21.27 command buffers sent, 1778.6 dispatches a token; 0 pieces of Metal 3 work so far
ds4:   Metal 4 a token: 21.27 contexts in 21.27 command buffers (0.00 split); 1835.4 nodes = 1778.6 dispatches + 56.8 copies; barriers 1323.1 from the graph, 42.5 queue; engine asked for 69.5 barriers and 249.3 section ends, neither encoded; 7282.4 buffer and 2046.3 constant bindings (182607 B), 0.0 with no stated length; 21.27 blocking waits, 34.47 ms
ds4:   expert cache over the last 64 tokens: 240.00 hits, 4.20 misses, 4.20 evictions a token; 7034 of 7034 entries live (100.0%)
ds4:   of the address-table holes repaired a token: 0.00 already resident, 4.20 genuinely absent
ds4:   of the repair a token: readahead 2.80 ms, slot preparation 0.25 ms, reads 2.51 ms, install 0.01 ms, over 4.20 loads
ds4:   Engram rows written at step start in 1536 steps; layer-13 drains 0
ds4:   residency a token: 0.00 adds, 0.00 removes, 0.00 commits
1006 11:16:31 ds4-server: chat ctx=1500..1550:50 gen=1500 THINKING decoding chunk=21.04 t/s avg=23.20 t/s 64.655s
ds4:   decode path so far: 1600 single-row steps (47.2 ms each inside the graph over the last 64), 0 K-row verification steps over 0 positions, 0 batch-fusion sites taken; candidate K none
ds4: gate over tokens 1537-1600: 17.66 command buffers, 5.38 aborts, 240.0 expert ids accounted, 54.43 MiB loaded a token; 0 the gate failed to switch off, 0 it could not gate
ds4:   one token, exclusive, same window: entry 0.00 + encode 0.66 + commit-to-done 33.61 + repair-load 7.60 + accounting 0.04 + tail 1.47 = 43.37 of a 46.31 ms wall, residual 2.94
ds4:   GPU busy 35.99 ms of the token's wall (the union of its buffers' spans), idle 10.32 ms
ds4:   1295.0 gated dispatches a token, 6.6 of them behind an abort; 184.4 sent plain ahead of a buffer's first validate
ds4:   encode-ahead: 11.28 segments used, 5.08 dropped, 2.76 ms a token spent encoding under the GPU
ds4:   concurrent sections: 129.31 attempted, 129.31 opened a token
ds4:   speculation: 0.00 layers a token, 0.00 lanes computed, 0.00 matched, 0.00 GEMVs actually saved, 0.00 left to compute; compared 0.00 lanes, 0.00 floats differ, 0.00 by more than an ulp
ds4:   Metal 4: 23.73 command buffers sent, 1957.7 dispatches a token; 0 pieces of Metal 3 work so far
ds4:   Metal 4 a token: 23.73 contexts in 23.73 command buffers (0.00 split); 2026.5 nodes = 1957.7 dispatches + 68.8 copies; barriers 1453.8 from the graph, 47.5 queue; engine asked for 75.6 barriers and 277.0 section ends, neither encoded; 8019.3 buffer and 2254.8 constant bindings (201062 B), 0.0 with no stated length; 23.73 blocking waits, 34.18 ms
ds4:   expert cache over the last 64 tokens: 240.00 hits, 5.73 misses, 5.73 evictions a token; 7034 of 7034 entries live (100.0%)
ds4:   of the address-table holes repaired a token: 0.00 already resident, 5.73 genuinely absent
ds4:   of the repair a token: readahead 3.78 ms, slot preparation 0.35 ms, reads 3.40 ms, install 0.01 ms, over 5.73 loads
ds4:   Engram rows written at step start in 1600 steps; layer-13 drains 0
ds4:   residency a token: 0.00 adds, 0.00 removes, 0.00 commits
1006 11:16:33 ds4-server: chat ctx=1550..1600:50 gen=1550 THINKING decoding chunk=21.34 t/s avg=23.13 t/s 66.998s
1006 11:16:36 ds4-server: chat ctx=1600..1650:50 gen=1600 THINKING decoding chunk=19.69 t/s avg=23.01 t/s 69.537s
ds4:   decode path so far: 1664 single-row steps (50.2 ms each inside the graph over the last 64), 0 K-row verification steps over 0 positions, 0 batch-fusion sites taken; candidate K none
ds4: gate over tokens 1601-1664: 18.36 command buffers, 6.47 aborts, 240.0 expert ids accounted, 73.12 MiB loaded a token; 0 the gate failed to switch off, 0 it could not gate
ds4:   one token, exclusive, same window: entry 0.00 + encode 0.74 + commit-to-done 35.34 + repair-load 8.86 + accounting 0.04 + tail 1.51 = 46.48 of a 49.50 ms wall, residual 3.02
ds4:   GPU busy 37.40 ms of the token's wall (the union of its buffers' spans), idle 12.10 ms
ds4:   1300.3 gated dispatches a token, 4.7 of them behind an abort; 215.7 sent plain ahead of a buffer's first validate
ds4:   encode-ahead: 10.89 segments used, 6.17 dropped, 2.83 ms a token spent encoding under the GPU
ds4:   concurrent sections: 139.78 attempted, 139.78 opened a token
ds4:   speculation: 0.00 layers a token, 0.00 lanes computed, 0.00 matched, 0.00 GEMVs actually saved, 0.00 left to compute; compared 0.00 lanes, 0.00 floats differ, 0.00 by more than an ulp
ds4:   Metal 4: 25.53 command buffers sent, 2096.8 dispatches a token; 0 pieces of Metal 3 work so far
ds4:   Metal 4 a token: 25.53 contexts in 25.53 command buffers (0.00 split); 2176.7 nodes = 2096.8 dispatches + 80.0 copies; barriers 1557.2 from the graph, 51.1 queue; engine asked for 80.5 barriers and 298.6 section ends, neither encoded; 8597.2 buffer and 2417.2 constant bindings (215608 B), 0.0 with no stated length; 25.53 blocking waits, 35.85 ms
ds4:   expert cache over the last 64 tokens: 240.00 hits, 7.70 misses, 7.70 evictions a token; 7034 of 7034 entries live (100.0%)
ds4:   of the address-table holes repaired a token: 0.00 already resident, 7.70 genuinely absent
ds4:   of the repair a token: readahead 4.74 ms, slot preparation 0.36 ms, reads 3.63 ms, install 0.02 ms, over 7.70 loads
ds4:   Engram rows written at step start in 1664 steps; layer-13 drains 0
ds4:   residency a token: 0.00 adds, 0.00 removes, 0.00 commits
1006 11:16:39 ds4-server: chat ctx=1650..1700:50 gen=1650 THINKING decoding chunk=19.29 t/s avg=22.88 t/s 72.129s
ds4:   decode path so far: 1728 single-row steps (51.3 ms each inside the graph over the last 64), 0 K-row verification steps over 0 positions, 0 batch-fusion sites taken; candidate K none
ds4: gate over tokens 1665-1728: 18.33 command buffers, 6.48 aborts, 240.0 expert ids accounted, 69.26 MiB loaded a token; 0 the gate failed to switch off, 0 it could not gate
ds4:   one token, exclusive, same window: entry 0.00 + encode 0.85 + commit-to-done 33.65 + repair-load 10.79 + accounting 0.04 + tail 1.50 = 46.83 of a 50.22 ms wall, residual 3.38
ds4:   GPU busy 35.96 ms of the token's wall (the union of its buffers' spans), idle 14.26 ms
ds4:   1305.3 gated dispatches a token, 7.5 of them behind an abort; 217.1 sent plain ahead of a buffer's first validate
ds4:   encode-ahead: 10.84 segments used, 6.17 dropped, 3.20 ms a token spent encoding under the GPU
ds4:   concurrent sections: 140.47 attempted, 140.47 opened a token
ds4:   speculation: 0.00 layers a token, 0.00 lanes computed, 0.00 matched, 0.00 GEMVs actually saved, 0.00 left to compute; compared 0.00 lanes, 0.00 floats differ, 0.00 by more than an ulp
ds4:   Metal 4: 25.50 command buffers sent, 2109.1 dispatches a token; 0 pieces of Metal 3 work so far
ds4:   Metal 4 a token: 25.50 contexts in 25.50 command buffers (0.00 split); 2189.1 nodes = 2109.1 dispatches + 80.0 copies; barriers 1565.6 from the graph, 51.0 queue; engine asked for 80.8 barriers and 300.0 section ends, neither encoded; 8644.8 buffer and 2431.3 constant bindings (216766 B), 0.0 with no stated length; 25.50 blocking waits, 34.12 ms
ds4:   expert cache over the last 64 tokens: 240.00 hits, 7.30 misses, 7.30 evictions a token; 7034 of 7034 entries live (100.0%)
ds4:   of the address-table holes repaired a token: 0.00 already resident, 7.30 genuinely absent
ds4:   of the repair a token: readahead 6.47 ms, slot preparation 0.42 ms, reads 3.79 ms, install 0.02 ms, over 7.30 loads
ds4:   Engram rows written at step start in 1728 steps; layer-13 drains 0
ds4:   residency a token: 0.00 adds, 0.00 removes, 0.00 commits
1006 11:16:41 ds4-server: chat ctx=1700..1750:50 gen=1700 THINKING decoding chunk=21.05 t/s avg=22.82 t/s 74.505s
ds4:   decode path so far: 1792 single-row steps (48.2 ms each inside the graph over the last 64), 0 K-row verification steps over 0 positions, 0 batch-fusion sites taken; candidate K none
ds4: gate over tokens 1729-1792: 17.52 command buffers, 5.22 aborts, 240.0 expert ids accounted, 53.54 MiB loaded a token; 0 the gate failed to switch off, 0 it could not gate
ds4:   one token, exclusive, same window: entry 0.00 + encode 0.65 + commit-to-done 35.46 + repair-load 7.03 + accounting 0.04 + tail 1.52 = 44.70 of a 47.63 ms wall, residual 2.94
ds4:   GPU busy 37.88 ms of the token's wall (the union of its buffers' spans), idle 9.76 ms
ds4:   1297.2 gated dispatches a token, 3.8 of them behind an abort; 179.8 sent plain ahead of a buffer's first validate
ds4:   encode-ahead: 11.30 segments used, 4.95 dropped, 2.79 ms a token spent encoding under the GPU
ds4:   concurrent sections: 127.88 attempted, 127.88 opened a token
ds4:   speculation: 0.00 layers a token, 0.00 lanes computed, 0.00 matched, 0.00 GEMVs actually saved, 0.00 left to compute; compared 0.00 lanes, 0.00 floats differ, 0.00 by more than an ulp
ds4:   Metal 4: 23.47 command buffers sent, 1936.7 dispatches a token; 0 pieces of Metal 3 work so far
ds4:   Metal 4 a token: 23.47 contexts in 23.47 command buffers (0.00 split); 2004.8 nodes = 1936.7 dispatches + 68.0 copies; barriers 1439.8 from the graph, 46.9 queue; engine asked for 75.0 barriers and 274.0 section ends, neither encoded; 7935.5 buffer and 2230.7 constant bindings (199036 B), 0.0 with no stated length; 23.47 blocking waits, 36.09 ms
ds4:   expert cache over the last 64 tokens: 240.00 hits, 5.64 misses, 5.64 evictions a token; 7034 of 7034 entries live (100.0%)
ds4:   of the address-table holes repaired a token: 0.00 already resident, 5.64 genuinely absent
ds4:   of the repair a token: readahead 3.52 ms, slot preparation 0.33 ms, reads 3.10 ms, install 0.01 ms, over 5.64 loads
ds4:   Engram rows written at step start in 1792 steps; layer-13 drains 0
ds4:   residency a token: 0.00 adds, 0.00 removes, 0.00 commits
1006 11:16:43 ds4-server: chat ctx=1750..1800:50 gen=1750 THINKING decoding chunk=20.12 t/s avg=22.73 t/s 76.990s
1006 11:16:46 ds4-server: chat ctx=1800..1850:50 gen=1800 THINKING decoding chunk=20.23 t/s avg=22.65 t/s 79.462s
ds4:   decode path so far: 1856 single-row steps (49.8 ms each inside the graph over the last 64), 0 K-row verification steps over 0 positions, 0 batch-fusion sites taken; candidate K none
ds4: gate over tokens 1793-1856: 18.39 command buffers, 6.42 aborts, 240.0 expert ids accounted, 68.52 MiB loaded a token; 0 the gate failed to switch off, 0 it could not gate
ds4:   one token, exclusive, same window: entry 0.00 + encode 0.77 + commit-to-done 35.37 + repair-load 8.39 + accounting 0.04 + tail 1.50 = 46.09 of a 49.23 ms wall, residual 3.14
ds4:   GPU busy 37.56 ms of the token's wall (the union of its buffers' spans), idle 11.67 ms
ds4:   1314.5 gated dispatches a token, 6.1 of them behind an abort; 217.5 sent plain ahead of a buffer's first validate
ds4:   encode-ahead: 10.97 segments used, 6.12 dropped, 2.96 ms a token spent encoding under the GPU
ds4:   concurrent sections: 139.91 attempted, 139.91 opened a token
ds4:   speculation: 0.00 layers a token, 0.00 lanes computed, 0.00 matched, 0.00 GEMVs actually saved, 0.00 left to compute; compared 0.00 lanes, 0.00 floats differ, 0.00 by more than an ulp
ds4:   Metal 4: 25.52 command buffers sent, 2101.3 dispatches a token; 0 pieces of Metal 3 work so far
ds4:   Metal 4 a token: 25.52 contexts in 25.52 command buffers (0.00 split); 2180.7 nodes = 2101.3 dispatches + 79.4 copies; barriers 1559.7 from the graph, 51.0 queue; engine asked for 80.6 barriers and 298.9 section ends, neither encoded; 8612.9 buffer and 2422.1 constant bindings (215948 B), 0.0 with no stated length; 25.52 blocking waits, 35.88 ms
ds4:   expert cache over the last 64 tokens: 240.00 hits, 7.22 misses, 7.22 evictions a token; 7034 of 7034 entries live (100.0%)
ds4:   of the address-table holes repaired a token: 0.00 already resident, 7.22 genuinely absent
ds4:   of the repair a token: readahead 4.17 ms, slot preparation 0.39 ms, reads 3.73 ms, install 0.02 ms, over 7.22 loads
ds4:   Engram rows written at step start in 1856 steps; layer-13 drains 0
ds4:   residency a token: 0.00 adds, 0.00 removes, 0.00 commits
1006 11:16:48 ds4-server: chat ctx=1850..1900:50 gen=1850 THINKING decoding chunk=19.64 t/s avg=22.56 t/s 82.008s
ds4:   decode path so far: 1920 single-row steps (52.0 ms each inside the graph over the last 64), 0 K-row verification steps over 0 positions, 0 batch-fusion sites taken; candidate K none
ds4: gate over tokens 1857-1920: 17.91 command buffers, 5.81 aborts, 240.0 expert ids accounted, 63.63 MiB loaded a token; 0 the gate failed to switch off, 0 it could not gate
ds4:   one token, exclusive, same window: entry 0.00 + encode 0.71 + commit-to-done 35.96 + repair-load 9.59 + accounting 0.04 + tail 1.53 = 47.83 of a 50.81 ms wall, residual 2.98
ds4:   GPU busy 38.22 ms of the token's wall (the union of its buffers' spans), idle 12.59 ms
ds4:   1303.2 gated dispatches a token, 6.5 of them behind an abort; 197.3 sent plain ahead of a buffer's first validate
ds4:   encode-ahead: 11.09 segments used, 5.42 dropped, 2.81 ms a token spent encoding under the GPU
ds4:   concurrent sections: 132.84 attempted, 132.84 opened a token
ds4:   speculation: 0.00 layers a token, 0.00 lanes computed, 0.00 matched, 0.00 GEMVs actually saved, 0.00 left to compute; compared 0.00 lanes, 0.00 floats differ, 0.00 by more than an ulp
ds4:   Metal 4: 24.33 command buffers sent, 2002.5 dispatches a token; 0 pieces of Metal 3 work so far
ds4:   Metal 4 a token: 24.33 contexts in 24.33 command buffers (0.00 split); 2076.0 nodes = 2002.5 dispatches + 73.5 copies; barriers 1487.5 from the graph, 48.7 queue; engine asked for 77.1 barriers and 284.2 section ends, neither encoded; 8206.7 buffer and 2307.5 constant bindings (205805 B), 0.0 with no stated length; 24.33 blocking waits, 36.55 ms
ds4:   expert cache over the last 64 tokens: 239.98 hits, 6.70 misses, 6.70 evictions a token; 7034 of 7034 entries live (100.0%)
ds4:   of the address-table holes repaired a token: 0.00 already resident, 6.70 genuinely absent
ds4:   of the repair a token: readahead 5.80 ms, slot preparation 0.36 ms, reads 3.33 ms, install 0.01 ms, over 6.70 loads
ds4:   Engram rows written at step start in 1920 steps; layer-13 drains 0
ds4:   residency a token: 0.00 adds, 0.00 removes, 0.00 commits
1006 11:16:51 ds4-server: chat ctx=1900..1950:50 gen=1900 THINKING decoding chunk=19.71 t/s avg=22.47 t/s 84.545s
ds4:   decode path so far: 1984 single-row steps (49.5 ms each inside the graph over the last 64), 0 K-row verification steps over 0 positions, 0 batch-fusion sites taken; candidate K none
ds4: gate over tokens 1921-1984: 18.03 command buffers, 5.84 aborts, 240.0 expert ids accounted, 59.47 MiB loaded a token; 0 the gate failed to switch off, 0 it could not gate
ds4:   one token, exclusive, same window: entry 0.00 + encode 0.72 + commit-to-done 35.48 + repair-load 7.81 + accounting 0.04 + tail 1.52 = 45.56 of a 48.62 ms wall, residual 3.05
ds4:   GPU busy 37.75 ms of the token's wall (the union of its buffers' spans), idle 10.87 ms
ds4:   1303.8 gated dispatches a token, 6.6 of them behind an abort; 196.7 sent plain ahead of a buffer's first validate
ds4:   encode-ahead: 11.19 segments used, 5.38 dropped, 2.88 ms a token spent encoding under the GPU
ds4:   concurrent sections: 133.09 attempted, 133.09 opened a token
ds4:   speculation: 0.00 layers a token, 0.00 lanes computed, 0.00 matched, 0.00 GEMVs actually saved, 0.00 left to compute; compared 0.00 lanes, 0.00 floats differ, 0.00 by more than an ulp
ds4:   Metal 4: 24.41 command buffers sent, 2008.5 dispatches a token; 0 pieces of Metal 3 work so far
ds4:   Metal 4 a token: 24.41 contexts in 24.41 command buffers (0.00 split); 2081.7 nodes = 2008.5 dispatches + 73.2 copies; barriers 1491.5 from the graph, 48.8 queue; engine asked for 77.3 barriers and 284.8 section ends, neither encoded; 8226.6 buffer and 2314.0 constant bindings (206326 B), 0.0 with no stated length; 24.41 blocking waits, 36.05 ms
ds4:   expert cache over the last 64 tokens: 240.00 hits, 6.27 misses, 6.27 evictions a token; 7034 of 7034 entries live (100.0%)
ds4:   of the address-table holes repaired a token: 0.00 already resident, 6.27 genuinely absent
ds4:   of the repair a token: readahead 4.39 ms, slot preparation 0.38 ms, reads 2.98 ms, install 0.01 ms, over 6.27 loads
ds4:   Engram rows written at step start in 1984 steps; layer-13 drains 0
ds4:   residency a token: 0.00 adds, 0.00 removes, 0.00 commits
1006 11:16:53 ds4-server: chat ctx=1950..2000:50 gen=1950 THINKING decoding chunk=20.22 t/s avg=22.41 t/s 87.018s
ds4:   decode path so far: 2048 single-row steps (47.5 ms each inside the graph over the last 64), 0 K-row verification steps over 0 positions, 0 batch-fusion sites taken; candidate K none
ds4: gate over tokens 1985-2048: 16.83 command buffers, 3.91 aborts, 240.0 expert ids accounted, 39.90 MiB loaded a token; 0 the gate failed to switch off, 0 it could not gate
ds4:   one token, exclusive, same window: entry 0.00 + encode 0.52 + commit-to-done 36.44 + repair-load 5.33 + accounting 0.04 + tail 1.57 = 43.90 of a 46.72 ms wall, residual 2.82
ds4:   GPU busy 39.18 ms of the token's wall (the union of its buffers' spans), idle 7.54 ms
ds4:   1304.1 gated dispatches a token, 2.8 of them behind an abort; 140.9 sent plain ahead of a buffer's first validate
ds4:   encode-ahead: 11.92 segments used, 3.73 dropped, 2.69 ms a token spent encoding under the GPU
ds4:   concurrent sections: 117.19 attempted, 117.19 opened a token
ds4:   speculation: 0.00 layers a token, 0.00 lanes computed, 0.00 matched, 0.00 GEMVs actually saved, 0.00 left to compute; compared 0.00 lanes, 0.00 floats differ, 0.00 by more than an ulp
ds4:   Metal 4: 21.56 command buffers sent, 1798.3 dispatches a token; 0 pieces of Metal 3 work so far
ds4:   Metal 4 a token: 21.56 contexts in 21.56 command buffers (0.00 split); 1855.7 nodes = 1798.3 dispatches + 57.4 copies; barriers 1337.6 from the graph, 43.1 queue; engine asked for 70.3 barriers and 252.0 section ends, neither encoded; 7361.7 buffer and 2068.8 constant bindings (184600 B), 0.0 with no stated length; 21.56 blocking waits, 37.21 ms
ds4:   expert cache over the last 64 tokens: 239.98 hits, 4.20 misses, 4.20 evictions a token; 7034 of 7034 entries live (100.0%)
ds4:   of the address-table holes repaired a token: 0.00 already resident, 4.20 genuinely absent
ds4:   of the repair a token: readahead 2.86 ms, slot preparation 0.26 ms, reads 2.16 ms, install 0.01 ms, over 4.20 loads
ds4:   Engram rows written at step start in 2048 steps; layer-13 drains 0
ds4:   residency a token: 0.00 adds, 0.00 removes, 0.00 commits
1006 11:16:56 ds4-server: chat ctx=2000..2050:50 gen=2000 THINKING decoding chunk=20.94 t/s avg=22.37 t/s 89.405s
1006 11:16:58 ds4-server: chat ctx=2050..2098:48 gen=2048 THINKING decoding chunk=20.79 t/s avg=22.33 t/s 91.714s
1006 11:16:58 ds4-server: token ids: 2048, hash 667a7deab1f172e4, stop output limit token -1, every 64: 60bb3f58,8ba99e7b,c7118323,c9ef2724,46be2130,8c9099e1,47efeaaf,0844b07b,9d298ee9,682020d2,b4929e3c,5d35576b,767dfacb,804b7f96,aa1265b2,c807dd15,d2fd99d6,2095d5ad,61e7cc00,2eaf8f8f,fdebbe00,07631542,07e75152,1003c95d,bf6b4c36,2dac70a8,844fa7d6,f8a15b3c,d742f7e0,97af9a3b,f3d7b50a,667a7dea
ds4: backend request Metal 4 encoder batch                  encoder=4631955
ds4: backend request Metal 4 tensor_copy                    blit=30818
ds4: backend request Metal 4 segment                        commit=52397
ds4: backend request Metal 4 wait                           wait=52397
ds4: backend request Metal 4 tensor_read                    readback=2049
ds4: backend request totals over 2048 tokens (selected Metal 4): M3 commit=0 wait=0 signal=0 evwait=0 blit=0 encoder=0 readback=0 M4 commit=52397 wait=52397 signal=0 evwait=0 blit=30818 encoder=4631955 readback=2049; Metal 3 fallback 0; site table overflow 0
ds4: backend request boundary flush          pc 0x1000c681c 38085
ds4: backend request boundary flush          pc 0x1000c6c08 35338
ds4: backend request boundary wait mark      pc 0x1000c6be8 35338
ds4: backend request boundary wait           pc 0x1000c6cf0 12263
ds4: backend request boundary wait           pc 0x1000c6c44 2747
ds4: backend request boundary end            pc 0x1000c7da8 2098
ds4: backend request boundary end            pc 0x1000cd158 2049
ds4: Metal 4 bindings with no stated length: 0 at 0 call sites
ds4: Metal 4 parts: contexts in 1/2/3/4 parts 52397/0/0/0, 4504590 nodes; 0 commit:count: calls with more than one buffer, 52397 command buffers in all; 0 contexts cut short of their parts, 0 empty or mismatched parts
ds4: backend request Metal 4 feedback after completion: 47662 waits, 638.310 ms
ds4: backend request Metal 3 command execution after Metal 4 selection: 0 (refused 0); Metal 3 queues created before selection 0, after 0; full expert address table uses 0
ds4: backend request background: keepalive M3 0 M4 94, pacer M3 0 M4 0 (cumulative)
1006 11:16:58 ds4-server: token trace: 0 128799 77666 288 9504 482 28 223 2402 343 16801 223 19 15 1457 14 270 4077 270 1990 14 270 850 15146 270 22805 868 128803 15210 223 19 28 5085 260 10659 11394 294 1192 260 406 81536 10609 2984 14 2622 6758 47362 16 128804 128821 | 2581 1309 3287 304 3967 16 2359 2997 28 582 15210 223 19 28 5085 260 10659 11394 294 1192 260 406 81536 10609 2984 14 2622 6758 47362 2148 21017 3052 10659 11394 16 54861 1119 1309 6731 8007 33 1350 1531 3287 6578 16 21017 10796 11348 406 81536 14 2496 292 14 5470 14 36897 10159 14 14241 16 21017 366 10659 16 4480 734 13013 339 50249 13047 42955 16 406 81536 294 2496 292 33 2454 477 28203 28 9533 6954 259 343 8272 13926 2605 1660 6758 6816 4798 769 1469 259 15 19 305 223 20 86 15 19 18222 29 7982 14485 611 1469 259 305 223 20 86 2845 29 4798 769 509 3396 223 19 3077 343 69190 11181 754 890 304 223 20 86 15 19 18222 16 72102 710 1975 9335 16 42228 296 28 5351 362 16319 14 10609 3077 14 855 37126 343 20 86 18222 33 37157 3979 18222 223 20 86 15 19 14 37126 1561 62965 7706 223 20 86 754 14241 6758 16 660 15449 13926 40284 14241 1936 43863 855 3530 16 2709 35608 8666 7550 14241 1561 36897 16 21017 8470 1952 10796 16 10037 20407 2622 6758 47362 16 1350 588 2236 5103 10159 339 50249 366 19041 16 4480 734 7238 406 81536 294 2496 292 33 10496 20269 28 2496 292 3189 3979 2845 292 14 3979 18222 292 15 19 16 2709 9533 6954 259 16 2600 5789 22340 14 11348 16 4480 734 1347 9533 6954 259 343 8272 13926 11 1754 47362 6744 4521 16 2275 10796 582 4010 292 4 850 2953 16 1350 588 11348 1952 33 17519 1347 2496 292 28 3979 2845 438 292 14 3979 18222 438 292 15 19 14 1550 2845 438 71828 5444 17 20 754 1550 18222 438 71828 5444 17 20 9908 19 16 52103 5460 1082 6758 769 292 18222 343 77263 797 63843 3077 14712 890 16 2275 855 292 12601 17 25287 33 21017 9495 16 4480 734 1347 9533 6954 259 304 5789 35143 16 2275 3967 4002 1664 23708 16 1350 588 2507 582 43 5922 1347 270 2953 15449 13926 27983 28 9533 6954 259 45075 5715 8470 16 3841 344 10659 339 50249 3394 1137 15 406 81536 5470 603 15 42228 296 18125 28 1783 16319 14 10609 14 14241 31565 855 37126 603 15 14355 47362 28 1082 260 6758 769 223 20 86 15 19 18222 305 579 10609 834 6248 223 20 86 18222 14 2727 1623 16 59512 1055 1234 14485 2448 20439 16 63843 3077 30226 304 4222 16 27925 1888 9285 1257 259 15 19 18222 33 37157 855 6758 769 223 20 86 18222 1561 36897 16 63843 5508 33 4480 734 23917 16 10988 18222 438 223 20 86 15 19 16 65432 438 223 20 86 18222 16 59512 28 20439 3077 509 5508 259 33 4480 734 4085 15449 13926 28 3530 6758 769 223 20 86 15 19 18222 16 59512 28 3001 9285 259 15 19 18222 14 20439 3077 509 5508 259 33 48837 18222 30784 223 19 426 20 86 15 19 16 63843 344 3077 259 33 27925 18222 223 19 426 86 15 19 343 86 15 19 18222 754 20439 3077 259 14 1748 18222 259 13 19 426 20 86 15 19 343 86 15 19 18222 797 2052 1561 36897 6758 769 223 20 86 18222 14 20439 33 21017 14241 1055 3001 259 18222 33 37157 15449 13926 40284 14241 3530 6758 1936 62965 1055 1888 16 11720 6758 769 223 20 86 15 19 18222 16 59512 28 3001 9285 259 15 19 18222 14 20439 3077 259 14 1748 9285 259 15 19 18222 16 5715 10609 1055 1888 16 2052 8666 7550 1561 36897 14 6758 769 223 20 86 18222 16 59512 28 3001 9285 259 18222 33 4480 734 33576 16 15832 6758 769 223 20 86 18222 1561 36897 16 21017 14241 1055 1234 14485 1660 418 259 15 19 33 37157 406 81536 6758 3979 223 20 86 15 19 14 1550 259 15 19 16 2052 14241 223 20 86 18222 1055 3001 305 1748 5582 20439 30226 16 12089 18222 1561 14241 47157 20439 438 223 20 86 15 19 16 21017 38162 1469 3001 305 1748 16 2600 23447 1550 259 15 19 14 588 3001 611 259 18222 305 1748 259 15 19 33 2709 3001 259 15 19 305 1748 259 33 2275 5103 14241 294 3530 6758 418 223 20 86 15 19 18222 22273 3001 259 15 19 14 20439 14 1748 259 15 19 16 2052 6758 769 223 20 86 18222 14 20439 33 4480 734 1762 855 579 10609 1055 3530 6758 343 20 86 15 19 11 305 1539 14241 16 455 6758 769 223 20 86 18222 16 1350 588 7238 20439 509 5508 259 33 27925 18222 223 19 426 86 15 19 343 86 15 19 754 20439 3077 259 14 1748 18222 259 13 19 426 20 86 343 86 18222 797 15759 769 259 18222 14 778 38504 3979 33 37157 3979 344 223 20 86 15 19 14 832 259 8593 223 20 86 15 19 362 259 26404 19 16 2275 1550 344 259 15 19 16 15759 418 259 18222 344 20603 16 2275 5103 406 81536 14241 1561 36897 33 4480 734 4085 15449 13926 36897 28 855 1888 3530 14 14241 1936 43863 16 3016 3530 6758 769 223 20 86 15 19 18222 16 59512 28 3001 259 15 19 14 20439 14 1748 259 15 19 16 5715 10609 1055 6798 1888 16 2052 16319 3530 14 14241 1936 62965 14 1539 10609 1055 834 294 2845 343 9808 477 9120 33 48837 14241 16319 15170 1234 9120 14 1539 10609 1055 834 16319 797 3016 1561 36897 14 1119 6758 4541 38504 223 20 86 15 19 16 2052 8666 7550 14 10609 1055 16319 3530 6248 223 20 86 18222 14 14241 16 21017 14241 1055 3001 259 18222 33 4480 734 4085 2953 8666 7550 406 81536 36897 28 1082 6758 1060 44672 343 12390 292 18222 362 2496 292 3979 292 15 19 754 14241 28 3001 9285 9319 5444 17 20 11 18222 33 20439 33 4480 734 1347 259 16 2052 3979 18222 223 20 86 15 19 14 37126 223 20 86 16 59512 28 3001 9285 259 18222 33 20439 33 4480 734 33576 418 259 31 20 343 9047 223 21 14 37126 223 22 797 60033 764 19 14 20 14 21 14 22 2655 59512 28 11280 223 20 33 27925 764 19 3031 1748 764 21 14 22 63 33 3841 7047 3001 223 19 343 1930 259 15 19 31 19 754 1748 223 20 343 9047 223 21 797 2709 11280 223 21 33 27925 764 19 14 20 3031 1748 764 22 2655 11309 6405 16 14645 8666 7550 14241 2915 26756 7484 3077 509 5508 71828 5444 17 20 21881 1884 3979 223 21 14 37126 223 22 14 11280 5508 223 20 33 3001 223 19 14 1748 223 20 16 2275 15449 13926 40284 14241 3530 764 19 14 20 14 21 63 26756 223 20 14 3001 764 19 3031 1748 764 21 2655 5715 10609 223 22 1055 1748 6248 764 21 14 22 2655 3016 4087 1561 36897 305 14241 33 2052 8666 7550 14 764 19 14 20 14 21 14 22 63 14241 11280 223 20 6248 3001 764 19 3031 1748 764 21 14 22 2655 35877 412 40284 33 1317 6615 14241 764 19 14 20 14 21 63 6248 3001 764 19 3031 4222 223 20 14 1748 764 21 14573 10609 223 22 1055 1748 6248 764 21 14 22 2655 11608 16 3016 8666 7550 14241 294 223 20 86 18222 26756 3077 509 5508 259 33 1884 259 31 20 14 5508 223 20 438 223 20 16 27925 18222 223 19 426 86 15 19 33 37157 5508 259 31 20 14 3001 18222 223 19 426 19 343 86 15 19 754 1748 18222 223 21 426 22 343 86 18222 797 3016 3001 259 15 19 14 1748 259 16 2275 40284 14241 3530 223 20 86 15 19 18222 26756 5508 259 14 3001 259 15 19 14 1748 259 15 19 16 5715 36897 16803 834 304 1748 14 3490 1748 259 16 3016 8666 7550 14241 294 223 20 86 18222 28 3001 259 15 19 14 20439 5508 259 14 1748 259 16 2275 1539 1748 769 259 18222 14 778 344 8593 223 20 86 15 19 16 2275 855 1748 515 4006 3530 33 983 1438 3557 834 6712 16 983 734 20603 16 3211 14 855 579 14241 260 6758 418 223 20 86 18222 14 3001 769 259 15 19 14 1748 769 259 16 3841 734 63075 16 5183 15598 14241 37126 6758 1055 3001 259 18222 14 20439 14 1748 259 15 19 33 4480 734 4085 16 2052 11280 5508 259 13 19 33 1884 259 31 20 14 11280 223 21 6248 3001 764 19 14 20 3031 1748 764 22 2655 27925 223 20 14 1748 223 19 16 11309 6405 16 11152 344 5103 33 21017 5789 22340 339 32064 2993 304 2236 40284 47362 343 8272 13926 11 1754 436 734 6219 305 65466 63075 37126 16 660 40284 36897 14 1936 43863 1055 260 3530 1888 14 14241 436 16 334 3530 6758 769 223 20 86 15 19 18222 16 59512 28 3001 9285 259 15 19 18222 14 20439 3077 30226 14 1748 9285 259 15 19 18222 16 5715 5448 16 1162 19419 1082 579 10609 1055 16319 14 436 769 509 1473 223 20 86 15 20 18222 14 832 1561 36897 509 1473 223 20 86 15 19 16 3011 37126 16 2275 855 4798 3530 14 14241 4798 1257 16 1162 344 5103 16 21017 8470 6758 47362 295 6271 339 89961 14 2236 8666 7550 36897 28 10609 1055 16319 14 855 37126 14241 305 80194 16 21017 9495 14241 294 6758 418 223 20 86 18222 16 1350 588 11348 14241 412 28 2910 260 6758 418 223 20 86 18222 343 77263 754 7238 20439 3077 509 3609 259 343 272 259 13 19 33 21017 7238 11055 797 4480 734 33576 5103 8666 7550 362 406 81536 294 2496 292 16 4480 734 1347 2496 292 28 3979 18222 292 15 19 16 65432 292 18222 16 59512 28 20439 509 5508 71828 5444 17 20 21881 4480 734 1950 292 31 22 343 9047 223 21 14 37126 223 22 797 71828 10 22 17 20 6912 20 16 99343 3077 223 20 14 3001 223 19 14 1748 223 20 16 3841 734 3001 223 19 14 1748 223 20 16 1884 292 31 23 343 9047 223 22 14 37126 223 23 797 71828 10 23 17 20 6912 21 16 99343 3077 223 21 14 3001 223 20 14 1748 223 20 16 104881 16 1884 292 31 22 14 3001 223 19 14 1748 223 20 16 4165 19022 790 6405 16 5183 1347 9319 5444 17 20 11 438 20 16 35877 16 1884 292 31 21 343 9047 223 20 14 37126 223 21 797 71828 10 21 17 20 6912 20 16 99343 3077 223 20 14 3001 223 19 14 1748 223 19 16 104881 16 3016 8666 7550 14241 294 37126 6758 418 292 18222 28 11280 3077 509 5508 9319 5444 17 20 21881 1884 292 31 22 14 9319 31 20 16 1884 292 31 23 14 9319 31 20 33 3841 1114 11280 3077 223 20 14 3001 223 19 14 1748 223 21 16 4165 19022 16 3016 71828 5444 17 20 11 2993 16 2275 418 259 27983 14 3979 18222 223 20 86 15 19 14 37126 223 20 86 16 71828 10 20 86 17 20 6912 86 16
1006 11:16:58 ds4-server: metal 4 at request end: 52397 commits, 52397 feedback, 0 errors, residency 0 entries 0.0 MiB
1006 11:16:58 ds4-server: router finalize so far: 130570 fused, 0 generic, 0 fallback; compare 0 calls, mismatches 0 probs 0 ids 0 weights
1006 11:16:58 ds4-server: transition compare words differing so far: mix 0 split 0 sum 0 norm 0 residual 0 pre 0 kv 0 window 0 low 0 rows 0 expand 0 expand-sum 0 expand-norm 0 route-proj 0 route-select 0, over 0 comparisons
ds4-server: thinking not closed, ignoring incomplete DSML in reasoning
1006 11:16:58 ds4-server: chat ctx=0..50:50 gen=2048 THINKING finish=length 96.780s
1006 11:17:00 ds4-server: shutdown requested, draining requests
ds4: Metal cleanup discarded 1 live tensor handles
ds4: memory budget: peak 77.86 GiB allocated of 80.00 GiB; 0 slab(s) given back, 0 allocation(s) refused, cache growth stopped 0 time(s)
ds4: expert directory: 0 pinned hits, 0 cache hits, 22073 loads; 0 address mismatches, 0 missing with a non-zero slot, 0 selected and missing; 0 pinned experts given back to the budget
